WARNING:root:give token
WARNING:root:: 2732381
WARNING:root:Nothing found
WARNING:root:: 2733575
WARNING:root:POST / 906495695424
WARNING:root:give token
WARNING:root:give token
WARNING:root:: 2733915
WARNING:root:TOFND / 449800001442300014997353
WARNING:root:: 2734041
WARNING:root:TOFND / 449800001444260014983435
WARNING:root:2735856 not found
WARNING:root:Nothing found
WARNING:root:: 2703723
WARNING:root:POST / 573689140187
WARNING:root:: 2703867
WARNING:root:POST / 573689138982
WARNING:root:: 2718877
WARNING:root:POST / 573689173734
WARNING:root:: 2726771
WARNING:root:POST / 573689190047
WARNING:root:: 2734109
WARNING:root:POST / 573689205224
WARNING:root:: 2734133
WARNING:root:POST / 573689205230
WARNING:root:2734144 not found
WARNING:root:Nothing found
WARNING:root:: 2734185
WARNING:root:DHLSS / 572121921459
WARNING:root:: 2734185
WARNING:root:DHLSS / 572121921459
WARNING:root:: 2734255
WARNING:root:POST / 573689205123
WARNING:root:: 2734273
WARNING:root:DHLSS / 572121921184
WARNING:root:: 2734283
WARNING:root:POST / 573689204997
WARNING:root:: 2734283
WARNING:root:POST / 573689204997
WARNING:root:: 2734283
WARNING:root:POST / 573689204997
WARNING:root:2734303 not found
WARNING:root:Nothing found
WARNING:root:: 2734327
WARNING:root:POST / 573689204846
WARNING:root:: 2734331
WARNING:root:POST / 573689205202
WARNING:root:: 2734332
WARNING:root:POST / 573689205000
WARNING:root:: 2734335
WARNING:root:DHLSS / 572121921263
WARNING:root:: 2734337
WARNING:root:POST / 573689205094
WARNING:root:: 2734338
WARNING:root:POST / 573689204981
WARNING:root:: 2734341
WARNING:root:POST / 573689204824
WARNING:root:2734345 not found
WARNING:root:Nothing found
WARNING:root:: 2734348
WARNING:root:POST / 573689205066
WARNING:root:: 2734350
WARNING:root:POST / 573689204802
WARNING:root:: 2734350
WARNING:root:POST / 573689204802
WARNING:root:: 2734352
WARNING:root:POST / 573689205101
WARNING:root:: 2734366
WARNING:root:DHLSS / 572121921415
WARNING:root:: 2734368
WARNING:root:DHLSS / 572121921207
WARNING:root:: 2734368
WARNING:root:DHLSS / 572121921207
WARNING:root:: 2734377
WARNING:root:POST / 573689205195
WARNING:root:: 2734381
WARNING:root:POST / 573689205016
WARNING:root:: 2734381
WARNING:root:POST / 573689205016
WARNING:root:: 2734396
WARNING:root:POST / 573689204975
WARNING:root:: 2734396
WARNING:root:POST / 573689204975
WARNING:root:: 2734399
WARNING:root:POST / 573689205038
WARNING:root:: 2734403
WARNING:root:POST / 573689205050
WARNING:root:: 2734403
WARNING:root:POST / 573689205050
WARNING:root:: 2734410
WARNING:root:DHLSS / 572121921257
WARNING:root:: 2734418
WARNING:root:POST / 573689204953
WARNING:root:: 2734419
WARNING:root:DHLSS / 572121921190
WARNING:root:2734421 not found
WARNING:root:Nothing found
WARNING:root:2734421 not found
WARNING:root:Nothing found
WARNING:root:: 2734430
WARNING:root:DHLSS / 572121921235
WARNING:root:: 2734430
WARNING:root:DHLSS / 572121921235
WARNING:root:: 2734432
WARNING:root:DHLSS / 572121921409
WARNING:root:: 2734433
WARNING:root:DHLSS / 572121921241
WARNING:root:: 2734434
WARNING:root:DHLSS / 572121921320
WARNING:root:: 2734434
WARNING:root:DHLSS / 572121921320
WARNING:root:: 2734434
WARNING:root:DHLSS / 572121921320
WARNING:root:: 2734453
WARNING:root:DHLSS / 572121921386
WARNING:root:: 2734453
WARNING:root:DHLSS / 572121921386
WARNING:root:: 2734457
WARNING:root:DHLSS / 572121921156
WARNING:root:: 2734458
WARNING:root:POST / 574040009172
WARNING:root:: 2734470
WARNING:root:DHLSS / 572121921443
WARNING:root:: 2734470
WARNING:root:DHLSS / 572121921443
WARNING:root:2734492 not found
WARNING:root:Nothing found
WARNING:root:2734501 not found
WARNING:root:Nothing found
WARNING:root:2734506 not found
WARNING:root:Nothing found
WARNING:root:2734506 not found
WARNING:root:Nothing found
WARNING:root:2734506 not found
WARNING:root:Nothing found
WARNING:root:2734507 not found
WARNING:root:Nothing found
WARNING:root:2734507 not found
WARNING:root:Nothing found
WARNING:root:2734507 not found
WARNING:root:Nothing found
WARNING:root:2734507 not found
WARNING:root:Nothing found
WARNING:root:2734507 not found
WARNING:root:Nothing found
WARNING:root:2734507 not found
WARNING:root:Nothing found
WARNING:root:2734512 not found
WARNING:root:Nothing found
WARNING:root:2734512 not found
WARNING:root:Nothing found
WARNING:root:2734513 not found
WARNING:root:Nothing found
WARNING:root:2734517 not found
WARNING:root:Nothing found
WARNING:root:2734519 not found
WARNING:root:Nothing found
WARNING:root:2734519 not found
WARNING:root:Nothing found
WARNING:root:2734521 not found
WARNING:root:Nothing found
WARNING:root:2734521 not found
WARNING:root:Nothing found
WARNING:root:2734521 not found
WARNING:root:Nothing found
WARNING:root:2734521 not found
WARNING:root:Nothing found
WARNING:root:2734524 not found
WARNING:root:Nothing found
WARNING:root:2734524 not found
WARNING:root:Nothing found
WARNING:root:2734537 not found
WARNING:root:Nothing found
WARNING:root:2734538 not found
WARNING:root:Nothing found
WARNING:root:2734540 not found
WARNING:root:Nothing found
WARNING:root:2734547 not found
WARNING:root:Nothing found
WARNING:root:2734548 not found
WARNING:root:Nothing found
WARNING:root:2734548 not found
WARNING:root:Nothing found
WARNING:root:2734549 not found
WARNING:root:Nothing found
WARNING:root:2734549 not found
WARNING:root:Nothing found
WARNING:root:2734549 not found
WARNING:root:Nothing found
WARNING:root:2734550 not found
WARNING:root:Nothing found
WARNING:root:2734550 not found
WARNING:root:Nothing found
WARNING:root:2734550 not found
WARNING:root:Nothing found
WARNING:root:2734550 not found
WARNING:root:Nothing found
WARNING:root:2734551 not found
WARNING:root:Nothing found
WARNING:root:2734551 not found
WARNING:root:Nothing found
WARNING:root:2734551 not found
WARNING:root:Nothing found
WARNING:root:2734551 not found
WARNING:root:Nothing found
WARNING:root:2734553 not found
WARNING:root:Nothing found
WARNING:root:2734553 not found
WARNING:root:Nothing found
WARNING:root:2734556 not found
WARNING:root:Nothing found
WARNING:root:2734568 not found
WARNING:root:Nothing found
WARNING:root:2734569 not found
WARNING:root:Nothing found
WARNING:root:2734571 not found
WARNING:root:Nothing found
WARNING:root:2734571 not found
WARNING:root:Nothing found
WARNING:root:2734571 not found
WARNING:root:Nothing found
WARNING:root:2734571 not found
WARNING:root:Nothing found
WARNING:root:2734576 not found
WARNING:root:Nothing found
WARNING:root:2734581 not found
WARNING:root:Nothing found
WARNING:root:2734588 not found
WARNING:root:Nothing found
WARNING:root:2734592 not found
WARNING:root:Nothing found
WARNING:root:2734592 not found
WARNING:root:Nothing found
WARNING:root:2734592 not found
WARNING:root:Nothing found
WARNING:root:2734593 not found
WARNING:root:Nothing found
WARNING:root:2734593 not found
WARNING:root:Nothing found
WARNING:root:2734596 not found
WARNING:root:Nothing found
WARNING:root:2734597 not found
WARNING:root:Nothing found
WARNING:root:2734597 not found
WARNING:root:Nothing found
WARNING:root:2734598 not found
WARNING:root:Nothing found
WARNING:root:2734598 not found
WARNING:root:Nothing found
WARNING:root:2734598 not found
WARNING:root:Nothing found
WARNING:root:2734600 not found
WARNING:root:Nothing found
WARNING:root:2734603 not found
WARNING:root:Nothing found
WARNING:root:2734604 not found
WARNING:root:Nothing found
WARNING:root:2734605 not found
WARNING:root:Nothing found
WARNING:root:2734610 not found
WARNING:root:Nothing found
WARNING:root:2734610 not found
WARNING:root:Nothing found
WARNING:root:2734617 not found
WARNING:root:Nothing found
WARNING:root:2734620 not found
WARNING:root:Nothing found
WARNING:root:2734620 not found
WARNING:root:Nothing found
WARNING:root:2734624 not found
WARNING:root:Nothing found
WARNING:root:2734633 not found
WARNING:root:Nothing found
WARNING:root:2734635 not found
WARNING:root:Nothing found
WARNING:root:2734635 not found
WARNING:root:Nothing found
WARNING:root:2734638 not found
WARNING:root:Nothing found
WARNING:root:2734638 not found
WARNING:root:Nothing found
WARNING:root:2734642 not found
WARNING:root:Nothing found
WARNING:root:2734646 not found
WARNING:root:Nothing found
WARNING:root:2734647 not found
WARNING:root:Nothing found
WARNING:root:2734647 not found
WARNING:root:Nothing found
WARNING:root:2734651 not found
WARNING:root:Nothing found
WARNING:root:2734653 not found
WARNING:root:Nothing found
WARNING:root:2734668 not found
WARNING:root:Nothing found
WARNING:root:2734670 not found
WARNING:root:Nothing found
WARNING:root:2734672 not found
WARNING:root:Nothing found
WARNING:root:2734685 not found
WARNING:root:Nothing found
WARNING:root:2734685 not found
WARNING:root:Nothing found
WARNING:root:2734688 not found
WARNING:root:Nothing found
WARNING:root:2734688 not found
WARNING:root:Nothing found
WARNING:root:2734688 not found
WARNING:root:Nothing found
WARNING:root:2734688 not found
WARNING:root:Nothing found
WARNING:root:2734690 not found
WARNING:root:Nothing found
WARNING:root:2734690 not found
WARNING:root:Nothing found
WARNING:root:2734692 not found
WARNING:root:Nothing found
WARNING:root:2734695 not found
WARNING:root:Nothing found
WARNING:root:2734698 not found
WARNING:root:Nothing found
WARNING:root:2734705 not found
WARNING:root:Nothing found
WARNING:root:2734705 not found
WARNING:root:Nothing found
WARNING:root:2734705 not found
WARNING:root:Nothing found
WARNING:root:2734705 not found
WARNING:root:Nothing found
WARNING:root:2734705 not found
WARNING:root:Nothing found
WARNING:root:2734705 not found
WARNING:root:Nothing found
WARNING:root:2734705 not found
WARNING:root:Nothing found
WARNING:root:2734710 not found
WARNING:root:Nothing found
WARNING:root:2734710 not found
WARNING:root:Nothing found
WARNING:root:2734712 not found
WARNING:root:Nothing found
WARNING:root:2734712 not found
WARNING:root:Nothing found
WARNING:root:give token
WARNING:root:: 2703723
WARNING:root:POST / 573689140187
WARNING:root:: 2703867
WARNING:root:POST / 573689138982
WARNING:root:: 2718877
WARNING:root:POST / 573689173734
WARNING:root:: 2726771
WARNING:root:POST / 573689190047
WARNING:root:: 2734144
WARNING:root:POST / 573689205280
WARNING:root:: 2734303
WARNING:root:DHLSS / 572121924069
WARNING:root:: 2734345
WARNING:root:POST / 573689206012
WARNING:root:: 2734421
WARNING:root:DHLSS / 572121924277
WARNING:root:: 2734421
WARNING:root:DHLSS / 572121924277
WARNING:root:: 2734501
WARNING:root:DHLSS / 572121926005
WARNING:root:: 2734524
WARNING:root:DHLSS / 572121925015
WARNING:root:: 2734524
WARNING:root:DHLSS / 572121925015
WARNING:root:2734540 not found
WARNING:root:Nothing found
WARNING:root:: 2734547
WARNING:root:DHLSS / 572121926140
WARNING:root:: 2734548
WARNING:root:DHLSS / 572121924025
WARNING:root:: 2734548
WARNING:root:DHLSS / 572121924025
WARNING:root:: 2734549
WARNING:root:DHLSS / 572121925863
WARNING:root:: 2734549
WARNING:root:DHLSS / 572121925863
WARNING:root:: 2734549
WARNING:root:DHLSS / 572121925863
WARNING:root:: 2734551
WARNING:root:DHLSS / 572121923940
WARNING:root:: 2734551
WARNING:root:DHLSS / 572121923940
WARNING:root:: 2734551
WARNING:root:DHLSS / 572121923940
WARNING:root:: 2734551
WARNING:root:DHLSS / 572121923940
WARNING:root:: 2734553
WARNING:root:DHLSS / 572121923928
WARNING:root:: 2734553
WARNING:root:DHLSS / 572121923928
WARNING:root:: 2734556
WARNING:root:DHLSS / 572121924407
WARNING:root:: 2734568
WARNING:root:DHLSS / 572121926128
WARNING:root:: 2734569
WARNING:root:DHLSS / 572121923912
WARNING:root:: 2734571
WARNING:root:DHLSS / 572121923962
WARNING:root:: 2734571
WARNING:root:DHLSS / 572121923962
WARNING:root:: 2734571
WARNING:root:DHLSS / 572121923962
WARNING:root:: 2734571
WARNING:root:DHLSS / 572121923962
WARNING:root:: 2734576
WARNING:root:DHLSS / 572121923899
WARNING:root:: 2734581
WARNING:root:DHLSS / 572121923906
WARNING:root:: 2734592
WARNING:root:DHLSS / 572121923934
WARNING:root:: 2734592
WARNING:root:DHLSS / 572121923934
WARNING:root:: 2734592
WARNING:root:DHLSS / 572121923934
WARNING:root:: 2734597
WARNING:root:DHLSS / 572121924205
WARNING:root:: 2734597
WARNING:root:DHLSS / 572121924205
WARNING:root:: 2734598
WARNING:root:DHLSS / 572121924182
WARNING:root:: 2734598
WARNING:root:DHLSS / 572121924182
WARNING:root:: 2734598
WARNING:root:DHLSS / 572121924182
WARNING:root:: 2734600
WARNING:root:DHLSS / 572121924261
WARNING:root:: 2734620
WARNING:root:DHLSS / 572121924362
WARNING:root:: 2734620
WARNING:root:DHLSS / 572121924362
WARNING:root:: 2734633
WARNING:root:DHLSS / 572121924457
WARNING:root:: 2734642
WARNING:root:DHLSS / 572121925734
WARNING:root:: 2734651
WARNING:root:DHLSS / 572121924435
WARNING:root:: 2734653
WARNING:root:DHLSS / 572121923877
WARNING:root:: 2734668
WARNING:root:DHLSS / 572121924485
WARNING:root:: 2734670
WARNING:root:DHLSS / 572121925172
WARNING:root:: 2734672
WARNING:root:DHLSS / 572121924716
WARNING:root:: 2734685
WARNING:root:DHLSS / 572121924772
WARNING:root:: 2734685
WARNING:root:DHLSS / 572121924772
WARNING:root:: 2734688
WARNING:root:DHLSS / 572121924211
WARNING:root:: 2734688
WARNING:root:DHLSS / 572121924211
WARNING:root:: 2734688
WARNING:root:DHLSS / 572121924211
WARNING:root:: 2734688
WARNING:root:DHLSS / 572121924211
WARNING:root:: 2734690
WARNING:root:DHLSS / 572121924839
WARNING:root:: 2734690
WARNING:root:DHLSS / 572121924839
WARNING:root:2734692 not found
WARNING:root:Nothing found
WARNING:root:: 2734695
WARNING:root:DHLSS / 572121925885
WARNING:root:: 2734698
WARNING:root:DHLSS / 572121925790
WARNING:root:: 2734705
WARNING:root:DHLSS / 572121924154
WARNING:root:: 2734705
WARNING:root:DHLSS / 572121924154
WARNING:root:: 2734705
WARNING:root:DHLSS / 572121924154
WARNING:root:: 2734705
WARNING:root:DHLSS / 572121924154
WARNING:root:: 2734705
WARNING:root:DHLSS / 572121924154
WARNING:root:: 2734705
WARNING:root:DHLSS / 572121924154
WARNING:root:: 2734705
WARNING:root:DHLSS / 572121924154
WARNING:root:: 2734710
WARNING:root:DHLSS / 572121924019
WARNING:root:: 2734710
WARNING:root:DHLSS / 572121924019
WARNING:root:: 2734712
WARNING:root:DHLSS / 572121924233
WARNING:root:: 2734712
WARNING:root:DHLSS / 572121924233
WARNING:root:: 2734791
WARNING:root:DHLSS / 572121924003
WARNING:root:: 2734791
WARNING:root:DHLSS / 572121924003
WARNING:root:: 2734802
WARNING:root:DHLSS / 572121925879
WARNING:root:: 2734802
WARNING:root:DHLSS / 572121925879
WARNING:root:: 2734803
WARNING:root:DHLSS / 572121926134
WARNING:root:: 2734803
WARNING:root:DHLSS / 572121926134
WARNING:root:: 2734803
WARNING:root:DHLSS / 572121926134
WARNING:root:: 2734809
WARNING:root:DHLSS / 572121926156
WARNING:root:: 2734861
WARNING:root:POST / 573689205577
WARNING:root:: 2734880
WARNING:root:POST / 573689205634
WARNING:root:2734888 not found
WARNING:root:Nothing found
WARNING:root:2734890 not found
WARNING:root:Nothing found
WARNING:root:2734891 not found
WARNING:root:Nothing found
WARNING:root:2734892 not found
WARNING:root:Nothing found
WARNING:root:2734893 not found
WARNING:root:Nothing found
WARNING:root:2734894 not found
WARNING:root:Nothing found
WARNING:root:2734895 not found
WARNING:root:Nothing found
WARNING:root:2734896 not found
WARNING:root:Nothing found
WARNING:root:2734897 not found
WARNING:root:Nothing found
WARNING:root:2734898 not found
WARNING:root:Nothing found
WARNING:root:2734917 not found
WARNING:root:Nothing found
WARNING:root:2734918 not found
WARNING:root:Nothing found
WARNING:root:2734919 not found
WARNING:root:Nothing found
WARNING:root:2734923 not found
WARNING:root:Nothing found
WARNING:root:2734924 not found
WARNING:root:Nothing found
WARNING:root:2734925 not found
WARNING:root:Nothing found
WARNING:root:2734926 not found
WARNING:root:Nothing found
WARNING:root:2734927 not found
WARNING:root:Nothing found
WARNING:root:2734928 not found
WARNING:root:Nothing found
WARNING:root:2734929 not found
WARNING:root:Nothing found
WARNING:root:2734930 not found
WARNING:root:Nothing found
WARNING:root:2734931 not found
WARNING:root:Nothing found
WARNING:root:2734932 not found
WARNING:root:Nothing found
WARNING:root:2734933 not found
WARNING:root:Nothing found
WARNING:root:2734934 not found
WARNING:root:Nothing found
WARNING:root:2734935 not found
WARNING:root:Nothing found
WARNING:root:2734936 not found
WARNING:root:Nothing found
WARNING:root:2734937 not found
WARNING:root:Nothing found
WARNING:root:2734938 not found
WARNING:root:Nothing found
WARNING:root:2734939 not found
WARNING:root:Nothing found
WARNING:root:2734940 not found
WARNING:root:Nothing found
WARNING:root:2734941 not found
WARNING:root:Nothing found
WARNING:root:2734942 not found
WARNING:root:Nothing found
WARNING:root:2734943 not found
WARNING:root:Nothing found
WARNING:root:2734944 not found
WARNING:root:Nothing found
WARNING:root:: 2734945
WARNING:root:DHLSS / 572121923978
WARNING:root:2734946 not found
WARNING:root:Nothing found
WARNING:root:2734947 not found
WARNING:root:Nothing found
WARNING:root:2734948 not found
WARNING:root:Nothing found
WARNING:root:2734949 not found
WARNING:root:Nothing found
WARNING:root:2734950 not found
WARNING:root:Nothing found
WARNING:root:2734951 not found
WARNING:root:Nothing found
WARNING:root:2734952 not found
WARNING:root:Nothing found
WARNING:root:2734953 not found
WARNING:root:Nothing found
WARNING:root:2734954 not found
WARNING:root:Nothing found
WARNING:root:2734955 not found
WARNING:root:Nothing found
WARNING:root:2734956 not found
WARNING:root:Nothing found
WARNING:root:2734957 not found
WARNING:root:Nothing found
WARNING:root:2734958 not found
WARNING:root:Nothing found
WARNING:root:2734959 not found
WARNING:root:Nothing found
WARNING:root:2734960 not found
WARNING:root:Nothing found
WARNING:root:2734961 not found
WARNING:root:Nothing found
WARNING:root:2734962 not found
WARNING:root:Nothing found
WARNING:root:2734964 not found
WARNING:root:Nothing found
WARNING:root:2734965 not found
WARNING:root:Nothing found
WARNING:root:2734966 not found
WARNING:root:Nothing found
WARNING:root:2734967 not found
WARNING:root:Nothing found
WARNING:root:2734968 not found
WARNING:root:Nothing found
WARNING:root:2734969 not found
WARNING:root:Nothing found
WARNING:root:2734970 not found
WARNING:root:Nothing found
WARNING:root:2734971 not found
WARNING:root:Nothing found
WARNING:root:2734972 not found
WARNING:root:Nothing found
WARNING:root:2734973 not found
WARNING:root:Nothing found
WARNING:root:2734974 not found
WARNING:root:Nothing found
WARNING:root:2734975 not found
WARNING:root:Nothing found
WARNING:root:2734976 not found
WARNING:root:Nothing found
WARNING:root:2734977 not found
WARNING:root:Nothing found
WARNING:root:2734978 not found
WARNING:root:Nothing found
WARNING:root:2734980 not found
WARNING:root:Nothing found
WARNING:root:2734981 not found
WARNING:root:Nothing found
WARNING:root:2734982 not found
WARNING:root:Nothing found
WARNING:root:2734983 not found
WARNING:root:Nothing found
WARNING:root:2734984 not found
WARNING:root:Nothing found
WARNING:root:2734985 not found
WARNING:root:Nothing found
WARNING:root:2734986 not found
WARNING:root:Nothing found
WARNING:root:2734987 not found
WARNING:root:Nothing found
WARNING:root:2734988 not found
WARNING:root:Nothing found
WARNING:root:2734989 not found
WARNING:root:Nothing found
WARNING:root:2734990 not found
WARNING:root:Nothing found
WARNING:root:2734991 not found
WARNING:root:Nothing found
WARNING:root:2734992 not found
WARNING:root:Nothing found
WARNING:root:2734993 not found
WARNING:root:Nothing found
WARNING:root:2734994 not found
WARNING:root:Nothing found
WARNING:root:2734995 not found
WARNING:root:Nothing found
WARNING:root:2734996 not found
WARNING:root:Nothing found
WARNING:root:2734997 not found
WARNING:root:Nothing found
WARNING:root:2734998 not found
WARNING:root:Nothing found
WARNING:root:: 2734999
WARNING:root:POST / 573689205779
WARNING:root:: 2735000
WARNING:root:DHLSS / 572121924390
WARNING:root:: 2735000
WARNING:root:DHLSS / 572121924390
WARNING:root:2735003 not found
WARNING:root:Nothing found
WARNING:root:2735004 not found
WARNING:root:Nothing found
WARNING:root:2735005 not found
WARNING:root:Nothing found
WARNING:root:2735006 not found
WARNING:root:Nothing found
WARNING:root:2735009 not found
WARNING:root:Nothing found
WARNING:root:2735011 not found
WARNING:root:Nothing found
WARNING:root:2735012 not found
WARNING:root:Nothing found
WARNING:root:2735013 not found
WARNING:root:Nothing found
WARNING:root:2735014 not found
WARNING:root:Nothing found
WARNING:root:2735015 not found
WARNING:root:Nothing found
WARNING:root:2735016 not found
WARNING:root:Nothing found
WARNING:root:2735017 not found
WARNING:root:Nothing found
WARNING:root:2735019 not found
WARNING:root:Nothing found
WARNING:root:2735020 not found
WARNING:root:Nothing found
WARNING:root:2735021 not found
WARNING:root:Nothing found
WARNING:root:2735023 not found
WARNING:root:Nothing found
WARNING:root:2735024 not found
WARNING:root:Nothing found
WARNING:root:2735025 not found
WARNING:root:Nothing found
WARNING:root:: 2735026
WARNING:root:POST / 573689205864
WARNING:root:: 2735026
WARNING:root:POST / 573689205864
WARNING:root:2735027 not found
WARNING:root:Nothing found
WARNING:root:2735028 not found
WARNING:root:Nothing found
WARNING:root:2735029 not found
WARNING:root:Nothing found
WARNING:root:2735030 not found
WARNING:root:Nothing found
WARNING:root:2735031 not found
WARNING:root:Nothing found
WARNING:root:2735032 not found
WARNING:root:Nothing found
WARNING:root:2735033 not found
WARNING:root:Nothing found
WARNING:root:2735034 not found
WARNING:root:Nothing found
WARNING:root:2735035 not found
WARNING:root:Nothing found
WARNING:root:2735036 not found
WARNING:root:Nothing found
WARNING:root:2735037 not found
WARNING:root:Nothing found
WARNING:root:2735038 not found
WARNING:root:Nothing found
WARNING:root:2735040 not found
WARNING:root:Nothing found
WARNING:root:2735041 not found
WARNING:root:Nothing found
WARNING:root:2735042 not found
WARNING:root:Nothing found
WARNING:root:2735043 not found
WARNING:root:Nothing found
WARNING:root:2735044 not found
WARNING:root:Nothing found
WARNING:root:2735045 not found
WARNING:root:Nothing found
WARNING:root:2735048 not found
WARNING:root:Nothing found
WARNING:root:2735049 not found
WARNING:root:Nothing found
WARNING:root:2735050 not found
WARNING:root:Nothing found
WARNING:root:2735051 not found
WARNING:root:Nothing found
WARNING:root:2735052 not found
WARNING:root:Nothing found
WARNING:root:2735053 not found
WARNING:root:Nothing found
WARNING:root:2735054 not found
WARNING:root:Nothing found
WARNING:root:2735055 not found
WARNING:root:Nothing found
WARNING:root:2735056 not found
WARNING:root:Nothing found
WARNING:root:2735057 not found
WARNING:root:Nothing found
WARNING:root:2735058 not found
WARNING:root:Nothing found
WARNING:root:2735059 not found
WARNING:root:Nothing found
WARNING:root:2735060 not found
WARNING:root:Nothing found
WARNING:root:2735061 not found
WARNING:root:Nothing found
WARNING:root:2735062 not found
WARNING:root:Nothing found
WARNING:root:2735063 not found
WARNING:root:Nothing found
WARNING:root:2735064 not found
WARNING:root:Nothing found
WARNING:root:2735065 not found
WARNING:root:Nothing found
WARNING:root:2735066 not found
WARNING:root:Nothing found
WARNING:root:2735067 not found
WARNING:root:Nothing found
WARNING:root:: 2735068
WARNING:root:DHLSS / 572121925318
WARNING:root:2735070 not found
WARNING:root:Nothing found
WARNING:root:2735072 not found
WARNING:root:Nothing found
WARNING:root:2735073 not found
WARNING:root:Nothing found
WARNING:root:2735074 not found
WARNING:root:Nothing found
WARNING:root:: 2735076
WARNING:root:DHLSS / 572121926011
WARNING:root:2735077 not found
WARNING:root:Nothing found
WARNING:root:2735078 not found
WARNING:root:Nothing found
WARNING:root:: 2735079
WARNING:root:DHLSS / 572121925756
WARNING:root:: 2735079
WARNING:root:DHLSS / 572121925756
WARNING:root:: 2735079
WARNING:root:DHLSS / 572121925756
WARNING:root:: 2735079
WARNING:root:DHLSS / 572121925756
WARNING:root:: 2735079
WARNING:root:DHLSS / 572121925756
WARNING:root:: 2735079
WARNING:root:DHLSS / 572121925756
WARNING:root:2735080 not found
WARNING:root:Nothing found
WARNING:root:: 2735081
WARNING:root:DHLSS / 572121924429
WARNING:root:2735082 not found
WARNING:root:Nothing found
WARNING:root:2735083 not found
WARNING:root:Nothing found
WARNING:root:2735084 not found
WARNING:root:Nothing found
WARNING:root:2735085 not found
WARNING:root:Nothing found
WARNING:root:2735086 not found
WARNING:root:Nothing found
WARNING:root:2735088 not found
WARNING:root:Nothing found
WARNING:root:2735089 not found
WARNING:root:Nothing found
WARNING:root:2735090 not found
WARNING:root:Nothing found
WARNING:root:2735091 not found
WARNING:root:Nothing found
WARNING:root:2735092 not found
WARNING:root:Nothing found
WARNING:root:2735093 not found
WARNING:root:Nothing found
WARNING:root:2735094 not found
WARNING:root:Nothing found
WARNING:root:2735096 not found
WARNING:root:Nothing found
WARNING:root:2735097 not found
WARNING:root:Nothing found
WARNING:root:2735098 not found
WARNING:root:Nothing found
WARNING:root:2735099 not found
WARNING:root:Nothing found
WARNING:root:2735100 not found
WARNING:root:Nothing found
WARNING:root:2735101 not found
WARNING:root:Nothing found
WARNING:root:2735102 not found
WARNING:root:Nothing found
WARNING:root:2735103 not found
WARNING:root:Nothing found
WARNING:root:2735104 not found
WARNING:root:Nothing found
WARNING:root:2735105 not found
WARNING:root:Nothing found
WARNING:root:2735106 not found
WARNING:root:Nothing found
WARNING:root:2735107 not found
WARNING:root:Nothing found
WARNING:root:2735108 not found
WARNING:root:Nothing found
WARNING:root:2735109 not found
WARNING:root:Nothing found
WARNING:root:2735110 not found
WARNING:root:Nothing found
WARNING:root:2735111 not found
WARNING:root:Nothing found
WARNING:root:2735112 not found
WARNING:root:Nothing found
WARNING:root:2735113 not found
WARNING:root:Nothing found
WARNING:root:2735114 not found
WARNING:root:Nothing found
WARNING:root:2735116 not found
WARNING:root:Nothing found
WARNING:root:2735117 not found
WARNING:root:Nothing found
WARNING:root:2735118 not found
WARNING:root:Nothing found
WARNING:root:2735119 not found
WARNING:root:Nothing found
WARNING:root:2735120 not found
WARNING:root:Nothing found
WARNING:root:2735121 not found
WARNING:root:Nothing found
WARNING:root:2735122 not found
WARNING:root:Nothing found
WARNING:root:2735123 not found
WARNING:root:Nothing found
WARNING:root:2735124 not found
WARNING:root:Nothing found
WARNING:root:2735126 not found
WARNING:root:Nothing found
WARNING:root:2735127 not found
WARNING:root:Nothing found
WARNING:root:2735128 not found
WARNING:root:Nothing found
WARNING:root:2735129 not found
WARNING:root:Nothing found
WARNING:root:2735131 not found
WARNING:root:Nothing found
WARNING:root:2735133 not found
WARNING:root:Nothing found
WARNING:root:2735134 not found
WARNING:root:Nothing found
WARNING:root:2735135 not found
WARNING:root:Nothing found
WARNING:root:2735136 not found
WARNING:root:Nothing found
WARNING:root:2735137 not found
WARNING:root:Nothing found
WARNING:root:2735139 not found
WARNING:root:Nothing found
WARNING:root:2735140 not found
WARNING:root:Nothing found
WARNING:root:2735141 not found
WARNING:root:Nothing found
WARNING:root:2735142 not found
WARNING:root:Nothing found
WARNING:root:2735143 not found
WARNING:root:Nothing found
WARNING:root:2735145 not found
WARNING:root:Nothing found
WARNING:root:2735146 not found
WARNING:root:Nothing found
WARNING:root:2735147 not found
WARNING:root:Nothing found
WARNING:root:2735148 not found
WARNING:root:Nothing found
WARNING:root:2735149 not found
WARNING:root:Nothing found
WARNING:root:2735150 not found
WARNING:root:Nothing found
WARNING:root:2735151 not found
WARNING:root:Nothing found
WARNING:root:2735152 not found
WARNING:root:Nothing found
WARNING:root:2735153 not found
WARNING:root:Nothing found
WARNING:root:2735154 not found
WARNING:root:Nothing found
WARNING:root:2735155 not found
WARNING:root:Nothing found
WARNING:root:2735156 not found
WARNING:root:Nothing found
WARNING:root:2735157 not found
WARNING:root:Nothing found
WARNING:root:2735159 not found
WARNING:root:Nothing found
WARNING:root:2735160 not found
WARNING:root:Nothing found
WARNING:root:2735161 not found
WARNING:root:Nothing found
WARNING:root:2735162 not found
WARNING:root:Nothing found
WARNING:root:2735163 not found
WARNING:root:Nothing found
WARNING:root:2735166 not found
WARNING:root:Nothing found
WARNING:root:2735167 not found
WARNING:root:Nothing found
WARNING:root:2735168 not found
WARNING:root:Nothing found
WARNING:root:2735169 not found
WARNING:root:Nothing found
WARNING:root:2735170 not found
WARNING:root:Nothing found
WARNING:root:2735171 not found
WARNING:root:Nothing found
WARNING:root:2735172 not found
WARNING:root:Nothing found
WARNING:root:2735173 not found
WARNING:root:Nothing found
WARNING:root:2735174 not found
WARNING:root:Nothing found
WARNING:root:2735175 not found
WARNING:root:Nothing found
WARNING:root:2735176 not found
WARNING:root:Nothing found
WARNING:root:2735177 not found
WARNING:root:Nothing found
WARNING:root:2735178 not found
WARNING:root:Nothing found
WARNING:root:2735179 not found
WARNING:root:Nothing found
WARNING:root:2735180 not found
WARNING:root:Nothing found
WARNING:root:2735181 not found
WARNING:root:Nothing found
WARNING:root:2735182 not found
WARNING:root:Nothing found
WARNING:root:2735183 not found
WARNING:root:Nothing found
WARNING:root:2735186 not found
WARNING:root:Nothing found
WARNING:root:2735187 not found
WARNING:root:Nothing found
WARNING:root:2735188 not found
WARNING:root:Nothing found
WARNING:root:2735189 not found
WARNING:root:Nothing found
WARNING:root:: 2735190
WARNING:root:DHLSS / 572121923984
WARNING:root:2735191 not found
WARNING:root:Nothing found
WARNING:root:: 2735192
WARNING:root:DHLSS / 572121923990
WARNING:root:2735193 not found
WARNING:root:Nothing found
WARNING:root:2735194 not found
WARNING:root:Nothing found
WARNING:root:2735195 not found
WARNING:root:Nothing found
WARNING:root:2735196 not found
WARNING:root:Nothing found
WARNING:root:2735197 not found
WARNING:root:Nothing found
WARNING:root:2735198 not found
WARNING:root:Nothing found
WARNING:root:2735199 not found
WARNING:root:Nothing found
WARNING:root:2735200 not found
WARNING:root:Nothing found
WARNING:root:2735201 not found
WARNING:root:Nothing found
WARNING:root:2735202 not found
WARNING:root:Nothing found
WARNING:root:2735203 not found
WARNING:root:Nothing found
WARNING:root:2735204 not found
WARNING:root:Nothing found
WARNING:root:2735205 not found
WARNING:root:Nothing found
WARNING:root:2735206 not found
WARNING:root:Nothing found
WARNING:root:2735207 not found
WARNING:root:Nothing found
WARNING:root:2735209 not found
WARNING:root:Nothing found
WARNING:root:2735211 not found
WARNING:root:Nothing found
WARNING:root:2735212 not found
WARNING:root:Nothing found
WARNING:root:2735214 not found
WARNING:root:Nothing found
WARNING:root:2735215 not found
WARNING:root:Nothing found
WARNING:root:2735216 not found
WARNING:root:Nothing found
WARNING:root:2735217 not found
WARNING:root:Nothing found
WARNING:root:2735218 not found
WARNING:root:Nothing found
WARNING:root:2735219 not found
WARNING:root:Nothing found
WARNING:root:2735220 not found
WARNING:root:Nothing found
WARNING:root:2735221 not found
WARNING:root:Nothing found
WARNING:root:2735222 not found
WARNING:root:Nothing found
WARNING:root:2735223 not found
WARNING:root:Nothing found
WARNING:root:2735225 not found
WARNING:root:Nothing found
WARNING:root:2735226 not found
WARNING:root:Nothing found
WARNING:root:2735227 not found
WARNING:root:Nothing found
WARNING:root:2735230 not found
WARNING:root:Nothing found
WARNING:root:2735232 not found
WARNING:root:Nothing found
WARNING:root:2735233 not found
WARNING:root:Nothing found
WARNING:root:2735235 not found
WARNING:root:Nothing found
WARNING:root:2735236 not found
WARNING:root:Nothing found
WARNING:root:2735237 not found
WARNING:root:Nothing found
WARNING:root:2735239 not found
WARNING:root:Nothing found
WARNING:root:2735240 not found
WARNING:root:Nothing found
WARNING:root:2735241 not found
WARNING:root:Nothing found
WARNING:root:2735242 not found
WARNING:root:Nothing found
WARNING:root:2735243 not found
WARNING:root:Nothing found
WARNING:root:2735244 not found
WARNING:root:Nothing found
WARNING:root:2735246 not found
WARNING:root:Nothing found
WARNING:root:2735247 not found
WARNING:root:Nothing found
WARNING:root:2735248 not found
WARNING:root:Nothing found
WARNING:root:2735249 not found
WARNING:root:Nothing found
WARNING:root:2735250 not found
WARNING:root:Nothing found
WARNING:root:: 2735251
WARNING:root:DHLSS / 572121923883
WARNING:root:: 2735251
WARNING:root:DHLSS / 572121923883
WARNING:root:2735252 not found
WARNING:root:Nothing found
WARNING:root:2735253 not found
WARNING:root:Nothing found
WARNING:root:2735254 not found
WARNING:root:Nothing found
WARNING:root:2735256 not found
WARNING:root:Nothing found
WARNING:root:2735257 not found
WARNING:root:Nothing found
WARNING:root:2735258 not found
WARNING:root:Nothing found
WARNING:root:2735259 not found
WARNING:root:Nothing found
WARNING:root:2735260 not found
WARNING:root:Nothing found
WARNING:root:2735261 not found
WARNING:root:Nothing found
WARNING:root:2735263 not found
WARNING:root:Nothing found
WARNING:root:: 2735287
WARNING:root:DHLSS / 572121924924
WARNING:root:: 2735287
WARNING:root:DHLSS / 572121924924
WARNING:root:: 2735288
WARNING:root:DHLSS / 572121925970
WARNING:root:: 2735298
WARNING:root:DHLSS / 572121925368
WARNING:root:: 2735301
WARNING:root:DHLSS / 572121923811
WARNING:root:: 2735301
WARNING:root:DHLSS / 572121923811
WARNING:root:: 2735301
WARNING:root:DHLSS / 572121923811
WARNING:root:: 2735301
WARNING:root:DHLSS / 572121923811
WARNING:root:: 2735306
WARNING:root:DHLSS / 572121925324
WARNING:root:: 2735324
WARNING:root:DHLSS / 572121924788
WARNING:root:: 2735327
WARNING:root:DHLSS / 572121924463
WARNING:root:: 2735339
WARNING:root:DHLSS / 572121925346
WARNING:root:: 2735345
WARNING:root:DHLSS / 572121923956
WARNING:root:: 2735345
WARNING:root:DHLSS / 572121923956
WARNING:root:: 2735345
WARNING:root:DHLSS / 572121923956
WARNING:root:2735364 not found
WARNING:root:Nothing found
WARNING:root:: 2735402
WARNING:root:POST / 573689205448
WARNING:root:: 2735409
WARNING:root:POST / 573689205404
WARNING:root:: 2735414
WARNING:root:POST / 573689205331
WARNING:root:: 2735417
WARNING:root:POST / 573689206040
WARNING:root:: 2735426
WARNING:root:POST / 573689205369
WARNING:root:2735429 not found
WARNING:root:Nothing found
WARNING:root:2735430 not found
WARNING:root:Nothing found
WARNING:root:2735431 not found
WARNING:root:Nothing found
WARNING:root:2735432 not found
WARNING:root:Nothing found
WARNING:root:2735433 not found
WARNING:root:Nothing found
WARNING:root:2735434 not found
WARNING:root:Nothing found
WARNING:root:: 2735435
WARNING:root:POST / 573689205971
WARNING:root:: 2735435
WARNING:root:POST / 573689205971
WARNING:root:2735436 not found
WARNING:root:Nothing found
WARNING:root:2735437 not found
WARNING:root:Nothing found
WARNING:root:2735438 not found
WARNING:root:Nothing found
WARNING:root:2735439 not found
WARNING:root:Nothing found
WARNING:root:2735441 not found
WARNING:root:Nothing found
WARNING:root:2735443 not found
WARNING:root:Nothing found
WARNING:root:2735444 not found
WARNING:root:Nothing found
WARNING:root:2735445 not found
WARNING:root:Nothing found
WARNING:root:2735446 not found
WARNING:root:Nothing found
WARNING:root:2735447 not found
WARNING:root:Nothing found
WARNING:root:2735449 not found
WARNING:root:Nothing found
WARNING:root:2735450 not found
WARNING:root:Nothing found
WARNING:root:2735451 not found
WARNING:root:Nothing found
WARNING:root:: 2735452
WARNING:root:POST / 573689205397
WARNING:root:2735453 not found
WARNING:root:Nothing found
WARNING:root:2735454 not found
WARNING:root:Nothing found
WARNING:root:2735455 not found
WARNING:root:Nothing found
WARNING:root:2735456 not found
WARNING:root:Nothing found
WARNING:root:2735457 not found
WARNING:root:Nothing found
WARNING:root:: 2735459
WARNING:root:POST / 573689206056
WARNING:root:2735460 not found
WARNING:root:Nothing found
WARNING:root:: 2735461
WARNING:root:POST / 573689205987
WARNING:root:2735463 not found
WARNING:root:Nothing found
WARNING:root:: 2735464
WARNING:root:POST / 573689205656
WARNING:root:2735465 not found
WARNING:root:Nothing found
WARNING:root:2735466 not found
WARNING:root:Nothing found
WARNING:root:2735467 not found
WARNING:root:Nothing found
WARNING:root:2735468 not found
WARNING:root:Nothing found
WARNING:root:2735469 not found
WARNING:root:Nothing found
WARNING:root:2735471 not found
WARNING:root:Nothing found
WARNING:root:2735472 not found
WARNING:root:Nothing found
WARNING:root:2735473 not found
WARNING:root:Nothing found
WARNING:root:2735474 not found
WARNING:root:Nothing found
WARNING:root:2735475 not found
WARNING:root:Nothing found
WARNING:root:2735476 not found
WARNING:root:Nothing found
WARNING:root:2735479 not found
WARNING:root:Nothing found
WARNING:root:2735480 not found
WARNING:root:Nothing found
WARNING:root:: 2735481
WARNING:root:POST / 573689205319
WARNING:root:2735483 not found
WARNING:root:Nothing found
WARNING:root:2735484 not found
WARNING:root:Nothing found
WARNING:root:: 2735485
WARNING:root:POST / 573689205375
WARNING:root:2735487 not found
WARNING:root:Nothing found
WARNING:root:2735489 not found
WARNING:root:Nothing found
WARNING:root:: 2735490
WARNING:root:POST / 573689205993
WARNING:root:2735491 not found
WARNING:root:Nothing found
WARNING:root:2735492 not found
WARNING:root:Nothing found
WARNING:root:: 2735493
WARNING:root:POST / 573689206006
WARNING:root:2735494 not found
WARNING:root:Nothing found
WARNING:root:2735495 not found
WARNING:root:Nothing found
WARNING:root:2735496 not found
WARNING:root:Nothing found
WARNING:root:2735497 not found
WARNING:root:Nothing found
WARNING:root:2735498 not found
WARNING:root:Nothing found
WARNING:root:2735500 not found
WARNING:root:Nothing found
WARNING:root:: 2735501
WARNING:root:POST / 573689205937
WARNING:root:: 2735502
WARNING:root:POST / 573689205870
WARNING:root:2735503 not found
WARNING:root:Nothing found
WARNING:root:2735505 not found
WARNING:root:Nothing found
WARNING:root:: 2735506
WARNING:root:POST / 573689205511
WARNING:root:: 2735506
WARNING:root:POST / 573689205511
WARNING:root:: 2735506
WARNING:root:POST / 573689205511
WARNING:root:2735507 not found
WARNING:root:Nothing found
WARNING:root:2735508 not found
WARNING:root:Nothing found
WARNING:root:2735509 not found
WARNING:root:Nothing found
WARNING:root:2735511 not found
WARNING:root:Nothing found
WARNING:root:2735513 not found
WARNING:root:Nothing found
WARNING:root:2735515 not found
WARNING:root:Nothing found
WARNING:root:2735516 not found
WARNING:root:Nothing found
WARNING:root:2735517 not found
WARNING:root:Nothing found
WARNING:root:2735518 not found
WARNING:root:Nothing found
WARNING:root:2735519 not found
WARNING:root:Nothing found
WARNING:root:2735520 not found
WARNING:root:Nothing found
WARNING:root:2735521 not found
WARNING:root:Nothing found
WARNING:root:2735522 not found
WARNING:root:Nothing found
WARNING:root:2735523 not found
WARNING:root:Nothing found
WARNING:root:: 2735524
WARNING:root:POST / 573689205707
WARNING:root:2735525 not found
WARNING:root:Nothing found
WARNING:root:2735527 not found
WARNING:root:Nothing found
WARNING:root:2735528 not found
WARNING:root:Nothing found
WARNING:root:2735529 not found
WARNING:root:Nothing found
WARNING:root:2735530 not found
WARNING:root:Nothing found
WARNING:root:2735531 not found
WARNING:root:Nothing found
WARNING:root:: 2735532
WARNING:root:POST / 573689205325
WARNING:root:2735533 not found
WARNING:root:Nothing found
WARNING:root:: 2735534
WARNING:root:DHLSS / 572121925857
WARNING:root:: 2735534
WARNING:root:DHLSS / 572121925857
WARNING:root:2735535 not found
WARNING:root:Nothing found
WARNING:root:2735536 not found
WARNING:root:Nothing found
WARNING:root:2735537 not found
WARNING:root:Nothing found
WARNING:root:2735538 not found
WARNING:root:Nothing found
WARNING:root:2735540 not found
WARNING:root:Nothing found
WARNING:root:2735541 not found
WARNING:root:Nothing found
WARNING:root:2735542 not found
WARNING:root:Nothing found
WARNING:root:2735545 not found
WARNING:root:Nothing found
WARNING:root:2735546 not found
WARNING:root:Nothing found
WARNING:root:: 2735547
WARNING:root:POST / 573689205640
WARNING:root:2735548 not found
WARNING:root:Nothing found
WARNING:root:2735549 not found
WARNING:root:Nothing found
WARNING:root:2735551 not found
WARNING:root:Nothing found
WARNING:root:2735552 not found
WARNING:root:Nothing found
WARNING:root:2735553 not found
WARNING:root:Nothing found
WARNING:root:2735554 not found
WARNING:root:Nothing found
WARNING:root:: 2735555
WARNING:root:DHLSS / 572121925627
WARNING:root:2735556 not found
WARNING:root:Nothing found
WARNING:root:2735557 not found
WARNING:root:Nothing found
WARNING:root:: 2735558
WARNING:root:POST / 573689206062
WARNING:root:2735559 not found
WARNING:root:Nothing found
WARNING:root:2735560 not found
WARNING:root:Nothing found
WARNING:root:2735561 not found
WARNING:root:Nothing found
WARNING:root:2735562 not found
WARNING:root:Nothing found
WARNING:root:2735565 not found
WARNING:root:Nothing found
WARNING:root:2735567 not found
WARNING:root:Nothing found
WARNING:root:2735569 not found
WARNING:root:Nothing found
WARNING:root:2735570 not found
WARNING:root:Nothing found
WARNING:root:: 2735571
WARNING:root:POST / 573689205612
WARNING:root:2735572 not found
WARNING:root:Nothing found
WARNING:root:: 2735573
WARNING:root:POST / 573689205599
WARNING:root:2735574 not found
WARNING:root:Nothing found
WARNING:root:2735575 not found
WARNING:root:Nothing found
WARNING:root:2735576 not found
WARNING:root:Nothing found
WARNING:root:2735577 not found
WARNING:root:Nothing found
WARNING:root:2735578 not found
WARNING:root:Nothing found
WARNING:root:2735579 not found
WARNING:root:Nothing found
WARNING:root:2735581 not found
WARNING:root:Nothing found
WARNING:root:2735582 not found
WARNING:root:Nothing found
WARNING:root:2735583 not found
WARNING:root:Nothing found
WARNING:root:: 2735584
WARNING:root:DHLSS / 572121924053
WARNING:root:2735585 not found
WARNING:root:Nothing found
WARNING:root:2735586 not found
WARNING:root:Nothing found
WARNING:root:2735590 not found
WARNING:root:Nothing found
WARNING:root:: 2735591
WARNING:root:POST / 573689205814
WARNING:root:: 2735592
WARNING:root:DHLSS / 572121925295
WARNING:root:2735593 not found
WARNING:root:Nothing found
WARNING:root:2735594 not found
WARNING:root:Nothing found
WARNING:root:2735595 not found
WARNING:root:Nothing found
WARNING:root:2735596 not found
WARNING:root:Nothing found
WARNING:root:2735597 not found
WARNING:root:Nothing found
WARNING:root:2735603 not found
WARNING:root:Nothing found
WARNING:root:: 2735604
WARNING:root:DHLSS / 572121925116
WARNING:root:: 2735617
WARNING:root:DHLSS / 572121925087
WARNING:root:: 2735620
WARNING:root:DHLSS / 572121924378
WARNING:root:: 2735629
WARNING:root:DHLSS / 572121924356
WARNING:root:: 2735634
WARNING:root:POST / 573689205886
WARNING:root:: 2735639
WARNING:root:POST / 573689205606
WARNING:root:: 2735643
WARNING:root:DHLSS / 572121924615
WARNING:root:: 2735644
WARNING:root:POST / 573689205555
WARNING:root:: 2735645
WARNING:root:POST / 573689205583
WARNING:root:: 2735648
WARNING:root:DHLSS / 572121924738
WARNING:root:: 2735651
WARNING:root:DHLSS / 572121924126
WARNING:root:: 2735651
WARNING:root:DHLSS / 572121924126
WARNING:root:: 2735651
WARNING:root:DHLSS / 572121924126
WARNING:root:2735653 not found
WARNING:root:Nothing found
WARNING:root:: 2735656
WARNING:root:DHLSS / 572121924132
WARNING:root:: 2735656
WARNING:root:DHLSS / 572121924132
WARNING:root:: 2735661
WARNING:root:DHLSS / 572121925239
WARNING:root:: 2735666
WARNING:root:POST / 573689205296
WARNING:root:: 2735669
WARNING:root:DHLSS / 572121924693
WARNING:root:: 2735670
WARNING:root:DHLSS / 572121924413
WARNING:root:: 2735671
WARNING:root:DHLSS / 572121925059
WARNING:root:: 2735672
WARNING:root:POST / 573689205533
WARNING:root:: 2735675
WARNING:root:POST / 573689205892
WARNING:root:: 2735677
WARNING:root:DHLSS / 572121924592
WARNING:root:: 2735679
WARNING:root:POST / 573689205527
WARNING:root:: 2735681
WARNING:root:DHLSS / 572121925043
WARNING:root:: 2735683
WARNING:root:DHLSS / 572121924198
WARNING:root:: 2735686
WARNING:root:POST / 573689205741
WARNING:root:: 2735687
WARNING:root:DHLSS / 572121924176
WARNING:root:: 2735689
WARNING:root:POST / 573689205791
WARNING:root:: 2735699
WARNING:root:DHLSS / 572121924160
WARNING:root:: 2735702
WARNING:root:POST / 573689205735
WARNING:root:: 2735703
WARNING:root:POST / 573689205763
WARNING:root:: 2735704
WARNING:root:POST / 573689205808
WARNING:root:: 2735705
WARNING:root:POST / 573689205684
WARNING:root:: 2735712
WARNING:root:DHLSS / 572121925532
WARNING:root:: 2735713
WARNING:root:POST / 573689205757
WARNING:root:2735714 not found
WARNING:root:Nothing found
WARNING:root:: 2735715
WARNING:root:DHLSS / 572121924081
WARNING:root:: 2735715
WARNING:root:DHLSS / 572121924081
WARNING:root:: 2735724
WARNING:root:POST / 573689205505
WARNING:root:: 2735726
WARNING:root:POST / 573689205921
WARNING:root:: 2735727
WARNING:root:POST / 573689205858
WARNING:root:2735728 not found
WARNING:root:Nothing found
WARNING:root:: 2735729
WARNING:root:POST / 573689205690
WARNING:root:2735730 not found
WARNING:root:give token
WARNING:root:: 2737102
WARNING:root:TOFND / 449800001454160014923966
WARNING:root:2737349 not found
WARNING:root:Nothing found
WARNING:root:: 2703723
WARNING:root:POST / 573689140187
WARNING:root:: 2703867
WARNING:root:POST / 573689138982
WARNING:root:: 2718877
WARNING:root:POST / 573689173734
WARNING:root:: 2726771
WARNING:root:POST / 573689190047
WARNING:root:2734692 not found
WARNING:root:Nothing found
WARNING:root:2734888 not found
WARNING:root:Nothing found
WARNING:root:2734890 not found
WARNING:root:Nothing found
WARNING:root:2734891 not found
WARNING:root:Nothing found
WARNING:root:2734892 not found
WARNING:root:Nothing found
WARNING:root:2734893 not found
WARNING:root:Nothing found
WARNING:root:2734894 not found
WARNING:root:Nothing found
WARNING:root:2734895 not found
WARNING:root:Nothing found
WARNING:root:2734896 not found
WARNING:root:Nothing found
WARNING:root:2734897 not found
WARNING:root:Nothing found
WARNING:root:2734898 not found
WARNING:root:Nothing found
WARNING:root:2734917 not found
WARNING:root:Nothing found
WARNING:root:2734918 not found
WARNING:root:Nothing found
WARNING:root:2734919 not found
WARNING:root:Nothing found
WARNING:root:2734923 not found
WARNING:root:Nothing found
WARNING:root:2734924 not found
WARNING:root:Nothing found
WARNING:root:2734925 not found
WARNING:root:Nothing found
WARNING:root:2734926 not found
WARNING:root:Nothing found
WARNING:root:2734927 not found
WARNING:root:Nothing found
WARNING:root:2734928 not found
WARNING:root:Nothing found
WARNING:root:2734929 not found
WARNING:root:Nothing found
WARNING:root:2734930 not found
WARNING:root:Nothing found
WARNING:root:2734931 not found
WARNING:root:Nothing found
WARNING:root:2734932 not found
WARNING:root:Nothing found
WARNING:root:2734933 not found
WARNING:root:Nothing found
WARNING:root:2734934 not found
WARNING:root:Nothing found
WARNING:root:2734935 not found
WARNING:root:Nothing found
WARNING:root:2734936 not found
WARNING:root:Nothing found
WARNING:root:2734937 not found
WARNING:root:Nothing found
WARNING:root:2734938 not found
WARNING:root:Nothing found
WARNING:root:2734939 not found
WARNING:root:Nothing found
WARNING:root:2734940 not found
WARNING:root:Nothing found
WARNING:root:2734941 not found
WARNING:root:Nothing found
WARNING:root:2734942 not found
WARNING:root:Nothing found
WARNING:root:2734943 not found
WARNING:root:Nothing found
WARNING:root:2734944 not found
WARNING:root:Nothing found
WARNING:root:2734946 not found
WARNING:root:Nothing found
WARNING:root:2734947 not found
WARNING:root:Nothing found
WARNING:root:2734948 not found
WARNING:root:Nothing found
WARNING:root:2734949 not found
WARNING:root:Nothing found
WARNING:root:2734950 not found
WARNING:root:Nothing found
WARNING:root:2734951 not found
WARNING:root:Nothing found
WARNING:root:2734952 not found
WARNING:root:Nothing found
WARNING:root:2734953 not found
WARNING:root:Nothing found
WARNING:root:2734954 not found
WARNING:root:Nothing found
WARNING:root:2734955 not found
WARNING:root:Nothing found
WARNING:root:2734956 not found
WARNING:root:Nothing found
WARNING:root:2734957 not found
WARNING:root:Nothing found
WARNING:root:2734958 not found
WARNING:root:Nothing found
WARNING:root:2734959 not found
WARNING:root:Nothing found
WARNING:root:2734960 not found
WARNING:root:Nothing found
WARNING:root:2734961 not found
WARNING:root:Nothing found
WARNING:root:2734962 not found
WARNING:root:Nothing found
WARNING:root:2734964 not found
WARNING:root:Nothing found
WARNING:root:2734965 not found
WARNING:root:Nothing found
WARNING:root:2734966 not found
WARNING:root:Nothing found
WARNING:root:2734967 not found
WARNING:root:Nothing found
WARNING:root:2734968 not found
WARNING:root:Nothing found
WARNING:root:2734969 not found
WARNING:root:Nothing found
WARNING:root:2734970 not found
WARNING:root:Nothing found
WARNING:root:2734971 not found
WARNING:root:Nothing found
WARNING:root:2734972 not found
WARNING:root:Nothing found
WARNING:root:2734973 not found
WARNING:root:Nothing found
WARNING:root:2734974 not found
WARNING:root:Nothing found
WARNING:root:2734975 not found
WARNING:root:Nothing found
WARNING:root:2734976 not found
WARNING:root:Nothing found
WARNING:root:2734977 not found
WARNING:root:Nothing found
WARNING:root:2734978 not found
WARNING:root:Nothing found
WARNING:root:2734980 not found
WARNING:root:Nothing found
WARNING:root:2734981 not found
WARNING:root:Nothing found
WARNING:root:2734982 not found
WARNING:root:Nothing found
WARNING:root:2734983 not found
WARNING:root:Nothing found
WARNING:root:2734984 not found
WARNING:root:Nothing found
WARNING:root:2734985 not found
WARNING:root:Nothing found
WARNING:root:2734986 not found
WARNING:root:Nothing found
WARNING:root:2734987 not found
WARNING:root:Nothing found
WARNING:root:2734988 not found
WARNING:root:Nothing found
WARNING:root:2734989 not found
WARNING:root:Nothing found
WARNING:root:2734990 not found
WARNING:root:Nothing found
WARNING:root:2734991 not found
WARNING:root:Nothing found
WARNING:root:2734992 not found
WARNING:root:Nothing found
WARNING:root:2734993 not found
WARNING:root:Nothing found
WARNING:root:2734994 not found
WARNING:root:Nothing found
WARNING:root:2734995 not found
WARNING:root:Nothing found
WARNING:root:2734996 not found
WARNING:root:Nothing found
WARNING:root:2734997 not found
WARNING:root:Nothing found
WARNING:root:2734998 not found
WARNING:root:Nothing found
WARNING:root:2735003 not found
WARNING:root:Nothing found
WARNING:root:2735004 not found
WARNING:root:Nothing found
WARNING:root:2735005 not found
WARNING:root:Nothing found
WARNING:root:2735006 not found
WARNING:root:Nothing found
WARNING:root:2735009 not found
WARNING:root:Nothing found
WARNING:root:2735011 not found
WARNING:root:Nothing found
WARNING:root:2735012 not found
WARNING:root:Nothing found
WARNING:root:2735013 not found
WARNING:root:Nothing found
WARNING:root:2735014 not found
WARNING:root:Nothing found
WARNING:root:2735015 not found
WARNING:root:Nothing found
WARNING:root:2735016 not found
WARNING:root:Nothing found
WARNING:root:2735017 not found
WARNING:root:Nothing found
WARNING:root:2735019 not found
WARNING:root:Nothing found
WARNING:root:2735020 not found
WARNING:root:Nothing found
WARNING:root:2735021 not found
WARNING:root:Nothing found
WARNING:root:2735023 not found
WARNING:root:Nothing found
WARNING:root:2735024 not found
WARNING:root:Nothing found
WARNING:root:2735025 not found
WARNING:root:Nothing found
WARNING:root:2735027 not found
WARNING:root:Nothing found
WARNING:root:2735028 not found
WARNING:root:Nothing found
WARNING:root:2735029 not found
WARNING:root:Nothing found
WARNING:root:2735030 not found
WARNING:root:Nothing found
WARNING:root:2735031 not found
WARNING:root:Nothing found
WARNING:root:2735032 not found
WARNING:root:Nothing found
WARNING:root:2735033 not found
WARNING:root:Nothing found
WARNING:root:2735034 not found
WARNING:root:Nothing found
WARNING:root:2735035 not found
WARNING:root:Nothing found
WARNING:root:2735036 not found
WARNING:root:Nothing found
WARNING:root:2735037 not found
WARNING:root:Nothing found
WARNING:root:2735038 not found
WARNING:root:Nothing found
WARNING:root:2735040 not found
WARNING:root:Nothing found
WARNING:root:2735041 not found
WARNING:root:Nothing found
WARNING:root:2735042 not found
WARNING:root:Nothing found
WARNING:root:2735043 not found
WARNING:root:Nothing found
WARNING:root:2735044 not found
WARNING:root:Nothing found
WARNING:root:2735045 not found
WARNING:root:Nothing found
WARNING:root:2735048 not found
WARNING:root:Nothing found
WARNING:root:2735049 not found
WARNING:root:Nothing found
WARNING:root:2735050 not found
WARNING:root:Nothing found
WARNING:root:2735051 not found
WARNING:root:Nothing found
WARNING:root:2735052 not found
WARNING:root:Nothing found
WARNING:root:2735053 not found
WARNING:root:Nothing found
WARNING:root:2735054 not found
WARNING:root:Nothing found
WARNING:root:2735055 not found
WARNING:root:Nothing found
WARNING:root:2735056 not found
WARNING:root:Nothing found
WARNING:root:2735057 not found
WARNING:root:Nothing found
WARNING:root:2735058 not found
WARNING:root:Nothing found
WARNING:root:2735059 not found
WARNING:root:Nothing found
WARNING:root:2735060 not found
WARNING:root:Nothing found
WARNING:root:2735061 not found
WARNING:root:Nothing found
WARNING:root:2735062 not found
WARNING:root:Nothing found
WARNING:root:2735063 not found
WARNING:root:Nothing found
WARNING:root:2735064 not found
WARNING:root:Nothing found
WARNING:root:2735065 not found
WARNING:root:Nothing found
WARNING:root:2735066 not found
WARNING:root:Nothing found
WARNING:root:2735067 not found
WARNING:root:Nothing found
WARNING:root:2735070 not found
WARNING:root:Nothing found
WARNING:root:2735072 not found
WARNING:root:Nothing found
WARNING:root:2735073 not found
WARNING:root:Nothing found
WARNING:root:2735074 not found
WARNING:root:Nothing found
WARNING:root:2735077 not found
WARNING:root:Nothing found
WARNING:root:2735078 not found
WARNING:root:Nothing found
WARNING:root:2735080 not found
WARNING:root:Nothing found
WARNING:root:2735082 not found
WARNING:root:Nothing found
WARNING:root:2735083 not found
WARNING:root:Nothing found
WARNING:root:2735084 not found
WARNING:root:Nothing found
WARNING:root:2735085 not found
WARNING:root:Nothing found
WARNING:root:2735086 not found
WARNING:root:Nothing found
WARNING:root:2735088 not found
WARNING:root:Nothing found
WARNING:root:2735089 not found
WARNING:root:Nothing found
WARNING:root:2735090 not found
WARNING:root:Nothing found
WARNING:root:2735091 not found
WARNING:root:Nothing found
WARNING:root:2735092 not found
WARNING:root:Nothing found
WARNING:root:2735093 not found
WARNING:root:Nothing found
WARNING:root:2735094 not found
WARNING:root:Nothing found
WARNING:root:2735096 not found
WARNING:root:Nothing found
WARNING:root:2735097 not found
WARNING:root:Nothing found
WARNING:root:2735098 not found
WARNING:root:Nothing found
WARNING:root:2735099 not found
WARNING:root:Nothing found
WARNING:root:2735100 not found
WARNING:root:Nothing found
WARNING:root:2735101 not found
WARNING:root:Nothing found
WARNING:root:2735102 not found
WARNING:root:Nothing found
WARNING:root:2735103 not found
WARNING:root:Nothing found
WARNING:root:2735104 not found
WARNING:root:Nothing found
WARNING:root:2735105 not found
WARNING:root:Nothing found
WARNING:root:2735106 not found
WARNING:root:Nothing found
WARNING:root:2735107 not found
WARNING:root:Nothing found
WARNING:root:2735108 not found
WARNING:root:Nothing found
WARNING:root:2735109 not found
WARNING:root:Nothing found
WARNING:root:2735110 not found
WARNING:root:Nothing found
WARNING:root:2735111 not found
WARNING:root:Nothing found
WARNING:root:2735112 not found
WARNING:root:Nothing found
WARNING:root:2735113 not found
WARNING:root:Nothing found
WARNING:root:2735114 not found
WARNING:root:Nothing found
WARNING:root:2735116 not found
WARNING:root:Nothing found
WARNING:root:2735117 not found
WARNING:root:Nothing found
WARNING:root:2735118 not found
WARNING:root:Nothing found
WARNING:root:2735119 not found
WARNING:root:Nothing found
WARNING:root:2735120 not found
WARNING:root:Nothing found
WARNING:root:2735121 not found
WARNING:root:Nothing found
WARNING:root:2735122 not found
WARNING:root:Nothing found
WARNING:root:2735123 not found
WARNING:root:Nothing found
WARNING:root:2735124 not found
WARNING:root:Nothing found
WARNING:root:2735126 not found
WARNING:root:Nothing found
WARNING:root:2735127 not found
WARNING:root:Nothing found
WARNING:root:2735128 not found
WARNING:root:Nothing found
WARNING:root:2735129 not found
WARNING:root:Nothing found
WARNING:root:2735131 not found
WARNING:root:Nothing found
WARNING:root:2735133 not found
WARNING:root:Nothing found
WARNING:root:2735134 not found
WARNING:root:Nothing found
WARNING:root:2735135 not found
WARNING:root:Nothing found
WARNING:root:2735136 not found
WARNING:root:Nothing found
WARNING:root:2735137 not found
WARNING:root:Nothing found
WARNING:root:2735139 not found
WARNING:root:Nothing found
WARNING:root:2735140 not found
WARNING:root:Nothing found
WARNING:root:2735141 not found
WARNING:root:Nothing found
WARNING:root:2735142 not found
WARNING:root:Nothing found
WARNING:root:2735143 not found
WARNING:root:Nothing found
WARNING:root:2735145 not found
WARNING:root:Nothing found
WARNING:root:2735146 not found
WARNING:root:Nothing found
WARNING:root:2735147 not found
WARNING:root:Nothing found
WARNING:root:2735148 not found
WARNING:root:Nothing found
WARNING:root:2735149 not found
WARNING:root:Nothing found
WARNING:root:2735150 not found
WARNING:root:Nothing found
WARNING:root:2735151 not found
WARNING:root:Nothing found
WARNING:root:2735152 not found
WARNING:root:Nothing found
WARNING:root:2735153 not found
WARNING:root:Nothing found
WARNING:root:2735154 not found
WARNING:root:Nothing found
WARNING:root:2735155 not found
WARNING:root:Nothing found
WARNING:root:2735156 not found
WARNING:root:Nothing found
WARNING:root:2735157 not found
WARNING:root:Nothing found
WARNING:root:2735159 not found
WARNING:root:Nothing found
WARNING:root:2735160 not found
WARNING:root:Nothing found
WARNING:root:2735161 not found
WARNING:root:Nothing found
WARNING:root:2735162 not found
WARNING:root:Nothing found
WARNING:root:2735163 not found
WARNING:root:Nothing found
WARNING:root:2735166 not found
WARNING:root:Nothing found
WARNING:root:2735167 not found
WARNING:root:Nothing found
WARNING:root:2735168 not found
WARNING:root:Nothing found
WARNING:root:2735169 not found
WARNING:root:Nothing found
WARNING:root:give token
WARNING:root:2735170 not found
WARNING:root:Nothing found
WARNING:root:2735171 not found
WARNING:root:Nothing found
WARNING:root:2735172 not found
WARNING:root:Nothing found
WARNING:root:2735173 not found
WARNING:root:Nothing found
WARNING:root:2735174 not found
WARNING:root:Nothing found
WARNING:root:2735175 not found
WARNING:root:Nothing found
WARNING:root:2735176 not found
WARNING:root:Nothing found
WARNING:root:2735177 not found
WARNING:root:Nothing found
WARNING:root:: 2735178
WARNING:root:Nothing found
WARNING:root:: 2735179
WARNING:root:Nothing found
WARNING:root:: 2735180
WARNING:root:Nothing found
WARNING:root:: 2735181
WARNING:root:Nothing found
WARNING:root:: 2735182
WARNING:root:Nothing found
WARNING:root:: 2735183
WARNING:root:Nothing found
WARNING:root:: 2735186
WARNING:root:Nothing found
WARNING:root:: 2735187
WARNING:root:Nothing found
WARNING:root:: 2735188
WARNING:root:Nothing found
WARNING:root:: 2735189
WARNING:root:Nothing found
WARNING:root:: 2735191
WARNING:root:Nothing found
WARNING:root:: 2735193
WARNING:root:Nothing found
WARNING:root:: 2735194
WARNING:root:Nothing found
WARNING:root:: 2735195
WARNING:root:Nothing found
WARNING:root:: 2735196
WARNING:root:Nothing found
WARNING:root:: 2735197
WARNING:root:Nothing found
WARNING:root:: 2735198
WARNING:root:Nothing found
WARNING:root:: 2735199
WARNING:root:Nothing found
WARNING:root:: 2735200
WARNING:root:Nothing found
WARNING:root:: 2735201
WARNING:root:Nothing found
WARNING:root:: 2735202
WARNING:root:Nothing found
WARNING:root:: 2735203
WARNING:root:Nothing found
WARNING:root:: 2735204
WARNING:root:Nothing found
WARNING:root:: 2735205
WARNING:root:Nothing found
WARNING:root:: 2735206
WARNING:root:Nothing found
WARNING:root:: 2735207
WARNING:root:DHLSS / 572121929693
WARNING:root:: 2735209
WARNING:root:Nothing found
WARNING:root:: 2735211
WARNING:root:Nothing found
WARNING:root:: 2735212
WARNING:root:Nothing found
WARNING:root:: 2735214
WARNING:root:DHLSS / 572121929621
WARNING:root:: 2735215
WARNING:root:Nothing found
WARNING:root:: 2735216
WARNING:root:DHLSS / 572121929637
WARNING:root:: 2735217
WARNING:root:DHLSS / 572121929609
WARNING:root:: 2735218
WARNING:root:DHLSS / 572121929586
WARNING:root:: 2735219
WARNING:root:DHLSS / 572121929570
WARNING:root:: 2735220
WARNING:root:DHLSS / 572121929592
WARNING:root:: 2735221
WARNING:root:DHLSS / 572121929564
WARNING:root:: 2735222
WARNING:root:DHLSS / 572121929491
WARNING:root:: 2735223
WARNING:root:DHLSS / 572121929514
WARNING:root:: 2735225
WARNING:root:DHLSS / 572121929536
WARNING:root:: 2735226
WARNING:root:DHLSS / 572121929520
WARNING:root:: 2735227
WARNING:root:DHLSS / 572121929508
WARNING:root:: 2735230
WARNING:root:DHLSS / 572121929485
WARNING:root:: 2735232
WARNING:root:DHLSS / 572121929479
WARNING:root:: 2735233
WARNING:root:DHLSS / 572121929441
WARNING:root:: 2735235
WARNING:root:DHLSS / 572121929463
WARNING:root:: 2735236
WARNING:root:DHLSS / 572121929435
WARNING:root:: 2735237
WARNING:root:DHLSS / 572121929457
WARNING:root:: 2735239
WARNING:root:DHLSS / 572121929429
WARNING:root:: 2735240
WARNING:root:DHLSS / 572121929413
WARNING:root:: 2735241
WARNING:root:DHLSS / 572121929407
WARNING:root:: 2735242
WARNING:root:DHLSS / 572121929384
WARNING:root:: 2735243
WARNING:root:DHLSS / 572121929390
WARNING:root:: 2735244
WARNING:root:DHLSS / 572121929378
WARNING:root:: 2735246
WARNING:root:DHLSS / 572121929356
WARNING:root:: 2735247
WARNING:root:DHLSS / 572121929362
WARNING:root:: 2735248
WARNING:root:DHLSS / 572121929312
WARNING:root:: 2735249
WARNING:root:DHLSS / 572121929340
WARNING:root:: 2735250
WARNING:root:DHLSS / 572121929328
WARNING:root:: 2735252
WARNING:root:DHLSS / 572121929334
WARNING:root:: 2735253
WARNING:root:Nothing found
WARNING:root:: 2735254
WARNING:root:DHLSS / 572121929227
WARNING:root:: 2735256
WARNING:root:DHLSS / 572121929233
WARNING:root:: 2735257
WARNING:root:DHLSS / 572121929255
WARNING:root:: 2735258
WARNING:root:DHLSS / 572121929277
WARNING:root:: 2735259
WARNING:root:DHLSS / 572121929261
WARNING:root:: 2735260
WARNING:root:DHLSS / 572121929306
WARNING:root:: 2735261
WARNING:root:DHLSS / 572121929299
WARNING:root:: 2735263
WARNING:root:DHLSS / 572121929283
WARNING:root:2735364 not found
WARNING:root:Nothing found
WARNING:root:2735429 not found
WARNING:root:Nothing found
WARNING:root:2735430 not found
WARNING:root:Nothing found
WARNING:root:2735431 not found
WARNING:root:Nothing found
WARNING:root:2735432 not found
WARNING:root:Nothing found
WARNING:root:2735433 not found
WARNING:root:Nothing found
WARNING:root:2735434 not found
WARNING:root:Nothing found
WARNING:root:2735436 not found
WARNING:root:Nothing found
WARNING:root:2735437 not found
WARNING:root:Nothing found
WARNING:root:2735438 not found
WARNING:root:Nothing found
WARNING:root:2735439 not found
WARNING:root:Nothing found
WARNING:root:2735441 not found
WARNING:root:Nothing found
WARNING:root:2735443 not found
WARNING:root:Nothing found
WARNING:root:2735444 not found
WARNING:root:Nothing found
WARNING:root:2735445 not found
WARNING:root:Nothing found
WARNING:root:2735446 not found
WARNING:root:Nothing found
WARNING:root:2735447 not found
WARNING:root:Nothing found
WARNING:root:2735449 not found
WARNING:root:Nothing found
WARNING:root:2735450 not found
WARNING:root:Nothing found
WARNING:root:2735451 not found
WARNING:root:Nothing found
WARNING:root:2735453 not found
WARNING:root:Nothing found
WARNING:root:2735454 not found
WARNING:root:Nothing found
WARNING:root:2735455 not found
WARNING:root:Nothing found
WARNING:root:2735456 not found
WARNING:root:Nothing found
WARNING:root:2735457 not found
WARNING:root:Nothing found
WARNING:root:2735460 not found
WARNING:root:Nothing found
WARNING:root:2735463 not found
WARNING:root:Nothing found
WARNING:root:2735465 not found
WARNING:root:Nothing found
WARNING:root:2735466 not found
WARNING:root:Nothing found
WARNING:root:2735467 not found
WARNING:root:Nothing found
WARNING:root:2735468 not found
WARNING:root:Nothing found
WARNING:root:2735469 not found
WARNING:root:Nothing found
WARNING:root:2735471 not found
WARNING:root:Nothing found
WARNING:root:2735472 not found
WARNING:root:Nothing found
WARNING:root:2735473 not found
WARNING:root:Nothing found
WARNING:root:2735474 not found
WARNING:root:Nothing found
WARNING:root:2735475 not found
WARNING:root:Nothing found
WARNING:root:2735476 not found
WARNING:root:Nothing found
WARNING:root:2735479 not found
WARNING:root:Nothing found
WARNING:root:2735480 not found
WARNING:root:Nothing found
WARNING:root:2735483 not found
WARNING:root:Nothing found
WARNING:root:2735484 not found
WARNING:root:Nothing found
WARNING:root:2735487 not found
WARNING:root:Nothing found
WARNING:root:2735489 not found
WARNING:root:Nothing found
WARNING:root:2735491 not found
WARNING:root:Nothing found
WARNING:root:2735492 not found
WARNING:root:Nothing found
WARNING:root:2735494 not found
WARNING:root:Nothing found
WARNING:root:2735495 not found
WARNING:root:Nothing found
WARNING:root:2735496 not found
WARNING:root:Nothing found
WARNING:root:2735497 not found
WARNING:root:Nothing found
WARNING:root:2735498 not found
WARNING:root:Nothing found
WARNING:root:2735500 not found
WARNING:root:Nothing found
WARNING:root:2735503 not found
WARNING:root:Nothing found
WARNING:root:2735505 not found
WARNING:root:Nothing found
WARNING:root:2735507 not found
WARNING:root:Nothing found
WARNING:root:2735508 not found
WARNING:root:Nothing found
WARNING:root:2735509 not found
WARNING:root:Nothing found
WARNING:root:2735511 not found
WARNING:root:Nothing found
WARNING:root:2735513 not found
WARNING:root:Nothing found
WARNING:root:2735515 not found
WARNING:root:Nothing found
WARNING:root:2735516 not found
WARNING:root:Nothing found
WARNING:root:2735517 not found
WARNING:root:Nothing found
WARNING:root:2735518 not found
WARNING:root:Nothing found
WARNING:root:2735519 not found
WARNING:root:Nothing found
WARNING:root:2735520 not found
WARNING:root:Nothing found
WARNING:root:2735521 not found
WARNING:root:Nothing found
WARNING:root:2735522 not found
WARNING:root:Nothing found
WARNING:root:2735523 not found
WARNING:root:Nothing found
WARNING:root:2735525 not found
WARNING:root:Nothing found
WARNING:root:2735527 not found
WARNING:root:Nothing found
WARNING:root:2735528 not found
WARNING:root:Nothing found
WARNING:root:2735529 not found
WARNING:root:Nothing found
WARNING:root:2735530 not found
WARNING:root:Nothing found
WARNING:root:2735531 not found
WARNING:root:Nothing found
WARNING:root:2735533 not found
WARNING:root:Nothing found
WARNING:root:2735535 not found
WARNING:root:Nothing found
WARNING:root:2735536 not found
WARNING:root:Nothing found
WARNING:root:2735537 not found
WARNING:root:Nothing found
WARNING:root:2735538 not found
WARNING:root:Nothing found
WARNING:root:2735540 not found
WARNING:root:Nothing found
WARNING:root:2735541 not found
WARNING:root:Nothing found
WARNING:root:2735542 not found
WARNING:root:Nothing found
WARNING:root:2735545 not found
WARNING:root:Nothing found
WARNING:root:2735546 not found
WARNING:root:Nothing found
WARNING:root:2735548 not found
WARNING:root:Nothing found
WARNING:root:2735549 not found
WARNING:root:Nothing found
WARNING:root:2735551 not found
WARNING:root:Nothing found
WARNING:root:2735552 not found
WARNING:root:Nothing found
WARNING:root:2735553 not found
WARNING:root:Nothing found
WARNING:root:2735554 not found
WARNING:root:Nothing found
WARNING:root:2735556 not found
WARNING:root:Nothing found
WARNING:root:2735557 not found
WARNING:root:Nothing found
WARNING:root:2735559 not found
WARNING:root:Nothing found
WARNING:root:2735560 not found
WARNING:root:Nothing found
WARNING:root:2735561 not found
WARNING:root:Nothing found
WARNING:root:2735562 not found
WARNING:root:Nothing found
WARNING:root:2735565 not found
WARNING:root:Nothing found
WARNING:root:2735567 not found
WARNING:root:Nothing found
WARNING:root:2735569 not found
WARNING:root:Nothing found
WARNING:root:2735570 not found
WARNING:root:Nothing found
WARNING:root:2735572 not found
WARNING:root:Nothing found
WARNING:root:2735574 not found
WARNING:root:Nothing found
WARNING:root:2735575 not found
WARNING:root:Nothing found
WARNING:root:2735576 not found
WARNING:root:Nothing found
WARNING:root:2735577 not found
WARNING:root:Nothing found
WARNING:root:2735578 not found
WARNING:root:Nothing found
WARNING:root:2735579 not found
WARNING:root:Nothing found
WARNING:root:2735581 not found
WARNING:root:Nothing found
WARNING:root:2735582 not found
WARNING:root:Nothing found
WARNING:root:2735583 not found
WARNING:root:Nothing found
WARNING:root:2735585 not found
WARNING:root:Nothing found
WARNING:root:2735586 not found
WARNING:root:Nothing found
WARNING:root:2735590 not found
WARNING:root:Nothing found
WARNING:root:2735593 not found
WARNING:root:Nothing found
WARNING:root:2735594 not found
WARNING:root:Nothing found
WARNING:root:2735595 not found
WARNING:root:Nothing found
WARNING:root:2735596 not found
WARNING:root:Nothing found
WARNING:root:2735597 not found
WARNING:root:Nothing found
WARNING:root:2735603 not found
WARNING:root:Nothing found
WARNING:root:2735653 not found
WARNING:root:Nothing found
WARNING:root:: 2735714
WARNING:root:DHLSS / 572121929176
WARNING:root:: 2735728
WARNING:root:DHLSS / 572121929211
WARNING:root:: 2735731
WARNING:root:DHLSS / 572121929205
WARNING:root:: 2735732
WARNING:root:DHLSS / 572121929198
WARNING:root:: 2735733
WARNING:root:DHLSS / 572121929182
WARNING:root:: 2735736
WARNING:root:DHLSS / 572121929160
WARNING:root:: 2735737
WARNING:root:DHLSS / 572121929154
WARNING:root:: 2735739
WARNING:root:DHLSS / 572121929148
WARNING:root:: 2735740
WARNING:root:DHLSS / 572121929132
WARNING:root:: 2735742
WARNING:root:DHLSS / 572121929126
WARNING:root:: 2735743
WARNING:root:DHLSS / 572121929110
WARNING:root:: 2735746
WARNING:root:DHLSS / 572121929104
WARNING:root:: 2735748
WARNING:root:DHLSS / 572121929097
WARNING:root:: 2735749
WARNING:root:DHLSS / 572121929081
WARNING:root:: 2735750
WARNING:root:DHLSS / 572121927685
WARNING:root:: 2735751
WARNING:root:DHLSS / 572121927679
WARNING:root:: 2735753
WARNING:root:DHLSS / 572121927613
WARNING:root:: 2735754
WARNING:root:DHLSS / 572121927635
WARNING:root:: 2735766
WARNING:root:DHLSS / 572121927455
WARNING:root:: 2735776
WARNING:root:DHLSS / 572121927590
WARNING:root:: 2735777
WARNING:root:DHLSS / 572121927578
WARNING:root:: 2735780
WARNING:root:DHLSS / 572121927562
WARNING:root:: 2735782
WARNING:root:DHLSS / 572121927556
WARNING:root:: 2735783
WARNING:root:DHLSS / 572121927534
WARNING:root:: 2735784
WARNING:root:DHLSS / 572121927540
WARNING:root:: 2735789
WARNING:root:DHLSS / 572121927512
WARNING:root:: 2735790
WARNING:root:DHLSS / 572121927528
WARNING:root:: 2735791
WARNING:root:DHLSS / 572121927506
WARNING:root:: 2735795
WARNING:root:DHLSS / 572121927499
WARNING:root:: 2735798
WARNING:root:DHLSS / 572121927477
WARNING:root:: 2735799
WARNING:root:DHLSS / 572121927461
WARNING:root:: 2735800
WARNING:root:DHLSS / 572121927449
WARNING:root:: 2735802
WARNING:root:DHLSS / 572121927433
WARNING:root:: 2735803
WARNING:root:DHLSS / 572121927427
WARNING:root:: 2735805
WARNING:root:DHLSS / 572121927405
WARNING:root:: 2735806
WARNING:root:DHLSS / 572121927966
WARNING:root:: 2735809
WARNING:root:DHLSS / 572121927376
WARNING:root:: 2735810
WARNING:root:DHLSS / 572121927382
WARNING:root:: 2735811
WARNING:root:DHLSS / 572121927360
WARNING:root:: 2735813
WARNING:root:DHLSS / 572121927354
WARNING:root:: 2735814
WARNING:root:DHLSS / 572121927348
WARNING:root:: 2735816
WARNING:root:DHLSS / 572121927326
WARNING:root:: 2735817
WARNING:root:DHLSS / 572121927332
WARNING:root:: 2735819
WARNING:root:DHLSS / 572121927310
WARNING:root:: 2735820
WARNING:root:DHLSS / 572121927281
WARNING:root:: 2735821
WARNING:root:DHLSS / 572121927297
WARNING:root:: 2735826
WARNING:root:DHLSS / 572121927275
WARNING:root:2735827 not found
WARNING:root:Nothing found
WARNING:root:: 2735834
WARNING:root:DHLSS / 572121927269
WARNING:root:: 2735835
WARNING:root:DHLSS / 572121927247
WARNING:root:: 2735839
WARNING:root:DHLSS / 572121927225
WARNING:root:: 2735840
WARNING:root:DHLSS / 572121927231
WARNING:root:: 2735842
WARNING:root:DHLSS / 572121927219
WARNING:root:: 2735844
WARNING:root:DHLSS / 572121927174
WARNING:root:: 2735847
WARNING:root:DHLSS / 572121927196
WARNING:root:: 2735848
WARNING:root:DHLSS / 572121927168
WARNING:root:: 2735851
WARNING:root:DHLSS / 572121927146
WARNING:root:: 2735853
WARNING:root:DHLSS / 572121929075
WARNING:root:: 2735854
WARNING:root:DHLSS / 572121929069
WARNING:root:: 2735855
WARNING:root:DHLSS / 572121929053
WARNING:root:: 2735857
WARNING:root:DHLSS / 572121929047
WARNING:root:: 2735858
WARNING:root:DHLSS / 572121929031
WARNING:root:: 2735860
WARNING:root:DHLSS / 572121929025
WARNING:root:: 2735861
WARNING:root:DHLSS / 572121929019
WARNING:root:: 2735867
WARNING:root:DHLSS / 572121928990
WARNING:root:: 2735868
WARNING:root:DHLSS / 572121929003
WARNING:root:: 2735869
WARNING:root:DHLSS / 572121928984
WARNING:root:: 2735870
WARNING:root:DHLSS / 572121928978
WARNING:root:: 2735871
WARNING:root:DHLSS / 572121928956
WARNING:root:: 2735872
WARNING:root:DHLSS / 572121928962
WARNING:root:: 2735873
WARNING:root:DHLSS / 572121928940
WARNING:root:: 2735874
WARNING:root:DHLSS / 572121928934
WARNING:root:: 2735875
WARNING:root:DHLSS / 572121927118
WARNING:root:: 2735876
WARNING:root:DHLSS / 572121927124
WARNING:root:: 2735877
WARNING:root:DHLSS / 572121928928
WARNING:root:: 2735878
WARNING:root:DHLSS / 572121927102
WARNING:root:: 2735880
WARNING:root:DHLSS / 572121927095
WARNING:root:: 2735881
WARNING:root:DHLSS / 572121927073
WARNING:root:: 2735884
WARNING:root:DHLSS / 572121927089
WARNING:root:: 2735890
WARNING:root:DHLSS / 572121927067
WARNING:root:: 2735893
WARNING:root:DHLSS / 572121927051
WARNING:root:: 2735894
WARNING:root:DHLSS / 572121927039
WARNING:root:: 2735896
WARNING:root:DHLSS / 572121927023
WARNING:root:: 2735897
WARNING:root:DHLSS / 572121927045
WARNING:root:2735898 not found
WARNING:root:Nothing found
WARNING:root:: 2735899
WARNING:root:DHLSS / 572121927017
WARNING:root:: 2735900
WARNING:root:DHLSS / 572121927001
WARNING:root:: 2735902
WARNING:root:DHLSS / 572121926982
WARNING:root:: 2735905
WARNING:root:DHLSS / 572121926998
WARNING:root:: 2735906
WARNING:root:DHLSS / 572121926976
WARNING:root:: 2735909
WARNING:root:DHLSS / 572121926960
WARNING:root:2735913 not found
WARNING:root:Nothing found
WARNING:root:: 2735918
WARNING:root:DHLSS / 572121926954
WARNING:root:: 2735920
WARNING:root:DHLSS / 572121926948
WARNING:root:: 2735922
WARNING:root:DHLSS / 572121926932
WARNING:root:: 2735924
WARNING:root:DHLSS / 572121926910
WARNING:root:: 2735926
WARNING:root:DHLSS / 572121926926
WARNING:root:: 2735929
WARNING:root:DHLSS / 572121926897
WARNING:root:: 2735930
WARNING:root:DHLSS / 572121926904
WARNING:root:: 2735931
WARNING:root:DHLSS / 572121926875
WARNING:root:: 2735932
WARNING:root:DHLSS / 572121926881
WARNING:root:: 2735935
WARNING:root:DHLSS / 572121926869
WARNING:root:: 2735936
WARNING:root:DHLSS / 572121926853
WARNING:root:: 2735937
WARNING:root:DHLSS / 572121926847
WARNING:root:: 2735938
WARNING:root:DHLSS / 572121926831
WARNING:root:: 2735940
WARNING:root:DHLSS / 572121926825
WARNING:root:: 2735942
WARNING:root:DHLSS / 572121926819
WARNING:root:: 2735943
WARNING:root:DHLSS / 572121926803
WARNING:root:: 2735944
WARNING:root:DHLSS / 572121926796
WARNING:root:: 2735946
WARNING:root:DHLSS / 572121926780
WARNING:root:: 2735947
WARNING:root:DHLSS / 572121926689
WARNING:root:: 2735948
WARNING:root:DHLSS / 572121926673
WARNING:root:: 2735951
WARNING:root:DHLSS / 572121926702
WARNING:root:: 2735952
WARNING:root:DHLSS / 572121926718
WARNING:root:: 2735954
WARNING:root:DHLSS / 572121926695
WARNING:root:: 2735956
WARNING:root:DHLSS / 572121926724
WARNING:root:: 2735958
WARNING:root:DHLSS / 572121926730
WARNING:root:: 2735959
WARNING:root:DHLSS / 572121926746
WARNING:root:: 2735960
WARNING:root:DHLSS / 572121926752
WARNING:root:: 2735961
WARNING:root:DHLSS / 572121926774
WARNING:root:: 2735963
WARNING:root:DHLSS / 572121926768
WARNING:root:: 2735965
WARNING:root:DHLSS / 572121926667
WARNING:root:: 2735966
WARNING:root:DHLSS / 572121926651
WARNING:root:: 2735968
WARNING:root:DHLSS / 572121926645
WARNING:root:: 2735969
WARNING:root:DHLSS / 572121926639
WARNING:root:: 2735971
WARNING:root:DHLSS / 572121926617
WARNING:root:2735972 not found
WARNING:root:Nothing found
WARNING:root:: 2735973
WARNING:root:DHLSS / 572121926623
WARNING:root:: 2735975
WARNING:root:DHLSS / 572121926588
WARNING:root:: 2735978
WARNING:root:DHLSS / 572121926601
WARNING:root:: 2735979
WARNING:root:DHLSS / 572121926594
WARNING:root:: 2735980
WARNING:root:DHLSS / 572121926572
WARNING:root:: 2735981
WARNING:root:DHLSS / 572121926566
WARNING:root:: 2735983
WARNING:root:DHLSS / 572121926538
WARNING:root:: 2735984
WARNING:root:DHLSS / 572121926544
WARNING:root:: 2735986
WARNING:root:DHLSS / 572121926550
WARNING:root:: 2735989
WARNING:root:DHLSS / 572121926500
WARNING:root:: 2735990
WARNING:root:DHLSS / 572121926516
WARNING:root:: 2735991
WARNING:root:DHLSS / 572121926522
WARNING:root:: 2735997
WARNING:root:DHLSS / 572121926493
WARNING:root:: 2735999
WARNING:root:DHLSS / 572121926465
WARNING:root:: 2736002
WARNING:root:DHLSS / 572121926471
WARNING:root:: 2736003
WARNING:root:DHLSS / 572121926487
WARNING:root:: 2736007
WARNING:root:DHLSS / 572121926459
WARNING:root:: 2736008
WARNING:root:DHLSS / 572121926443
WARNING:root:: 2736009
WARNING:root:DHLSS / 572121926437
WARNING:root:: 2736014
WARNING:root:DHLSS / 572121926392
WARNING:root:: 2736038
WARNING:root:DHLSS / 572121927893
WARNING:root:: 2736041
WARNING:root:DHLSS / 572121926370
WARNING:root:: 2736043
WARNING:root:DHLSS / 572121927253
WARNING:root:: 2736053
WARNING:root:DHLSS / 572121927809
WARNING:root:: 2736064
WARNING:root:DHLSS / 572121926386
WARNING:root:: 2736074
WARNING:root:DHLSS / 572121927203
WARNING:root:: 2736082
WARNING:root:DHLSS / 572121928388
WARNING:root:: 2736087
WARNING:root:DHLSS / 572121926308
WARNING:root:: 2736088
WARNING:root:DHLSS / 572121926291
WARNING:root:: 2736091
WARNING:root:DHLSS / 572121926314
WARNING:root:: 2736108
WARNING:root:DHLSS / 572121926241
WARNING:root:: 2736112
WARNING:root:DHLSS / 572121926358
WARNING:root:: 2736113
WARNING:root:DHLSS / 572121926336
WARNING:root:2736121 not found
WARNING:root:Nothing found
WARNING:root:2736122 not found
WARNING:root:Nothing found
WARNING:root:2736126 not found
WARNING:root:Nothing found
WARNING:root:2736127 not found
WARNING:root:Nothing found
WARNING:root:2736128 not found
WARNING:root:Nothing found
WARNING:root:2736130 not found
WARNING:root:Nothing found
WARNING:root:2736131 not found
WARNING:root:Nothing found
WARNING:root:2736132 not found
WARNING:root:Nothing found
WARNING:root:2736133 not found
WARNING:root:Nothing found
WARNING:root:2736135 not found
WARNING:root:Nothing found
WARNING:root:2736137 not found
WARNING:root:Nothing found
WARNING:root:2736138 not found
WARNING:root:Nothing found
WARNING:root:: 2736139
WARNING:root:DHLSS / 572121926235
WARNING:root:2736141 not found
WARNING:root:Nothing found
WARNING:root:2736142 not found
WARNING:root:Nothing found
WARNING:root:2736143 not found
WARNING:root:Nothing found
WARNING:root:2736146 not found
WARNING:root:Nothing found
WARNING:root:2736148 not found
WARNING:root:Nothing found
WARNING:root:2736149 not found
WARNING:root:Nothing found
WARNING:root:2736150 not found
WARNING:root:Nothing found
WARNING:root:2736152 not found
WARNING:root:Nothing found
WARNING:root:2736153 not found
WARNING:root:Nothing found
WARNING:root:2736158 not found
WARNING:root:Nothing found
WARNING:root:2736232 not found
WARNING:root:Nothing found
WARNING:root:2736233 not found
WARNING:root:Nothing found
WARNING:root:2736234 not found
WARNING:root:Nothing found
WARNING:root:2736240 not found
WARNING:root:Nothing found
WARNING:root:2736248 not found
WARNING:root:Nothing found
WARNING:root:2736252 not found
WARNING:root:Nothing found
WARNING:root:2736253 not found
WARNING:root:Nothing found
WARNING:root:2736254 not found
WARNING:root:Nothing found
WARNING:root:2736256 not found
WARNING:root:Nothing found
WARNING:root:2736261 not found
WARNING:root:Nothing found
WARNING:root:2736262 not found
WARNING:root:Nothing found
WARNING:root:2736263 not found
WARNING:root:Nothing found
WARNING:root:2736266 not found
WARNING:root:Nothing found
WARNING:root:2736267 not found
WARNING:root:Nothing found
WARNING:root:2736271 not found
WARNING:root:Nothing found
WARNING:root:2736272 not found
WARNING:root:Nothing found
WARNING:root:2736274 not found
WARNING:root:Nothing found
WARNING:root:2736275 not found
WARNING:root:Nothing found
WARNING:root:2736277 not found
WARNING:root:Nothing found
WARNING:root:2736278 not found
WARNING:root:Nothing found
WARNING:root:2736282 not found
WARNING:root:Nothing found
WARNING:root:2736283 not found
WARNING:root:Nothing found
WARNING:root:2736284 not found
WARNING:root:Nothing found
WARNING:root:2736285 not found
WARNING:root:Nothing found
WARNING:root:2736288 not found
WARNING:root:Nothing found
WARNING:root:2736289 not found
WARNING:root:Nothing found
WARNING:root:2736291 not found
WARNING:root:Nothing found
WARNING:root:2736292 not found
WARNING:root:Nothing found
WARNING:root:2736295 not found
WARNING:root:Nothing found
WARNING:root:2736300 not found
WARNING:root:Nothing found
WARNING:root:2736302 not found
WARNING:root:Nothing found
WARNING:root:2736304 not found
WARNING:root:Nothing found
WARNING:root:2736306 not found
WARNING:root:Nothing found
WARNING:root:2736307 not found
WARNING:root:Nothing found
WARNING:root:2736308 not found
WARNING:root:Nothing found
WARNING:root:2736309 not found
WARNING:root:Nothing found
WARNING:root:2736311 not found
WARNING:root:Nothing found
WARNING:root:2736312 not found
WARNING:root:Nothing found
WARNING:root:2736316 not found
WARNING:root:Nothing found
WARNING:root:2736317 not found
WARNING:root:Nothing found
WARNING:root:2736319 not found
WARNING:root:Nothing found
WARNING:root:: 2736321
WARNING:root:DHLSS / 572121926207
WARNING:root:2736322 not found
WARNING:root:Nothing found
WARNING:root:2736324 not found
WARNING:root:Nothing found
WARNING:root:: 2736325
WARNING:root:DHLSS / 572121926229
WARNING:root:2736326 not found
WARNING:root:Nothing found
WARNING:root:2736331 not found
WARNING:root:Nothing found
WARNING:root:2736332 not found
WARNING:root:Nothing found
WARNING:root:2736336 not found
WARNING:root:Nothing found
WARNING:root:2736338 not found
WARNING:root:Nothing found
WARNING:root:: 2736342
WARNING:root:DHLSS / 572121928063
WARNING:root:2736343 not found
WARNING:root:Nothing found
WARNING:root:2736344 not found
WARNING:root:Nothing found
WARNING:root:2736345 not found
WARNING:root:Nothing found
WARNING:root:2736346 not found
WARNING:root:Nothing found
WARNING:root:: 2736348
WARNING:root:DHLSS / 572121927994
WARNING:root:: 2736349
WARNING:root:DHLSS / 572121928029
WARNING:root:: 2736350
WARNING:root:DHLSS / 572121928344
WARNING:root:2736353 not found
WARNING:root:Nothing found
WARNING:root:: 2736355
WARNING:root:POST / 573689206848
WARNING:root:2736356 not found
WARNING:root:Nothing found
WARNING:root:: 2736357
WARNING:root:DHLSS / 572121928518
WARNING:root:: 2736358
WARNING:root:POST / 573689206387
WARNING:root:2736359 not found
WARNING:root:Nothing found
WARNING:root:: 2736360
WARNING:root:DHLSS / 572121927714
WARNING:root:2736362 not found
WARNING:root:Nothing found
WARNING:root:: 2736363
WARNING:root:POST / 573689206084
WARNING:root:: 2736364
WARNING:root:DHLSS / 572121928394
WARNING:root:: 2736365
WARNING:root:DHLSS / 572121928287
WARNING:root:2736366 not found
WARNING:root:Nothing found
WARNING:root:: 2736367
WARNING:root:POST / 573689206135
WARNING:root:2736369 not found
WARNING:root:Nothing found
WARNING:root:2736370 not found
WARNING:root:Nothing found
WARNING:root:: 2736372
WARNING:root:POST / 573689206911
WARNING:root:2736373 not found
WARNING:root:Nothing found
WARNING:root:2736374 not found
WARNING:root:Nothing found
WARNING:root:: 2736376
WARNING:root:DHLSS / 572121928079
WARNING:root:: 2736377
WARNING:root:DHLSS / 572121928530
WARNING:root:: 2736378
WARNING:root:DHLSS / 572121928085
WARNING:root:2736379 not found
WARNING:root:Nothing found
WARNING:root:2736381 not found
WARNING:root:Nothing found
WARNING:root:: 2736382
WARNING:root:POST / 573689206090
WARNING:root:: 2736383
WARNING:root:POST / 573689206545
WARNING:root:: 2736384
WARNING:root:POST / 573689206236
WARNING:root:: 2736386
WARNING:root:DHLSS / 572121927859
WARNING:root:: 2736387
WARNING:root:DHLSS / 572121928316
WARNING:root:: 2736388
WARNING:root:POST / 573689206719
WARNING:root:2736389 not found
WARNING:root:Nothing found
WARNING:root:: 2736390
WARNING:root:POST / 573689206832
WARNING:root:2736391 not found
WARNING:root:Nothing found
WARNING:root:: 2736392
WARNING:root:POST / 573689206860
WARNING:root:: 2736393
WARNING:root:POST / 573689206444
WARNING:root:2736394 not found
WARNING:root:Nothing found
WARNING:root:2736396 not found
WARNING:root:Nothing found
WARNING:root:: 2736397
WARNING:root:DHLSS / 572121927663
WARNING:root:: 2736398
WARNING:root:POST / 573689206113
WARNING:root:: 2736401
WARNING:root:DHLSS / 572121928366
WARNING:root:2736404 not found
WARNING:root:Nothing found
WARNING:root:: 2736408
WARNING:root:DHLSS / 572121927629
WARNING:root:: 2736410
WARNING:root:DHLSS / 572121928451
WARNING:root:: 2736411
WARNING:root:POST / 573689206141
WARNING:root:2736414 not found
WARNING:root:Nothing found
WARNING:root:2736415 not found
WARNING:root:Nothing found
WARNING:root:: 2736418
WARNING:root:POST / 573689206703
WARNING:root:2736419 not found
WARNING:root:Nothing found
WARNING:root:: 2736422
WARNING:root:POST / 573689206107
WARNING:root:2736423 not found
WARNING:root:Nothing found
WARNING:root:: 2736425
WARNING:root:DHLSS / 572121928423
WARNING:root:: 2736427
WARNING:root:DHLSS / 572121927887
WARNING:root:2736432 not found
WARNING:root:Nothing found
WARNING:root:: 2736433
WARNING:root:POST / 573689206163
WARNING:root:: 2736435
WARNING:root:POST / 573689206214
WARNING:root:: 2736436
WARNING:root:POST / 573689206129
WARNING:root:2736437 not found
WARNING:root:Nothing found
WARNING:root:: 2736438
WARNING:root:DHLSS / 572121928271
WARNING:root:2736439 not found
WARNING:root:Nothing found
WARNING:root:: 2736440
WARNING:root:POST / 573689206157
WARNING:root:: 2736442
WARNING:root:POST / 573689206185
WARNING:root:: 2736443
WARNING:root:POST / 573689206674
WARNING:root:2736444 not found
WARNING:root:Nothing found
WARNING:root:: 2736446
WARNING:root:POST / 573689206747
WARNING:root:: 2736447
WARNING:root:POST / 573689206725
WARNING:root:2736448 not found
WARNING:root:Nothing found
WARNING:root:: 2736449
WARNING:root:DHLSS / 572121927764
WARNING:root:: 2736450
WARNING:root:POST / 573689206422
WARNING:root:: 2736451
WARNING:root:DHLSS / 572121928108
WARNING:root:: 2736453
WARNING:root:DHLSS / 572121928265
WARNING:root:: 2736456
WARNING:root:POST / 573689206501
WARNING:root:2736457 not found
WARNING:root:Nothing found
WARNING:root:: 2736461
WARNING:root:POST / 573689206466
WARNING:root:: 2736465
WARNING:root:DHLSS / 572121927792
WARNING:root:2736466 not found
WARNING:root:Nothing found
WARNING:root:2736467 not found
WARNING:root:Nothing found
WARNING:root:: 2736468
WARNING:root:POST / 573689206876
WARNING:root:2736474 not found
WARNING:root:Nothing found
WARNING:root:2736476 not found
WARNING:root:Nothing found
WARNING:root:: 2736477
WARNING:root:DHLSS / 572121928401
WARNING:root:2736478 not found
WARNING:root:Nothing found
WARNING:root:: 2736480
WARNING:root:DHLSS / 572121927152
WARNING:root:: 2736486
WARNING:root:POST / 573689206400
WARNING:root:: 2736488
WARNING:root:DHLSS / 572121927815
WARNING:root:: 2736489
WARNING:root:POST / 573689206731
WARNING:root:: 2736490
WARNING:root:POST / 573689206882
WARNING:root:: 2736493
WARNING:root:POST / 573689206804
WARNING:root:: 2736502
WARNING:root:POST / 573689206854
WARNING:root:: 2736503
WARNING:root:DHLSS / 572121928120
WARNING:root:: 2736504
WARNING:root:POST / 573689206826
WARNING:root:: 2736506
WARNING:root:POST / 573689206450
WARNING:root:2736513 not found
WARNING:root:Nothing found
WARNING:root:2736514 not found
WARNING:root:Nothing found
WARNING:root:: 2736516
WARNING:root:DHLSS / 572121927944
WARNING:root:2736519 not found
WARNING:root:Nothing found
WARNING:root:: 2736522
WARNING:root:DHLSS / 572121927607
WARNING:root:: 2736523
WARNING:root:POST / 573689206365
WARNING:root:: 2736524
WARNING:root:POST / 573689206270
WARNING:root:2736528 not found
WARNING:root:Nothing found
WARNING:root:: 2736530
WARNING:root:POST / 573689206371
WARNING:root:: 2736531
WARNING:root:DHLSS / 572121927398
WARNING:root:: 2736535
WARNING:root:POST / 573689206494
WARNING:root:: 2736537
WARNING:root:POST / 573689206602
WARNING:root:: 2736538
WARNING:root:DHLSS / 572121928136
WARNING:root:: 2736539
WARNING:root:POST / 573689206438
WARNING:root:: 2736540
WARNING:root:POST / 573689206292
WARNING:root:: 2736541
WARNING:root:POST / 573689206242
WARNING:root:: 2736542
WARNING:root:POST / 573689206898
WARNING:root:: 2736544
WARNING:root:DHLSS / 572121927900
WARNING:root:: 2736545
WARNING:root:POST / 573689206769
WARNING:root:: 2736546
WARNING:root:DHLSS / 572121927871
WARNING:root:2736547 not found
WARNING:root:Nothing found
WARNING:root:: 2736548
WARNING:root:POST / 573689206359
WARNING:root:2736549 not found
WARNING:root:Nothing found
WARNING:root:: 2736550
WARNING:root:DHLSS / 572121928495
WARNING:root:: 2736553
WARNING:root:POST / 573689206472
WARNING:root:2736557 not found
WARNING:root:Nothing found
WARNING:root:: 2736558
WARNING:root:POST / 573689206220
WARNING:root:: 2736564
WARNING:root:POST / 573689206343
WARNING:root:: 2736565
WARNING:root:DHLSS / 572121927837
WARNING:root:: 2736567
WARNING:root:POST / 573689206999
WARNING:root:: 2736568
WARNING:root:DHLSS / 572121928142
WARNING:root:: 2736569
WARNING:root:POST / 573689206775
WARNING:root:2736572 not found
WARNING:root:Nothing found
WARNING:root:2736573 not found
WARNING:root:Nothing found
WARNING:root:2736574 not found
WARNING:root:Nothing found
WARNING:root:: 2736575
WARNING:root:POST / 573689206488
WARNING:root:2736576 not found
WARNING:root:Nothing found
WARNING:root:: 2736577
WARNING:root:POST / 573689206315
WARNING:root:: 2736578
WARNING:root:DHLSS / 572121928007
WARNING:root:: 2736579
WARNING:root:DHLSS / 572121928524
WARNING:root:: 2736585
WARNING:root:POST / 573689206696
WARNING:root:2736586 not found
WARNING:root:Nothing found
WARNING:root:: 2736587
WARNING:root:DHLSS / 572121928372
WARNING:root:: 2736588
WARNING:root:POST / 573689206286
WARNING:root:: 2736589
WARNING:root:POST / 573689206309
WARNING:root:: 2736590
WARNING:root:POST / 573689206523
WARNING:root:: 2736592
WARNING:root:POST / 573689206927
WARNING:root:2736593 not found
WARNING:root:Nothing found
WARNING:root:2736596 not found
WARNING:root:Nothing found
WARNING:root:2736598 not found
WARNING:root:Nothing found
WARNING:root:: 2736599
WARNING:root:DHLSS / 572121928164
WARNING:root:: 2736600
WARNING:root:DHLSS / 572121928158
WARNING:root:: 2736601
WARNING:root:DHLSS / 572121928833
WARNING:root:2736602 not found
WARNING:root:Nothing found
WARNING:root:: 2736603
WARNING:root:POST / 573689206191
WARNING:root:2736604 not found
WARNING:root:Nothing found
WARNING:root:: 2736608
WARNING:root:POST / 573689206668
WARNING:root:: 2736609
WARNING:root:DHLSS / 572121927821
WARNING:root:: 2736610
WARNING:root:POST / 573689206624
WARNING:root:: 2736611
WARNING:root:POST / 573689206573
WARNING:root:2736614 not found
WARNING:root:Nothing found
WARNING:root:: 2736615
WARNING:root:DHLSS / 572121928445
WARNING:root:: 2736619
WARNING:root:POST / 573689206646
WARNING:root:: 2736621
WARNING:root:POST / 573689206680
WARNING:root:: 2736623
WARNING:root:POST / 573689206618
WARNING:root:2736625 not found
WARNING:root:Nothing found
WARNING:root:: 2736629
WARNING:root:DHLSS / 572121928439
WARNING:root:: 2736631
WARNING:root:DHLSS / 572121928631
WARNING:root:: 2736632
WARNING:root:DHLSS / 572121928669
WARNING:root:: 2736633
WARNING:root:POST / 573689206630
WARNING:root:: 2736634
WARNING:root:DHLSS / 572121927770
WARNING:root:: 2736635
WARNING:root:DHLSS / 572121928647
WARNING:root:2736638 not found
WARNING:root:Nothing found
WARNING:root:: 2736641
WARNING:root:POST / 573689206589
WARNING:root:2736642 not found
WARNING:root:Nothing found
WARNING:root:: 2736643
WARNING:root:POST / 573689206264
WARNING:root:: 2736644
WARNING:root:POST / 573689206258
WARNING:root:: 2736645
WARNING:root:DHLSS / 572121928580
WARNING:root:: 2736646
WARNING:root:DHLSS / 572121928625
WARNING:root:: 2736648
WARNING:root:DHLSS / 572121928186
WARNING:root:: 2736649
WARNING:root:POST / 573689206905
WARNING:root:2736650 not found
WARNING:root:Nothing found
WARNING:root:: 2736651
WARNING:root:POST / 573689206595
WARNING:root:: 2736652
WARNING:root:DHLSS / 572121928489
WARNING:root:: 2736656
WARNING:root:POST / 573689206551
WARNING:root:: 2736657
WARNING:root:DHLSS / 572121928209
WARNING:root:2736661 not found
WARNING:root:Nothing found
WARNING:root:: 2736662
WARNING:root:POST / 573689206539
WARNING:root:: 2736663
WARNING:root:POST / 573689206781
WARNING:root:2736665 not found
WARNING:root:Nothing found
WARNING:root:: 2736666
WARNING:root:POST / 573689206983
WARNING:root:2736667 not found
WARNING:root:Nothing found
WARNING:root:2736668 not found
WARNING:root:Nothing found
WARNING:root:: 2736669
WARNING:root:POST / 573689206753
WARNING:root:2736671 not found
WARNING:root:Nothing found
WARNING:root:: 2736672
WARNING:root:POST / 573689206652
WARNING:root:2736673 not found
WARNING:root:Nothing found
WARNING:root:2736675 not found
WARNING:root:Nothing found
WARNING:root:: 2736676
WARNING:root:DHLSS / 572121927691
WARNING:root:: 2736677
WARNING:root:DHLSS / 572121928041
WARNING:root:: 2736679
WARNING:root:POST / 573689206337
WARNING:root:: 2736680
WARNING:root:POST / 573689206321
WARNING:root:: 2736681
WARNING:root:POST / 573689206567
WARNING:root:: 2736683
WARNING:root:DHLSS / 572121927938
WARNING:root:: 2736684
WARNING:root:POST / 573689206810
WARNING:root:: 2736687
WARNING:root:DHLSS / 572121927786
WARNING:root:2736688 not found
WARNING:root:Nothing found
WARNING:root:2736689 not found
WARNING:root:Nothing found
WARNING:root:: 2736693
WARNING:root:DHLSS / 572121927584
WARNING:root:2736694 not found
WARNING:root:Nothing found
WARNING:root:2736695 not found
WARNING:root:Nothing found
WARNING:root:: 2736696
WARNING:root:POST / 573689206179
WARNING:root:2736697 not found
WARNING:root:Nothing found
WARNING:root:: 2736698
WARNING:root:DHLSS / 572121928170
WARNING:root:2736699 not found
WARNING:root:Nothing found
WARNING:root:: 2736700
WARNING:root:POST / 573689206797
WARNING:root:: 2736702
WARNING:root:POST / 573689206517
WARNING:root:: 2736703
WARNING:root:POST / 573689206393
WARNING:root:: 2736704
WARNING:root:DHLSS / 572121926190
WARNING:root:: 2736705
WARNING:root:DHLSS / 572121926263
WARNING:root:2736708 not found
WARNING:root:Nothing found
WARNING:root:: 2736711
WARNING:root:DHLSS / 572121926257
WARNING:root:2736712 not found
WARNING:root:Nothing found
WARNING:root:: 2736713
WARNING:root:POST / 573689206933
WARNING:root:2736714 not found
WARNING:root:Nothing found
WARNING:root:: 2736717
WARNING:root:DHLSS / 572121928237
WARNING:root:: 2736718
WARNING:root:DHLSS / 572121928417
WARNING:root:2736720 not found
WARNING:root:Nothing found
WARNING:root:2736721 not found
WARNING:root:Nothing found
WARNING:root:: 2736723
WARNING:root:DHLSS / 572121928035
WARNING:root:: 2736725
WARNING:root:DHLSS / 572121928221
WARNING:root:2736726 not found
WARNING:root:Nothing found
WARNING:root:: 2736730
WARNING:root:POST / 573689206078
WARNING:root:2736731 not found
WARNING:root:Nothing found
WARNING:root:: 2736733
WARNING:root:DHLSS / 572121928675
WARNING:root:: 2736734
WARNING:root:DHLSS / 572121928293
WARNING:root:: 2736735
WARNING:root:DHLSS / 572121928467
WARNING:root:2736736 not found
WARNING:root:Nothing found
WARNING:root:2736737 not found
WARNING:root:Nothing found
WARNING:root:2736738 not found
WARNING:root:Nothing found
WARNING:root:: 2736740
WARNING:root:DHLSS / 572121927483
WARNING:root:2736742 not found
WARNING:root:Nothing found
WARNING:root:: 2736743
WARNING:root:DHLSS / 572121928259
WARNING:root:: 2736747
WARNING:root:POST / 573689206949
WARNING:root:: 2736748
WARNING:root:DHLSS / 572121928681
WARNING:root:2736749 not found
WARNING:root:Nothing found
WARNING:root:2736750 not found
WARNING:root:Nothing found
WARNING:root:2736751 not found
WARNING:root:Nothing found
WARNING:root:: 2736752
WARNING:root:DHLSS / 572121927130
WARNING:root:: 2736753
WARNING:root:DHLSS / 572121928322
WARNING:root:: 2736756
WARNING:root:DHLSS / 572121928013
WARNING:root:: 2736757
WARNING:root:DHLSS / 572121928827
WARNING:root:: 2736759
WARNING:root:POST / 573689206977
WARNING:root:: 2736760
WARNING:root:DHLSS / 572121928603
WARNING:root:: 2736762
WARNING:root:DHLSS / 572121928619
WARNING:root:: 2736763
WARNING:root:DHLSS / 572121928596
WARNING:root:: 2736764
WARNING:root:DHLSS / 572121926320
WARNING:root:: 2736765
WARNING:root:DHLSS / 572121926342
WARNING:root:2736766 not found
WARNING:root:Nothing found
WARNING:root:: 2736767
WARNING:root:DHLSS / 572121926364
WARNING:root:: 2736768
WARNING:root:DHLSS / 572121927950
WARNING:root:2736770 not found
WARNING:root:Nothing found
WARNING:root:2736771 not found
WARNING:root:Nothing found
WARNING:root:2736772 not found
WARNING:root:Nothing found
WARNING:root:2736773 not found
WARNING:root:Nothing found
WARNING:root:2736774 not found
WARNING:root:Nothing found
WARNING:root:2736775 not found
WARNING:root:Nothing found
WARNING:root:2736776 not found
WARNING:root:Nothing found
WARNING:root:2736777 not found
WARNING:root:Nothing found
WARNING:root:2736778 not found
WARNING:root:Nothing found
WARNING:root:2736779 not found
WARNING:root:Nothing found
WARNING:root:2736780 not found
WARNING:root:Nothing found
WARNING:root:2736784 not found
WARNING:root:Nothing found
WARNING:root:2736785 not found
WARNING:root:Nothing found
WARNING:root:2736786 not found
WARNING:root:Nothing found
WARNING:root:: 2736787
WARNING:root:DHLSS / 572121928697
WARNING:root:2736788 not found
WARNING:root:Nothing found
WARNING:root:2736789 not found
WARNING:root:Nothing found
WARNING:root:: 2736790
WARNING:root:DHLSS / 572121927742
WARNING:root:: 2736791
WARNING:root:DHLSS / 572121927180
WARNING:root:2736794 not found
WARNING:root:Nothing found
WARNING:root:: 2736795
WARNING:root:DHLSS / 572121928243
WARNING:root:2736796 not found
WARNING:root:Nothing found
WARNING:root:: 2736797
WARNING:root:DHLSS / 572121928805
WARNING:root:: 2736798
WARNING:root:DHLSS / 572121928704
WARNING:root:2736799 not found
WARNING:root:Nothing found
WARNING:root:: 2736800
WARNING:root:DHLSS / 572121927304
WARNING:root:: 2736803
WARNING:root:DHLSS / 572121928300
WARNING:root:2736804 not found
WARNING:root:Nothing found
WARNING:root:: 2736805
WARNING:root:DHLSS / 572121927916
WARNING:root:: 2736806
WARNING:root:DHLSS / 572121928732
WARNING:root:: 2736807
WARNING:root:DHLSS / 572121927922
WARNING:root:: 2736808
WARNING:root:DHLSS / 572121928776
WARNING:root:: 2736809
WARNING:root:DHLSS / 572121928760
WARNING:root:: 2736810
WARNING:root:DHLSS / 572121928653
WARNING:root:: 2736811
WARNING:root:DHLSS / 572121928726
WARNING:root:: 2736812
WARNING:root:DHLSS / 572121928568
WARNING:root:2736814 not found
WARNING:root:Nothing found
WARNING:root:2736815 not found
WARNING:root:Nothing found
WARNING:root:: 2736816
WARNING:root:DHLSS / 572121927708
WARNING:root:: 2736817
WARNING:root:DHLSS / 572121928782
WARNING:root:2736818 not found
WARNING:root:Nothing found
WARNING:root:2736819 not found
WARNING:root:Nothing found
WARNING:root:2736820 not found
WARNING:root:Nothing found
WARNING:root:2736821 not found
WARNING:root:Nothing found
WARNING:root:: 2736822
WARNING:root:DHLSS / 572121928091
WARNING:root:: 2736825
WARNING:root:DHLSS / 572121928473
WARNING:root:2736826 not found
WARNING:root:Nothing found
WARNING:root:: 2736827
WARNING:root:DHLSS / 572121928748
WARNING:root:: 2736828
WARNING:root:DHLSS / 572121928798
WARNING:root:2736829 not found
WARNING:root:Nothing found
WARNING:root:: 2736830
WARNING:root:DHLSS / 572121927720
WARNING:root:2736831 not found
WARNING:root:Nothing found
WARNING:root:: 2736833
WARNING:root:DHLSS / 572121928114
WARNING:root:: 2736834
WARNING:root:DHLSS / 572121928502
WARNING:root:2736837 not found
WARNING:root:Nothing found
WARNING:root:: 2736838
WARNING:root:DHLSS / 572121928338
WARNING:root:: 2736842
WARNING:root:DHLSS / 572121927411
WARNING:root:: 2736843
WARNING:root:DHLSS / 572121928574
WARNING:root:2736847 not found
WARNING:root:Nothing found
WARNING:root:2737008 not found
WARNING:root:Nothing found
WARNING:root:2737010 not found
WARNING:root:Nothing found
WARNING:root:give token
WARNING:root:give token
WARNING:root:: 2703723
WARNING:root:POST / 573689140187
WARNING:root:: 2703867
WARNING:root:POST / 573689138982
WARNING:root:: 2718877
WARNING:root:POST / 573689173734
WARNING:root:: 2726771
WARNING:root:POST / 573689190047
WARNING:root:2735449 not found
WARNING:root:Nothing found
WARNING:root:2735469 not found
WARNING:root:Nothing found
WARNING:root:2735484 not found
WARNING:root:Nothing found
WARNING:root:2737046 not found
WARNING:root:Nothing found
WARNING:root:: 2737832
WARNING:root:DHLSS / 572121941861
WARNING:root:: 2737851
WARNING:root:DHLSS / 572121941928
WARNING:root:: 2737963
WARNING:root:DHLSS / 572121942564
WARNING:root:: 2738109
WARNING:root:DHLSS / 572121941063
WARNING:root:: 2738131
WARNING:root:DHLSS / 572121939717
WARNING:root:: 2738132
WARNING:root:DHLSS / 572121939688
WARNING:root:: 2738139
WARNING:root:DHLSS / 572121941079
WARNING:root:: 2738158
WARNING:root:POST / 573689209622
WARNING:root:: 2738170
WARNING:root:POST / 573689209638
WARNING:root:: 2738174
WARNING:root:POST / 573689209600
WARNING:root:: 2738174
WARNING:root:POST / 573689209600
WARNING:root:: 2738174
WARNING:root:POST / 573689209600
WARNING:root:: 2738187
WARNING:root:DHLSS / 572121939739
WARNING:root:: 2738189
WARNING:root:DHLSS / 572121940714
WARNING:root:: 2738202
WARNING:root:DHLSS / 572121939638
WARNING:root:: 2738230
WARNING:root:POST / 573689209212
WARNING:root:2738234 not found
WARNING:root:Nothing found
WARNING:root:2738234 not found
WARNING:root:Nothing found
WARNING:root:: 2738236
WARNING:root:DHLSS / 572121939795
WARNING:root:: 2738239
WARNING:root:POST / 573689209767
WARNING:root:: 2738243
WARNING:root:DHLSS / 572121939896
WARNING:root:: 2738246
WARNING:root:DHLSS / 572121939874
WARNING:root:: 2738249
WARNING:root:DHLSS / 572121941029
WARNING:root:: 2738250
WARNING:root:POST / 573689209284
WARNING:root:: 2738250
WARNING:root:POST / 573689209284
WARNING:root:: 2738255
WARNING:root:DHLSS / 572121941877
WARNING:root:: 2738255
WARNING:root:DHLSS / 572121941877
WARNING:root:: 2738259
WARNING:root:POST / 573689209587
WARNING:root:: 2738260
WARNING:root:DHLSS / 572121939868
WARNING:root:: 2738263
WARNING:root:POST / 573689210001
WARNING:root:: 2738267
WARNING:root:POST / 573689209644
WARNING:root:: 2738272
WARNING:root:POST / 573689209379
WARNING:root:: 2738272
WARNING:root:POST / 573689209379
WARNING:root:: 2738274
WARNING:root:DHLSS / 572121939830
WARNING:root:: 2738276
WARNING:root:POST / 573689209391
WARNING:root:: 2738282
WARNING:root:POST / 573689209593
WARNING:root:: 2738283
WARNING:root:POST / 573689210017
WARNING:root:: 2738284
WARNING:root:POST / 573689210269
WARNING:root:: 2738284
WARNING:root:POST / 573689210269
WARNING:root:: 2738288
WARNING:root:POST / 573689209357
WARNING:root:: 2738289
WARNING:root:DHLSS / 572121941372
WARNING:root:: 2738290
WARNING:root:DHLSS / 572121939789
WARNING:root:: 2738293
WARNING:root:DHLSS / 572121941518
WARNING:root:: 2738297
WARNING:root:POST / 573689210023
WARNING:root:: 2738298
WARNING:root:DHLSS / 572121940225
WARNING:root:: 2738300
WARNING:root:DHLSS / 572121940483
WARNING:root:: 2738301
WARNING:root:DHLSS / 572121939767
WARNING:root:: 2738306
WARNING:root:POST / 573689209739
WARNING:root:: 2738309
WARNING:root:DHLSS / 572121940001
WARNING:root:: 2738310
WARNING:root:DHLSS / 572121940174
WARNING:root:: 2738311
WARNING:root:POST / 573689209341
WARNING:root:: 2738311
WARNING:root:POST / 573689209341
WARNING:root:: 2738312
WARNING:root:DHLSS / 572121939206
WARNING:root:: 2738314
WARNING:root:POST / 573689209751
WARNING:root:: 2738319
WARNING:root:POST / 573689210051
WARNING:root:: 2738321
WARNING:root:POST / 573689209688
WARNING:root:: 2738321
WARNING:root:POST / 573689209688
WARNING:root:: 2738322
WARNING:root:DHLSS / 572121939672
WARNING:root:: 2738323
WARNING:root:POST / 573689209701
WARNING:root:: 2738323
WARNING:root:POST / 573689209701
WARNING:root:: 2738324
WARNING:root:POST / 573689209773
WARNING:root:: 2738325
WARNING:root:POST / 573689209492
WARNING:root:: 2738326
WARNING:root:DHLSS / 572121939650
WARNING:root:: 2738327
WARNING:root:POST / 573689209515
WARNING:root:: 2738328
WARNING:root:POST / 573689210039
WARNING:root:: 2738329
WARNING:root:POST / 573689209666
WARNING:root:: 2738331
WARNING:root:DHLSS / 572121939313
WARNING:root:: 2738331
WARNING:root:DHLSS / 572121939313
WARNING:root:: 2738333
WARNING:root:DHLSS / 572121941035
WARNING:root:: 2738335
WARNING:root:POST / 573689209559
WARNING:root:: 2738337
WARNING:root:DHLSS / 572121942205
WARNING:root:: 2738338
WARNING:root:DHLSS / 572121940039
WARNING:root:: 2738338
WARNING:root:DHLSS / 572121940039
WARNING:root:: 2738339
WARNING:root:POST / 573689209105
WARNING:root:: 2738340
WARNING:root:POST / 573689209335
WARNING:root:: 2738341
WARNING:root:DHLSS / 572121941596
WARNING:root:: 2738341
WARNING:root:DHLSS / 572121941596
WARNING:root:: 2738347
WARNING:root:DHLSS / 572121942198
WARNING:root:: 2738348
WARNING:root:POST / 573689209082
WARNING:root:: 2738349
WARNING:root:POST / 573689209133
WARNING:root:: 2738350
WARNING:root:POST / 573689209363
WARNING:root:: 2738351
WARNING:root:POST / 573689210045
WARNING:root:: 2738354
WARNING:root:POST / 573689210168
WARNING:root:: 2738356
WARNING:root:POST / 573689209414
WARNING:root:: 2738356
WARNING:root:POST / 573689209414
WARNING:root:: 2738357
WARNING:root:POST / 573689210247
WARNING:root:: 2738359
WARNING:root:Nothing found
WARNING:root:: 2738362
WARNING:root:POST / 573689209408
WARNING:root:: 2738362
WARNING:root:POST / 573689209408
WARNING:root:: 2738363
WARNING:root:Nothing found
WARNING:root:: 2738367
WARNING:root:DHLSS / 572121942637
WARNING:root:: 2738368
WARNING:root:POST / 573689209177
WARNING:root:: 2738369
WARNING:root:POST / 573689210180
WARNING:root:: 2738371
WARNING:root:POST / 573689209206
WARNING:root:: 2738374
WARNING:root:POST / 573689210124
WARNING:root:: 2738375
WARNING:root:POST / 573689210067
WARNING:root:: 2738376
WARNING:root:POST / 573689210297
WARNING:root:: 2738376
WARNING:root:POST / 573689210297
WARNING:root:: 2738377
WARNING:root:DHLSS / 572121939919
WARNING:root:: 2738378
WARNING:root:POST / 573689209745
WARNING:root:: 2738379
WARNING:root:DHLSS / 572121940067
WARNING:root:: 2738379
WARNING:root:DHLSS / 572121940067
WARNING:root:: 2738380
WARNING:root:DHLSS / 572121939947
WARNING:root:: 2738381
WARNING:root:POST / 573689209155
WARNING:root:: 2738384
WARNING:root:POST / 573689210073
WARNING:root:: 2738387
WARNING:root:DHLSS / 572121940219
WARNING:root:: 2738388
WARNING:root:DHLSS / 572121939931
WARNING:root:: 2738389
WARNING:root:POST / 573689209098
WARNING:root:: 2738390
WARNING:root:POST / 573689210102
WARNING:root:: 2738391
WARNING:root:DHLSS / 572121939644
WARNING:root:: 2738393
WARNING:root:POST / 573689209149
WARNING:root:: 2738397
WARNING:root:POST / 573689209672
WARNING:root:: 2738398
WARNING:root:POST / 573689209694
WARNING:root:: 2738401
WARNING:root:POST / 573689209717
WARNING:root:: 2738402
WARNING:root:DHLSS / 572121939486
WARNING:root:: 2738404
WARNING:root:DHLSS / 572121941524
WARNING:root:: 2738405
WARNING:root:DHLSS / 572121940736
WARNING:root:: 2738406
WARNING:root:DHLSS / 572121939470
WARNING:root:: 2738407
WARNING:root:DHLSS / 572121939818
WARNING:root:: 2738407
WARNING:root:DHLSS / 572121939818
WARNING:root:: 2738408
WARNING:root:DHLSS / 572121939341
WARNING:root:: 2738410
WARNING:root:DHLSS / 572121941906
WARNING:root:: 2738410
WARNING:root:DHLSS / 572121941906
WARNING:root:: 2738410
WARNING:root:DHLSS / 572121941906
WARNING:root:: 2738410
WARNING:root:DHLSS / 572121941906
WARNING:root:: 2738410
WARNING:root:DHLSS / 572121941906
WARNING:root:: 2738410
WARNING:root:DHLSS / 572121941906
WARNING:root:: 2738412
WARNING:root:DHLSS / 572121939414
WARNING:root:: 2738415
WARNING:root:DHLSS / 572121939290
WARNING:root:: 2738416
WARNING:root:DHLSS / 572121941417
WARNING:root:: 2738416
WARNING:root:DHLSS / 572121941417
WARNING:root:: 2738416
WARNING:root:DHLSS / 572121941417
WARNING:root:: 2738417
WARNING:root:DHLSS / 572121940231
WARNING:root:: 2738418
WARNING:root:DHLSS / 572121940130
WARNING:root:: 2738423
WARNING:root:POST / 573689209509
WARNING:root:: 2738424
WARNING:root:DHLSS / 572121939385
WARNING:root:: 2738425
WARNING:root:DHLSS / 572121939666
WARNING:root:: 2738425
WARNING:root:DHLSS / 572121939666
WARNING:root:: 2738427
WARNING:root:DHLSS / 572121939408
WARNING:root:: 2738429
WARNING:root:POST / 573689209537
WARNING:root:: 2738432
WARNING:root:POST / 573689209486
WARNING:root:: 2738433
WARNING:root:DHLSS / 572121940685
WARNING:root:: 2738436
WARNING:root:DHLSS / 572121939183
WARNING:root:: 2738438
WARNING:root:DHLSS / 572121940708
WARNING:root:: 2738441
WARNING:root:DHLSS / 572121940720
WARNING:root:: 2738443
WARNING:root:DHLSS / 572121940742
WARNING:root:: 2738444
WARNING:root:DHLSS / 572121942592
WARNING:root:: 2738445
WARNING:root:DHLSS / 572121942609
WARNING:root:: 2738446
WARNING:root:DHLSS / 572121939981
WARNING:root:: 2738447
WARNING:root:DHLSS / 572121939593
WARNING:root:: 2738451
WARNING:root:DHLSS / 572121939953
WARNING:root:: 2738457
WARNING:root:DHLSS / 572121939969
WARNING:root:: 2738457
WARNING:root:DHLSS / 572121939969
WARNING:root:: 2738457
WARNING:root:DHLSS / 572121939969
WARNING:root:: 2738462
WARNING:root:DHLSS / 572121939975
WARNING:root:: 2738462
WARNING:root:DHLSS / 572121939975
WARNING:root:: 2738463
WARNING:root:DHLSS / 572121939565
WARNING:root:: 2738464
WARNING:root:DHLSS / 572121940758
WARNING:root:: 2738465
WARNING:root:DHLSS / 572121941776
WARNING:root:: 2738465
WARNING:root:DHLSS / 572121941776
WARNING:root:: 2738465
WARNING:root:DHLSS / 572121941776
WARNING:root:: 2738466
WARNING:root:DHLSS / 572121940988
WARNING:root:: 2738467
WARNING:root:DHLSS / 572121940247
WARNING:root:: 2738467
WARNING:root:DHLSS / 572121940247
WARNING:root:: 2738469
WARNING:root:DHLSS / 572121939903
WARNING:root:: 2738470
WARNING:root:DHLSS / 572121939925
WARNING:root:: 2738473
WARNING:root:DHLSS / 572121940168
WARNING:root:: 2738473
WARNING:root:DHLSS / 572121940168
WARNING:root:: 2738474
WARNING:root:DHLSS / 572121940938
WARNING:root:: 2738475
WARNING:root:DHLSS / 572121939723
WARNING:root:: 2738489
WARNING:root:DHLSS / 572121942441
WARNING:root:: 2738502
WARNING:root:DHLSS / 572121942463
WARNING:root:: 2738505
WARNING:root:DHLSS / 572121940950
WARNING:root:: 2738507
WARNING:root:DHLSS / 572121939537
WARNING:root:: 2738507
WARNING:root:DHLSS / 572121939537
WARNING:root:: 2738510
WARNING:root:DHLSS / 572121942485
WARNING:root:: 2738511
WARNING:root:DHLSS / 572121939543
WARNING:root:: 2738512
WARNING:root:DHLSS / 572121942508
WARNING:root:: 2738516
WARNING:root:DHLSS / 572121942558
WARNING:root:: 2738517
WARNING:root:DHLSS / 572121939509
WARNING:root:: 2738518
WARNING:root:DHLSS / 572121941502
WARNING:root:: 2738519
WARNING:root:DHLSS / 572121941580
WARNING:root:: 2738519
WARNING:root:DHLSS / 572121941580
WARNING:root:: 2738520
WARNING:root:DHLSS / 572121942570
WARNING:root:: 2738524
WARNING:root:DHLSS / 572121942435
WARNING:root:: 2738527
WARNING:root:DHLSS / 572121940095
WARNING:root:: 2738527
WARNING:root:DHLSS / 572121940095
WARNING:root:: 2738530
WARNING:root:DHLSS / 572121939701
WARNING:root:: 2738530
WARNING:root:DHLSS / 572121939701
WARNING:root:: 2738531
WARNING:root:DHLSS / 572121940966
WARNING:root:: 2738532
WARNING:root:DHLSS / 572121940433
WARNING:root:: 2738532
WARNING:root:DHLSS / 572121940433
WARNING:root:: 2738533
WARNING:root:DHLSS / 572121939559
WARNING:root:: 2738533
WARNING:root:DHLSS / 572121939559
WARNING:root:: 2738534
WARNING:root:DHLSS / 572121939616
WARNING:root:: 2738537
WARNING:root:DHLSS / 572121942312
WARNING:root:: 2738540
WARNING:root:DHLSS / 572121942328
WARNING:root:: 2738541
WARNING:root:DHLSS / 572121939587
WARNING:root:: 2738547
WARNING:root:DHLSS / 572121940348
WARNING:root:: 2738549
WARNING:root:DHLSS / 572121942334
WARNING:root:: 2738550
WARNING:root:POST / 573689209161
WARNING:root:: 2738551
WARNING:root:POST / 573689209262
WARNING:root:: 2738554
WARNING:root:DHLSS / 572121940332
WARNING:root:: 2738556
WARNING:root:POST / 573689209183
WARNING:root:: 2738557
WARNING:root:POST / 573689209442
WARNING:root:: 2738558
WARNING:root:POST / 573689209127
WARNING:root:: 2738559
WARNING:root:POST / 573689210095
WARNING:root:: 2738561
WARNING:root:DHLSS / 572121940528
WARNING:root:: 2738567
WARNING:root:DHLSS / 572121939880
WARNING:root:: 2738568
WARNING:root:POST / 573689209953
WARNING:root:: 2738572
WARNING:root:POST / 573689209880
WARNING:root:: 2738574
WARNING:root:POST / 573689209385
WARNING:root:: 2738574
WARNING:root:POST / 573689209385
WARNING:root:: 2738577
WARNING:root:POST / 573689209903
WARNING:root:: 2738578
WARNING:root:DHLSS / 572121940455
WARNING:root:: 2738579
WARNING:root:POST / 573689209947
WARNING:root:: 2738580
WARNING:root:POST / 573689209616
WARNING:root:: 2738580
WARNING:root:POST / 573689209616
WARNING:root:: 2738580
WARNING:root:POST / 573689209616
WARNING:root:: 2738580
WARNING:root:POST / 573689209616
WARNING:root:: 2738582
WARNING:root:DHLSS / 572121940180
WARNING:root:2738583 not found
WARNING:root:Nothing found
WARNING:root:: 2738586
WARNING:root:POST / 573689209919
WARNING:root:: 2738587
WARNING:root:DHLSS / 572121942586
WARNING:root:: 2738588
WARNING:root:DHLSS / 572121940118
WARNING:root:: 2738589
WARNING:root:DHLE1 / 6088752320
WARNING:root:: 2738589
WARNING:root:DHLE1 / 6088752320
WARNING:root:: 2738590
WARNING:root:DHLSS / 572121939997
WARNING:root:: 2738590
WARNING:root:DHLSS / 572121939997
WARNING:root:: 2738591
WARNING:root:POST / 573689209076
WARNING:root:: 2738592
WARNING:root:DHLSS / 572121940663
WARNING:root:: 2738592
WARNING:root:DHLSS / 572121940663
WARNING:root:: 2738594
WARNING:root:DHLSS / 572121941798
WARNING:root:: 2738594
WARNING:root:DHLSS / 572121941798
WARNING:root:: 2738595
WARNING:root:POST / 573689209846
WARNING:root:: 2738595
WARNING:root:POST / 573689209846
WARNING:root:: 2738596
WARNING:root:DHLSS / 572121940152
WARNING:root:: 2738596
WARNING:root:DHLSS / 572121940152
WARNING:root:: 2738599
WARNING:root:DHLSS / 572121940124
WARNING:root:: 2738600
WARNING:root:POST / 573689209969
WARNING:root:: 2738601
WARNING:root:POST / 573689209997
WARNING:root:: 2738603
WARNING:root:POST / 573689209060
WARNING:root:: 2738606
WARNING:root:DHLSS / 572121940360
WARNING:root:: 2738609
WARNING:root:POST / 573689209313
WARNING:root:: 2738610
WARNING:root:DHLSS / 572121939745
WARNING:root:: 2738612
WARNING:root:POST / 573689209329
WARNING:root:: 2738617
WARNING:root:POST / 573689209981
WARNING:root:: 2738618
WARNING:root:POST / 573689209975
WARNING:root:: 2738618
WARNING:root:POST / 573689209975
WARNING:root:: 2738619
WARNING:root:DHLSS / 572121942615
WARNING:root:: 2738620
WARNING:root:POST / 573689209111
WARNING:root:: 2738621
WARNING:root:POST / 573689210304
WARNING:root:: 2738621
WARNING:root:POST / 573689210304
WARNING:root:: 2738621
WARNING:root:POST / 573689210304
WARNING:root:: 2738621
WARNING:root:POST / 573689210304
WARNING:root:: 2738623
WARNING:root:POST / 573689209199
WARNING:root:: 2738625
WARNING:root:DHLSS / 572121939492
WARNING:root:: 2738626
WARNING:root:POST / 573689209925
WARNING:root:: 2738626
WARNING:root:POST / 573689209925
WARNING:root:: 2738627
WARNING:root:POST / 573689209054
WARNING:root:: 2738628
WARNING:root:POST / 573689209307
WARNING:root:: 2738630
WARNING:root:POST / 573689209896
WARNING:root:: 2738631
WARNING:root:POST / 573689209048
WARNING:root:: 2738632
WARNING:root:POST / 573689209789
WARNING:root:: 2738634
WARNING:root:POST / 573689210089
WARNING:root:: 2738634
WARNING:root:POST / 573689210089
WARNING:root:: 2738635
WARNING:root:POST / 573689209818
WARNING:root:: 2738636
WARNING:root:POST / 573689209290
WARNING:root:: 2738636
WARNING:root:POST / 573689209290
WARNING:root:: 2738637
WARNING:root:POST / 573689209234
WARNING:root:: 2738638
WARNING:root:DHLSS / 572121942621
WARNING:root:: 2738639
WARNING:root:POST / 573689208985
WARNING:root:: 2738640
WARNING:root:POST / 573689209256
WARNING:root:: 2738641
WARNING:root:POST / 573689210275
WARNING:root:: 2738642
WARNING:root:POST / 573689209874
WARNING:root:: 2738644
WARNING:root:POST / 573689209650
WARNING:root:: 2738646
WARNING:root:POST / 573689210512
WARNING:root:: 2738647
WARNING:root:POST / 573689209470
WARNING:root:: 2738650
WARNING:root:DHLSS / 572121939521
WARNING:root:: 2738651
WARNING:root:POST / 573689209464
WARNING:root:: 2738652
WARNING:root:POST / 573689210130
WARNING:root:: 2738653
WARNING:root:DHLSS / 572121940449
WARNING:root:: 2738654
WARNING:root:POST / 573689209420
WARNING:root:: 2738655
WARNING:root:DHLSS / 572121939329
WARNING:root:: 2738656
WARNING:root:POST / 573689209436
WARNING:root:: 2738658
WARNING:root:POST / 573689208991
WARNING:root:: 2738659
WARNING:root:POST / 573689209228
WARNING:root:: 2738660
WARNING:root:DHLSS / 572121941760
WARNING:root:: 2738660
WARNING:root:DHLSS / 572121941760
WARNING:root:: 2738660
WARNING:root:DHLSS / 572121941760
WARNING:root:: 2738660
WARNING:root:DHLSS / 572121941760
WARNING:root:: 2738661
WARNING:root:POST / 573689210253
WARNING:root:: 2738662
WARNING:root:DHLSS / 572121939852
WARNING:root:: 2738663
WARNING:root:POST / 573689210118
WARNING:root:: 2738665
WARNING:root:POST / 573689209571
WARNING:root:: 2738666
WARNING:root:POST / 573689209868
WARNING:root:: 2738667
WARNING:root:POST / 573689210174
WARNING:root:: 2738668
WARNING:root:POST / 573689209004
WARNING:root:: 2738670
WARNING:root:POST / 573689209830
WARNING:root:: 2738671
WARNING:root:POST / 573689209240
WARNING:root:: 2738672
WARNING:root:DHLSS / 572121939773
WARNING:root:: 2738672
WARNING:root:DHLSS / 572121939773
WARNING:root:: 2738674
WARNING:root:POST / 573689209931
WARNING:root:: 2738674
WARNING:root:POST / 573689209931
WARNING:root:: 2738674
WARNING:root:POST / 573689209931
WARNING:root:: 2738674
WARNING:root:POST / 573689209931
WARNING:root:: 2738675
WARNING:root:DHLE1 / 4006891324
WARNING:root:: 2738675
WARNING:root:DHLE1 / 4006891324
WARNING:root:: 2738675
WARNING:root:DHLE1 / 4006891324
WARNING:root:: 2738678
WARNING:root:DHLSS / 572121940146
WARNING:root:: 2738678
WARNING:root:DHLSS / 572121940146
WARNING:root:: 2738679
WARNING:root:DHLSS / 572121940102
WARNING:root:: 2738680
WARNING:root:POST / 573689209278
WARNING:root:: 2738681
WARNING:root:DHLSS / 572121939846
WARNING:root:: 2738684
WARNING:root:DHLSS / 572121940613
WARNING:root:: 2738685
WARNING:root:DHLSS / 572121939515
WARNING:root:: 2738687
WARNING:root:DHLSS / 572121940629
WARNING:root:: 2738691
WARNING:root:POST / 573689208963
WARNING:root:: 2738694
WARNING:root:POST / 573689208979
WARNING:root:: 2738695
WARNING:root:POST / 573689209521
WARNING:root:: 2738699
WARNING:root:POST / 573689210203
WARNING:root:: 2738700
WARNING:root:DHLSS / 572121939824
WARNING:root:: 2738701
WARNING:root:POST / 573689209723
WARNING:root:: 2738702
WARNING:root:POST / 573689209565
WARNING:root:: 2738703
WARNING:root:DHLSS / 572121942378
WARNING:root:: 2738706
WARNING:root:POST / 573689209795
WARNING:root:: 2738707
WARNING:root:POST / 573689209010
WARNING:root:: 2738708
WARNING:root:POST / 573689210231
WARNING:root:: 2738710
WARNING:root:POST / 574040009239
WARNING:root:: 2738711
WARNING:root:DHLSS / 572121940641
WARNING:root:: 2738712
WARNING:root:POST / 573689209543
WARNING:root:: 2738715
WARNING:root:DHLSS / 572121939802
WARNING:root:: 2738716
WARNING:root:POST / 573689209824
WARNING:root:: 2738720
WARNING:root:POST / 573689209802
WARNING:root:: 2738722
WARNING:root:POST / 573689209458
WARNING:root:: 2738723
WARNING:root:DHLSS / 572121941568
WARNING:root:: 2738726
WARNING:root:DHLSS / 572121942261
WARNING:root:: 2738726
WARNING:root:DHLSS / 572121942261
WARNING:root:: 2738726
WARNING:root:DHLSS / 572121942261
WARNING:root:: 2738727
WARNING:root:POST / 573689210281
WARNING:root:: 2738727
WARNING:root:POST / 573689210281
WARNING:root:: 2738728
WARNING:root:DHLSS / 572121940540
WARNING:root:: 2738729
WARNING:root:DHLSS / 572121942384
WARNING:root:2738730 not found
WARNING:root:Nothing found
WARNING:root:: 2738732
WARNING:root:DHLSS / 572121940657
WARNING:root:: 2738734
WARNING:root:DHLSS / 572121942025
WARNING:root:: 2738734
WARNING:root:DHLSS / 572121942025
WARNING:root:: 2738735
WARNING:root:POST / 573689209852
WARNING:root:: 2738737
WARNING:root:DHLSS / 572121940326
WARNING:root:: 2738739
WARNING:root:DHLSS / 572121940275
WARNING:root:: 2738740
WARNING:root:DHLSS / 572121942407
WARNING:root:: 2738741
WARNING:root:POST / 573689210196
WARNING:root:: 2738743
WARNING:root:POST / 573689209026
WARNING:root:: 2738744
WARNING:root:DHLSS / 572121940916
WARNING:root:: 2738746
WARNING:root:DHLSS / 572121940477
WARNING:root:: 2738748
WARNING:root:DHLSS / 572121940354
WARNING:root:: 2738749
WARNING:root:POST / 573689209032
WARNING:root:: 2738750
WARNING:root:DHLSS / 572121941007
WARNING:root:: 2738751
WARNING:root:POST / 573689210219
WARNING:root:: 2738751
WARNING:root:POST / 573689210219
WARNING:root:: 2738751
WARNING:root:POST / 573689210219
WARNING:root:: 2738751
WARNING:root:POST / 573689210219
WARNING:root:: 2738754
WARNING:root:DHLSS / 572121940411
WARNING:root:: 2738754
WARNING:root:DHLSS / 572121940411
WARNING:root:: 2738755
WARNING:root:DHLSS / 572121940398
WARNING:root:: 2738756
WARNING:root:POST / 573689210310
WARNING:root:: 2738757
WARNING:root:DHLSS / 572121940461
WARNING:root:: 2738758
WARNING:root:DHLSS / 572121940310
WARNING:root:: 2738759
WARNING:root:DHLSS / 572121939751
WARNING:root:: 2738760
WARNING:root:POST / 573689210225
WARNING:root:: 2738764
WARNING:root:DHLSS / 572121939082
WARNING:root:: 2738765
WARNING:root:DHLSS / 572121941782
WARNING:root:: 2738765
WARNING:root:DHLSS / 572121941782
WARNING:root:: 2738765
WARNING:root:DHLSS / 572121941782
WARNING:root:: 2738766
WARNING:root:DHLSS / 572121942429
WARNING:root:: 2738768
WARNING:root:DHLE1 / 6088757813
WARNING:root:: 2738768
WARNING:root:DHLE1 / 6088757813
WARNING:root:: 2738768
WARNING:root:DHLE1 / 6088757813
WARNING:root:: 2738768
WARNING:root:DHLE1 / 6088757813
WARNING:root:: 2738768
WARNING:root:DHLE1 / 6088757813
WARNING:root:: 2738768
WARNING:root:DHLE1 / 6088757813
WARNING:root:: 2738768
WARNING:root:DHLE1 / 6088757813
WARNING:root:: 2738768
WARNING:root:DHLE1 / 6088757813
WARNING:root:: 2738769
WARNING:root:DHLSS / 572121942283
WARNING:root:: 2738771
WARNING:root:DHLSS / 572121940944
WARNING:root:: 2738773
WARNING:root:DHLSS / 572121941805
WARNING:root:: 2738773
WARNING:root:DHLSS / 572121941805
WARNING:root:: 2738774
WARNING:root:DHLSS / 572121941732
WARNING:root:: 2738774
WARNING:root:DHLSS / 572121941732
WARNING:root:: 2738774
WARNING:root:DHLSS / 572121941732
WARNING:root:: 2738774
WARNING:root:DHLSS / 572121941732
WARNING:root:: 2738775
WARNING:root:DHLSS / 572121942299
WARNING:root:: 2738776
WARNING:root:DHLSS / 572121940922
WARNING:root:: 2738777
WARNING:root:DHLSS / 572121941259
WARNING:root:: 2738778
WARNING:root:DHLSS / 572121941899
WARNING:root:: 2738779
WARNING:root:DHLSS / 572121939458
WARNING:root:: 2738780
WARNING:root:DHLSS / 572121941495
WARNING:root:: 2738781
WARNING:root:DHLSS / 572121941883
WARNING:root:: 2738782
WARNING:root:DHLSS / 572121941669
WARNING:root:: 2738783
WARNING:root:DHLSS / 572121939436
WARNING:root:: 2738785
WARNING:root:DHLSS / 572121940815
WARNING:root:: 2738786
WARNING:root:DHLSS / 572121940590
WARNING:root:: 2738787
WARNING:root:DHLSS / 572121942306
WARNING:root:: 2738790
WARNING:root:DHLSS / 572121940792
WARNING:root:: 2738790
WARNING:root:DHLSS / 572121940792
WARNING:root:: 2738791
WARNING:root:DHLSS / 572121940900
WARNING:root:: 2738793
WARNING:root:DHLSS / 572121942081
WARNING:root:: 2738794
WARNING:root:DHLSS / 572121939694
WARNING:root:: 2738797
WARNING:root:DHLSS / 572121941388
WARNING:root:: 2738797
WARNING:root:DHLSS / 572121941388
WARNING:root:: 2738797
WARNING:root:DHLSS / 572121941388
WARNING:root:: 2738798
WARNING:root:DHLSS / 572121942277
WARNING:root:: 2738798
WARNING:root:DHLSS / 572121942277
WARNING:root:: 2738798
WARNING:root:DHLSS / 572121942277
WARNING:root:: 2738798
WARNING:root:DHLSS / 572121942277
WARNING:root:: 2738798
WARNING:root:DHLSS / 572121942277
WARNING:root:: 2738800
WARNING:root:DHLSS / 572121940843
WARNING:root:: 2738801
WARNING:root:DHLSS / 572121939622
WARNING:root:: 2738802
WARNING:root:DHLSS / 572121940837
WARNING:root:: 2738806
WARNING:root:DHLSS / 572121941192
WARNING:root:: 2738808
WARNING:root:DHLSS / 572121941489
WARNING:root:: 2738808
WARNING:root:DHLSS / 572121941489
WARNING:root:: 2738809
WARNING:root:DHLSS / 572121940253
WARNING:root:: 2738810
WARNING:root:DHLSS / 572121940865
WARNING:root:: 2738813
WARNING:root:DHLSS / 572121940871
WARNING:root:: 2738818
WARNING:root:DHLSS / 572121939363
WARNING:root:: 2738820
WARNING:root:DHLSS / 572121939256
WARNING:root:: 2738846
WARNING:root:DHLSS / 572121941827
WARNING:root:: 2738850
WARNING:root:DHLSS / 572121939571
WARNING:root:: 2738853
WARNING:root:DHLSS / 572121940859
WARNING:root:: 2738854
WARNING:root:DHLSS / 572121939105
WARNING:root:: 2738856
WARNING:root:DHLSS / 572121940821
WARNING:root:: 2738857
WARNING:root:DHLSS / 572121942227
WARNING:root:: 2738860
WARNING:root:DHLSS / 572121940269
WARNING:root:: 2738863
WARNING:root:DHLSS / 572121942255
WARNING:root:: 2738865
WARNING:root:DHLSS / 572121941552
WARNING:root:: 2738868
WARNING:root:DHLSS / 572121941833
WARNING:root:: 2738869
WARNING:root:DHLE1 / 6088749785
WARNING:root:: 2738870
WARNING:root:DHLSS / 572121941619
WARNING:root:: 2738870
WARNING:root:DHLSS / 572121941619
WARNING:root:: 2738871
WARNING:root:DHLSS / 572121940607
WARNING:root:: 2738873
WARNING:root:DHLSS / 572121939357
WARNING:root:: 2738874
WARNING:root:DHLSS / 572121941754
WARNING:root:: 2738875
WARNING:root:DHLSS / 572121940994
WARNING:root:: 2738876
WARNING:root:DHLSS / 572121940786
WARNING:root:: 2738877
WARNING:root:DHLSS / 572121942643
WARNING:root:: 2738878
WARNING:root:DHLSS / 572121941710
WARNING:root:: 2738880
WARNING:root:DHLSS / 572121942182
WARNING:root:: 2738882
WARNING:root:DHLSS / 572121942154
WARNING:root:: 2738883
WARNING:root:DHLSS / 572121940893
WARNING:root:: 2738883
WARNING:root:DHLSS / 572121940893
WARNING:root:: 2738884
WARNING:root:DHLSS / 572121939111
WARNING:root:: 2738885
WARNING:root:DHLSS / 572121940297
WARNING:root:: 2738887
WARNING:root:DHLSS / 572121940635
WARNING:root:: 2738888
WARNING:root:DHLSS / 572121940281
WARNING:root:: 2738893
WARNING:root:DHLSS / 572121941237
WARNING:root:: 2738894
WARNING:root:DHLSS / 572121942340
WARNING:root:: 2738896
WARNING:root:DHLSS / 572121939391
WARNING:root:: 2738898
WARNING:root:DHLSS / 572121939076
WARNING:root:: 2738899
WARNING:root:DHLSS / 572121940196
WARNING:root:: 2738900
WARNING:root:DHLSS / 572121940304
WARNING:root:: 2738902
WARNING:root:DHLSS / 572121940499
WARNING:root:: 2738903
WARNING:root:DHLSS / 572121942233
WARNING:root:: 2738904
WARNING:root:DHLSS / 572121941574
WARNING:root:: 2738905
WARNING:root:DHLSS / 572121941855
WARNING:root:: 2738905
WARNING:root:DHLSS / 572121941855
WARNING:root:: 2738907
WARNING:root:DHLSS / 572121940578
WARNING:root:: 2738910
WARNING:root:DHLSS / 572121941530
WARNING:root:: 2738913
WARNING:root:DHLSS / 572121940203
WARNING:root:: 2738913
WARNING:root:DHLSS / 572121940203
WARNING:root:: 2738914
WARNING:root:DHLSS / 572121940427
WARNING:root:: 2738915
WARNING:root:DHLSS / 572121941631
WARNING:root:: 2738916
WARNING:root:DHLSS / 572121941748
WARNING:root:: 2738916
WARNING:root:DHLSS / 572121941748
WARNING:root:: 2738917
WARNING:root:DHLSS / 572121940382
WARNING:root:: 2738918
WARNING:root:DHLSS / 572121939335
WARNING:root:: 2738923
WARNING:root:DHLSS / 572121940405
WARNING:root:: 2738924
WARNING:root:DHLSS / 572121940023
WARNING:root:: 2738926
WARNING:root:DHLSS / 572121941215
WARNING:root:: 2738927
WARNING:root:DHLSS / 572121939600
WARNING:root:: 2738929
WARNING:root:DHLSS / 572121939420
WARNING:root:: 2738931
WARNING:root:DHLSS / 572121940089
WARNING:root:: 2738932
WARNING:root:DHLSS / 572121942132
WARNING:root:: 2738933
WARNING:root:DHLSS / 572121940073
WARNING:root:: 2738933
WARNING:root:DHLSS / 572121940073
WARNING:root:: 2738933
WARNING:root:DHLSS / 572121940073
WARNING:root:: 2738934
WARNING:root:DHLSS / 572121941164
WARNING:root:: 2738935
WARNING:root:DHLSS / 572121940051
WARNING:root:: 2738935
WARNING:root:DHLSS / 572121940051
WARNING:root:: 2738936
WARNING:root:DHLSS / 572121941467
WARNING:root:: 2738936
WARNING:root:DHLSS / 572121941467
WARNING:root:: 2738936
WARNING:root:DHLSS / 572121941467
WARNING:root:: 2738936
WARNING:root:DHLSS / 572121941467
WARNING:root:: 2738937
WARNING:root:DHLSS / 572121940045
WARNING:root:: 2738940
WARNING:root:DHLSS / 572121941811
WARNING:root:: 2738940
WARNING:root:DHLSS / 572121941811
WARNING:root:: 2738941
WARNING:root:DHLSS / 572121941473
WARNING:root:: 2738941
WARNING:root:DHLSS / 572121941473
WARNING:root:: 2738941
WARNING:root:DHLSS / 572121941473
WARNING:root:: 2738943
WARNING:root:DHLSS / 572121941394
WARNING:root:: 2738945
WARNING:root:DHLSS / 572121940584
WARNING:root:: 2738946
WARNING:root:DHLSS / 572121940691
WARNING:root:: 2738946
WARNING:root:DHLSS / 572121940691
WARNING:root:: 2738948
WARNING:root:DHLSS / 572121941158
WARNING:root:: 2738950
WARNING:root:DHLSS / 572121941142
WARNING:root:: 2738952
WARNING:root:DHLSS / 572121942362
WARNING:root:: 2738954
WARNING:root:DHLSS / 572121941114
WARNING:root:: 2738956
WARNING:root:DHLSS / 572121942069
WARNING:root:: 2738957
WARNING:root:DHLSS / 572121941603
WARNING:root:: 2738960
WARNING:root:DHLSS / 572121941136
WARNING:root:: 2738962
WARNING:root:DHLSS / 572121939278
WARNING:root:: 2738963
WARNING:root:DHLSS / 572121942457
WARNING:root:: 2738964
WARNING:root:DHLSS / 572121940887
WARNING:root:: 2738964
WARNING:root:DHLSS / 572121940887
WARNING:root:: 2738964
WARNING:root:DHLSS / 572121940887
WARNING:root:: 2738965
WARNING:root:DHLSS / 572121939307
WARNING:root:: 2738966
WARNING:root:DHLSS / 572121941170
WARNING:root:: 2738967
WARNING:root:DHLSS / 572121939284
WARNING:root:: 2738969
WARNING:root:DHLSS / 572121941849
WARNING:root:: 2738971
WARNING:root:DHLSS / 572121940972
WARNING:root:: 2738971
WARNING:root:DHLSS / 572121940972
WARNING:root:: 2738972
WARNING:root:DHLSS / 572121942479
WARNING:root:: 2738973
WARNING:root:DHLSS / 572121941287
WARNING:root:: 2738973
WARNING:root:DHLSS / 572121941287
WARNING:root:: 2738973
WARNING:root:DHLSS / 572121941287
WARNING:root:: 2738974
WARNING:root:DHLSS / 572121939379
WARNING:root:: 2738975
WARNING:root:DHLSS / 572121939133
WARNING:root:: 2738976
WARNING:root:DHLSS / 572121941013
WARNING:root:: 2738979
WARNING:root:DHLSS / 572121941057
WARNING:root:: 2738980
WARNING:root:DHLSS / 572121941186
WARNING:root:: 2738981
WARNING:root:DHLSS / 572121941704
WARNING:root:: 2738982
WARNING:root:DHLSS / 572121941726
WARNING:root:: 2738982
WARNING:root:DHLSS / 572121941726
WARNING:root:: 2738982
WARNING:root:DHLSS / 572121941726
WARNING:root:: 2738982
WARNING:root:DHLSS / 572121941726
WARNING:root:: 2738982
WARNING:root:DHLSS / 572121941726
WARNING:root:: 2738984
WARNING:root:DHLSS / 572121940534
WARNING:root:: 2738984
WARNING:root:DHLSS / 572121940534
WARNING:root:: 2738984
WARNING:root:DHLSS / 572121940534
WARNING:root:: 2738985
WARNING:root:DHLSS / 572121941625
WARNING:root:: 2738986
WARNING:root:DHLSS / 572121939098
WARNING:root:: 2738990
WARNING:root:DHLSS / 572121940512
WARNING:root:: 2738990
WARNING:root:DHLSS / 572121940512
WARNING:root:: 2738991
WARNING:root:DHLSS / 572121942491
WARNING:root:: 2738992
WARNING:root:DHLSS / 572121941697
WARNING:root:: 2738993
WARNING:root:DHLSS / 572121940506
WARNING:root:: 2738994
WARNING:root:DHLSS / 572121942514
WARNING:root:: 2738999
WARNING:root:DHLSS / 572121940376
WARNING:root:: 2739000
WARNING:root:DHLSS / 572121941120
WARNING:root:: 2739002
WARNING:root:DHLSS / 572121941653
WARNING:root:: 2739002
WARNING:root:DHLSS / 572121941653
WARNING:root:: 2739003
WARNING:root:DHLSS / 572121941546
WARNING:root:: 2739004
WARNING:root:DHLSS / 572121941681
WARNING:root:: 2739005
WARNING:root:DHLSS / 572121941401
WARNING:root:: 2739005
WARNING:root:DHLSS / 572121941401
WARNING:root:: 2739006
WARNING:root:DHLSS / 572121942520
WARNING:root:: 2739007
WARNING:root:DHLSS / 572121941108
WARNING:root:: 2739010
WARNING:root:DHLSS / 572121941675
WARNING:root:: 2739011
WARNING:root:DHLSS / 572121941439
WARNING:root:: 2739012
WARNING:root:DHLSS / 572121939262
WARNING:root:: 2739013
WARNING:root:DHLSS / 572121941085
WARNING:root:: 2739017
WARNING:root:DHLSS / 572121941221
WARNING:root:: 2739017
WARNING:root:DHLSS / 572121941221
WARNING:root:: 2739017
WARNING:root:DHLSS / 572121941221
WARNING:root:: 2739018
WARNING:root:DHLSS / 572121939127
WARNING:root:: 2739020
WARNING:root:DHLSS / 572121941445
WARNING:root:: 2739020
WARNING:root:DHLSS / 572121941445
WARNING:root:: 2739020
WARNING:root:DHLSS / 572121941445
WARNING:root:: 2739020
WARNING:root:DHLSS / 572121941445
WARNING:root:: 2739022
WARNING:root:DHLSS / 572121941209
WARNING:root:: 2739022
WARNING:root:DHLSS / 572121941209
WARNING:root:: 2739022
WARNING:root:DHLSS / 572121941209
WARNING:root:: 2739023
WARNING:root:DHLSS / 572121941451
WARNING:root:: 2739028
WARNING:root:DHLSS / 572121941300
WARNING:root:: 2739028
WARNING:root:DHLSS / 572121941300
WARNING:root:: 2739030
WARNING:root:DHLSS / 572121940809
WARNING:root:: 2739030
WARNING:root:DHLSS / 572121940809
WARNING:root:: 2739031
WARNING:root:DHLSS / 572121940764
WARNING:root:: 2739031
WARNING:root:DHLSS / 572121940764
WARNING:root:: 2739032
WARNING:root:DHLSS / 572121940562
WARNING:root:: 2739034
WARNING:root:DHLSS / 572121941041
WARNING:root:: 2739035
WARNING:root:DHLSS / 572121940770
WARNING:root:: 2739035
WARNING:root:DHLSS / 572121940770
WARNING:root:: 2739037
WARNING:root:DHLSS / 572121941091
WARNING:root:: 2739037
WARNING:root:DHLSS / 572121941091
WARNING:root:: 2739038
WARNING:root:DHLSS / 572121941322
WARNING:root:: 2739038
WARNING:root:DHLSS / 572121941322
WARNING:root:: 2739039
WARNING:root:DHLSS / 572121941316
WARNING:root:: 2739040
WARNING:root:DHLSS / 572121939240
WARNING:root:: 2739041
WARNING:root:DHLSS / 572121939228
WARNING:root:: 2739043
WARNING:root:DHLSS / 572121940556
WARNING:root:: 2739043
WARNING:root:DHLSS / 572121940556
WARNING:root:: 2739043
WARNING:root:DHLSS / 572121940556
WARNING:root:: 2739043
WARNING:root:DHLSS / 572121940556
WARNING:root:: 2739043
WARNING:root:DHLSS / 572121940556
WARNING:root:: 2739044
WARNING:root:DHLSS / 572121939234
WARNING:root:: 2739045
WARNING:root:DHLSS / 572121941366
WARNING:root:: 2739046
WARNING:root:DHLSS / 572121941293
WARNING:root:: 2739048
WARNING:root:DHLSS / 572121942097
WARNING:root:: 2739048
WARNING:root:DHLSS / 572121942097
WARNING:root:: 2739048
WARNING:root:DHLSS / 572121942097
WARNING:root:: 2739048
WARNING:root:DHLSS / 572121942097
WARNING:root:: 2739048
WARNING:root:DHLSS / 572121942097
WARNING:root:: 2739050
WARNING:root:DHLSS / 572121942075
WARNING:root:: 2739051
WARNING:root:DHLSS / 572121939155
WARNING:root:: 2739056
WARNING:root:DHLSS / 572121942390
WARNING:root:: 2739057
WARNING:root:DHLSS / 572121939161
WARNING:root:: 2739058
WARNING:root:DHLSS / 572121941423
WARNING:root:: 2739059
WARNING:root:DHLSS / 572121941271
WARNING:root:: 2739060
WARNING:root:DHLSS / 572121941265
WARNING:root:: 2739062
WARNING:root:DHLSS / 572121939212
WARNING:root:: 2739063
WARNING:root:DHLSS / 572121941350
WARNING:root:: 2739065
WARNING:root:DHLSS / 572121939149
WARNING:root:: 2739066
WARNING:root:DHLSS / 572121942413
WARNING:root:: 2739068
WARNING:root:DHLSS / 572121941243
WARNING:root:: 2739071
WARNING:root:DHLSS / 572121940017
WARNING:root:: 2739072
WARNING:root:DHLSS / 572121941344
WARNING:root:: 2739072
WARNING:root:DHLSS / 572121941344
WARNING:root:: 2739075
WARNING:root:DHLSS / 572121941338
WARNING:root:: 2739080
WARNING:root:DHLSS / 572121939177
WARNING:root:: 2739081
WARNING:root:DHLSS / 572121940679
WARNING:root:: 2739083
WARNING:root:DHLSS / 572121939199
WARNING:root:: 2739084
WARNING:root:DHLSS / 572121941647
WARNING:root:: 2739084
WARNING:root:DHLSS / 572121941647
WARNING:root:give token
WARNING:root:: 2738581
WARNING:root:UPS 1 / 1Z9353566812394443
WARNING:root:: 2739467
WARNING:root:TOFND / 449800001473390014983435
WARNING:root:: 2739540
WARNING:root:UPS 1 / 1Z9353566812394845
WARNING:root:: 2739545
WARNING:root:POST / 906495713650
WARNING:root:: 2703723
WARNING:root:POST / 573689140187
WARNING:root:: 2703867
WARNING:root:POST / 573689138982
WARNING:root:: 2718877
WARNING:root:POST / 573689173734
WARNING:root:: 2726771
WARNING:root:POST / 573689190047
WARNING:root:: 2735449
WARNING:root:DHLSS / 572121944033
WARNING:root:: 2735469
WARNING:root:DHLSS / 572121944083
WARNING:root:: 2735484
WARNING:root:DHLSS / 572121944099
WARNING:root:: 2737046
WARNING:root:DHLSS / 572121944112
WARNING:root:: 2737963
WARNING:root:DHLSS / 572121942564
WARNING:root:: 2738234
WARNING:root:DHLSS / 572121943273
WARNING:root:: 2738234
WARNING:root:DHLSS / 572121943273
WARNING:root:: 2738337
WARNING:root:DHLSS / 572121942205
WARNING:root:: 2738347
WARNING:root:DHLSS / 572121942198
WARNING:root:: 2738359
WARNING:root:POST / 573689210528
WARNING:root:: 2738367
WARNING:root:DHLSS / 572121942637
WARNING:root:: 2738444
WARNING:root:DHLSS / 572121942592
WARNING:root:: 2738445
WARNING:root:DHLSS / 572121942609
WARNING:root:: 2738489
WARNING:root:DHLSS / 572121942441
WARNING:root:: 2738502
WARNING:root:DHLSS / 572121942463
WARNING:root:: 2738510
WARNING:root:DHLSS / 572121942485
WARNING:root:: 2738512
WARNING:root:DHLSS / 572121942508
WARNING:root:: 2738516
WARNING:root:DHLSS / 572121942558
WARNING:root:: 2738520
WARNING:root:DHLSS / 572121942570
WARNING:root:: 2738524
WARNING:root:DHLSS / 572121942435
WARNING:root:: 2738537
WARNING:root:DHLSS / 572121942312
WARNING:root:: 2738540
WARNING:root:DHLSS / 572121942328
WARNING:root:: 2738549
WARNING:root:DHLSS / 572121942334
WARNING:root:: 2738573
WARNING:root:POST / 573689211085
WARNING:root:: 2738573
WARNING:root:POST / 573689211085
WARNING:root:: 2738583
WARNING:root:DHLSS / 572121943324
WARNING:root:: 2738587
WARNING:root:DHLSS / 572121942586
WARNING:root:: 2738619
WARNING:root:DHLSS / 572121942615
WARNING:root:: 2738638
WARNING:root:DHLSS / 572121942621
WARNING:root:: 2738646
WARNING:root:POST / 573689210512
WARNING:root:: 2738703
WARNING:root:DHLSS / 572121942378
WARNING:root:: 2738726
WARNING:root:DHLSS / 572121942261
WARNING:root:: 2738726
WARNING:root:DHLSS / 572121942261
WARNING:root:: 2738726
WARNING:root:DHLSS / 572121942261
WARNING:root:: 2738729
WARNING:root:DHLSS / 572121942384
WARNING:root:: 2738730
WARNING:root:DHLSS / 572121943734
WARNING:root:: 2738734
WARNING:root:DHLSS / 572121942025
WARNING:root:: 2738734
WARNING:root:DHLSS / 572121942025
WARNING:root:: 2738740
WARNING:root:DHLSS / 572121942407
WARNING:root:: 2738766
WARNING:root:DHLSS / 572121942429
WARNING:root:: 2738769
WARNING:root:DHLSS / 572121942283
WARNING:root:: 2738775
WARNING:root:DHLSS / 572121942299
WARNING:root:: 2738787
WARNING:root:DHLSS / 572121942306
WARNING:root:: 2738793
WARNING:root:DHLSS / 572121942081
WARNING:root:: 2738857
WARNING:root:DHLSS / 572121942227
WARNING:root:: 2738863
WARNING:root:DHLSS / 572121942255
WARNING:root:: 2738877
WARNING:root:DHLSS / 572121942643
WARNING:root:: 2738880
WARNING:root:DHLSS / 572121942182
WARNING:root:: 2738882
WARNING:root:DHLSS / 572121942154
WARNING:root:: 2738894
WARNING:root:DHLSS / 572121942340
WARNING:root:: 2738903
WARNING:root:DHLSS / 572121942233
WARNING:root:: 2738932
WARNING:root:DHLSS / 572121942132
WARNING:root:: 2738952
WARNING:root:DHLSS / 572121942362
WARNING:root:: 2738956
WARNING:root:DHLSS / 572121942069
WARNING:root:: 2738963
WARNING:root:DHLSS / 572121942457
WARNING:root:: 2738972
WARNING:root:DHLSS / 572121942479
WARNING:root:: 2738991
WARNING:root:DHLSS / 572121942491
WARNING:root:: 2738994
WARNING:root:DHLSS / 572121942514
WARNING:root:: 2739006
WARNING:root:DHLSS / 572121942520
WARNING:root:: 2739050
WARNING:root:DHLSS / 572121942075
WARNING:root:: 2739056
WARNING:root:DHLSS / 572121942390
WARNING:root:: 2739066
WARNING:root:DHLSS / 572121942413
WARNING:root:: 2739194
WARNING:root:DHLSS / 572121942788
WARNING:root:: 2739196
WARNING:root:DHLSS / 572121942665
WARNING:root:: 2739196
WARNING:root:DHLSS / 572121942665
WARNING:root:: 2739196
WARNING:root:DHLSS / 572121942665
WARNING:root:: 2739196
WARNING:root:DHLSS / 572121942665
WARNING:root:: 2739207
WARNING:root:DHLSS / 572121942823
WARNING:root:: 2739252
WARNING:root:DHLSS / 572121942794
WARNING:root:: 2739252
WARNING:root:DHLSS / 572121942794
WARNING:root:: 2739273
WARNING:root:DHLSS / 572121942659
WARNING:root:: 2739279
WARNING:root:DHLSS / 572121942839
WARNING:root:: 2739281
WARNING:root:DHLSS / 572121942845
WARNING:root:: 2739283
WARNING:root:DHLSS / 572121942047
WARNING:root:: 2739287
WARNING:root:DHLSS / 572121942031
WARNING:root:: 2739288
WARNING:root:DHLSS / 572121942053
WARNING:root:: 2739290
WARNING:root:DHLSS / 572121942110
WARNING:root:: 2739291
WARNING:root:DHLSS / 572121942536
WARNING:root:: 2739293
WARNING:root:DHLSS / 572121942542
WARNING:root:: 2739294
WARNING:root:DHLSS / 572121942356
WARNING:root:: 2739300
WARNING:root:DHLSS / 572121942772
WARNING:root:: 2739322
WARNING:root:POST / 573689210499
WARNING:root:: 2739325
WARNING:root:POST / 573689210578
WARNING:root:: 2739326
WARNING:root:POST / 573689210427
WARNING:root:: 2739328
WARNING:root:POST / 573689210590
WARNING:root:: 2739329
WARNING:root:DHLSS / 572121943223
WARNING:root:: 2739330
WARNING:root:POST / 573689210691
WARNING:root:: 2739332
WARNING:root:POST / 573689210584
WARNING:root:: 2739335
WARNING:root:POST / 573689210449
WARNING:root:: 2739336
WARNING:root:POST / 573689210708
WARNING:root:: 2739338
WARNING:root:POST / 573689210556
WARNING:root:: 2739345
WARNING:root:POST / 573689210477
WARNING:root:: 2739346
WARNING:root:DHLSS / 572121942693
WARNING:root:: 2739346
WARNING:root:DHLSS / 572121942693
WARNING:root:: 2739346
WARNING:root:DHLSS / 572121942693
WARNING:root:: 2739347
WARNING:root:DHLSS / 572121942249
WARNING:root:: 2739348
WARNING:root:DHLSS / 572121942716
WARNING:root:: 2739349
WARNING:root:POST / 573689210483
WARNING:root:: 2739350
WARNING:root:DHLSS / 572121942801
WARNING:root:: 2739350
WARNING:root:DHLSS / 572121942801
WARNING:root:: 2739350
WARNING:root:DHLSS / 572121942801
WARNING:root:: 2739351
WARNING:root:DHLSS / 572121942148
WARNING:root:: 2739353
WARNING:root:DHLSS / 572121942722
WARNING:root:: 2739354
WARNING:root:POST / 573689210455
WARNING:root:: 2739355
WARNING:root:POST / 573689210506
WARNING:root:: 2739356
WARNING:root:POST / 573689210613
WARNING:root:: 2739356
WARNING:root:POST / 573689210613
WARNING:root:: 2739358
WARNING:root:POST / 573689210679
WARNING:root:: 2739359
WARNING:root:POST / 573689210641
WARNING:root:: 2739360
WARNING:root:POST / 573689210657
WARNING:root:: 2739368
WARNING:root:POST / 573689210411
WARNING:root:: 2739369
WARNING:root:POST / 573689210433
WARNING:root:: 2739371
WARNING:root:POST / 573689210534
WARNING:root:: 2739372
WARNING:root:POST / 573689210562
WARNING:root:: 2739373
WARNING:root:POST / 574040009245
WARNING:root:: 2739378
WARNING:root:POST / 573689210685
WARNING:root:: 2739386
WARNING:root:POST / 573689210607
WARNING:root:: 2739388
WARNING:root:DHLSS / 572121942817
WARNING:root:: 2739390
WARNING:root:DHLSS / 572121942744
WARNING:root:: 2739392
WARNING:root:POST / 573689210635
WARNING:root:: 2739393
WARNING:root:DHLSS / 572121942700
WARNING:root:: 2739398
WARNING:root:POST / 573689210629
WARNING:root:: 2739401
WARNING:root:POST / 573689210461
WARNING:root:: 2739405
WARNING:root:GLS / 413286911646
WARNING:root:: 2739405
WARNING:root:GLS / 413286911646
WARNING:root:: 2739409
WARNING:root:DHLSS / 572121942160
WARNING:root:: 2739411
WARNING:root:DHLSS / 572121942126
WARNING:root:: 2739413
WARNING:root:DHLSS / 572121942671
WARNING:root:: 2739415
WARNING:root:POST / 573689210950
WARNING:root:: 2739416
WARNING:root:DHLSS / 572121942687
WARNING:root:: 2739416
WARNING:root:DHLSS / 572121942687
WARNING:root:: 2739418
WARNING:root:POST / 573689211243
WARNING:root:: 2739421
WARNING:root:DHLSS / 572121942766
WARNING:root:: 2739422
WARNING:root:DHLSS / 572121942851
WARNING:root:: 2739423
WARNING:root:DHLSS / 572121942211
WARNING:root:: 2739424
WARNING:root:Nothing found
WARNING:root:: 2739425
WARNING:root:POST / 573689210972
WARNING:root:: 2739426
WARNING:root:DHLSS / 572121942738
WARNING:root:: 2739427
WARNING:root:POST / 573689211136
WARNING:root:: 2739429
WARNING:root:POST / 573689211259
WARNING:root:: 2739429
WARNING:root:POST / 573689211259
WARNING:root:: 2739430
WARNING:root:POST / 573689211164
WARNING:root:: 2739432
WARNING:root:DHLSS / 572121942750
WARNING:root:: 2739432
WARNING:root:DHLSS / 572121942750
WARNING:root:: 2739433
WARNING:root:POST / 573689210966
WARNING:root:: 2739435
WARNING:root:POST / 573689211041
WARNING:root:: 2739436
WARNING:root:POST / 573689211091
WARNING:root:: 2739437
WARNING:root:POST / 573689210988
WARNING:root:: 2739437
WARNING:root:POST / 573689210988
WARNING:root:: 2739438
WARNING:root:POST / 573689211013
WARNING:root:: 2739440
WARNING:root:POST / 573689211221
WARNING:root:: 2739441
WARNING:root:POST / 573689211170
WARNING:root:: 2739446
WARNING:root:POST / 573689211120
WARNING:root:: 2739446
WARNING:root:POST / 573689211120
WARNING:root:: 2739450
WARNING:root:DHLSS / 572121943936
WARNING:root:: 2739457
WARNING:root:DHLSS / 572121942867
WARNING:root:: 2739458
WARNING:root:POST / 573689211063
WARNING:root:: 2739462
WARNING:root:POST / 573689211237
WARNING:root:: 2739465
WARNING:root:DHLSS / 572121944134
WARNING:root:: 2739465
WARNING:root:DHLSS / 572121944134
WARNING:root:: 2739465
WARNING:root:DHLSS / 572121944134
WARNING:root:: 2739466
WARNING:root:POST / 573689211057
WARNING:root:: 2739468
WARNING:root:DHLE1 / 8313680034
WARNING:root:: 2739471
WARNING:root:POST / 573689211827
WARNING:root:: 2739471
WARNING:root:POST / 573689211827
WARNING:root:: 2739472
WARNING:root:POST / 573689211186
WARNING:root:: 2739473
WARNING:root:POST / 573689211108
WARNING:root:: 2739476
WARNING:root:POST / 573689211489
WARNING:root:: 2739476
WARNING:root:POST / 573689211489
WARNING:root:: 2739477
WARNING:root:DHLSS / 572121943807
WARNING:root:: 2739478
WARNING:root:POST / 573689211467
WARNING:root:: 2739478
WARNING:root:POST / 573689211467
WARNING:root:: 2739481
WARNING:root:POST / 573689210736
WARNING:root:: 2739484
WARNING:root:DHLSS / 572121944308
WARNING:root:: 2739484
WARNING:root:DHLSS / 572121944308
WARNING:root:: 2739485
WARNING:root:DHLSS / 572121943942
WARNING:root:: 2739486
WARNING:root:POST / 573689210786
WARNING:root:: 2739488
WARNING:root:POST / 573689211215
WARNING:root:: 2739489
WARNING:root:DHLSS / 572121943986
WARNING:root:: 2739490
WARNING:root:DHLSS / 572121943419
WARNING:root:: 2739491
WARNING:root:DHLSS / 572121942873
WARNING:root:: 2739492
WARNING:root:POST / 573689211293
WARNING:root:: 2739492
WARNING:root:POST / 573689211293
WARNING:root:: 2739493
WARNING:root:DHLSS / 572121943784
WARNING:root:: 2739494
WARNING:root:DHLSS / 572121943330
WARNING:root:: 2739494
WARNING:root:DHLSS / 572121943330
WARNING:root:: 2739495
WARNING:root:POST / 573689211417
WARNING:root:: 2739495
WARNING:root:POST / 573689211417
WARNING:root:: 2739496
WARNING:root:POST / 573689211300
WARNING:root:: 2739497
WARNING:root:POST / 573689211423
WARNING:root:: 2739501
WARNING:root:DHLSS / 572121943087
WARNING:root:: 2739502
WARNING:root:POST / 573689211209
WARNING:root:: 2739504
WARNING:root:POST / 573689210916
WARNING:root:: 2739505
WARNING:root:POST / 573689211192
WARNING:root:: 2739511
WARNING:root:DHLSS / 572121943526
WARNING:root:: 2739512
WARNING:root:POST / 573689210865
WARNING:root:: 2739513
WARNING:root:POST / 573689210821
WARNING:root:: 2739516
WARNING:root:DHLSS / 572121944027
WARNING:root:: 2739517
WARNING:root:POST / 573689211401
WARNING:root:: 2739517
WARNING:root:POST / 573689211401
WARNING:root:: 2739518
WARNING:root:DHLSS / 572121943762
WARNING:root:: 2739521
WARNING:root:DHLSS / 572121943829
WARNING:root:: 2739522
WARNING:root:DHLSS / 572121943841
WARNING:root:: 2739523
WARNING:root:POST / 573689210922
WARNING:root:: 2739524
WARNING:root:POST / 573689210770
WARNING:root:: 2739525
WARNING:root:DHLSS / 572121944409
WARNING:root:: 2739526
WARNING:root:DHLSS / 572121942889
WARNING:root:: 2739528
WARNING:root:POST / 573689211518
WARNING:root:: 2739529
WARNING:root:Nothing found
WARNING:root:: 2739529
WARNING:root:Nothing found
WARNING:root:: 2739530
WARNING:root:DHLSS / 572121944392
WARNING:root:: 2739530
WARNING:root:DHLSS / 572121944392
WARNING:root:: 2739530
WARNING:root:DHLSS / 572121944392
WARNING:root:: 2739531
WARNING:root:POST / 573689210742
WARNING:root:: 2739532
WARNING:root:DHLSS / 572121942176
WARNING:root:: 2739535
WARNING:root:POST / 573689211158
WARNING:root:: 2739536
WARNING:root:POST / 573689210815
WARNING:root:: 2739538
WARNING:root:DHLSS / 572121944011
WARNING:root:: 2739539
WARNING:root:POST / 573689211344
WARNING:root:: 2739543
WARNING:root:DHLSS / 572121943970
WARNING:root:: 2739544
WARNING:root:DHLSS / 572121944320
WARNING:root:: 2739544
WARNING:root:DHLSS / 572121944320
WARNING:root:: 2739549
WARNING:root:DHLSS / 572121943100
WARNING:root:: 2739550
WARNING:root:POST / 573689210900
WARNING:root:: 2739551
WARNING:root:POST / 573689211473
WARNING:root:: 2739551
WARNING:root:POST / 573689211473
WARNING:root:: 2739552
WARNING:root:POST / 573689211524
WARNING:root:: 2739552
WARNING:root:POST / 573689211524
WARNING:root:: 2739553
WARNING:root:DHLSS / 572121942895
WARNING:root:: 2739554
WARNING:root:DHLSS / 572121944421
WARNING:root:: 2739554
WARNING:root:DHLSS / 572121944421
WARNING:root:: 2739555
WARNING:root:POST / 573689210887
WARNING:root:: 2739556
WARNING:root:POST / 573689210859
WARNING:root:: 2739557
WARNING:root:POST / 573689210758
WARNING:root:: 2739558
WARNING:root:DHLSS / 572121944465
WARNING:root:: 2739558
WARNING:root:DHLSS / 572121944465
WARNING:root:: 2739559
WARNING:root:DHLSS / 572121944207
WARNING:root:: 2739560
WARNING:root:POST / 573689210893
WARNING:root:: 2739561
WARNING:root:DHLSS / 572121944005
WARNING:root:: 2739562
WARNING:root:POST / 573689210714
WARNING:root:: 2739563
WARNING:root:POST / 573689210871
WARNING:root:: 2739565
WARNING:root:POST / 573689211287
WARNING:root:: 2739567
WARNING:root:DHLSS / 572121942902
WARNING:root:: 2739569
WARNING:root:POST / 573689210944
WARNING:root:: 2739570
WARNING:root:DHLSS / 572121943857
WARNING:root:: 2739571
WARNING:root:DHLSS / 572121942924
WARNING:root:: 2739572
WARNING:root:DHLSS / 572121943863
WARNING:root:: 2739573
WARNING:root:DHLSS / 572121942918
WARNING:root:: 2739574
WARNING:root:DHLSS / 572121943740
WARNING:root:: 2739579
WARNING:root:POST / 573689211439
WARNING:root:: 2739579
WARNING:root:POST / 573689211439
WARNING:root:: 2739582
WARNING:root:DHLSS / 572121942930
WARNING:root:: 2739583
WARNING:root:DHLSS / 572121943756
WARNING:root:: 2739583
WARNING:root:DHLSS / 572121943756
WARNING:root:: 2739588
WARNING:root:DHLSS / 572121943059
WARNING:root:: 2739589
WARNING:root:DHLSS / 572121943138
WARNING:root:: 2739590
WARNING:root:POST / 573689211451
WARNING:root:: 2739590
WARNING:root:POST / 573689211451
WARNING:root:: 2739591
WARNING:root:DHLSS / 572121943065
WARNING:root:: 2739592
WARNING:root:POST / 573689210938
WARNING:root:: 2739593
WARNING:root:POST / 573689210720
WARNING:root:: 2739596
WARNING:root:DHLSS / 572121943879
WARNING:root:: 2739597
WARNING:root:DHLSS / 572121944190
WARNING:root:: 2739598
WARNING:root:DHLSS / 572121944061
WARNING:root:: 2739599
WARNING:root:DHLSS / 572121944257
WARNING:root:: 2739600
WARNING:root:DHLSS / 572121942996
WARNING:root:: 2739601
WARNING:root:Nothing found
WARNING:root:: 2739602
WARNING:root:DHLSS / 572121943122
WARNING:root:: 2739603
WARNING:root:POST / 573689210764
WARNING:root:: 2739604
WARNING:root:DHLSS / 572121943891
WARNING:root:: 2739607
WARNING:root:DHLSS / 572121944184
WARNING:root:: 2739609
WARNING:root:DHLSS / 572121942946
WARNING:root:: 2739610
WARNING:root:POST / 573689210792
WARNING:root:: 2739610
WARNING:root:POST / 573689210792
WARNING:root:: 2739612
WARNING:root:POST / 573689210809
WARNING:root:: 2739613
WARNING:root:DHLSS / 572121943908
WARNING:root:: 2739615
WARNING:root:DHLSS / 572121943790
WARNING:root:: 2739616
WARNING:root:DHLSS / 572121943497
WARNING:root:: 2739618
WARNING:root:POST / 573689211271
WARNING:root:: 2739618
WARNING:root:POST / 573689211271
WARNING:root:: 2739619
WARNING:root:DHLSS / 572121943150
WARNING:root:: 2739621
WARNING:root:DHLSS / 572121943172
WARNING:root:: 2739624
WARNING:root:POST / 573689211142
WARNING:root:: 2739626
WARNING:root:DHLSS / 572121943194
WARNING:root:: 2739627
WARNING:root:DHLSS / 572121942980
WARNING:root:: 2739633
WARNING:root:DHLSS / 572121943813
WARNING:root:: 2739633
WARNING:root:DHLSS / 572121943813
WARNING:root:: 2739634
WARNING:root:DHLSS / 572121943920
WARNING:root:: 2739635
WARNING:root:DHLSS / 572121943914
WARNING:root:: 2739636
WARNING:root:DHLSS / 572121944156
WARNING:root:: 2739637
WARNING:root:DHLSS / 572121943835
WARNING:root:: 2739638
WARNING:root:DHLSS / 572121943598
WARNING:root:: 2739638
WARNING:root:DHLSS / 572121943598
WARNING:root:: 2739638
WARNING:root:DHLSS / 572121943598
WARNING:root:: 2739639
WARNING:root:DHLSS / 572121943318
WARNING:root:: 2739642
WARNING:root:DHLSS / 572121943481
WARNING:root:: 2739643
WARNING:root:DHLSS / 572121943302
WARNING:root:: 2739644
WARNING:root:DHLSS / 572121943116
WARNING:root:: 2739645
WARNING:root:Nothing found
WARNING:root:: 2739646
WARNING:root:DHLSS / 572121942974
WARNING:root:: 2739647
WARNING:root:DHLSS / 572121943295
WARNING:root:: 2739648
WARNING:root:DHLSS / 572121943144
WARNING:root:: 2739649
WARNING:root:Nothing found
WARNING:root:: 2739651
WARNING:root:DHLSS / 572121942952
WARNING:root:: 2739654
WARNING:root:DHLSS / 572121942968
WARNING:root:: 2739655
WARNING:root:DHLSS / 572121943958
WARNING:root:: 2739656
WARNING:root:DHLSS / 572121943346
WARNING:root:: 2739658
WARNING:root:DHLSS / 572121943289
WARNING:root:: 2739662
WARNING:root:DHLSS / 572121943267
WARNING:root:: 2739663
WARNING:root:DHLSS / 572121943661
WARNING:root:: 2739663
WARNING:root:DHLSS / 572121943661
WARNING:root:: 2739666
WARNING:root:DHLSS / 572121943380
WARNING:root:: 2739666
WARNING:root:DHLSS / 572121943380
WARNING:root:: 2739666
WARNING:root:DHLSS / 572121943380
WARNING:root:: 2739666
WARNING:root:DHLSS / 572121943380
WARNING:root:: 2739667
WARNING:root:DHLSS / 572121943368
WARNING:root:: 2739677
WARNING:root:DHLSS / 572121943251
WARNING:root:: 2739678
WARNING:root:DHLSS / 572121943245
WARNING:root:: 2739681
WARNING:root:DHLSS / 572121944077
WARNING:root:: 2739682
WARNING:root:DHLSS / 572121943239
WARNING:root:: 2739754
WARNING:root:DHLSS / 572121944128
WARNING:root:: 2739755
WARNING:root:DHLSS / 572121944162
WARNING:root:: 2739762
WARNING:root:DHLSS / 572121943447
WARNING:root:: 2739762
WARNING:root:DHLSS / 572121943447
WARNING:root:: 2739764
WARNING:root:DHLSS / 572121944516
WARNING:root:: 2739768
WARNING:root:DHLSS / 572121943582
WARNING:root:: 2739768
WARNING:root:DHLSS / 572121943582
WARNING:root:: 2739768
WARNING:root:DHLSS / 572121943582
WARNING:root:: 2739768
WARNING:root:DHLSS / 572121943582
WARNING:root:: 2739796
WARNING:root:DHLSS / 572121943683
WARNING:root:: 2739797
WARNING:root:DHLSS / 572121944493
WARNING:root:: 2739799
WARNING:root:DHLSS / 572121944049
WARNING:root:give token
WARNING:root:: 2739804
WARNING:root:DHLSS / 572121943166
WARNING:root:: 2739806
WARNING:root:DHLSS / 572121943649
WARNING:root:: 2739808
WARNING:root:DHLSS / 572121944055
WARNING:root:: 2739810
WARNING:root:DHLSS / 572121943532
WARNING:root:: 2739811
WARNING:root:DHLSS / 572121943475
WARNING:root:: 2739812
WARNING:root:DHLSS / 572121943021
WARNING:root:: 2739812
WARNING:root:DHLSS / 572121943021
WARNING:root:: 2739813
WARNING:root:DHLSS / 572121943093
WARNING:root:: 2739816
WARNING:root:POST / 573689211114
WARNING:root:: 2739817
WARNING:root:DHLSS / 572121943217
WARNING:root:: 2739817
WARNING:root:DHLSS / 572121943217
WARNING:root:: 2739817
WARNING:root:DHLSS / 572121943217
WARNING:root:: 2739818
WARNING:root:DHLSS / 572121943043
WARNING:root:: 2739822
WARNING:root:DHLSS / 572121943201
WARNING:root:: 2739823
WARNING:root:DHLSS / 572121943071
WARNING:root:: 2739824
WARNING:root:DHLSS / 572121943037
WARNING:root:: 2739825
WARNING:root:DHLSS / 572121943188
WARNING:root:: 2739827
WARNING:root:POST / 573689211530
WARNING:root:: 2739827
WARNING:root:POST / 573689211530
WARNING:root:: 2739829
WARNING:root:POST / 573689210994
WARNING:root:: 2739830
WARNING:root:DHLSS / 572121943374
WARNING:root:: 2739831
WARNING:root:Nothing found
WARNING:root:: 2739833
WARNING:root:POST / 573689211007
WARNING:root:: 2739833
WARNING:root:POST / 573689211007
WARNING:root:: 2739833
WARNING:root:POST / 573689211007
WARNING:root:: 2739833
WARNING:root:POST / 573689211007
WARNING:root:: 2739835
WARNING:root:DHLSS / 572121943396
WARNING:root:: 2739836
WARNING:root:DHLSS / 572121943352
WARNING:root:: 2739837
WARNING:root:DHLSS / 572121943425
WARNING:root:: 2739838
WARNING:root:DHLSS / 572121943699
WARNING:root:: 2739839
WARNING:root:POST / 573689211445
WARNING:root:: 2739840
WARNING:root:DHLSS / 572121944471
WARNING:root:: 2739843
WARNING:root:DHLSS / 572121943431
WARNING:root:: 2739845
WARNING:root:DHLSS / 572121944487
WARNING:root:: 2739845
WARNING:root:DHLSS / 572121944487
WARNING:root:: 2739845
WARNING:root:DHLSS / 572121944487
WARNING:root:: 2739846
WARNING:root:POST / 573689211029
WARNING:root:: 2739846
WARNING:root:POST / 573689211029
WARNING:root:: 2739847
WARNING:root:POST / 573689211546
WARNING:root:: 2739848
WARNING:root:DHLSS / 572121944500
WARNING:root:: 2739849
WARNING:root:DHLSS / 572121943469
WARNING:root:: 2739849
WARNING:root:DHLSS / 572121943469
WARNING:root:: 2739850
WARNING:root:POST / 573689211265
WARNING:root:: 2739852
WARNING:root:DHLSS / 572121943403
WARNING:root:: 2739853
WARNING:root:POST / 573689211495
WARNING:root:: 2739855
WARNING:root:DHLSS / 572121943453
WARNING:root:: 2739857
WARNING:root:POST / 573689211502
WARNING:root:: 2739860
WARNING:root:DHLSS / 572121943712
WARNING:root:: 2739862
WARNING:root:POST / 573689211316
WARNING:root:: 2739862
WARNING:root:POST / 573689211316
WARNING:root:: 2739866
WARNING:root:POST / 573689211350
WARNING:root:: 2739870
WARNING:root:POST / 573689211322
WARNING:root:: 2739871
WARNING:root:DHLSS / 572121944235
WARNING:root:: 2739872
WARNING:root:DHLSS / 572121944263
WARNING:root:: 2739873
WARNING:root:DHLSS / 572121944140
WARNING:root:: 2739873
WARNING:root:DHLSS / 572121944140
WARNING:root:: 2739876
WARNING:root:DHLSS / 572121944241
WARNING:root:: 2739877
WARNING:root:DHLSS / 572121944178
WARNING:root:: 2739878
WARNING:root:DHLSS / 572121944106
WARNING:root:: 2739880
WARNING:root:DHLSS / 572121944437
WARNING:root:: 2739883
WARNING:root:POST / 573689211338
WARNING:root:: 2739884
WARNING:root:POST / 573689211388
WARNING:root:: 2739888
WARNING:root:POST / 573689211366
WARNING:root:: 2739890
WARNING:root:DHLSS / 572121944291
WARNING:root:: 2739893
WARNING:root:POST / 573689212378
WARNING:root:: 2739894
WARNING:root:DHLSS / 572121944285
WARNING:root:: 2739895
WARNING:root:POST / 573689211394
WARNING:root:: 2739896
WARNING:root:POST / 573689211372
WARNING:root:: 2739899
WARNING:root:POST / 573689212249
WARNING:root:: 2739900
WARNING:root:POST / 573689211811
WARNING:root:: 2739901
WARNING:root:DHLSS / 572121943964
WARNING:root:: 2739903
WARNING:root:DHLSS / 572121944213
WARNING:root:: 2739904
WARNING:root:POST / 573689211928
WARNING:root:: 2739905
WARNING:root:DHLSS / 572121944229
WARNING:root:: 2739906
WARNING:root:POST / 573689211596
WARNING:root:: 2739908
WARNING:root:DHLSS / 572121944279
WARNING:root:: 2739913
WARNING:root:POST / 573689212227
WARNING:root:: 2739914
WARNING:root:POST / 573689211912
WARNING:root:: 2739915
WARNING:root:POST / 573689212160
WARNING:root:: 2739918
WARNING:root:POST / 573689212154
WARNING:root:: 2739919
WARNING:root:DHLSS / 572121944370
WARNING:root:: 2739922
WARNING:root:DHLSS / 572121944314
WARNING:root:: 2739922
WARNING:root:DHLSS / 572121944314
WARNING:root:: 2739922
WARNING:root:DHLSS / 572121944314
WARNING:root:: 2739923
WARNING:root:DHLSS / 572121944358
WARNING:root:: 2739924
WARNING:root:DHLSS / 572121944364
WARNING:root:: 2739925
WARNING:root:DHLSS / 572121944342
WARNING:root:: 2739926
WARNING:root:POST / 573689212148
WARNING:root:: 2739927
WARNING:root:POST / 573689212132
WARNING:root:: 2739928
WARNING:root:DHLSS / 572121944336
WARNING:root:: 2739929
WARNING:root:DHLSS / 572121943992
WARNING:root:: 2739933
WARNING:root:DHLSS / 572121944459
WARNING:root:: 2739935
WARNING:root:POST / 573689212025
WARNING:root:: 2739937
WARNING:root:POST / 573689211681
WARNING:root:: 2739939
WARNING:root:DHLSS / 572121944386
WARNING:root:: 2739942
WARNING:root:POST / 573689211647
WARNING:root:: 2739946
WARNING:root:DHLSS / 572121944538
WARNING:root:: 2739948
WARNING:root:POST / 573689212053
WARNING:root:: 2739949
WARNING:root:DHLSS / 572121944718
WARNING:root:: 2739950
WARNING:root:POST / 573689211704
WARNING:root:: 2739957
WARNING:root:DHLSS / 572121945584
WARNING:root:: 2739959
WARNING:root:POST / 573689212299
WARNING:root:: 2739964
WARNING:root:POST / 573689212328
WARNING:root:: 2739965
WARNING:root:POST / 573689211748
WARNING:root:: 2739966
WARNING:root:POST / 573689211631
WARNING:root:: 2739967
WARNING:root:POST / 573689211653
WARNING:root:: 2739968
WARNING:root:DHLSS / 572121944881
WARNING:root:: 2739968
WARNING:root:DHLSS / 572121944881
WARNING:root:: 2739969
WARNING:root:DHLSS / 572121944443
WARNING:root:: 2739970
WARNING:root:POST / 573689211990
WARNING:root:: 2739970
WARNING:root:POST / 573689211990
WARNING:root:: 2739972
WARNING:root:POST / 573689211675
WARNING:root:: 2739973
WARNING:root:POST / 573689211697
WARNING:root:: 2739974
WARNING:root:Nothing found
WARNING:root:: 2739975
WARNING:root:POST / 573689211754
WARNING:root:: 2739977
WARNING:root:DHLSS / 572121944415
WARNING:root:: 2739979
WARNING:root:POST / 573689211619
WARNING:root:: 2739980
WARNING:root:POST / 573689211849
WARNING:root:: 2739980
WARNING:root:POST / 573689211849
WARNING:root:: 2739982
WARNING:root:DHLSS / 572121945332
WARNING:root:: 2739984
WARNING:root:DHLSS / 572121945382
WARNING:root:: 2739985
WARNING:root:POST / 573689212277
WARNING:root:: 2739987
WARNING:root:POST / 573689212198
WARNING:root:: 2739988
WARNING:root:POST / 573689211625
WARNING:root:: 2739995
WARNING:root:POST / 573689212233
WARNING:root:: 2739997
WARNING:root:POST / 573689212390
WARNING:root:: 2739997
WARNING:root:POST / 573689212390
WARNING:root:: 2739998
WARNING:root:POST / 573689211855
WARNING:root:: 2739998
WARNING:root:POST / 573689211855
WARNING:root:: 2739998
WARNING:root:POST / 573689211855
WARNING:root:: 2739998
WARNING:root:POST / 573689211855
WARNING:root:: 2739998
WARNING:root:POST / 573689211855
WARNING:root:: 2739998
WARNING:root:POST / 573689211855
WARNING:root:: 2739998
WARNING:root:POST / 573689211855
WARNING:root:: 2739998
WARNING:root:POST / 573689211855
WARNING:root:: 2739999
WARNING:root:DHLSS / 572121944566
WARNING:root:: 2740000
WARNING:root:POST / 573689212019
WARNING:root:: 2740004
WARNING:root:DHLSS / 572121945613
WARNING:root:: 2740004
WARNING:root:DHLSS / 572121945613
WARNING:root:: 2740006
WARNING:root:DHLSS / 572121944825
WARNING:root:: 2740007
WARNING:root:POST / 573689212081
WARNING:root:: 2740009
WARNING:root:POST / 573689211726
WARNING:root:: 2740009
WARNING:root:POST / 573689211726
WARNING:root:: 2740010
WARNING:root:DHLSS / 572121944780
WARNING:root:: 2740015
WARNING:root:DHLSS / 572121945326
WARNING:root:: 2740015
WARNING:root:DHLSS / 572121945326
WARNING:root:: 2740017
WARNING:root:POST / 573689211776
WARNING:root:: 2740018
WARNING:root:POST / 573689212075
WARNING:root:: 2740018
WARNING:root:POST / 573689212075
WARNING:root:: 2740018
WARNING:root:POST / 573689212075
WARNING:root:: 2740019
WARNING:root:DHLSS / 572121944774
WARNING:root:: 2740020
WARNING:root:POST / 573689211883
WARNING:root:: 2740023
WARNING:root:DHLSS / 572121944623
WARNING:root:: 2740028
WARNING:root:POST / 573689211984
WARNING:root:: 2740028
WARNING:root:POST / 573689211984
WARNING:root:: 2740028
WARNING:root:POST / 573689211984
WARNING:root:: 2740028
WARNING:root:POST / 573689211984
WARNING:root:: 2740031
WARNING:root:POST / 573689212334
WARNING:root:: 2740033
WARNING:root:DHLSS / 572121944803
WARNING:root:: 2740034
WARNING:root:DHLSS / 572121945461
WARNING:root:: 2740037
WARNING:root:DHLSS / 572121944819
WARNING:root:: 2740037
WARNING:root:DHLSS / 572121944819
WARNING:root:: 2740038
WARNING:root:POST / 573689211899
WARNING:root:: 2740039
WARNING:root:DHLSS / 572121944639
WARNING:root:: 2740042
WARNING:root:DHLSS / 572121945483
WARNING:root:: 2740043
WARNING:root:POST / 573689211833
WARNING:root:: 2740044
WARNING:root:DHLSS / 572121944752
WARNING:root:: 2740046
WARNING:root:POST / 573689211732
WARNING:root:: 2740048
WARNING:root:POST / 573689212069
WARNING:root:: 2740049
WARNING:root:POST / 573689212211
WARNING:root:: 2740050
WARNING:root:DHLSS / 572121944651
WARNING:root:: 2740051
WARNING:root:DHLSS / 572121945506
WARNING:root:: 2740052
WARNING:root:POST / 573689211710
WARNING:root:: 2740053
WARNING:root:POST / 573689212356
WARNING:root:: 2740054
WARNING:root:POST / 573689212047
WARNING:root:: 2740055
WARNING:root:POST / 573689211877
WARNING:root:: 2740056
WARNING:root:DHLSS / 572121945102
WARNING:root:: 2740058
WARNING:root:DHLSS / 572121944982
WARNING:root:: 2740060
WARNING:root:POST / 573689211603
WARNING:root:: 2740061
WARNING:root:POST / 573689211782
WARNING:root:: 2740062
WARNING:root:DHLSS / 572121944831
WARNING:root:: 2740064
WARNING:root:DHLSS / 572121944702
WARNING:root:: 2740068
WARNING:root:POST / 573689211760
WARNING:root:: 2740069
WARNING:root:POST / 573689211805
WARNING:root:: 2740069
WARNING:root:POST / 573689211805
WARNING:root:: 2740076
WARNING:root:DHLSS / 572121945180
WARNING:root:: 2740079
WARNING:root:POST / 573689211940
WARNING:root:: 2740080
WARNING:root:POST / 573689211568
WARNING:root:: 2740081
WARNING:root:DHLSS / 572121944910
WARNING:root:: 2740082
WARNING:root:DHLSS / 572121944601
WARNING:root:: 2740084
WARNING:root:POST / 573689211906
WARNING:root:: 2740085
WARNING:root:DHLSS / 572121944730
WARNING:root:: 2740086
WARNING:root:DHLSS / 572121944976
WARNING:root:: 2740091
WARNING:root:POST / 573689211861
WARNING:root:: 2740093
WARNING:root:POST / 573689212312
WARNING:root:: 2740095
WARNING:root:POST / 573689211798
WARNING:root:: 2740099
WARNING:root:POST / 573689212362
WARNING:root:: 2740100
WARNING:root:POST / 573689211580
WARNING:root:: 2740102
WARNING:root:DHLSS / 572121944544
WARNING:root:: 2740103
WARNING:root:POST / 573689212097
WARNING:root:: 2740106
WARNING:root:DHLSS / 572121945629
WARNING:root:: 2740106
WARNING:root:DHLSS / 572121945629
WARNING:root:: 2740107
WARNING:root:POST / 573689212306
WARNING:root:: 2740110
WARNING:root:POST / 573689212126
WARNING:root:: 2740111
WARNING:root:DHLSS / 572121945001
WARNING:root:: 2740112
WARNING:root:POST / 573689211574
WARNING:root:: 2740113
WARNING:root:DHLSS / 572121945427
WARNING:root:: 2740114
WARNING:root:POST / 573689212104
WARNING:root:: 2740115
WARNING:root:DHLSS / 572121945247
WARNING:root:: 2740115
WARNING:root:DHLSS / 572121945247
WARNING:root:: 2740115
WARNING:root:DHLSS / 572121945247
WARNING:root:: 2740116
WARNING:root:POST / 573689212003
WARNING:root:: 2740119
WARNING:root:DHLSS / 572121944932
WARNING:root:: 2740120
WARNING:root:DHLSS / 572121945219
WARNING:root:: 2740120
WARNING:root:DHLSS / 572121945219
WARNING:root:: 2740121
WARNING:root:DHLSS / 572121945118
WARNING:root:: 2740121
WARNING:root:DHLSS / 572121945118
WARNING:root:: 2740123
WARNING:root:DHLSS / 572121944948
WARNING:root:: 2740124
WARNING:root:DHLSS / 572121944594
WARNING:root:: 2740126
WARNING:root:POST / 573689211956
WARNING:root:: 2740127
WARNING:root:DHLSS / 572121945130
WARNING:root:: 2740128
WARNING:root:POST / 573689211552
WARNING:root:: 2740129
WARNING:root:DHLSS / 572121945067
WARNING:root:: 2740131
WARNING:root:POST / 573689211962
WARNING:root:: 2740133
WARNING:root:POST / 573689212031
WARNING:root:: 2740134
WARNING:root:POST / 573689211978
WARNING:root:: 2740134
WARNING:root:POST / 573689211978
WARNING:root:: 2740135
WARNING:root:DHLSS / 572121945017
WARNING:root:: 2740136
WARNING:root:DHLSS / 572121945269
WARNING:root:: 2740137
WARNING:root:DHLSS / 572121945089
WARNING:root:: 2740137
WARNING:root:DHLSS / 572121945089
WARNING:root:: 2740144
WARNING:root:DHLSS / 572121944904
WARNING:root:: 2740145
WARNING:root:DHLSS / 572121944897
WARNING:root:: 2740146
WARNING:root:DHLSS / 572121945045
WARNING:root:: 2740147
WARNING:root:DHLSS / 572121945477
WARNING:root:: 2740148
WARNING:root:DHLSS / 572121945146
WARNING:root:: 2740149
WARNING:root:DHLSS / 572121944853
WARNING:root:: 2740152
WARNING:root:DHLSS / 572121945039
WARNING:root:: 2740153
WARNING:root:DHLSS / 572121945433
WARNING:root:: 2740153
WARNING:root:DHLSS / 572121945433
WARNING:root:: 2740153
WARNING:root:DHLSS / 572121945433
WARNING:root:: 2740155
WARNING:root:DHLSS / 572121944796
WARNING:root:: 2740156
WARNING:root:DHLSS / 572121945556
WARNING:root:: 2740156
WARNING:root:DHLSS / 572121945556
WARNING:root:: 2740156
WARNING:root:DHLSS / 572121945556
WARNING:root:: 2740157
WARNING:root:DHLSS / 572121944550
WARNING:root:: 2740165
WARNING:root:DHLSS / 572121944588
WARNING:root:: 2740166
WARNING:root:DHLSS / 572121944869
WARNING:root:: 2740167
WARNING:root:DHLSS / 572121945023
WARNING:root:: 2740167
WARNING:root:DHLSS / 572121945023
WARNING:root:: 2740167
WARNING:root:DHLSS / 572121945023
WARNING:root:: 2740168
WARNING:root:DHLSS / 572121944667
WARNING:root:: 2740170
WARNING:root:DHLSS / 572121944617
WARNING:root:: 2740172
WARNING:root:DHLSS / 572121944689
WARNING:root:: 2740174
WARNING:root:DHLSS / 572121944645
WARNING:root:: 2740176
WARNING:root:DHLSS / 572121945231
WARNING:root:: 2740176
WARNING:root:DHLSS / 572121945231
WARNING:root:: 2740176
WARNING:root:DHLSS / 572121945231
WARNING:root:: 2740176
WARNING:root:DHLSS / 572121945231
WARNING:root:: 2740177
WARNING:root:DHLSS / 572121945360
WARNING:root:: 2740178
WARNING:root:DHLSS / 572121944954
WARNING:root:: 2740181
WARNING:root:DHLSS / 572121945124
WARNING:root:give token
WARNING:root:: 2740182
WARNING:root:DHLSS / 572121944847
WARNING:root:: 2740183
WARNING:root:DHLSS / 572121944960
WARNING:root:: 2740186
WARNING:root:DHLSS / 572121945051
WARNING:root:: 2740186
WARNING:root:DHLSS / 572121945051
WARNING:root:: 2740187
WARNING:root:DHLSS / 572121944695
WARNING:root:: 2740188
WARNING:root:DHLSS / 572121944673
WARNING:root:: 2740189
WARNING:root:DHLSS / 572121945095
WARNING:root:: 2740189
WARNING:root:DHLSS / 572121945095
WARNING:root:: 2740192
WARNING:root:DHLSS / 572121944875
WARNING:root:: 2740193
WARNING:root:DHLSS / 572121944572
WARNING:root:: 2740194
WARNING:root:DHLSS / 572121944926
WARNING:root:: 2740195
WARNING:root:DHLSS / 572121944724
WARNING:root:: 2740196
WARNING:root:DHLSS / 572121945073
WARNING:root:: 2740196
WARNING:root:DHLSS / 572121945073
WARNING:root:: 2740197
WARNING:root:DHLSS / 572121944768
WARNING:root:: 2740200
WARNING:root:DHLSS / 572121944746
WARNING:root:: 2740204
WARNING:root:DHLSS / 572121945590
WARNING:root:: 2740205
WARNING:root:DHLSS / 572121944522
WARNING:root:: 2740206
WARNING:root:DHLSS / 572121945578
WARNING:root:: 2740206
WARNING:root:DHLSS / 572121945578
WARNING:root:: 2740206
WARNING:root:DHLSS / 572121945578
WARNING:root:give token
WARNING:root:: 2741427
WARNING:root:GLS / 413286913060
WARNING:root:2741504 not found
WARNING:root:Nothing found
WARNING:root:: 2741940
WARNING:root:DBP / 906495724736
WARNING:root:: 2742988
WARNING:root:POST / 906495728594
WARNING:root:: 2718877
WARNING:root:POST / 573689173734
WARNING:root:: 2726771
WARNING:root:POST / 573689190047
WARNING:root:: 2741350
WARNING:root:DHLSS / 572121949128
WARNING:root:: 2741365
WARNING:root:DHLSS / 572121949134
WARNING:root:: 2741430
WARNING:root:DHLSS / 572121949190
WARNING:root:2741468 not found
WARNING:root:Nothing found
WARNING:root:: 2741483
WARNING:root:POST / 573689215821
WARNING:root:: 2741483
WARNING:root:POST / 573689215821
WARNING:root:: 2741483
WARNING:root:POST / 573689215821
WARNING:root:: 2741483
WARNING:root:POST / 573689215821
WARNING:root:: 2741483
WARNING:root:POST / 573689215821
WARNING:root:: 2741521
WARNING:root:POST / 573689215837
WARNING:root:: 2741545
WARNING:root:DHLSS / 572121949207
WARNING:root:: 2741545
WARNING:root:DHLSS / 572121949207
WARNING:root:: 2741599
WARNING:root:POST / 574040009302
WARNING:root:: 2741757
WARNING:root:DHLSS / 572121949229
WARNING:root:: 2741757
WARNING:root:DHLSS / 572121949229
WARNING:root:: 2741774
WARNING:root:DHLSS / 572121949213
WARNING:root:: 2741774
WARNING:root:DHLSS / 572121949213
WARNING:root:: 2741774
WARNING:root:DHLSS / 572121949213
WARNING:root:: 2741785
WARNING:root:DHLSS / 572121949178
WARNING:root:: 2741785
WARNING:root:DHLSS / 572121949178
WARNING:root:: 2741792
WARNING:root:DHLSS / 572121949184
WARNING:root:: 2741792
WARNING:root:DHLSS / 572121949184
WARNING:root:: 2741833
WARNING:root:POST / 573689216445
WARNING:root:: 2741866
WARNING:root:DHLSS / 572121949904
WARNING:root:: 2741885
WARNING:root:POST / 573689215843
WARNING:root:: 2741885
WARNING:root:POST / 573689215843
WARNING:root:: 2741911
WARNING:root:POST / 573689216596
WARNING:root:: 2741918
WARNING:root:POST / 573689216372
WARNING:root:: 2741926
WARNING:root:POST / 573689216467
WARNING:root:: 2741926
WARNING:root:POST / 573689216467
WARNING:root:: 2741931
WARNING:root:POST / 573689216978
WARNING:root:: 2741934
WARNING:root:DHLSS / 572121949645
WARNING:root:: 2741935
WARNING:root:DHLSS / 572121949948
WARNING:root:: 2741935
WARNING:root:DHLSS / 572121949948
WARNING:root:: 2741942
WARNING:root:DHLSS / 572121950068
WARNING:root:: 2741942
WARNING:root:DHLSS / 572121950068
WARNING:root:: 2741944
WARNING:root:DHLSS / 572121950686
WARNING:root:: 2741944
WARNING:root:DHLSS / 572121950686
WARNING:root:: 2741944
WARNING:root:DHLSS / 572121950686
WARNING:root:: 2741944
WARNING:root:DHLSS / 572121950686
WARNING:root:: 2741945
WARNING:root:POST / 573689216956
WARNING:root:: 2741945
WARNING:root:POST / 573689216956
WARNING:root:: 2741946
WARNING:root:POST / 573689216603
WARNING:root:: 2741947
WARNING:root:DHLSS / 572121950894
WARNING:root:: 2741947
WARNING:root:DHLSS / 572121950894
WARNING:root:: 2741948
WARNING:root:POST / 573689216580
WARNING:root:: 2741952
WARNING:root:POST / 573689216530
WARNING:root:: 2741952
WARNING:root:POST / 573689216530
WARNING:root:: 2741957
WARNING:root:DHLSS / 572121950513
WARNING:root:: 2741957
WARNING:root:DHLSS / 572121950513
WARNING:root:: 2741959
WARNING:root:POST / 573689216489
WARNING:root:: 2741960
WARNING:root:POST / 573689216906
WARNING:root:: 2741961
WARNING:root:POST / 573689216912
WARNING:root:: 2741961
WARNING:root:POST / 573689216912
WARNING:root:: 2741966
WARNING:root:DHLSS / 572121949415
WARNING:root:: 2741968
WARNING:root:DHLSS / 572121951070
WARNING:root:: 2741968
WARNING:root:DHLSS / 572121951070
WARNING:root:: 2741971
WARNING:root:DHLSS / 572121950383
WARNING:root:: 2741973
WARNING:root:POST / 573689216861
WARNING:root:: 2741980
WARNING:root:DHLSS / 572121950333
WARNING:root:: 2741981
WARNING:root:POST / 573689216697
WARNING:root:: 2741981
WARNING:root:POST / 573689216697
WARNING:root:: 2741982
WARNING:root:DHLSS / 572121951121
WARNING:root:: 2741985
WARNING:root:DHLSS / 572121951159
WARNING:root:: 2741985
WARNING:root:DHLSS / 572121951159
WARNING:root:: 2741987
WARNING:root:DHLSS / 572121949796
WARNING:root:: 2741988
WARNING:root:DHLSS / 572121949780
WARNING:root:: 2741989
WARNING:root:DHLSS / 572121949752
WARNING:root:: 2741989
WARNING:root:DHLSS / 572121949752
WARNING:root:: 2741993
WARNING:root:DHLSS / 572121950484
WARNING:root:: 2741995
WARNING:root:DHLSS / 572121950125
WARNING:root:: 2741998
WARNING:root:DHLSS / 572121951171
WARNING:root:: 2741999
WARNING:root:POST / 573689216653
WARNING:root:: 2741999
WARNING:root:POST / 573689216653
WARNING:root:: 2742003
WARNING:root:DHLSS / 572121950355
WARNING:root:: 2742004
WARNING:root:POST / 573689216350
WARNING:root:: 2742007
WARNING:root:POST / 573689216293
WARNING:root:: 2742016
WARNING:root:DHLSS / 572121950658
WARNING:root:: 2742017
WARNING:root:DHLSS / 572121951193
WARNING:root:: 2742017
WARNING:root:DHLSS / 572121951193
WARNING:root:: 2742018
WARNING:root:DHLSS / 572121949897
WARNING:root:: 2742019
WARNING:root:DHLSS / 572121949803
WARNING:root:: 2742021
WARNING:root:DHLSS / 572121950030
WARNING:root:: 2742022
WARNING:root:DHLSS / 572121949825
WARNING:root:: 2742022
WARNING:root:DHLSS / 572121949825
WARNING:root:: 2742023
WARNING:root:DHLSS / 572121950765
WARNING:root:: 2742023
WARNING:root:DHLSS / 572121950765
WARNING:root:: 2742024
WARNING:root:DHLSS / 572121950456
WARNING:root:: 2742024
WARNING:root:DHLSS / 572121950456
WARNING:root:: 2742025
WARNING:root:DHLSS / 572121951086
WARNING:root:: 2742028
WARNING:root:DHLSS / 572121951187
WARNING:root:: 2742037
WARNING:root:DHLSS / 572121951165
WARNING:root:: 2742038
WARNING:root:DHLSS / 572121949493
WARNING:root:: 2742040
WARNING:root:DHLSS / 572121951109
WARNING:root:: 2742041
WARNING:root:DHLSS / 572121951064
WARNING:root:: 2742041
WARNING:root:DHLSS / 572121951064
WARNING:root:: 2742041
WARNING:root:DHLSS / 572121951064
WARNING:root:: 2742043
WARNING:root:DHLSS / 572121950591
WARNING:root:: 2742048
WARNING:root:DHLSS / 572121950563
WARNING:root:: 2742048
WARNING:root:DHLSS / 572121950563
WARNING:root:: 2742048
WARNING:root:DHLSS / 572121950563
WARNING:root:: 2742048
WARNING:root:DHLSS / 572121950563
WARNING:root:: 2742051
WARNING:root:DHLSS / 572121950888
WARNING:root:: 2742051
WARNING:root:DHLSS / 572121950888
WARNING:root:: 2742052
WARNING:root:DHLSS / 572121950298
WARNING:root:: 2742052
WARNING:root:DHLSS / 572121950298
WARNING:root:: 2742052
WARNING:root:DHLSS / 572121950298
WARNING:root:: 2742053
WARNING:root:DHLSS / 572121950951
WARNING:root:: 2742053
WARNING:root:DHLSS / 572121950951
WARNING:root:: 2742057
WARNING:root:DBP / 572121601566
WARNING:root:: 2742062
WARNING:root:DHLSS / 572121950181
WARNING:root:: 2742078
WARNING:root:DHLSS / 572121950989
WARNING:root:: 2742091
WARNING:root:DHLSS / 572121950103
WARNING:root:: 2742095
WARNING:root:DHLSS / 572121949443
WARNING:root:: 2742097
WARNING:root:DHLSS / 572121949572
WARNING:root:: 2742097
WARNING:root:DHLSS / 572121949572
WARNING:root:: 2742097
WARNING:root:DHLSS / 572121949572
WARNING:root:: 2742098
WARNING:root:DHLSS / 572121949566
WARNING:root:: 2742098
WARNING:root:DHLSS / 572121949566
WARNING:root:: 2742100
WARNING:root:DHLSS / 572121951058
WARNING:root:: 2742100
WARNING:root:DHLSS / 572121951058
WARNING:root:: 2742100
WARNING:root:DHLSS / 572121951058
WARNING:root:: 2742100
WARNING:root:DHLSS / 572121951058
WARNING:root:: 2742100
WARNING:root:DHLSS / 572121951058
WARNING:root:: 2742103
WARNING:root:DHLSS / 572121950440
WARNING:root:: 2742103
WARNING:root:DHLSS / 572121950440
WARNING:root:: 2742104
WARNING:root:DHLSS / 572121949538
WARNING:root:: 2742109
WARNING:root:DHLSS / 572121949544
WARNING:root:: 2742111
WARNING:root:DHLSS / 572121949241
WARNING:root:: 2742115
WARNING:root:DHLSS / 572121950276
WARNING:root:: 2742115
WARNING:root:DHLSS / 572121950276
WARNING:root:: 2742116
WARNING:root:DHLSS / 572121950311
WARNING:root:: 2742119
WARNING:root:DHLSS / 572121950349
WARNING:root:: 2742119
WARNING:root:DHLSS / 572121950349
WARNING:root:: 2742120
WARNING:root:DHLSS / 572121950434
WARNING:root:: 2742120
WARNING:root:DHLSS / 572121950434
WARNING:root:: 2742120
WARNING:root:DHLSS / 572121950434
WARNING:root:: 2742120
WARNING:root:DHLSS / 572121950434
WARNING:root:: 2742120
WARNING:root:DHLSS / 572121950434
WARNING:root:: 2742121
WARNING:root:DHLSS / 572121949998
WARNING:root:: 2742124
WARNING:root:DHLSS / 572121950664
WARNING:root:: 2742129
WARNING:root:DHLSS / 572121950197
WARNING:root:: 2742132
WARNING:root:DHLSS / 572121950169
WARNING:root:: 2742133
WARNING:root:DHLSS / 572121949550
WARNING:root:: 2742136
WARNING:root:DHLSS / 572121950018
WARNING:root:: 2742141
WARNING:root:Nothing found
WARNING:root:: 2742142
WARNING:root:DHLSS / 572121949594
WARNING:root:: 2742143
WARNING:root:DHLSS / 572121950399
WARNING:root:: 2742147
WARNING:root:DHLSS / 572121949364
WARNING:root:: 2742147
WARNING:root:DHLSS / 572121949364
WARNING:root:: 2742147
WARNING:root:DHLSS / 572121949364
WARNING:root:: 2742148
WARNING:root:DHLSS / 572121950529
WARNING:root:: 2742149
WARNING:root:DHLSS / 572121950541
WARNING:root:: 2742155
WARNING:root:Nothing found
WARNING:root:: 2742157
WARNING:root:DHLSS / 572121950535
WARNING:root:: 2742160
WARNING:root:DHLSS / 572121950428
WARNING:root:: 2742167
WARNING:root:DHLSS / 572121950327
WARNING:root:: 2742167
WARNING:root:DHLSS / 572121950327
WARNING:root:: 2742167
WARNING:root:DHLSS / 572121950327
WARNING:root:: 2742169
WARNING:root:DHLSS / 572121949358
WARNING:root:: 2742172
WARNING:root:DHLSS / 572121950462
WARNING:root:: 2742175
WARNING:root:DHLSS / 572121949831
WARNING:root:: 2742176
WARNING:root:DHLSS / 572121949853
WARNING:root:: 2742176
WARNING:root:DHLSS / 572121949853
WARNING:root:: 2742176
WARNING:root:DHLSS / 572121949853
WARNING:root:: 2742179
WARNING:root:DHLSS / 572121949421
WARNING:root:: 2742180
WARNING:root:DHLSS / 572121949875
WARNING:root:: 2742183
WARNING:root:DHLSS / 572121949235
WARNING:root:: 2742184
WARNING:root:DHLSS / 572121950478
WARNING:root:: 2742185
WARNING:root:DHLSS / 572121949257
WARNING:root:: 2742185
WARNING:root:DHLSS / 572121949257
WARNING:root:: 2742188
WARNING:root:DHLSS / 572121949982
WARNING:root:: 2742190
WARNING:root:DHLSS / 572121949926
WARNING:root:: 2742190
WARNING:root:DHLSS / 572121949926
WARNING:root:: 2742195
WARNING:root:DHLSS / 572121949601
WARNING:root:: 2742195
WARNING:root:DHLSS / 572121949601
WARNING:root:: 2742196
WARNING:root:DHLSS / 572121949392
WARNING:root:: 2742196
WARNING:root:DHLSS / 572121949392
WARNING:root:: 2742197
WARNING:root:DHLSS / 572121950080
WARNING:root:: 2742198
WARNING:root:DHLSS / 572121950119
WARNING:root:: 2742200
WARNING:root:DHLSS / 572121950131
WARNING:root:: 2742202
WARNING:root:DHLSS / 572121950052
WARNING:root:: 2742205
WARNING:root:DHLSS / 572121950248
WARNING:root:: 2742205
WARNING:root:DHLSS / 572121950248
WARNING:root:: 2742209
WARNING:root:DHLSS / 572121950046
WARNING:root:: 2742210
WARNING:root:DHLSS / 572121950406
WARNING:root:: 2742212
WARNING:root:DHLSS / 572121950002
WARNING:root:: 2742216
WARNING:root:DHLSS / 572121950620
WARNING:root:: 2742219
WARNING:root:DHLSS / 572121950585
WARNING:root:: 2742223
WARNING:root:DHLSS / 572121950557
WARNING:root:: 2742223
WARNING:root:DHLSS / 572121950557
WARNING:root:: 2742223
WARNING:root:DHLSS / 572121950557
WARNING:root:: 2742223
WARNING:root:DHLSS / 572121950557
WARNING:root:: 2742225
WARNING:root:DHLSS / 572121951216
WARNING:root:: 2742225
WARNING:root:DHLSS / 572121951216
WARNING:root:: 2742225
WARNING:root:DHLSS / 572121951216
WARNING:root:: 2742225
WARNING:root:DHLSS / 572121951216
WARNING:root:: 2742225
WARNING:root:DHLSS / 572121951216
WARNING:root:: 2742225
WARNING:root:DHLSS / 572121951216
WARNING:root:: 2742225
WARNING:root:DHLSS / 572121951216
WARNING:root:: 2742230
WARNING:root:DHLSS / 572121950608
WARNING:root:: 2742230
WARNING:root:DHLSS / 572121950608
WARNING:root:: 2742231
WARNING:root:DHLSS / 572121950866
WARNING:root:: 2742231
WARNING:root:DHLSS / 572121950866
WARNING:root:: 2742232
WARNING:root:DHLSS / 572121950074
WARNING:root:: 2742235
WARNING:root:DHLSS / 572121950636
WARNING:root:: 2742235
WARNING:root:DHLSS / 572121950636
WARNING:root:: 2742236
WARNING:root:DHLSS / 572121950614
WARNING:root:: 2742236
WARNING:root:DHLSS / 572121950614
WARNING:root:: 2742236
WARNING:root:DHLSS / 572121950614
WARNING:root:: 2742238
WARNING:root:DHLSS / 572121950579
WARNING:root:: 2742238
WARNING:root:DHLSS / 572121950579
WARNING:root:: 2742238
WARNING:root:DHLSS / 572121950579
WARNING:root:: 2742238
WARNING:root:DHLSS / 572121950579
WARNING:root:: 2742239
WARNING:root:DHLSS / 572121949386
WARNING:root:: 2742240
WARNING:root:DHLSS / 572121950692
WARNING:root:: 2742240
WARNING:root:DHLSS / 572121950692
WARNING:root:: 2742240
WARNING:root:DHLSS / 572121950692
WARNING:root:: 2742244
WARNING:root:DHLSS / 572121950737
WARNING:root:: 2742244
WARNING:root:DHLSS / 572121950737
WARNING:root:: 2742320
WARNING:root:DHLSS / 572121949954
WARNING:root:: 2742330
WARNING:root:DHLSS / 572121949342
WARNING:root:: 2742352
WARNING:root:DHLSS / 572121949285
WARNING:root:: 2742352
WARNING:root:DHLSS / 572121949285
WARNING:root:: 2742362
WARNING:root:DHLSS / 572121950872
WARNING:root:: 2742362
WARNING:root:DHLSS / 572121950872
WARNING:root:: 2742362
WARNING:root:DHLSS / 572121950872
WARNING:root:: 2742362
WARNING:root:DHLSS / 572121950872
WARNING:root:: 2742362
WARNING:root:DHLSS / 572121950872
WARNING:root:: 2742366
WARNING:root:DHLSS / 572121949279
WARNING:root:: 2742366
WARNING:root:DHLSS / 572121949279
WARNING:root:: 2742366
WARNING:root:DHLSS / 572121949279
WARNING:root:: 2742368
WARNING:root:DHLSS / 572121951008
WARNING:root:: 2742370
WARNING:root:DHLSS / 572121951036
WARNING:root:: 2742374
WARNING:root:DHLSS / 572121949516
WARNING:root:: 2742375
WARNING:root:DHLSS / 572121949465
WARNING:root:: 2742376
WARNING:root:POST / 573689216007
WARNING:root:: 2742377
WARNING:root:POST / 573689215972
WARNING:root:: 2742379
WARNING:root:POST / 573689216811
WARNING:root:2742380 not found
WARNING:root:Nothing found
WARNING:root:2742383 not found
WARNING:root:Nothing found
WARNING:root:2742385 not found
WARNING:root:Nothing found
WARNING:root:2742386 not found
WARNING:root:Nothing found
WARNING:root:: 2742388
WARNING:root:DHLSS / 572121950945
WARNING:root:: 2742389
WARNING:root:POST / 573689216568
WARNING:root:: 2742390
WARNING:root:POST / 573689216798
WARNING:root:: 2742391
WARNING:root:POST / 573689216287
WARNING:root:: 2742393
WARNING:root:DHLSS / 572121950995
WARNING:root:: 2742394
WARNING:root:DHLSS / 572121950923
WARNING:root:: 2742396
WARNING:root:POST / 573689216827
WARNING:root:: 2742399
WARNING:root:POST / 573689216776
WARNING:root:: 2742400
WARNING:root:POST / 573689216704
WARNING:root:: 2742401
WARNING:root:POST / 573689216552
WARNING:root:: 2742405
WARNING:root:POST / 573689216849
WARNING:root:: 2742406
WARNING:root:DHLSS / 572121950973
WARNING:root:: 2742411
WARNING:root:DHLSS / 572121950147
WARNING:root:: 2742413
WARNING:root:POST / 573689216625
WARNING:root:: 2742415
WARNING:root:DHLSS / 572121949639
WARNING:root:: 2742416
WARNING:root:POST / 573689216631
WARNING:root:: 2742417
WARNING:root:DHLSS / 572121950175
WARNING:root:: 2742418
WARNING:root:POST / 573689216215
WARNING:root:: 2742419
WARNING:root:POST / 573689216647
WARNING:root:: 2742421
WARNING:root:POST / 573689216855
WARNING:root:: 2742422
WARNING:root:POST / 573689216669
WARNING:root:: 2742425
WARNING:root:POST / 573689216934
WARNING:root:: 2742426
WARNING:root:POST / 573689216940
WARNING:root:: 2742428
WARNING:root:DHLSS / 572121950967
WARNING:root:: 2742430
WARNING:root:POST / 573689216546
WARNING:root:: 2742433
WARNING:root:DHLSS / 572121950822
WARNING:root:: 2742434
WARNING:root:POST / 573689216013
WARNING:root:: 2742434
WARNING:root:POST / 573689216013
WARNING:root:: 2742435
WARNING:root:POST / 573689216394
WARNING:root:: 2742435
WARNING:root:POST / 573689216394
WARNING:root:: 2742436
WARNING:root:POST / 573689216681
WARNING:root:: 2742436
WARNING:root:POST / 573689216681
WARNING:root:: 2742439
WARNING:root:DHLSS / 572121950771
WARNING:root:: 2742442
WARNING:root:POST / 573689216120
WARNING:root:: 2742442
WARNING:root:POST / 573689216120
WARNING:root:: 2742443
WARNING:root:DHLSS / 572121950787
WARNING:root:: 2742444
WARNING:root:POST / 573689216164
WARNING:root:: 2742444
WARNING:root:POST / 573689216164
WARNING:root:: 2742446
WARNING:root:POST / 573689216237
WARNING:root:: 2742450
WARNING:root:POST / 573689215916
WARNING:root:: 2742450
WARNING:root:POST / 573689215916
WARNING:root:: 2742453
WARNING:root:POST / 573689216366
WARNING:root:: 2742454
WARNING:root:POST / 573689215966
WARNING:root:: 2742455
WARNING:root:POST / 573689216029
WARNING:root:: 2742455
WARNING:root:POST / 573689216029
WARNING:root:: 2742456
WARNING:root:DHLSS / 572121950670
WARNING:root:: 2742459
WARNING:root:POST / 573689216524
WARNING:root:: 2742461
WARNING:root:POST / 573689216243
WARNING:root:: 2742463
WARNING:root:POST / 573689215994
WARNING:root:: 2742464
WARNING:root:DHLSS / 572121949471
WARNING:root:: 2742464
WARNING:root:DHLSS / 572121949471
WARNING:root:: 2742468
WARNING:root:POST / 573689215950
WARNING:root:: 2742470
WARNING:root:POST / 573689215922
WARNING:root:: 2742474
WARNING:root:DHLSS / 572121950260
WARNING:root:: 2742475
WARNING:root:DHLSS / 572121949308
WARNING:root:: 2742476
WARNING:root:POST / 573689216423
WARNING:root:: 2742477
WARNING:root:POST / 573689216451
WARNING:root:: 2742481
WARNING:root:DHLSS / 572121950377
WARNING:root:: 2742482
WARNING:root:POST / 573689216142
WARNING:root:: 2742483
WARNING:root:POST / 573689215893
WARNING:root:: 2742487
WARNING:root:POST / 573689215900
WARNING:root:: 2742488
WARNING:root:DHLSS / 572121950210
WARNING:root:: 2742489
WARNING:root:POST / 573689215859
WARNING:root:: 2742492
WARNING:root:POST / 573689216473
WARNING:root:: 2742493
WARNING:root:POST / 573689216063
WARNING:root:: 2742495
WARNING:root:POST / 573689216114
WARNING:root:: 2742497
WARNING:root:POST / 573689216574
WARNING:root:: 2742498
WARNING:root:DHLSS / 572121950715
WARNING:root:: 2742498
WARNING:root:DHLSS / 572121950715
WARNING:root:: 2742501
WARNING:root:POST / 573689216136
WARNING:root:: 2742501
WARNING:root:POST / 573689216136
WARNING:root:: 2742508
WARNING:root:DHLSS / 572121949623
WARNING:root:: 2742510
WARNING:root:POST / 573689216079
WARNING:root:: 2742510
WARNING:root:POST / 573689216079
WARNING:root:: 2742513
WARNING:root:POST / 573689216091
WARNING:root:: 2742516
WARNING:root:POST / 573689215865
WARNING:root:: 2742517
WARNING:root:DHLSS / 572121949617
WARNING:root:: 2742517
WARNING:root:DHLSS / 572121949617
WARNING:root:: 2742517
WARNING:root:DHLSS / 572121949617
WARNING:root:: 2742517
WARNING:root:DHLSS / 572121949617
WARNING:root:: 2742519
WARNING:root:POST / 573689216495
WARNING:root:: 2742522
WARNING:root:DHLSS / 572121951042
WARNING:root:: 2742522
WARNING:root:DHLSS / 572121951042
WARNING:root:: 2742524
WARNING:root:POST / 573689216209
WARNING:root:: 2742525
WARNING:root:POST / 573689216502
WARNING:root:: 2742526
WARNING:root:DHLSS / 572121949291
WARNING:root:: 2742533
WARNING:root:POST / 573689216158
WARNING:root:: 2742538
WARNING:root:DHLSS / 572121951092
WARNING:root:: 2742538
WARNING:root:DHLSS / 572121951092
WARNING:root:: 2742539
WARNING:root:POST / 573689216170
WARNING:root:: 2742539
WARNING:root:POST / 573689216170
WARNING:root:: 2742540
WARNING:root:DHLSS / 572121949314
WARNING:root:: 2742541
WARNING:root:POST / 573689216710
WARNING:root:: 2742541
WARNING:root:POST / 573689216710
WARNING:root:: 2742541
WARNING:root:POST / 573689216710
WARNING:root:: 2742541
WARNING:root:POST / 573689216710
WARNING:root:: 2742548
WARNING:root:Nothing found
WARNING:root:: 2742551
WARNING:root:DHLSS / 572121949437
WARNING:root:: 2742552
WARNING:root:DHLSS / 572121949673
WARNING:root:: 2742553
WARNING:root:POST / 573689216108
WARNING:root:: 2742554
WARNING:root:DHLSS / 572121950793
WARNING:root:: 2742555
WARNING:root:POST / 573689216057
WARNING:root:: 2742556
WARNING:root:POST / 573689216041
WARNING:root:: 2742557
WARNING:root:POST / 573689215887
WARNING:root:: 2742561
WARNING:root:DHLSS / 572121950838
WARNING:root:: 2742561
WARNING:root:DHLSS / 572121950838
WARNING:root:: 2742562
WARNING:root:DHLSS / 572121949746
WARNING:root:: 2742566
WARNING:root:POST / 573689216518
WARNING:root:: 2742567
WARNING:root:POST / 573689215988
WARNING:root:: 2742567
WARNING:root:POST / 573689215988
WARNING:root:: 2742570
WARNING:root:POST / 573689216186
WARNING:root:: 2742571
WARNING:root:Nothing found
WARNING:root:: 2742573
WARNING:root:POST / 573689216085
WARNING:root:: 2742574
WARNING:root:DHLSS / 572121949819
WARNING:root:: 2742575
WARNING:root:POST / 573689216899
WARNING:root:: 2742575
WARNING:root:POST / 573689216899
WARNING:root:: 2742575
WARNING:root:POST / 573689216899
WARNING:root:: 2742575
WARNING:root:POST / 573689216899
WARNING:root:: 2742577
WARNING:root:POST / 573689216192
WARNING:root:: 2742577
WARNING:root:POST / 573689216192
WARNING:root:: 2742581
WARNING:root:DHLSS / 572121949702
WARNING:root:: 2742583
WARNING:root:POST / 573689216388
WARNING:root:: 2742584
WARNING:root:POST / 573689216344
WARNING:root:: 2742588
WARNING:root:DHLSS / 572121949651
WARNING:root:: 2742592
WARNING:root:DHLSS / 572121949320
WARNING:root:: 2742593
WARNING:root:POST / 573689215938
WARNING:root:: 2742595
WARNING:root:DHLSS / 572121949910
WARNING:root:: 2742596
WARNING:root:POST / 573689216322
WARNING:root:: 2742597
WARNING:root:DHLSS / 572121950305
WARNING:root:: 2742597
WARNING:root:DHLSS / 572121950305
WARNING:root:: 2742597
WARNING:root:DHLSS / 572121950305
WARNING:root:: 2742599
WARNING:root:POST / 573689216928
WARNING:root:: 2742599
WARNING:root:POST / 573689216928
WARNING:root:: 2742600
WARNING:root:POST / 573689216035
WARNING:root:: 2742601
WARNING:root:POST / 573689216417
WARNING:root:: 2742601
WARNING:root:POST / 573689216417
WARNING:root:: 2742604
WARNING:root:DHLSS / 572121949976
WARNING:root:: 2742604
WARNING:root:DHLSS / 572121949976
WARNING:root:: 2742605
WARNING:root:DHLSS / 572121949667
WARNING:root:: 2742606
WARNING:root:DHLSS / 572121949932
WARNING:root:: 2742607
WARNING:root:POST / 573689216748
WARNING:root:: 2742608
WARNING:root:DHLSS / 572121949881
WARNING:root:: 2742608
WARNING:root:DHLSS / 572121949881
WARNING:root:: 2742610
WARNING:root:DHLSS / 572121949774
WARNING:root:: 2742613
WARNING:root:POST / 573689216675
WARNING:root:: 2742613
WARNING:root:POST / 573689216675
WARNING:root:: 2742616
WARNING:root:POST / 573689216805
WARNING:root:: 2742617
WARNING:root:POST / 573689216782
WARNING:root:: 2742620
WARNING:root:POST / 573689216619
WARNING:root:: 2742622
WARNING:root:DHLSS / 572121950096
WARNING:root:: 2742622
WARNING:root:DHLSS / 572121950096
WARNING:root:: 2742623
WARNING:root:POST / 573689216962
WARNING:root:: 2742623
WARNING:root:POST / 573689216962
WARNING:root:: 2742623
WARNING:root:POST / 573689216962
WARNING:root:: 2742623
WARNING:root:POST / 573689216962
WARNING:root:: 2742623
WARNING:root:POST / 573689216962
WARNING:root:: 2742623
WARNING:root:POST / 573689216962
WARNING:root:: 2742623
WARNING:root:POST / 573689216962
WARNING:root:: 2742623
WARNING:root:POST / 573689216962
WARNING:root:: 2742626
WARNING:root:DHLSS / 572121951014
WARNING:root:: 2742627
WARNING:root:DHLSS / 572121951020
WARNING:root:: 2742628
WARNING:root:POST / 573689216221
WARNING:root:: 2742630
WARNING:root:POST / 573689217716
WARNING:root:: 2742630
WARNING:root:POST / 573689217716
WARNING:root:: 2742630
WARNING:root:POST / 573689217716
WARNING:root:: 2742631
WARNING:root:POST / 573689216401
WARNING:root:: 2742632
WARNING:root:POST / 573689216732
WARNING:root:: 2742633
WARNING:root:DHLSS / 572121949588
WARNING:root:: 2742639
WARNING:root:POST / 573689216439
WARNING:root:: 2742640
WARNING:root:DHLSS / 572121949960
WARNING:root:: 2742645
WARNING:root:POST / 573689216726
WARNING:root:: 2742647
WARNING:root:DHLSS / 572121950024
WARNING:root:: 2742648
WARNING:root:DHLSS / 572121950226
WARNING:root:: 2742650
WARNING:root:POST / 573689216754
WARNING:root:: 2742651
WARNING:root:DHLSS / 572121950153
WARNING:root:: 2742652
WARNING:root:POST / 574040009318
WARNING:root:: 2742656
WARNING:root:DHLSS / 572121950412
WARNING:root:: 2742656
WARNING:root:DHLSS / 572121950412
WARNING:root:: 2742657
WARNING:root:DHLSS / 572121950361
WARNING:root:: 2742657
WARNING:root:DHLSS / 572121950361
WARNING:root:: 2742659
WARNING:root:POST / 573689215871
WARNING:root:: 2742660
WARNING:root:DHLSS / 572121949263
WARNING:root:: 2742661
WARNING:root:DHLSS / 572121950917
WARNING:root:: 2742661
WARNING:root:DHLSS / 572121950917
WARNING:root:: 2742661
WARNING:root:DHLSS / 572121950917
WARNING:root:: 2742662
WARNING:root:POST / 573689216338
WARNING:root:: 2742668
WARNING:root:POST / 573689216316
WARNING:root:: 2742670
WARNING:root:POST / 573689216271
WARNING:root:: 2742671
WARNING:root:DHLSS / 572121949336
WARNING:root:: 2742673
WARNING:root:DHLSS / 572121950800
WARNING:root:: 2742674
WARNING:root:DHLSS / 572121950816
WARNING:root:: 2742677
WARNING:root:POST / 573689216259
WARNING:root:: 2742683
WARNING:root:DHLSS / 572121949695
WARNING:root:: 2742684
WARNING:root:DHLSS / 572121949718
WARNING:root:: 2742686
WARNING:root:DHLSS / 572121951200
WARNING:root:: 2742688
WARNING:root:DHLSS / 572121949724
WARNING:root:: 2742688
WARNING:root:DHLSS / 572121949724
WARNING:root:: 2742689
WARNING:root:DHLSS / 572121949689
WARNING:root:: 2742690
WARNING:root:DHLSS / 572121949730
WARNING:root:: 2742693
WARNING:root:DHLSS / 572121949768
WARNING:root:: 2742694
WARNING:root:DHLSS / 572121950901
WARNING:root:: 2742695
WARNING:root:DHLSS / 572121950490
WARNING:root:: 2742695
WARNING:root:DHLSS / 572121950490
WARNING:root:: 2742697
WARNING:root:DHLSS / 572121950642
WARNING:root:: 2742698
WARNING:root:DHLSS / 572121949847
WARNING:root:: 2742699
WARNING:root:DHLSS / 572121951115
WARNING:root:: 2742699
WARNING:root:DHLSS / 572121951115
WARNING:root:: 2742703
WARNING:root:DHLSS / 572121950850
WARNING:root:: 2742703
WARNING:root:DHLSS / 572121950850
WARNING:root:: 2742703
WARNING:root:DHLSS / 572121950850
WARNING:root:: 2742703
WARNING:root:DHLSS / 572121950850
WARNING:root:: 2742704
WARNING:root:DHLSS / 572121950844
WARNING:root:: 2742706
WARNING:root:DHLSS / 572121950282
WARNING:root:: 2742708
WARNING:root:DHLSS / 572121951143
WARNING:root:: 2742708
WARNING:root:DHLSS / 572121951143
WARNING:root:: 2742709
WARNING:root:DHLSS / 572121951137
WARNING:root:: 2742710
WARNING:root:DHLSS / 572121950254
WARNING:root:: 2742712
WARNING:root:DHLSS / 572121950709
WARNING:root:: 2742714
WARNING:root:DHLSS / 572121950232
WARNING:root:: 2742715
WARNING:root:DHLSS / 572121950204
WARNING:root:: 2742716
WARNING:root:DHLSS / 572121949500
WARNING:root:: 2742719
WARNING:root:DHLSS / 572121950743
WARNING:root:: 2742724
WARNING:root:DHLSS / 572121949487
WARNING:root:: 2742725
WARNING:root:DHLSS / 572121949869
WARNING:root:: 2742730
WARNING:root:DHLSS / 572121949370
WARNING:root:: 2742732
WARNING:root:DHLSS / 572121950759
WARNING:root:: 2742733
WARNING:root:DHLSS / 572121950721
WARNING:root:: 2742795
WARNING:root:DHLSS / 572121952284
WARNING:root:: 2742795
WARNING:root:DHLSS / 572121952284
WARNING:root:: 2742795
WARNING:root:DHLSS / 572121952284
WARNING:root:: 2742795
WARNING:root:DHLSS / 572121952284
WARNING:root:: 2742801
WARNING:root:DHLSS / 572121952278
WARNING:root:: 2742819
WARNING:root:DHLSS / 572121951503
WARNING:root:: 2742860
WARNING:root:DHLSS / 572121952723
WARNING:root:: 2742861
WARNING:root:DHLSS / 572121952767
WARNING:root:: 2742862
WARNING:root:DHLSS / 572121952385
WARNING:root:: 2742863
WARNING:root:DHLSS / 572121953139
WARNING:root:: 2742863
WARNING:root:DHLSS / 572121953139
WARNING:root:: 2742863
WARNING:root:DHLSS / 572121953139
WARNING:root:: 2742866
WARNING:root:DHLSS / 572121951272
WARNING:root:: 2742869
WARNING:root:DHLSS / 572121951288
WARNING:root:: 2742870
WARNING:root:DHLSS / 572121953022
WARNING:root:: 2742872
WARNING:root:Nothing found
WARNING:root:: 2742874
WARNING:root:POST / 573689217306
WARNING:root:: 2742875
WARNING:root:POST / 573689217592
WARNING:root:: 2742876
WARNING:root:DHLSS / 572121952622
WARNING:root:: 2742879
WARNING:root:POST / 573689217075
WARNING:root:: 2742885
WARNING:root:POST / 573689217081
WARNING:root:: 2742888
WARNING:root:POST / 573689217249
WARNING:root:: 2742890
WARNING:root:POST / 573689217148
WARNING:root:: 2742892
WARNING:root:POST / 573689217312
WARNING:root:: 2742893
WARNING:root:POST / 573689217665
WARNING:root:: 2742894
WARNING:root:POST / 573689217211
WARNING:root:: 2742895
WARNING:root:DHLSS / 572121952408
WARNING:root:: 2742896
WARNING:root:POST / 573689217104
WARNING:root:: 2742897
WARNING:root:POST / 573689217772
WARNING:root:: 2742898
WARNING:root:POST / 573689217384
WARNING:root:: 2742902
WARNING:root:POST / 573689217198
WARNING:root:: 2742903
WARNING:root:POST / 573689217110
WARNING:root:: 2742904
WARNING:root:DHLSS / 572121951452
WARNING:root:: 2742904
WARNING:root:DHLSS / 572121951452
WARNING:root:: 2742904
WARNING:root:DHLSS / 572121951452
WARNING:root:: 2742904
WARNING:root:DHLSS / 572121951452
WARNING:root:: 2742904
WARNING:root:DHLSS / 572121951452
WARNING:root:: 2742906
WARNING:root:POST / 573689217182
WARNING:root:: 2742907
WARNING:root:POST / 573689217744
WARNING:root:: 2742908
WARNING:root:POST / 573689217176
WARNING:root:: 2742909
WARNING:root:DHLSS / 572121951418
WARNING:root:: 2742911
WARNING:root:POST / 573689217126
WARNING:root:: 2742911
WARNING:root:POST / 573689217126
WARNING:root:: 2742916
WARNING:root:POST / 573689217205
WARNING:root:: 2742918
WARNING:root:POST / 573689217132
WARNING:root:: 2742920
WARNING:root:POST / 573689217362
WARNING:root:: 2742921
WARNING:root:DHLSS / 572121951783
WARNING:root:: 2742925
WARNING:root:DHLSS / 572121953218
WARNING:root:: 2742926
WARNING:root:DHLSS / 572121951424
WARNING:root:: 2742926
WARNING:root:DHLSS / 572121951424
WARNING:root:: 2742927
WARNING:root:DHLSS / 572121951389
WARNING:root:: 2742927
WARNING:root:DHLSS / 572121951389
WARNING:root:: 2742927
WARNING:root:DHLSS / 572121951389
WARNING:root:: 2742927
WARNING:root:DHLSS / 572121951389
WARNING:root:: 2742928
WARNING:root:DHLSS / 572121952363
WARNING:root:: 2742928
WARNING:root:DHLSS / 572121952363
WARNING:root:: 2742928
WARNING:root:DHLSS / 572121952363
WARNING:root:: 2742928
WARNING:root:DHLSS / 572121952363
WARNING:root:: 2742930
WARNING:root:POST / 573689217233
WARNING:root:: 2742931
WARNING:root:POST / 573689217867
WARNING:root:: 2742931
WARNING:root:POST / 573689217867
WARNING:root:: 2742934
WARNING:root:POST / 573689217435
WARNING:root:: 2742936
WARNING:root:DHLSS / 572121951913
WARNING:root:: 2742936
WARNING:root:DHLSS / 572121951913
WARNING:root:: 2742936
WARNING:root:DHLSS / 572121951913
WARNING:root:: 2742936
WARNING:root:DHLSS / 572121951913
WARNING:root:: 2742940
WARNING:root:DHLSS / 572121952947
WARNING:root:: 2742940
WARNING:root:DHLSS / 572121952947
WARNING:root:: 2742941
WARNING:root:DHLSS / 572121951941
WARNING:root:: 2742941
WARNING:root:DHLSS / 572121951941
WARNING:root:: 2742941
WARNING:root:DHLSS / 572121951941
WARNING:root:: 2742941
WARNING:root:DHLSS / 572121951941
WARNING:root:: 2742942
WARNING:root:DHLSS / 572121952149
WARNING:root:: 2742942
WARNING:root:DHLSS / 572121952149
WARNING:root:: 2742942
WARNING:root:DHLSS / 572121952149
WARNING:root:: 2742942
WARNING:root:DHLSS / 572121952149
WARNING:root:: 2742943
WARNING:root:DHLSS / 572121951963
WARNING:root:: 2742943
WARNING:root:DHLSS / 572121951963
WARNING:root:: 2742943
WARNING:root:DHLSS / 572121951963
WARNING:root:: 2742943
WARNING:root:DHLSS / 572121951963
WARNING:root:: 2742944
WARNING:root:POST / 573689217542
WARNING:root:: 2742945
WARNING:root:DHLSS / 572121951991
WARNING:root:: 2742945
WARNING:root:DHLSS / 572121951991
WARNING:root:: 2742945
WARNING:root:DHLSS / 572121951991
WARNING:root:: 2742945
WARNING:root:DHLSS / 572121951991
WARNING:root:: 2742946
WARNING:root:DHLSS / 572121951957
WARNING:root:: 2742946
WARNING:root:DHLSS / 572121951957
WARNING:root:: 2742946
WARNING:root:DHLSS / 572121951957
WARNING:root:: 2742946
WARNING:root:DHLSS / 572121951957
WARNING:root:: 2742948
WARNING:root:DHLSS / 572121951856
WARNING:root:: 2742948
WARNING:root:DHLSS / 572121951856
WARNING:root:: 2742948
WARNING:root:DHLSS / 572121951856
WARNING:root:: 2742948
WARNING:root:DHLSS / 572121951856
WARNING:root:: 2742949
WARNING:root:POST / 573689217356
WARNING:root:: 2742950
WARNING:root:POST / 573689217429
WARNING:root:: 2742951
WARNING:root:DHLSS / 572121952004
WARNING:root:: 2742951
WARNING:root:DHLSS / 572121952004
WARNING:root:: 2742951
WARNING:root:DHLSS / 572121952004
WARNING:root:: 2742951
WARNING:root:DHLSS / 572121952004
WARNING:root:: 2742952
WARNING:root:DHLSS / 572121953151
WARNING:root:: 2742952
WARNING:root:DHLSS / 572121953151
WARNING:root:: 2742952
WARNING:root:DHLSS / 572121953151
WARNING:root:: 2742953
WARNING:root:POST / 574040009346
WARNING:root:: 2742954
WARNING:root:DHLSS / 572121953167
WARNING:root:: 2742954
WARNING:root:DHLSS / 572121953167
WARNING:root:: 2742954
WARNING:root:DHLSS / 572121953167
WARNING:root:: 2742956
WARNING:root:DHLSS / 572121952688
WARNING:root:: 2742956
WARNING:root:DHLSS / 572121952688
WARNING:root:: 2742958
WARNING:root:DHLSS / 572121952048
WARNING:root:: 2742959
WARNING:root:DHLSS / 572121952105
WARNING:root:: 2742959
WARNING:root:DHLSS / 572121952105
WARNING:root:: 2742959
WARNING:root:DHLSS / 572121952105
WARNING:root:: 2742959
WARNING:root:DHLSS / 572121952105
WARNING:root:: 2742961
WARNING:root:POST / 573689217413
WARNING:root:: 2742962
WARNING:root:DHLSS / 572121951985
WARNING:root:: 2742962
WARNING:root:DHLSS / 572121951985
WARNING:root:: 2742962
WARNING:root:DHLSS / 572121951985
WARNING:root:: 2742962
WARNING:root:DHLSS / 572121951985
WARNING:root:: 2742963
WARNING:root:DHLSS / 572121952357
WARNING:root:: 2742963
WARNING:root:DHLSS / 572121952357
WARNING:root:: 2742963
WARNING:root:DHLSS / 572121952357
WARNING:root:: 2742963
WARNING:root:DHLSS / 572121952357
WARNING:root:: 2742964
WARNING:root:DHLSS / 572121953173
WARNING:root:: 2742965
WARNING:root:DHLSS / 572121952082
WARNING:root:: 2742966
WARNING:root:DHLSS / 572121953303
WARNING:root:: 2742966
WARNING:root:DHLSS / 572121953303
WARNING:root:: 2742966
WARNING:root:DHLSS / 572121953303
WARNING:root:: 2742967
WARNING:root:DHLSS / 572121953202
WARNING:root:: 2742967
WARNING:root:DHLSS / 572121953202
WARNING:root:: 2742967
WARNING:root:DHLSS / 572121953202
WARNING:root:: 2742968
WARNING:root:POST / 573689217463
WARNING:root:: 2742969
WARNING:root:DHLSS / 572121952341
WARNING:root:: 2742969
WARNING:root:DHLSS / 572121952341
WARNING:root:: 2742969
WARNING:root:DHLSS / 572121952341
WARNING:root:: 2742969
WARNING:root:DHLSS / 572121952341
WARNING:root:: 2742971
WARNING:root:Nothing found
WARNING:root:: 2742971
WARNING:root:Nothing found
WARNING:root:: 2742971
WARNING:root:Nothing found
WARNING:root:: 2742971
WARNING:root:Nothing found
WARNING:root:: 2742973
WARNING:root:POST / 573689217586
WARNING:root:: 2742975
WARNING:root:DHLSS / 572121951935
WARNING:root:: 2742975
WARNING:root:DHLSS / 572121951935
WARNING:root:: 2742975
WARNING:root:DHLSS / 572121951935
WARNING:root:: 2742975
WARNING:root:DHLSS / 572121951935
WARNING:root:: 2742976
WARNING:root:DHLSS / 572121953066
WARNING:root:: 2742976
WARNING:root:DHLSS / 572121953066
WARNING:root:: 2742979
WARNING:root:DHLSS / 572121951698
WARNING:root:: 2742979
WARNING:root:DHLSS / 572121951698
WARNING:root:: 2742979
WARNING:root:DHLSS / 572121951698
WARNING:root:: 2742979
WARNING:root:DHLSS / 572121951698
WARNING:root:: 2742981
WARNING:root:DHLSS / 572121952745
WARNING:root:: 2742981
WARNING:root:DHLSS / 572121952745
WARNING:root:: 2742981
WARNING:root:DHLSS / 572121952745
WARNING:root:: 2742981
WARNING:root:DHLSS / 572121952745
WARNING:root:: 2742982
WARNING:root:POST / 573689217508
WARNING:root:: 2742982
WARNING:root:POST / 573689217508
WARNING:root:: 2742984
WARNING:root:POST / 573689217255
WARNING:root:: 2742986
WARNING:root:POST / 573689217570
WARNING:root:: 2742986
WARNING:root:POST / 573689217570
WARNING:root:: 2742986
WARNING:root:POST / 573689217570
WARNING:root:: 2742992
WARNING:root:DHLSS / 572121951682
WARNING:root:: 2742992
WARNING:root:DHLSS / 572121951682
WARNING:root:: 2742992
WARNING:root:DHLSS / 572121951682
WARNING:root:: 2742992
WARNING:root:DHLSS / 572121951682
WARNING:root:: 2742993
WARNING:root:DHLSS / 572121952868
WARNING:root:: 2742995
WARNING:root:POST / 573689217766
WARNING:root:: 2742996
WARNING:root:DHLSS / 572121951632
WARNING:root:: 2742996
WARNING:root:DHLSS / 572121951632
WARNING:root:: 2742996
WARNING:root:DHLSS / 572121951632
WARNING:root:: 2742996
WARNING:root:DHLSS / 572121951632
WARNING:root:: 2742998
WARNING:root:DHLSS / 572121952650
WARNING:root:: 2742999
WARNING:root:DHLSS / 572121952874
WARNING:root:: 2742999
WARNING:root:DHLSS / 572121952874
WARNING:root:: 2742999
WARNING:root:DHLSS / 572121952874
WARNING:root:: 2743001
WARNING:root:DHLSS / 572121951480
WARNING:root:: 2743001
WARNING:root:DHLSS / 572121951480
WARNING:root:: 2743001
WARNING:root:DHLSS / 572121951480
WARNING:root:: 2743001
WARNING:root:DHLSS / 572121951480
WARNING:root:: 2743002
WARNING:root:DHLSS / 572121952571
WARNING:root:: 2743002
WARNING:root:DHLSS / 572121952571
WARNING:root:: 2743002
WARNING:root:DHLSS / 572121952571
WARNING:root:: 2743004
WARNING:root:POST / 573689217520
WARNING:root:: 2743005
WARNING:root:DHLSS / 572121951676
WARNING:root:: 2743005
WARNING:root:DHLSS / 572121951676
WARNING:root:: 2743005
WARNING:root:DHLSS / 572121951676
WARNING:root:: 2743005
WARNING:root:DHLSS / 572121951676
WARNING:root:: 2743006
WARNING:root:DHLSS / 572121952515
WARNING:root:: 2743006
WARNING:root:DHLSS / 572121952515
WARNING:root:: 2743007
WARNING:root:DHLSS / 572121952521
WARNING:root:: 2743008
WARNING:root:POST / 573689217823
WARNING:root:: 2743009
WARNING:root:DHLSS / 572121951610
WARNING:root:: 2743009
WARNING:root:DHLSS / 572121951610
WARNING:root:: 2743009
WARNING:root:DHLSS / 572121951610
WARNING:root:: 2743009
WARNING:root:DHLSS / 572121951610
WARNING:root:: 2743011
WARNING:root:DHLSS / 572121951626
WARNING:root:: 2743011
WARNING:root:DHLSS / 572121951626
WARNING:root:: 2743011
WARNING:root:DHLSS / 572121951626
WARNING:root:: 2743011
WARNING:root:DHLSS / 572121951626
WARNING:root:: 2743012
WARNING:root:DHLSS / 572121951575
WARNING:root:: 2743012
WARNING:root:DHLSS / 572121951575
WARNING:root:: 2743012
WARNING:root:DHLSS / 572121951575
WARNING:root:: 2743012
WARNING:root:DHLSS / 572121951575
WARNING:root:: 2743013
WARNING:root:DHLSS / 572121952739
WARNING:root:: 2743013
WARNING:root:DHLSS / 572121952739
WARNING:root:: 2743013
WARNING:root:DHLSS / 572121952739
WARNING:root:: 2743013
WARNING:root:DHLSS / 572121952739
WARNING:root:: 2743015
WARNING:root:DHLSS / 572121951468
WARNING:root:: 2743015
WARNING:root:DHLSS / 572121951468
WARNING:root:: 2743015
WARNING:root:DHLSS / 572121951468
WARNING:root:: 2743015
WARNING:root:DHLSS / 572121951468
WARNING:root:: 2743016
WARNING:root:DHLSS / 572121953448
WARNING:root:: 2743016
WARNING:root:DHLSS / 572121953448
WARNING:root:: 2743016
WARNING:root:DHLSS / 572121953448
WARNING:root:: 2743016
WARNING:root:DHLSS / 572121953448
WARNING:root:: 2743016
WARNING:root:DHLSS / 572121953448
WARNING:root:: 2743016
WARNING:root:DHLSS / 572121953448
WARNING:root:: 2743017
WARNING:root:DHLSS / 572121951660
WARNING:root:: 2743017
WARNING:root:DHLSS / 572121951660
WARNING:root:: 2743017
WARNING:root:DHLSS / 572121951660
WARNING:root:: 2743017
WARNING:root:DHLSS / 572121951660
WARNING:root:: 2743019
WARNING:root:POST / 573689217160
WARNING:root:: 2743020
WARNING:root:DHLSS / 572121952593
WARNING:root:: 2743020
WARNING:root:DHLSS / 572121952593
WARNING:root:: 2743020
WARNING:root:DHLSS / 572121952593
WARNING:root:: 2743023
WARNING:root:DHLSS / 572121951581
WARNING:root:: 2743023
WARNING:root:DHLSS / 572121951581
WARNING:root:: 2743023
WARNING:root:DHLSS / 572121951581
WARNING:root:: 2743023
WARNING:root:DHLSS / 572121951581
WARNING:root:: 2743024
WARNING:root:DHLSS / 572121951733
WARNING:root:: 2743024
WARNING:root:DHLSS / 572121951733
WARNING:root:: 2743024
WARNING:root:DHLSS / 572121951733
WARNING:root:: 2743024
WARNING:root:DHLSS / 572121951733
WARNING:root:: 2743026
WARNING:root:POST / 573689217340
WARNING:root:: 2743027
WARNING:root:DHLSS / 572121951553
WARNING:root:: 2743027
WARNING:root:DHLSS / 572121951553
WARNING:root:: 2743027
WARNING:root:DHLSS / 572121951553
WARNING:root:: 2743027
WARNING:root:DHLSS / 572121951553
WARNING:root:: 2743027
WARNING:root:DHLSS / 572121951553
WARNING:root:: 2743028
WARNING:root:DHLSS / 572121951474
WARNING:root:: 2743028
WARNING:root:DHLSS / 572121951474
WARNING:root:: 2743028
WARNING:root:DHLSS / 572121951474
WARNING:root:: 2743028
WARNING:root:DHLSS / 572121951474
WARNING:root:: 2743029
WARNING:root:DHLSS / 572121951446
WARNING:root:: 2743029
WARNING:root:DHLSS / 572121951446
WARNING:root:: 2743029
WARNING:root:DHLSS / 572121951446
WARNING:root:: 2743029
WARNING:root:DHLSS / 572121951446
WARNING:root:: 2743030
WARNING:root:POST / 573689217609
WARNING:root:: 2743031
WARNING:root:DHLSS / 572121952464
WARNING:root:: 2743032
WARNING:root:DHLSS / 572121951519
WARNING:root:: 2743032
WARNING:root:DHLSS / 572121951519
WARNING:root:: 2743032
WARNING:root:DHLSS / 572121951519
WARNING:root:: 2743032
WARNING:root:DHLSS / 572121951519
WARNING:root:: 2743033
WARNING:root:DHLSS / 572121952509
WARNING:root:: 2743034
WARNING:root:POST / 573689217621
WARNING:root:: 2743035
WARNING:root:DHLSS / 572121951727
WARNING:root:: 2743035
WARNING:root:DHLSS / 572121951727
WARNING:root:: 2743035
WARNING:root:DHLSS / 572121951727
WARNING:root:: 2743035
WARNING:root:DHLSS / 572121951727
WARNING:root:: 2743036
WARNING:root:DHLSS / 572121951711
WARNING:root:: 2743036
WARNING:root:DHLSS / 572121951711
WARNING:root:: 2743036
WARNING:root:DHLSS / 572121951711
WARNING:root:: 2743036
WARNING:root:DHLSS / 572121951711
WARNING:root:: 2743037
WARNING:root:DHLSS / 572121952492
WARNING:root:: 2743038
WARNING:root:DHLSS / 572121951806
WARNING:root:: 2743038
WARNING:root:DHLSS / 572121951806
WARNING:root:: 2743038
WARNING:root:DHLSS / 572121951806
WARNING:root:: 2743038
WARNING:root:DHLSS / 572121951806
WARNING:root:: 2743039
WARNING:root:POST / 573689217564
WARNING:root:: 2743040
WARNING:root:DHLSS / 572121951755
WARNING:root:: 2743040
WARNING:root:DHLSS / 572121951755
WARNING:root:: 2743041
WARNING:root:POST / 573689217637
WARNING:root:: 2743042
WARNING:root:DHLSS / 572121951654
WARNING:root:: 2743042
WARNING:root:DHLSS / 572121951654
WARNING:root:: 2743042
WARNING:root:DHLSS / 572121951654
WARNING:root:: 2743042
WARNING:root:DHLSS / 572121951654
WARNING:root:: 2743043
WARNING:root:POST / 573689217053
WARNING:root:: 2743047
WARNING:root:DHLSS / 572121952335
WARNING:root:: 2743047
WARNING:root:DHLSS / 572121952335
WARNING:root:: 2743047
WARNING:root:DHLSS / 572121952335
WARNING:root:: 2743047
WARNING:root:DHLSS / 572121952335
WARNING:root:: 2743048
WARNING:root:DHLSS / 572121951569
WARNING:root:: 2743050
WARNING:root:DHLSS / 572121951890
WARNING:root:: 2743050
WARNING:root:DHLSS / 572121951890
WARNING:root:: 2743050
WARNING:root:DHLSS / 572121951890
WARNING:root:: 2743050
WARNING:root:DHLSS / 572121951890
WARNING:root:: 2743052
WARNING:root:DHLSS / 572121951812
WARNING:root:: 2743052
WARNING:root:DHLSS / 572121951812
WARNING:root:: 2743052
WARNING:root:DHLSS / 572121951812
WARNING:root:: 2743052
WARNING:root:DHLSS / 572121951812
WARNING:root:: 2743053
WARNING:root:Nothing found
WARNING:root:: 2743053
WARNING:root:Nothing found
WARNING:root:: 2743053
WARNING:root:Nothing found
WARNING:root:: 2743053
WARNING:root:Nothing found
WARNING:root:: 2743056
WARNING:root:DHLSS / 572121953088
WARNING:root:: 2743056
WARNING:root:DHLSS / 572121953088
WARNING:root:: 2743058
WARNING:root:DHLSS / 572121952789
WARNING:root:: 2743059
WARNING:root:DHLSS / 572121953094
WARNING:root:: 2743060
WARNING:root:DHLSS / 572121952717
WARNING:root:: 2743060
WARNING:root:DHLSS / 572121952717
WARNING:root:: 2743060
WARNING:root:DHLSS / 572121952717
WARNING:root:: 2743060
WARNING:root:DHLSS / 572121952717
WARNING:root:: 2743061
WARNING:root:POST / 573689217659
WARNING:root:: 2743061
WARNING:root:POST / 573689217659
WARNING:root:: 2743064
WARNING:root:DHLSS / 572121952183
WARNING:root:: 2743064
WARNING:root:DHLSS / 572121952183
WARNING:root:: 2743064
WARNING:root:DHLSS / 572121952183
WARNING:root:: 2743064
WARNING:root:DHLSS / 572121952183
WARNING:root:: 2743065
WARNING:root:POST / 573689217261
WARNING:root:: 2743066
WARNING:root:DHLSS / 572121951840
WARNING:root:: 2743066
WARNING:root:DHLSS / 572121951840
WARNING:root:: 2743066
WARNING:root:DHLSS / 572121951840
WARNING:root:: 2743066
WARNING:root:DHLSS / 572121951840
WARNING:root:: 2743067
WARNING:root:DHLSS / 572121952155
WARNING:root:: 2743067
WARNING:root:DHLSS / 572121952155
WARNING:root:: 2743067
WARNING:root:DHLSS / 572121952155
WARNING:root:: 2743067
WARNING:root:DHLSS / 572121952155
WARNING:root:: 2743068
WARNING:root:DHLSS / 572121952931
WARNING:root:: 2743070
WARNING:root:DHLSS / 572121952111
WARNING:root:: 2743070
WARNING:root:DHLSS / 572121952111
WARNING:root:: 2743070
WARNING:root:DHLSS / 572121952111
WARNING:root:: 2743070
WARNING:root:DHLSS / 572121952111
WARNING:root:: 2743071
WARNING:root:POST / 573689217334
WARNING:root:: 2743073
WARNING:root:POST / 573689217817
WARNING:root:: 2743074
WARNING:root:DHLSS / 572121951929
WARNING:root:: 2743074
WARNING:root:DHLSS / 572121951929
WARNING:root:: 2743074
WARNING:root:DHLSS / 572121951929
WARNING:root:: 2743074
WARNING:root:DHLSS / 572121951929
WARNING:root:: 2743074
WARNING:root:DHLSS / 572121951929
WARNING:root:: 2743075
WARNING:root:DHLSS / 572121953369
WARNING:root:: 2743076
WARNING:root:POST / 573689217154
WARNING:root:: 2743077
WARNING:root:DHLSS / 572121951749
WARNING:root:: 2743077
WARNING:root:DHLSS / 572121951749
WARNING:root:: 2743078
WARNING:root:DHLSS / 572121951525
WARNING:root:: 2743078
WARNING:root:DHLSS / 572121951525
WARNING:root:: 2743078
WARNING:root:DHLSS / 572121951525
WARNING:root:: 2743079
WARNING:root:POST / 573689217750
WARNING:root:: 2743080
WARNING:root:DHLSS / 572121952751
WARNING:root:: 2743080
WARNING:root:DHLSS / 572121952751
WARNING:root:: 2743080
WARNING:root:DHLSS / 572121952751
WARNING:root:: 2743080
WARNING:root:DHLSS / 572121952751
WARNING:root:: 2743084
WARNING:root:POST / 573689217845
WARNING:root:: 2743085
WARNING:root:DHLSS / 572121952537
WARNING:root:: 2743085
WARNING:root:DHLSS / 572121952537
WARNING:root:: 2743086
WARNING:root:POST / 573689217738
WARNING:root:: 2743088
WARNING:root:DHLSS / 572121952953
WARNING:root:: 2743089
WARNING:root:POST / 573689217794
WARNING:root:: 2743091
WARNING:root:POST / 573689217328
WARNING:root:: 2743091
WARNING:root:POST / 573689217328
WARNING:root:: 2743093
WARNING:root:DHLSS / 572121951604
WARNING:root:: 2743093
WARNING:root:DHLSS / 572121951604
WARNING:root:: 2743093
WARNING:root:DHLSS / 572121951604
WARNING:root:: 2743093
WARNING:root:DHLSS / 572121951604
WARNING:root:: 2743095
WARNING:root:DHLSS / 572121951799
WARNING:root:: 2743095
WARNING:root:DHLSS / 572121951799
WARNING:root:: 2743095
WARNING:root:DHLSS / 572121951799
WARNING:root:: 2743095
WARNING:root:DHLSS / 572121951799
WARNING:root:: 2743097
WARNING:root:POST / 573689217722
WARNING:root:: 2743100
WARNING:root:POST / 573689217895
WARNING:root:: 2743101
WARNING:root:POST / 573689217643
WARNING:root:: 2743102
WARNING:root:DHLSS / 572121952442
WARNING:root:: 2743103
WARNING:root:POST / 573689217889
WARNING:root:: 2743103
WARNING:root:POST / 573689217889
WARNING:root:: 2743105
WARNING:root:DHLSS / 572121952701
WARNING:root:: 2743106
WARNING:root:DHLSS / 572121952177
WARNING:root:: 2743106
WARNING:root:DHLSS / 572121952177
WARNING:root:: 2743108
WARNING:root:POST / 573689217615
WARNING:root:: 2743109
WARNING:root:DHLSS / 572121952161
WARNING:root:: 2743111
WARNING:root:DHLSS / 572121952824
WARNING:root:: 2743111
WARNING:root:DHLSS / 572121952824
WARNING:root:: 2743113
WARNING:root:POST / 573689217047
WARNING:root:: 2743114
WARNING:root:DHLSS / 572121951597
WARNING:root:: 2743114
WARNING:root:DHLSS / 572121951597
WARNING:root:: 2743114
WARNING:root:DHLSS / 572121951597
WARNING:root:: 2743114
WARNING:root:DHLSS / 572121951597
WARNING:root:: 2743115
WARNING:root:DHLSS / 572121953189
WARNING:root:: 2743115
WARNING:root:DHLSS / 572121953189
WARNING:root:: 2743115
WARNING:root:DHLSS / 572121953189
WARNING:root:: 2743115
WARNING:root:DHLSS / 572121953189
WARNING:root:: 2743115
WARNING:root:DHLSS / 572121953189
WARNING:root:: 2743116
WARNING:root:DHLSS / 572121952391
WARNING:root:: 2743116
WARNING:root:DHLSS / 572121952391
WARNING:root:: 2743116
WARNING:root:DHLSS / 572121952391
WARNING:root:: 2743116
WARNING:root:DHLSS / 572121952391
WARNING:root:: 2743117
WARNING:root:DHLSS / 572121951777
WARNING:root:: 2743117
WARNING:root:DHLSS / 572121951777
WARNING:root:: 2743117
WARNING:root:DHLSS / 572121951777
WARNING:root:: 2743117
WARNING:root:DHLSS / 572121951777
WARNING:root:: 2743124
WARNING:root:POST / 573689217801
WARNING:root:: 2743126
WARNING:root:POST / 573689217097
WARNING:root:: 2743130
WARNING:root:POST / 573689217025
WARNING:root:: 2743131
WARNING:root:POST / 573689217299
WARNING:root:: 2743133
WARNING:root:POST / 573689217839
WARNING:root:: 2743133
WARNING:root:POST / 573689217839
WARNING:root:: 2743135
WARNING:root:DHLSS / 572121952379
WARNING:root:: 2743135
WARNING:root:DHLSS / 572121952379
WARNING:root:: 2743135
WARNING:root:DHLSS / 572121952379
WARNING:root:: 2743135
WARNING:root:DHLSS / 572121952379
WARNING:root:: 2743137
WARNING:root:POST / 573689217788
WARNING:root:: 2743140
WARNING:root:DHLSS / 572121951531
WARNING:root:: 2743140
WARNING:root:DHLSS / 572121951531
WARNING:root:: 2743140
WARNING:root:DHLSS / 572121951531
WARNING:root:: 2743140
WARNING:root:DHLSS / 572121951531
WARNING:root:: 2743143
WARNING:root:DHLSS / 572121951547
WARNING:root:: 2743143
WARNING:root:DHLSS / 572121951547
WARNING:root:: 2743143
WARNING:root:DHLSS / 572121951547
WARNING:root:: 2743143
WARNING:root:DHLSS / 572121951547
WARNING:root:: 2743146
WARNING:root:DHLSS / 572121951761
WARNING:root:: 2743146
WARNING:root:DHLSS / 572121951761
WARNING:root:: 2743146
WARNING:root:DHLSS / 572121951761
WARNING:root:: 2743146
WARNING:root:DHLSS / 572121951761
WARNING:root:: 2743149
WARNING:root:POST / 573689217491
WARNING:root:: 2743153
WARNING:root:POST / 573689217031
WARNING:root:: 2743156
WARNING:root:POST / 573689217457
WARNING:root:: 2743163
WARNING:root:POST / 573689217283
WARNING:root:: 2743167
WARNING:root:POST / 573689217378
WARNING:root:2743170 not found
WARNING:root:Nothing found
WARNING:root:: 2743177
WARNING:root:POST / 573689217485
WARNING:root:: 2743185
WARNING:root:POST / 573689217277
WARNING:root:: 2743185
WARNING:root:POST / 573689217277
WARNING:root:: 2743186
WARNING:root:DHLSS / 572121952262
WARNING:root:: 2743186
WARNING:root:DHLSS / 572121952262
WARNING:root:: 2743186
WARNING:root:DHLSS / 572121952262
WARNING:root:: 2743186
WARNING:root:DHLSS / 572121952262
WARNING:root:: 2743187
WARNING:root:DHLSS / 572121952313
WARNING:root:: 2743187
WARNING:root:DHLSS / 572121952313
WARNING:root:: 2743187
WARNING:root:DHLSS / 572121952313
WARNING:root:: 2743187
WARNING:root:DHLSS / 572121952313
WARNING:root:: 2743187
WARNING:root:DHLSS / 572121952313
WARNING:root:: 2743189
WARNING:root:DHLSS / 572121952290
WARNING:root:: 2743189
WARNING:root:DHLSS / 572121952290
WARNING:root:: 2743189
WARNING:root:DHLSS / 572121952290
WARNING:root:: 2743192
WARNING:root:DHLSS / 572121953195
WARNING:root:: 2743193
WARNING:root:DHLSS / 572121952638
WARNING:root:: 2743194
WARNING:root:DHLSS / 572121953145
WARNING:root:: 2743194
WARNING:root:DHLSS / 572121953145
WARNING:root:: 2743194
WARNING:root:DHLSS / 572121953145
WARNING:root:: 2743194
WARNING:root:DHLSS / 572121953145
WARNING:root:: 2743196
WARNING:root:POST / 573689217003
WARNING:root:: 2743197
WARNING:root:DHLSS / 572121953460
WARNING:root:: 2743197
WARNING:root:DHLSS / 572121953460
WARNING:root:: 2743197
WARNING:root:DHLSS / 572121953460
WARNING:root:: 2743198
WARNING:root:DHLSS / 572121952846
WARNING:root:: 2743199
WARNING:root:DHLSS / 572121952307
WARNING:root:: 2743199
WARNING:root:DHLSS / 572121952307
WARNING:root:: 2743199
WARNING:root:DHLSS / 572121952307
WARNING:root:: 2743199
WARNING:root:DHLSS / 572121952307
WARNING:root:: 2743199
WARNING:root:DHLSS / 572121952307
WARNING:root:: 2743200
WARNING:root:POST / 573689216990
WARNING:root:: 2743201
WARNING:root:POST / 573689217687
WARNING:root:: 2743203
WARNING:root:POST / 573689217851
WARNING:root:: 2743204
WARNING:root:POST / 573689217514
WARNING:root:: 2743204
WARNING:root:POST / 573689217514
WARNING:root:: 2743205
WARNING:root:POST / 573689217019
WARNING:root:: 2743207
WARNING:root:DHLSS / 572121951395
WARNING:root:: 2743207
WARNING:root:DHLSS / 572121951395
WARNING:root:: 2743207
WARNING:root:DHLSS / 572121951395
WARNING:root:: 2743207
WARNING:root:DHLSS / 572121951395
WARNING:root:: 2743211
WARNING:root:POST / 573689217390
WARNING:root:: 2743211
WARNING:root:POST / 573689217390
WARNING:root:: 2743211
WARNING:root:POST / 573689217390
WARNING:root:: 2743213
WARNING:root:DHLSS / 572121951345
WARNING:root:: 2743217
WARNING:root:DHLSS / 572121951834
WARNING:root:: 2743217
WARNING:root:DHLSS / 572121951834
WARNING:root:: 2743217
WARNING:root:DHLSS / 572121951834
WARNING:root:: 2743217
WARNING:root:DHLSS / 572121951834
WARNING:root:: 2743224
WARNING:root:DHLSS / 572121951294
WARNING:root:: 2743225
WARNING:root:DHLSS / 572121951222
WARNING:root:: 2743226
WARNING:root:DHLSS / 572121951323
WARNING:root:: 2743226
WARNING:root:DHLSS / 572121951323
WARNING:root:: 2743226
WARNING:root:DHLSS / 572121951323
WARNING:root:: 2743226
WARNING:root:DHLSS / 572121951323
WARNING:root:: 2743227
WARNING:root:DHLSS / 572121951367
WARNING:root:: 2743229
WARNING:root:DHLSS / 572121952414
WARNING:root:: 2743229
WARNING:root:DHLSS / 572121952414
WARNING:root:: 2743230
WARNING:root:POST / 573689217227
WARNING:root:: 2743231
WARNING:root:POST / 574040009324
WARNING:root:: 2743233
WARNING:root:DHLSS / 572121951351
WARNING:root:: 2743233
WARNING:root:DHLSS / 572121951351
WARNING:root:: 2743233
WARNING:root:DHLSS / 572121951351
WARNING:root:: 2743233
WARNING:root:DHLSS / 572121951351
WARNING:root:: 2743233
WARNING:root:DHLSS / 572121951351
WARNING:root:: 2743235
WARNING:root:DHLSS / 572121953101
WARNING:root:: 2743237
WARNING:root:DHLSS / 572121951317
WARNING:root:: 2743238
WARNING:root:DHLSS / 572121953224
WARNING:root:: 2743238
WARNING:root:DHLSS / 572121953224
WARNING:root:: 2743238
WARNING:root:DHLSS / 572121953224
WARNING:root:: 2743238
WARNING:root:DHLSS / 572121953224
WARNING:root:: 2743239
WARNING:root:DHLSS / 572121953230
WARNING:root:: 2743239
WARNING:root:DHLSS / 572121953230
WARNING:root:: 2743239
WARNING:root:DHLSS / 572121953230
WARNING:root:: 2743239
WARNING:root:DHLSS / 572121953230
WARNING:root:: 2743239
WARNING:root:DHLSS / 572121953230
WARNING:root:: 2743240
WARNING:root:DHLSS / 572121951373
WARNING:root:: 2743241
WARNING:root:POST / 573689217069
WARNING:root:: 2743242
WARNING:root:DHLSS / 572121951339
WARNING:root:: 2743242
WARNING:root:DHLSS / 572121951339
WARNING:root:: 2743242
WARNING:root:DHLSS / 572121951339
WARNING:root:: 2743242
WARNING:root:DHLSS / 572121951339
WARNING:root:: 2743243
WARNING:root:POST / 573689217671
WARNING:root:: 2743244
WARNING:root:DHLSS / 572121951301
WARNING:root:: 2743245
WARNING:root:POST / 573689217693
WARNING:root:: 2743248
WARNING:root:POST / 573689217558
WARNING:root:: 2743249
WARNING:root:DHLSS / 572121951250
WARNING:root:: 2743249
WARNING:root:DHLSS / 572121951250
WARNING:root:: 2743251
WARNING:root:DHLSS / 572121951828
WARNING:root:: 2743251
WARNING:root:DHLSS / 572121951828
WARNING:root:: 2743251
WARNING:root:DHLSS / 572121951828
WARNING:root:: 2743251
WARNING:root:DHLSS / 572121951828
WARNING:root:: 2743252
WARNING:root:POST / 573689216984
WARNING:root:: 2743253
WARNING:root:POST / 573689217873
WARNING:root:: 2743254
WARNING:root:POST / 573689217700
WARNING:root:: 2743257
WARNING:root:DHLSS / 572121951244
WARNING:root:: 2743257
WARNING:root:DHLSS / 572121951244
WARNING:root:: 2743257
WARNING:root:DHLSS / 572121951244
WARNING:root:: 2743257
WARNING:root:DHLSS / 572121951244
WARNING:root:: 2743259
WARNING:root:DHLSS / 572121951705
WARNING:root:: 2743259
WARNING:root:DHLSS / 572121951705
WARNING:root:: 2743259
WARNING:root:DHLSS / 572121951705
WARNING:root:: 2743259
WARNING:root:DHLSS / 572121951705
WARNING:root:: 2743260
WARNING:root:DHLSS / 572121951238
WARNING:root:: 2743261
WARNING:root:POST / 573689217536
WARNING:root:: 2743262
WARNING:root:DHLSS / 572121951402
WARNING:root:: 2743262
WARNING:root:DHLSS / 572121951402
WARNING:root:: 2743262
WARNING:root:DHLSS / 572121951402
WARNING:root:: 2743262
WARNING:root:DHLSS / 572121951402
WARNING:root:: 2743263
WARNING:root:DHLSS / 572121951496
WARNING:root:: 2743263
WARNING:root:DHLSS / 572121951496
WARNING:root:: 2743263
WARNING:root:DHLSS / 572121951496
WARNING:root:: 2743263
WARNING:root:DHLSS / 572121951496
WARNING:root:: 2743264
WARNING:root:DHLSS / 572121952852
WARNING:root:give token
WARNING:root:: 2743721
WARNING:root:UPS 1 / 1Z9353566812397735
WARNING:root:: 2744113
WARNING:root:TOFND / 449800001514970014974219
WARNING:root:: 2744641
WARNING:root:TOFND / 449800001521280014918119
WARNING:root:: 2718877
WARNING:root:POST / 573689173734
WARNING:root:: 2726771
WARNING:root:POST / 573689190047
WARNING:root:2741468 not found
WARNING:root:Nothing found
WARNING:root:: 2742646
WARNING:root:POST / 573689219415
WARNING:root:: 2743170
WARNING:root:POST / 573689219190
WARNING:root:: 2743455
WARNING:root:DHLSS / 572121955349
WARNING:root:: 2743547
WARNING:root:DHLSS / 572121957155
WARNING:root:: 2743611
WARNING:root:POST / 573689219083
WARNING:root:: 2743771
WARNING:root:DHLSS / 572121955169
WARNING:root:: 2743811
WARNING:root:DHLSS / 572121956496
WARNING:root:: 2743831
WARNING:root:POST / 573689218762
WARNING:root:2743906 not found
WARNING:root:Nothing found
WARNING:root:2743906 not found
WARNING:root:Nothing found
WARNING:root:: 2743914
WARNING:root:DHLSS / 572121955282
WARNING:root:: 2743914
WARNING:root:DHLSS / 572121955282
WARNING:root:: 2743915
WARNING:root:DHLSS / 572121955298
WARNING:root:: 2743915
WARNING:root:DHLSS / 572121955298
WARNING:root:: 2743918
WARNING:root:DHLSS / 572121955276
WARNING:root:: 2743918
WARNING:root:DHLSS / 572121955276
WARNING:root:: 2743918
WARNING:root:DHLSS / 572121955276
WARNING:root:: 2743918
WARNING:root:DHLSS / 572121955276
WARNING:root:: 2743922
WARNING:root:DHLSS / 572121955226
WARNING:root:: 2743922
WARNING:root:DHLSS / 572121955226
WARNING:root:: 2743926
WARNING:root:DHLSS / 572121955260
WARNING:root:: 2743927
WARNING:root:DHLSS / 572121956159
WARNING:root:: 2743932
WARNING:root:DHLSS / 572121955197
WARNING:root:: 2743932
WARNING:root:DHLSS / 572121955197
WARNING:root:: 2743936
WARNING:root:DHLSS / 572121955125
WARNING:root:: 2743936
WARNING:root:DHLSS / 572121955125
WARNING:root:: 2743940
WARNING:root:DHLSS / 572121955175
WARNING:root:: 2743940
WARNING:root:DHLSS / 572121955175
WARNING:root:: 2743940
WARNING:root:DHLSS / 572121955175
WARNING:root:: 2743940
WARNING:root:DHLSS / 572121955175
WARNING:root:: 2743940
WARNING:root:DHLSS / 572121955175
WARNING:root:: 2743940
WARNING:root:DHLSS / 572121955175
WARNING:root:: 2743941
WARNING:root:DHLSS / 572121955153
WARNING:root:: 2743941
WARNING:root:DHLSS / 572121955153
WARNING:root:: 2743942
WARNING:root:DHLSS / 572121955147
WARNING:root:: 2743942
WARNING:root:DHLSS / 572121955147
WARNING:root:: 2743942
WARNING:root:DHLSS / 572121955147
WARNING:root:: 2743945
WARNING:root:DHLSS / 572121955305
WARNING:root:: 2743946
WARNING:root:DHLSS / 572121955311
WARNING:root:: 2743946
WARNING:root:DHLSS / 572121955311
WARNING:root:: 2743946
WARNING:root:DHLSS / 572121955311
WARNING:root:: 2743946
WARNING:root:DHLSS / 572121955311
WARNING:root:: 2743946
WARNING:root:DHLSS / 572121955311
WARNING:root:: 2743953
WARNING:root:DHLSS / 572121955327
WARNING:root:: 2743953
WARNING:root:DHLSS / 572121955327
WARNING:root:: 2743954
WARNING:root:DHLSS / 572121955333
WARNING:root:: 2743954
WARNING:root:DHLSS / 572121955333
WARNING:root:: 2743957
WARNING:root:DHLSS / 572121954854
WARNING:root:: 2743957
WARNING:root:DHLSS / 572121954854
WARNING:root:: 2743958
WARNING:root:DHLSS / 572121955096
WARNING:root:: 2743958
WARNING:root:DHLSS / 572121955096
WARNING:root:: 2743958
WARNING:root:DHLSS / 572121955096
WARNING:root:: 2743959
WARNING:root:DHLSS / 572121954832
WARNING:root:: 2743959
WARNING:root:DHLSS / 572121954832
WARNING:root:: 2743959
WARNING:root:DHLSS / 572121954832
WARNING:root:: 2743960
WARNING:root:DHLSS / 572121956963
WARNING:root:: 2743961
WARNING:root:DHLSS / 572121954848
WARNING:root:: 2743961
WARNING:root:DHLSS / 572121954848
WARNING:root:: 2743961
WARNING:root:DHLSS / 572121954848
WARNING:root:: 2743962
WARNING:root:DHLSS / 572121954826
WARNING:root:: 2743963
WARNING:root:DHLSS / 572121954860
WARNING:root:: 2743963
WARNING:root:DHLSS / 572121954860
WARNING:root:: 2743963
WARNING:root:DHLSS / 572121954860
WARNING:root:: 2743971
WARNING:root:DHLSS / 572121954804
WARNING:root:: 2743971
WARNING:root:DHLSS / 572121954804
WARNING:root:: 2743973
WARNING:root:DHLSS / 572121954949
WARNING:root:: 2743973
WARNING:root:DHLSS / 572121954949
WARNING:root:: 2743973
WARNING:root:DHLSS / 572121954949
WARNING:root:: 2743974
WARNING:root:DHLSS / 572121957127
WARNING:root:: 2743975
WARNING:root:DHLSS / 572121954905
WARNING:root:: 2743975
WARNING:root:DHLSS / 572121954905
WARNING:root:: 2743975
WARNING:root:DHLSS / 572121954905
WARNING:root:: 2743976
WARNING:root:DHLSS / 572121957537
WARNING:root:: 2743976
WARNING:root:DHLSS / 572121957537
WARNING:root:: 2743976
WARNING:root:DHLSS / 572121957537
WARNING:root:: 2743980
WARNING:root:DHLSS / 572121954898
WARNING:root:: 2743980
WARNING:root:DHLSS / 572121954898
WARNING:root:: 2743980
WARNING:root:DHLSS / 572121954898
WARNING:root:: 2743982
WARNING:root:DHLSS / 572121956468
WARNING:root:: 2743982
WARNING:root:DHLSS / 572121956468
WARNING:root:: 2743984
WARNING:root:DHLSS / 572121956733
WARNING:root:: 2744036
WARNING:root:DHLSS / 572121957521
WARNING:root:: 2744040
WARNING:root:DHLSS / 572121956929
WARNING:root:: 2744051
WARNING:root:DHLSS / 572121956244
WARNING:root:: 2744054
WARNING:root:DHLSS / 572121956367
WARNING:root:: 2744054
WARNING:root:DHLSS / 572121956367
WARNING:root:: 2744055
WARNING:root:DHLSS / 572121956058
WARNING:root:: 2744056
WARNING:root:DHLSS / 572121957183
WARNING:root:: 2744056
WARNING:root:DHLSS / 572121957183
WARNING:root:: 2744059
WARNING:root:DHLSS / 572121956581
WARNING:root:: 2744059
WARNING:root:DHLSS / 572121956581
WARNING:root:: 2744060
WARNING:root:DHLSS / 572121956626
WARNING:root:: 2744064
WARNING:root:DHLSS / 572121956402
WARNING:root:: 2744064
WARNING:root:DHLSS / 572121956402
WARNING:root:: 2744069
WARNING:root:DHLSS / 572121956238
WARNING:root:: 2744072
WARNING:root:DHLSS / 572121956878
WARNING:root:: 2744072
WARNING:root:DHLSS / 572121956878
WARNING:root:: 2744075
WARNING:root:DHLSS / 572121956727
WARNING:root:: 2744075
WARNING:root:DHLSS / 572121956727
WARNING:root:: 2744076
WARNING:root:DHLSS / 572121957010
WARNING:root:: 2744076
WARNING:root:DHLSS / 572121957010
WARNING:root:: 2744076
WARNING:root:DHLSS / 572121957010
WARNING:root:: 2744078
WARNING:root:DHLSS / 572121957470
WARNING:root:: 2744078
WARNING:root:DHLSS / 572121957470
WARNING:root:: 2744078
WARNING:root:DHLSS / 572121957470
WARNING:root:: 2744080
WARNING:root:DHLSS / 572121956121
WARNING:root:: 2744083
WARNING:root:DHLSS / 572121958331
WARNING:root:: 2744083
WARNING:root:DHLSS / 572121958331
WARNING:root:: 2744084
WARNING:root:DHLSS / 572121958347
WARNING:root:: 2744084
WARNING:root:DHLSS / 572121958347
WARNING:root:: 2744087
WARNING:root:DHLSS / 572121956812
WARNING:root:: 2744087
WARNING:root:DHLSS / 572121956812
WARNING:root:: 2744087
WARNING:root:DHLSS / 572121956812
WARNING:root:: 2744093
WARNING:root:DHLSS / 572121956711
WARNING:root:: 2744093
WARNING:root:DHLSS / 572121956711
WARNING:root:: 2744093
WARNING:root:DHLSS / 572121956711
WARNING:root:: 2744093
WARNING:root:DHLSS / 572121956711
WARNING:root:: 2744094
WARNING:root:POST / 573689220002
WARNING:root:: 2744096
WARNING:root:DHLSS / 572121956755
WARNING:root:: 2744096
WARNING:root:DHLSS / 572121956755
WARNING:root:: 2744096
WARNING:root:DHLSS / 572121956755
WARNING:root:: 2744098
WARNING:root:DHLSS / 572121956682
WARNING:root:: 2744099
WARNING:root:POST / 573689220349
WARNING:root:: 2744100
WARNING:root:POST / 573689219465
WARNING:root:: 2744101
WARNING:root:POST / 573689218992
WARNING:root:: 2744103
WARNING:root:POST / 573689219910
WARNING:root:: 2744106
WARNING:root:POST / 573689219336
WARNING:root:: 2744107
WARNING:root:POST / 573689219437
WARNING:root:: 2744107
WARNING:root:POST / 573689219437
WARNING:root:: 2744107
WARNING:root:POST / 573689219437
WARNING:root:: 2744108
WARNING:root:DHLSS / 572121958375
WARNING:root:: 2744108
WARNING:root:DHLSS / 572121958375
WARNING:root:: 2744109
WARNING:root:DHLSS / 572121956064
WARNING:root:: 2744111
WARNING:root:POST / 573689220361
WARNING:root:: 2744116
WARNING:root:POST / 573689219099
WARNING:root:: 2744117
WARNING:root:DHLSS / 572121956553
WARNING:root:: 2744121
WARNING:root:POST / 573689220074
WARNING:root:: 2744125
WARNING:root:POST / 573689219421
WARNING:root:: 2744126
WARNING:root:POST / 573689220377
WARNING:root:: 2744128
WARNING:root:POST / 573689219976
WARNING:root:: 2744133
WARNING:root:POST / 573689220428
WARNING:root:: 2744137
WARNING:root:POST / 573689219358
WARNING:root:: 2744140
WARNING:root:POST / 573689219184
WARNING:root:: 2744140
WARNING:root:POST / 573689219184
WARNING:root:: 2744141
WARNING:root:POST / 573689219409
WARNING:root:: 2744141
WARNING:root:POST / 573689219409
WARNING:root:: 2744142
WARNING:root:DHLSS / 572121956799
WARNING:root:: 2744142
WARNING:root:DHLSS / 572121956799
WARNING:root:: 2744144
WARNING:root:POST / 573689219156
WARNING:root:: 2744154
WARNING:root:DHLSS / 572121958987
WARNING:root:: 2744155
WARNING:root:DHLSS / 572121958943
WARNING:root:: 2744156
WARNING:root:POST / 573689219140
WARNING:root:2744157 not found
WARNING:root:Nothing found
WARNING:root:2744157 not found
WARNING:root:Nothing found
WARNING:root:2744157 not found
WARNING:root:Nothing found
WARNING:root:2744157 not found
WARNING:root:Nothing found
WARNING:root:2744157 not found
WARNING:root:Nothing found
WARNING:root:: 2744158
WARNING:root:DHLSS / 572121959012
WARNING:root:: 2744159
WARNING:root:DHLSS / 572121958965
WARNING:root:: 2744160
WARNING:root:DHLSS / 572121958971
WARNING:root:: 2744163
WARNING:root:DHLSS / 572121958909
WARNING:root:: 2744164
WARNING:root:DHLSS / 572121958892
WARNING:root:: 2744165
WARNING:root:POST / 573689219926
WARNING:root:: 2744166
WARNING:root:DHLSS / 572121958993
WARNING:root:: 2744167
WARNING:root:DHLSS / 572121959006
WARNING:root:: 2744168
WARNING:root:DHLSS / 572121957543
WARNING:root:: 2744168
WARNING:root:DHLSS / 572121957543
WARNING:root:: 2744168
WARNING:root:DHLSS / 572121957543
WARNING:root:: 2744170
WARNING:root:DHLSS / 572121957363
WARNING:root:: 2744170
WARNING:root:DHLSS / 572121957363
WARNING:root:: 2744170
WARNING:root:DHLSS / 572121957363
WARNING:root:: 2744171
WARNING:root:DHLSS / 572121956503
WARNING:root:: 2744172
WARNING:root:DHLSS / 572121958886
WARNING:root:: 2744173
WARNING:root:DHLSS / 572121956604
WARNING:root:: 2744173
WARNING:root:DHLSS / 572121956604
WARNING:root:: 2744173
WARNING:root:DHLSS / 572121956604
WARNING:root:: 2744173
WARNING:root:DHLSS / 572121956604
WARNING:root:: 2744173
WARNING:root:DHLSS / 572121956604
WARNING:root:: 2744174
WARNING:root:DHLSS / 572121959113
WARNING:root:: 2744175
WARNING:root:DHLSS / 572121958870
WARNING:root:: 2744177
WARNING:root:POST / 573689219128
WARNING:root:: 2744179
WARNING:root:DHLSS / 572121959062
WARNING:root:: 2744181
WARNING:root:DHLSS / 572121959129
WARNING:root:: 2744182
WARNING:root:DHLSS / 572121959107
WARNING:root:: 2744183
WARNING:root:DHLSS / 572121956339
WARNING:root:: 2744183
WARNING:root:DHLSS / 572121956339
WARNING:root:: 2744183
WARNING:root:DHLSS / 572121956339
WARNING:root:: 2744184
WARNING:root:DHLSS / 572121959090
WARNING:root:: 2744185
WARNING:root:DHLSS / 572121958864
WARNING:root:: 2744186
WARNING:root:DHLSS / 572121956317
WARNING:root:: 2744186
WARNING:root:DHLSS / 572121956317
WARNING:root:: 2744186
WARNING:root:DHLSS / 572121956317
WARNING:root:: 2744187
WARNING:root:DHLSS / 572121958915
WARNING:root:: 2744188
WARNING:root:DHLSS / 572121959056
WARNING:root:: 2744190
WARNING:root:DHLSS / 572121958921
WARNING:root:: 2744191
WARNING:root:DHLSS / 572121956373
WARNING:root:: 2744191
WARNING:root:DHLSS / 572121956373
WARNING:root:: 2744191
WARNING:root:DHLSS / 572121956373
WARNING:root:: 2744192
WARNING:root:DHLSS / 572121959359
WARNING:root:: 2744193
WARNING:root:DHLSS / 572121958937
WARNING:root:: 2744194
WARNING:root:DHLSS / 572121959034
WARNING:root:2744196 not found
WARNING:root:Nothing found
WARNING:root:2744196 not found
WARNING:root:Nothing found
WARNING:root:2744196 not found
WARNING:root:Nothing found
WARNING:root:2744196 not found
WARNING:root:Nothing found
WARNING:root:: 2744198
WARNING:root:DHLSS / 572121956171
WARNING:root:: 2744199
WARNING:root:DHLSS / 572121959135
WARNING:root:: 2744200
WARNING:root:DHLSS / 572121959141
WARNING:root:: 2744201
WARNING:root:DHLSS / 572121959321
WARNING:root:: 2744202
WARNING:root:DHLSS / 572121959315
WARNING:root:2744203 not found
WARNING:root:Nothing found
WARNING:root:: 2744204
WARNING:root:DHLSS / 572121959393
WARNING:root:: 2744205
WARNING:root:DHLSS / 572121959365
WARNING:root:: 2744206
WARNING:root:DHLSS / 572121959630
WARNING:root:: 2744208
WARNING:root:DHLSS / 572121959343
WARNING:root:: 2744209
WARNING:root:DHLSS / 572121959163
WARNING:root:: 2744210
WARNING:root:DHLSS / 572121959242
WARNING:root:: 2744211
WARNING:root:DHLSS / 572121956165
WARNING:root:: 2744212
WARNING:root:DHLSS / 572121959337
WARNING:root:: 2744214
WARNING:root:DHLSS / 572121959517
WARNING:root:: 2744215
WARNING:root:DHLSS / 572121959539
WARNING:root:: 2744216
WARNING:root:DHLSS / 572121959523
WARNING:root:: 2744217
WARNING:root:DHLSS / 572121959214
WARNING:root:: 2744218
WARNING:root:DHLSS / 572121959466
WARNING:root:: 2744219
WARNING:root:DHLSS / 572121958353
WARNING:root:: 2744219
WARNING:root:DHLSS / 572121958353
WARNING:root:: 2744220
WARNING:root:POST / 573689219320
WARNING:root:: 2744222
WARNING:root:DHLSS / 572121959472
WARNING:root:: 2744224
WARNING:root:DHLSS / 572121959157
WARNING:root:: 2744225
WARNING:root:DHLSS / 572121957133
WARNING:root:: 2744225
WARNING:root:DHLSS / 572121957133
WARNING:root:: 2744225
WARNING:root:DHLSS / 572121957133
WARNING:root:: 2744226
WARNING:root:DHLSS / 572121959371
WARNING:root:: 2744228
WARNING:root:DHLSS / 572121959309
WARNING:root:: 2744229
WARNING:root:DHLSS / 572121959387
WARNING:root:: 2744230
WARNING:root:DHLSS / 572121959185
WARNING:root:: 2744231
WARNING:root:DHLSS / 572121956193
WARNING:root:: 2744233
WARNING:root:DHLSS / 572121959258
WARNING:root:: 2744235
WARNING:root:DHLSS / 572121956777
WARNING:root:: 2744235
WARNING:root:DHLSS / 572121956777
WARNING:root:: 2744235
WARNING:root:DHLSS / 572121956777
WARNING:root:: 2744236
WARNING:root:DHLSS / 572121957486
WARNING:root:: 2744236
WARNING:root:DHLSS / 572121957486
WARNING:root:: 2744236
WARNING:root:DHLSS / 572121957486
WARNING:root:: 2744236
WARNING:root:DHLSS / 572121957486
WARNING:root:: 2744239
WARNING:root:DHLSS / 572121956430
WARNING:root:: 2744241
WARNING:root:DHLSS / 572121959292
WARNING:root:: 2744242
WARNING:root:DHLSS / 572121959270
WARNING:root:: 2744245
WARNING:root:Nothing found
WARNING:root:: 2744246
WARNING:root:DHLSS / 572121955709
WARNING:root:: 2744247
WARNING:root:DHLSS / 572121957464
WARNING:root:: 2744247
WARNING:root:DHLSS / 572121957464
WARNING:root:: 2744247
WARNING:root:DHLSS / 572121957464
WARNING:root:: 2744248
WARNING:root:DHLSS / 572121957391
WARNING:root:: 2744248
WARNING:root:DHLSS / 572121957391
WARNING:root:: 2744248
WARNING:root:DHLSS / 572121957391
WARNING:root:: 2744248
WARNING:root:DHLSS / 572121957391
WARNING:root:: 2744248
WARNING:root:DHLSS / 572121957391
WARNING:root:: 2744249
WARNING:root:DHLSS / 572121959208
WARNING:root:: 2744250
WARNING:root:POST / 573689218891
WARNING:root:: 2744251
WARNING:root:DHLSS / 572121956991
WARNING:root:: 2744253
WARNING:root:DHLSS / 572121956840
WARNING:root:: 2744253
WARNING:root:DHLSS / 572121956840
WARNING:root:: 2744254
WARNING:root:POST / 573689219162
WARNING:root:: 2744254
WARNING:root:POST / 573689219162
WARNING:root:: 2744255
WARNING:root:DHLSS / 572121959191
WARNING:root:: 2744256
WARNING:root:DHLSS / 572121959179
WARNING:root:: 2744258
WARNING:root:DHLSS / 572121956884
WARNING:root:: 2744258
WARNING:root:DHLSS / 572121956884
WARNING:root:: 2744258
WARNING:root:DHLSS / 572121956884
WARNING:root:2744259 not found
WARNING:root:Nothing found
WARNING:root:2744259 not found
WARNING:root:Nothing found
WARNING:root:: 2744260
WARNING:root:DHLSS / 572121956806
WARNING:root:: 2744260
WARNING:root:DHLSS / 572121956806
WARNING:root:: 2744261
WARNING:root:DHLSS / 572121957341
WARNING:root:: 2744263
WARNING:root:DHLSS / 572121959286
WARNING:root:: 2744264
WARNING:root:DHLSS / 572121959264
WARNING:root:: 2744265
WARNING:root:DHLSS / 572121959236
WARNING:root:: 2744266
WARNING:root:DHLSS / 572121956531
WARNING:root:: 2744267
WARNING:root:DHLSS / 572121959220
WARNING:root:: 2744268
WARNING:root:DHLSS / 572121955737
WARNING:root:: 2744268
WARNING:root:DHLSS / 572121955737
WARNING:root:: 2744269
WARNING:root:DHLSS / 572121959618
WARNING:root:: 2744270
WARNING:root:DHLSS / 572121957262
WARNING:root:: 2744270
WARNING:root:DHLSS / 572121957262
WARNING:root:: 2744270
WARNING:root:DHLSS / 572121957262
WARNING:root:: 2744271
WARNING:root:DHLSS / 572121959624
WARNING:root:: 2744272
WARNING:root:DHLSS / 572121956288
WARNING:root:: 2744272
WARNING:root:DHLSS / 572121956288
WARNING:root:: 2744272
WARNING:root:DHLSS / 572121956288
WARNING:root:: 2744273
WARNING:root:POST / 573689219516
WARNING:root:: 2744273
WARNING:root:POST / 573689219516
WARNING:root:: 2744274
WARNING:root:DHLSS / 572121956294
WARNING:root:: 2744274
WARNING:root:DHLSS / 572121956294
WARNING:root:: 2744274
WARNING:root:DHLSS / 572121956294
WARNING:root:: 2744274
WARNING:root:DHLSS / 572121956294
WARNING:root:: 2744275
WARNING:root:DHLSS / 572121956351
WARNING:root:: 2744275
WARNING:root:DHLSS / 572121956351
WARNING:root:: 2744275
WARNING:root:DHLSS / 572121956351
WARNING:root:: 2744275
WARNING:root:DHLSS / 572121956351
WARNING:root:: 2744275
WARNING:root:DHLSS / 572121956351
WARNING:root:: 2744277
WARNING:root:POST / 573689219049
WARNING:root:: 2744278
WARNING:root:DHLSS / 572121959589
WARNING:root:2744279 not found
WARNING:root:Nothing found
WARNING:root:2744279 not found
WARNING:root:Nothing found
WARNING:root:2744279 not found
WARNING:root:Nothing found
WARNING:root:2744279 not found
WARNING:root:Nothing found
WARNING:root:: 2744280
WARNING:root:DHLSS / 572121958533
WARNING:root:: 2744281
WARNING:root:DHLSS / 572121956424
WARNING:root:: 2744281
WARNING:root:DHLSS / 572121956424
WARNING:root:: 2744282
WARNING:root:POST / 573689219364
WARNING:root:: 2744283
WARNING:root:DHLSS / 572121957666
WARNING:root:: 2744283
WARNING:root:DHLSS / 572121957666
WARNING:root:: 2744283
WARNING:root:DHLSS / 572121957666
WARNING:root:: 2744283
WARNING:root:DHLSS / 572121957666
WARNING:root:: 2744283
WARNING:root:DHLSS / 572121957666
WARNING:root:: 2744284
WARNING:root:DHLSS / 572121955721
WARNING:root:: 2744284
WARNING:root:DHLSS / 572121955721
WARNING:root:: 2744284
WARNING:root:DHLSS / 572121955721
WARNING:root:: 2744286
WARNING:root:DHLSS / 572121959416
WARNING:root:: 2744289
WARNING:root:DHLSS / 572121956597
WARNING:root:: 2744290
WARNING:root:DHLSS / 572121955670
WARNING:root:: 2744291
WARNING:root:DHLSS / 572121959422
WARNING:root:: 2744292
WARNING:root:DHLSS / 572121959400
WARNING:root:: 2744293
WARNING:root:DHLSS / 572121955478
WARNING:root:: 2744295
WARNING:root:Nothing found
WARNING:root:: 2744295
WARNING:root:Nothing found
WARNING:root:: 2744296
WARNING:root:POST / 573689219106
WARNING:root:: 2744297
WARNING:root:DHLSS / 572121955355
WARNING:root:: 2744299
WARNING:root:DHLSS / 572121955484
WARNING:root:: 2744300
WARNING:root:DHLSS / 572121955642
WARNING:root:: 2744300
WARNING:root:DHLSS / 572121955642
WARNING:root:: 2744300
WARNING:root:DHLSS / 572121955642
WARNING:root:2744301 not found
WARNING:root:Nothing found
WARNING:root:2744301 not found
WARNING:root:Nothing found
WARNING:root:2744301 not found
WARNING:root:Nothing found
WARNING:root:2744301 not found
WARNING:root:Nothing found
WARNING:root:: 2744302
WARNING:root:DHLSS / 572121955563
WARNING:root:: 2744302
WARNING:root:DHLSS / 572121955563
WARNING:root:: 2744302
WARNING:root:DHLSS / 572121955563
WARNING:root:: 2744302
WARNING:root:DHLSS / 572121955563
WARNING:root:: 2744303
WARNING:root:DHLSS / 572121955608
WARNING:root:: 2744303
WARNING:root:DHLSS / 572121955608
WARNING:root:: 2744303
WARNING:root:DHLSS / 572121955608
WARNING:root:: 2744304
WARNING:root:DHLSS / 572121955507
WARNING:root:: 2744304
WARNING:root:DHLSS / 572121955507
WARNING:root:: 2744304
WARNING:root:DHLSS / 572121955507
WARNING:root:: 2744305
WARNING:root:POST / 573689219471
WARNING:root:: 2744306
WARNING:root:DHLSS / 572121956907
WARNING:root:: 2744306
WARNING:root:DHLSS / 572121956907
WARNING:root:: 2744306
WARNING:root:DHLSS / 572121956907
WARNING:root:: 2744306
WARNING:root:DHLSS / 572121956907
WARNING:root:: 2744307
WARNING:root:DHLSS / 572121955557
WARNING:root:: 2744308
WARNING:root:POST / 573689219544
WARNING:root:: 2744308
WARNING:root:POST / 573689219544
WARNING:root:: 2744309
WARNING:root:DHLSS / 572121955541
WARNING:root:: 2744309
WARNING:root:DHLSS / 572121955541
WARNING:root:: 2744309
WARNING:root:DHLSS / 572121955541
WARNING:root:: 2744311
WARNING:root:DHLSS / 572121956935
WARNING:root:: 2744311
WARNING:root:DHLSS / 572121956935
WARNING:root:: 2744311
WARNING:root:DHLSS / 572121956935
WARNING:root:: 2744311
WARNING:root:DHLSS / 572121956935
WARNING:root:: 2744312
WARNING:root:DHLSS / 572121955535
WARNING:root:: 2744312
WARNING:root:DHLSS / 572121955535
WARNING:root:: 2744312
WARNING:root:DHLSS / 572121955535
WARNING:root:: 2744313
WARNING:root:DHLSS / 572121957234
WARNING:root:: 2744313
WARNING:root:DHLSS / 572121957234
WARNING:root:: 2744313
WARNING:root:DHLSS / 572121957234
WARNING:root:: 2744313
WARNING:root:DHLSS / 572121957234
WARNING:root:: 2744313
WARNING:root:DHLSS / 572121957234
WARNING:root:: 2744314
WARNING:root:DHLSS / 572121955591
WARNING:root:: 2744314
WARNING:root:DHLSS / 572121955591
WARNING:root:: 2744314
WARNING:root:DHLSS / 572121955591
WARNING:root:: 2744315
WARNING:root:DHLSS / 572121956474
WARNING:root:: 2744315
WARNING:root:DHLSS / 572121956474
WARNING:root:: 2744315
WARNING:root:DHLSS / 572121956474
WARNING:root:: 2744315
WARNING:root:DHLSS / 572121956474
WARNING:root:: 2744315
WARNING:root:DHLSS / 572121956474
WARNING:root:: 2744316
WARNING:root:DHLSS / 572121955579
WARNING:root:: 2744319
WARNING:root:DHLSS / 572121955440
WARNING:root:: 2744319
WARNING:root:DHLSS / 572121955440
WARNING:root:: 2744319
WARNING:root:DHLSS / 572121955440
WARNING:root:: 2744323
WARNING:root:DHLSS / 572121955585
WARNING:root:: 2744323
WARNING:root:DHLSS / 572121955585
WARNING:root:: 2744323
WARNING:root:DHLSS / 572121955585
WARNING:root:: 2744324
WARNING:root:DHLSS / 572121955686
WARNING:root:: 2744324
WARNING:root:DHLSS / 572121955686
WARNING:root:: 2744324
WARNING:root:DHLSS / 572121955686
WARNING:root:: 2744325
WARNING:root:DHLSS / 572121955377
WARNING:root:: 2744327
WARNING:root:DHLSS / 572121956705
WARNING:root:: 2744327
WARNING:root:DHLSS / 572121956705
WARNING:root:: 2744327
WARNING:root:DHLSS / 572121956705
WARNING:root:: 2744327
WARNING:root:DHLSS / 572121956705
WARNING:root:: 2744328
WARNING:root:POST / 573689219291
WARNING:root:: 2744330
WARNING:root:POST / 573689219112
WARNING:root:: 2744332
WARNING:root:DHLSS / 572121957644
WARNING:root:: 2744333
WARNING:root:DHLSS / 572121955412
WARNING:root:: 2744333
WARNING:root:DHLSS / 572121955412
WARNING:root:2744334 not found
WARNING:root:Nothing found
WARNING:root:2744334 not found
WARNING:root:Nothing found
WARNING:root:2744334 not found
WARNING:root:Nothing found
WARNING:root:2744334 not found
WARNING:root:Nothing found
WARNING:root:: 2744336
WARNING:root:DHLSS / 572121955872
WARNING:root:: 2744337
WARNING:root:DHLSS / 572121955822
WARNING:root:: 2744338
WARNING:root:DHLSS / 572121955816
WARNING:root:: 2744339
WARNING:root:DHLSS / 572121960851
WARNING:root:: 2744339
WARNING:root:DHLSS / 572121960851
WARNING:root:: 2744339
WARNING:root:DHLSS / 572121960851
WARNING:root:: 2744340
WARNING:root:DHLSS / 572121955793
WARNING:root:: 2744341
WARNING:root:POST / 573689219370
WARNING:root:2744342 not found
WARNING:root:Nothing found
WARNING:root:2744342 not found
WARNING:root:Nothing found
WARNING:root:2744342 not found
WARNING:root:Nothing found
WARNING:root:2744343 not found
WARNING:root:Nothing found
WARNING:root:2744343 not found
WARNING:root:Nothing found
WARNING:root:2744343 not found
WARNING:root:Nothing found
WARNING:root:2744344 not found
WARNING:root:Nothing found
WARNING:root:2744344 not found
WARNING:root:Nothing found
WARNING:root:: 2744345
WARNING:root:DHLSS / 572121960823
WARNING:root:: 2744345
WARNING:root:DHLSS / 572121960823
WARNING:root:: 2744345
WARNING:root:DHLSS / 572121960823
WARNING:root:: 2744347
WARNING:root:DHLSS / 572121955945
WARNING:root:: 2744348
WARNING:root:DHLSS / 572121955923
WARNING:root:: 2744350
WARNING:root:POST / 573689219386
WARNING:root:: 2744352
WARNING:root:DHLSS / 572121955917
WARNING:root:: 2744353
WARNING:root:DHLSS / 572121955771
WARNING:root:: 2744354
WARNING:root:DHLSS / 572121960839
WARNING:root:: 2744354
WARNING:root:DHLSS / 572121960839
WARNING:root:: 2744354
WARNING:root:DHLSS / 572121960839
WARNING:root:: 2744355
WARNING:root:DHLSS / 572121955951
WARNING:root:2744358 not found
WARNING:root:Nothing found
WARNING:root:2744358 not found
WARNING:root:Nothing found
WARNING:root:2744358 not found
WARNING:root:Nothing found
WARNING:root:: 2744359
WARNING:root:DHLSS / 572121955901
WARNING:root:2744360 not found
WARNING:root:Nothing found
WARNING:root:2744360 not found
WARNING:root:Nothing found
WARNING:root:2744360 not found
WARNING:root:Nothing found
WARNING:root:2744360 not found
WARNING:root:Nothing found
WARNING:root:2744361 not found
WARNING:root:Nothing found
WARNING:root:2744361 not found
WARNING:root:Nothing found
WARNING:root:2744361 not found
WARNING:root:Nothing found
WARNING:root:: 2744362
WARNING:root:DHLSS / 572121955866
WARNING:root:2744364 not found
WARNING:root:Nothing found
WARNING:root:2744364 not found
WARNING:root:Nothing found
WARNING:root:2744364 not found
WARNING:root:Nothing found
WARNING:root:2744365 not found
WARNING:root:Nothing found
WARNING:root:2744365 not found
WARNING:root:Nothing found
WARNING:root:2744365 not found
WARNING:root:Nothing found
WARNING:root:: 2744366
WARNING:root:POST / 573689219055
WARNING:root:: 2744367
WARNING:root:DHLSS / 572121958707
WARNING:root:: 2744368
WARNING:root:DHLSS / 572121956020
WARNING:root:: 2744369
WARNING:root:DHLSS / 572121958268
WARNING:root:: 2744369
WARNING:root:DHLSS / 572121958268
WARNING:root:: 2744370
WARNING:root:POST / 573689219241
WARNING:root:: 2744370
WARNING:root:POST / 573689219241
WARNING:root:: 2744371
WARNING:root:DHLSS / 572121957559
WARNING:root:: 2744371
WARNING:root:DHLSS / 572121957559
WARNING:root:: 2744371
WARNING:root:DHLSS / 572121957559
WARNING:root:: 2744372
WARNING:root:DHLSS / 572121956115
WARNING:root:: 2744377
WARNING:root:DHLSS / 572121956008
WARNING:root:: 2744378
WARNING:root:DHLSS / 572121957739
WARNING:root:: 2744378
WARNING:root:DHLSS / 572121957739
WARNING:root:: 2744378
WARNING:root:DHLSS / 572121957739
WARNING:root:: 2744380
WARNING:root:DHLSS / 572121958612
WARNING:root:2744381 not found
WARNING:root:Nothing found
WARNING:root:2744381 not found
WARNING:root:Nothing found
WARNING:root:: 2744384
WARNING:root:DHLSS / 572121956014
WARNING:root:2744386 not found
WARNING:root:Nothing found
WARNING:root:2744386 not found
WARNING:root:Nothing found
WARNING:root:2744386 not found
WARNING:root:Nothing found
WARNING:root:2744386 not found
WARNING:root:Nothing found
WARNING:root:2744387 not found
WARNING:root:Nothing found
WARNING:root:2744387 not found
WARNING:root:Nothing found
WARNING:root:2744387 not found
WARNING:root:Nothing found
WARNING:root:2744387 not found
WARNING:root:Nothing found
WARNING:root:2744388 not found
WARNING:root:Nothing found
WARNING:root:2744388 not found
WARNING:root:Nothing found
WARNING:root:2744388 not found
WARNING:root:Nothing found
WARNING:root:2744389 not found
WARNING:root:Nothing found
WARNING:root:2744391 not found
WARNING:root:Nothing found
WARNING:root:2744391 not found
WARNING:root:Nothing found
WARNING:root:2744391 not found
WARNING:root:Nothing found
WARNING:root:2744391 not found
WARNING:root:Nothing found
WARNING:root:: 2744392
WARNING:root:DHLSS / 572121958511
WARNING:root:: 2744393
WARNING:root:POST / 573689219061
WARNING:root:2744394 not found
WARNING:root:Nothing found
WARNING:root:2744394 not found
WARNING:root:Nothing found
WARNING:root:2744394 not found
WARNING:root:Nothing found
WARNING:root:2744395 not found
WARNING:root:Nothing found
WARNING:root:2744395 not found
WARNING:root:Nothing found
WARNING:root:2744395 not found
WARNING:root:Nothing found
WARNING:root:2744395 not found
WARNING:root:Nothing found
WARNING:root:2744396 not found
WARNING:root:Nothing found
WARNING:root:2744396 not found
WARNING:root:Nothing found
WARNING:root:2744396 not found
WARNING:root:Nothing found
WARNING:root:2744397 not found
WARNING:root:Nothing found
WARNING:root:2744397 not found
WARNING:root:Nothing found
WARNING:root:2744397 not found
WARNING:root:Nothing found
WARNING:root:2744398 not found
WARNING:root:Nothing found
WARNING:root:2744398 not found
WARNING:root:Nothing found
WARNING:root:2744398 not found
WARNING:root:Nothing found
WARNING:root:2744398 not found
WARNING:root:Nothing found
WARNING:root:2744399 not found
WARNING:root:Nothing found
WARNING:root:2744399 not found
WARNING:root:Nothing found
WARNING:root:2744399 not found
WARNING:root:Nothing found
WARNING:root:2744400 not found
WARNING:root:Nothing found
WARNING:root:2744400 not found
WARNING:root:Nothing found
WARNING:root:2744400 not found
WARNING:root:Nothing found
WARNING:root:2744400 not found
WARNING:root:Nothing found
WARNING:root:: 2744401
WARNING:root:DHLSS / 572121956890
WARNING:root:: 2744401
WARNING:root:DHLSS / 572121956890
WARNING:root:: 2744401
WARNING:root:DHLSS / 572121956890
WARNING:root:: 2744404
WARNING:root:POST / 573689219982
WARNING:root:: 2744405
WARNING:root:DHLSS / 572121957290
WARNING:root:: 2744406
WARNING:root:DHLSS / 572121958274
WARNING:root:: 2744406
WARNING:root:DHLSS / 572121958274
WARNING:root:: 2744407
WARNING:root:POST / 573689219314
WARNING:root:: 2744408
WARNING:root:DHLSS / 572121958555
WARNING:root:2744409 not found
WARNING:root:Nothing found
WARNING:root:2744409 not found
WARNING:root:Nothing found
WARNING:root:: 2744411
WARNING:root:DHLSS / 572121958476
WARNING:root:: 2744412
WARNING:root:DHLSS / 572121958498
WARNING:root:: 2744414
WARNING:root:POST / 573689219550
WARNING:root:: 2744416
WARNING:root:DHLSS / 572121958549
WARNING:root:2744417 not found
WARNING:root:Nothing found
WARNING:root:2744417 not found
WARNING:root:Nothing found
WARNING:root:2744417 not found
WARNING:root:Nothing found
WARNING:root:2744417 not found
WARNING:root:Nothing found
WARNING:root:: 2744418
WARNING:root:DHLSS / 572121957672
WARNING:root:: 2744418
WARNING:root:DHLSS / 572121957672
WARNING:root:: 2744418
WARNING:root:DHLSS / 572121957672
WARNING:root:: 2744419
WARNING:root:DHLSS / 572121957458
WARNING:root:: 2744419
WARNING:root:DHLSS / 572121957458
WARNING:root:2744421 not found
WARNING:root:Nothing found
WARNING:root:2744421 not found
WARNING:root:Nothing found
WARNING:root:2744421 not found
WARNING:root:Nothing found
WARNING:root:: 2744422
WARNING:root:DHLSS / 572121957048
WARNING:root:: 2744423
WARNING:root:POST / 573689219285
WARNING:root:: 2744424
WARNING:root:DHLE1 / 9142538543
WARNING:root:: 2744426
WARNING:root:DHLSS / 572121957694
WARNING:root:: 2744426
WARNING:root:DHLSS / 572121957694
WARNING:root:: 2744426
WARNING:root:DHLSS / 572121957694
WARNING:root:: 2744427
WARNING:root:DHLSS / 572121957076
WARNING:root:: 2744427
WARNING:root:DHLSS / 572121957076
WARNING:root:: 2744428
WARNING:root:POST / 573689219342
WARNING:root:: 2744429
WARNING:root:DHLSS / 572121957442
WARNING:root:: 2744429
WARNING:root:DHLSS / 572121957442
WARNING:root:: 2744429
WARNING:root:DHLSS / 572121957442
WARNING:root:: 2744431
WARNING:root:DHLSS / 572121958505
WARNING:root:: 2744433
WARNING:root:POST / 573689219308
WARNING:root:: 2744434
WARNING:root:DHLSS / 572121958527
WARNING:root:: 2744436
WARNING:root:DHLSS / 572121958482
WARNING:root:: 2744437
WARNING:root:DHLSS / 572121956143
WARNING:root:: 2744438
WARNING:root:DHLSS / 572121957701
WARNING:root:: 2744438
WARNING:root:DHLSS / 572121957701
WARNING:root:: 2744438
WARNING:root:DHLSS / 572121957701
WARNING:root:: 2744438
WARNING:root:DHLSS / 572121957701
WARNING:root:: 2744439
WARNING:root:DHLSS / 572121957802
WARNING:root:: 2744439
WARNING:root:DHLSS / 572121957802
WARNING:root:: 2744439
WARNING:root:DHLSS / 572121957802
WARNING:root:: 2744440
WARNING:root:POST / 573689220018
WARNING:root:2744441 not found
WARNING:root:Nothing found
WARNING:root:2744441 not found
WARNING:root:Nothing found
WARNING:root:2744441 not found
WARNING:root:Nothing found
WARNING:root:: 2744442
WARNING:root:DHLSS / 572121956828
WARNING:root:: 2744442
WARNING:root:DHLSS / 572121956828
WARNING:root:: 2744443
WARNING:root:Nothing found
WARNING:root:: 2744444
WARNING:root:DHLSS / 572121956834
WARNING:root:: 2744444
WARNING:root:DHLSS / 572121956834
WARNING:root:: 2744444
WARNING:root:DHLSS / 572121956834
WARNING:root:: 2744444
WARNING:root:DHLSS / 572121956834
WARNING:root:2744445 not found
WARNING:root:Nothing found
WARNING:root:2744445 not found
WARNING:root:Nothing found
WARNING:root:2744445 not found
WARNING:root:Nothing found
WARNING:root:2744445 not found
WARNING:root:Nothing found
WARNING:root:2744445 not found
WARNING:root:Nothing found
WARNING:root:: 2744446
WARNING:root:POST / 573689219027
WARNING:root:: 2744447
WARNING:root:DHLSS / 572121956957
WARNING:root:: 2744449
WARNING:root:DHLSS / 572121956266
WARNING:root:: 2744453
WARNING:root:POST / 573689219229
WARNING:root:: 2744456
WARNING:root:DHLSS / 572121956941
WARNING:root:: 2744457
WARNING:root:POST / 573689219235
WARNING:root:: 2744458
WARNING:root:DHLSS / 572121958690
WARNING:root:: 2744459
WARNING:root:DHLSS / 572121958678
WARNING:root:: 2744460
WARNING:root:DHLSS / 572121958656
WARNING:root:2744461 not found
WARNING:root:Nothing found
WARNING:root:2744461 not found
WARNING:root:Nothing found
WARNING:root:2744461 not found
WARNING:root:Nothing found
WARNING:root:2744461 not found
WARNING:root:Nothing found
WARNING:root:: 2744462
WARNING:root:DHLSS / 572121958662
WARNING:root:2744463 not found
WARNING:root:Nothing found
WARNING:root:2744463 not found
WARNING:root:Nothing found
WARNING:root:2744463 not found
WARNING:root:Nothing found
WARNING:root:2744463 not found
WARNING:root:Nothing found
WARNING:root:: 2744464
WARNING:root:DHLSS / 572121958757
WARNING:root:: 2744465
WARNING:root:DHLSS / 572121957284
WARNING:root:: 2744465
WARNING:root:DHLSS / 572121957284
WARNING:root:: 2744466
WARNING:root:POST / 573689219279
WARNING:root:: 2744466
WARNING:root:POST / 573689219279
WARNING:root:: 2744467
WARNING:root:DHLSS / 572121958735
WARNING:root:: 2744468
WARNING:root:DHLSS / 572121958319
WARNING:root:: 2744468
WARNING:root:DHLSS / 572121958319
WARNING:root:: 2744469
WARNING:root:DHLSS / 572121958741
WARNING:root:: 2744470
WARNING:root:DHLSS / 572121958820
WARNING:root:: 2744471
WARNING:root:DHLSS / 572121957199
WARNING:root:: 2744471
WARNING:root:DHLSS / 572121957199
WARNING:root:: 2744471
WARNING:root:DHLSS / 572121957199
WARNING:root:: 2744471
WARNING:root:DHLSS / 572121957199
WARNING:root:: 2744471
WARNING:root:DHLSS / 572121957199
WARNING:root:: 2744472
WARNING:root:DHLSS / 572121958808
WARNING:root:: 2744473
WARNING:root:DHLSS / 572121957105
WARNING:root:2744474 not found
WARNING:root:Nothing found
WARNING:root:2744474 not found
WARNING:root:Nothing found
WARNING:root:2744474 not found
WARNING:root:Nothing found
WARNING:root:: 2744475
WARNING:root:DHLSS / 572121958785
WARNING:root:: 2744476
WARNING:root:DHLSS / 572121956913
WARNING:root:: 2744476
WARNING:root:DHLSS / 572121956913
WARNING:root:: 2744477
WARNING:root:POST / 573689219257
WARNING:root:: 2744478
WARNING:root:POST / 573689219213
WARNING:root:: 2744479
WARNING:root:DHLSS / 572121958280
WARNING:root:: 2744479
WARNING:root:DHLSS / 572121958280
WARNING:root:: 2744482
WARNING:root:DHLSS / 572121958779
WARNING:root:2744484 not found
WARNING:root:Nothing found
WARNING:root:2744484 not found
WARNING:root:Nothing found
WARNING:root:2744484 not found
WARNING:root:Nothing found
WARNING:root:2744484 not found
WARNING:root:Nothing found
WARNING:root:2744487 not found
WARNING:root:Nothing found
WARNING:root:2744487 not found
WARNING:root:Nothing found
WARNING:root:2744487 not found
WARNING:root:Nothing found
WARNING:root:2744487 not found
WARNING:root:Nothing found
WARNING:root:2744487 not found
WARNING:root:Nothing found
WARNING:root:: 2744488
WARNING:root:POST / 573689219033
WARNING:root:: 2744489
WARNING:root:DHLSS / 572121957587
WARNING:root:: 2744489
WARNING:root:DHLSS / 572121957587
WARNING:root:: 2744489
WARNING:root:DHLSS / 572121957587
WARNING:root:: 2744490
WARNING:root:POST / 573689219572
WARNING:root:: 2744491
WARNING:root:POST / 573689219011
WARNING:root:: 2744493
WARNING:root:POST / 573689219005
WARNING:root:: 2744494
WARNING:root:POST / 573689220327
WARNING:root:2744495 not found
WARNING:root:Nothing found
WARNING:root:2744495 not found
WARNING:root:Nothing found
WARNING:root:2744496 not found
WARNING:root:Nothing found
WARNING:root:2744496 not found
WARNING:root:Nothing found
WARNING:root:: 2744497
WARNING:root:DHLSS / 572121957638
WARNING:root:: 2744497
WARNING:root:DHLSS / 572121957638
WARNING:root:: 2744497
WARNING:root:DHLSS / 572121957638
WARNING:root:: 2744499
WARNING:root:DHLSS / 572121959084
WARNING:root:: 2744500
WARNING:root:DHLSS / 572121957004
WARNING:root:: 2744502
WARNING:root:DHLSS / 572121957240
WARNING:root:: 2744502
WARNING:root:DHLSS / 572121957240
WARNING:root:: 2744502
WARNING:root:DHLSS / 572121957240
WARNING:root:: 2744502
WARNING:root:DHLSS / 572121957240
WARNING:root:: 2744503
WARNING:root:POST / 573689219207
WARNING:root:: 2744505
WARNING:root:DHLSS / 572121959078
WARNING:root:: 2744506
WARNING:root:DHLSS / 572121959040
WARNING:root:: 2744507
WARNING:root:DHLSS / 572121957060
WARNING:root:: 2744507
WARNING:root:DHLSS / 572121957060
WARNING:root:: 2744508
WARNING:root:DHLSS / 572121957379
WARNING:root:: 2744508
WARNING:root:DHLSS / 572121957379
WARNING:root:: 2744508
WARNING:root:DHLSS / 572121957379
WARNING:root:: 2744508
WARNING:root:DHLSS / 572121957379
WARNING:root:: 2744508
WARNING:root:DHLSS / 572121957379
WARNING:root:: 2744512
WARNING:root:DHLSS / 572121956301
WARNING:root:: 2744513
WARNING:root:POST / 573689220311
WARNING:root:: 2744517
WARNING:root:POST / 573689219263
WARNING:root:: 2744517
WARNING:root:POST / 573689219263
WARNING:root:: 2744518
WARNING:root:POST / 573689220305
WARNING:root:: 2744520
WARNING:root:POST / 573689219522
WARNING:root:: 2744520
WARNING:root:POST / 573689219522
WARNING:root:: 2744520
WARNING:root:POST / 573689219522
WARNING:root:: 2744521
WARNING:root:DHLSS / 572121957509
WARNING:root:: 2744521
WARNING:root:DHLSS / 572121957509
WARNING:root:: 2744521
WARNING:root:DHLSS / 572121957509
WARNING:root:: 2744521
WARNING:root:DHLSS / 572121957509
WARNING:root:: 2744522
WARNING:root:POST / 573689219077
WARNING:root:: 2744523
WARNING:root:DHLSS / 572121958959
WARNING:root:: 2744526
WARNING:root:DHLSS / 572121956783
WARNING:root:: 2744527
WARNING:root:DHLSS / 572121956250
WARNING:root:2744528 not found
WARNING:root:Nothing found
WARNING:root:2744528 not found
WARNING:root:Nothing found
WARNING:root:: 2744530
WARNING:root:DHLSS / 572121956979
WARNING:root:: 2744530
WARNING:root:DHLSS / 572121956979
WARNING:root:: 2744530
WARNING:root:DHLSS / 572121956979
WARNING:root:: 2744530
WARNING:root:DHLSS / 572121956979
WARNING:root:: 2744531
WARNING:root:DHLSS / 572121957880
WARNING:root:: 2744531
WARNING:root:DHLSS / 572121957880
WARNING:root:: 2744531
WARNING:root:DHLSS / 572121957880
WARNING:root:: 2744532
WARNING:root:DHLSS / 572121957228
WARNING:root:: 2744532
WARNING:root:DHLSS / 572121957228
WARNING:root:: 2744533
WARNING:root:DHLSS / 572121956480
WARNING:root:: 2744533
WARNING:root:DHLSS / 572121956480
WARNING:root:: 2744533
WARNING:root:DHLSS / 572121956480
WARNING:root:: 2744534
WARNING:root:DHLSS / 572121957098
WARNING:root:: 2744536
WARNING:root:DHLSS / 572121956698
WARNING:root:: 2744536
WARNING:root:DHLSS / 572121956698
WARNING:root:: 2744537
WARNING:root:DHLSS / 572121958791
WARNING:root:: 2744538
WARNING:root:POST / 573689218958
WARNING:root:: 2744540
WARNING:root:DHLSS / 572121956569
WARNING:root:: 2744540
WARNING:root:DHLSS / 572121956569
WARNING:root:: 2744540
WARNING:root:DHLSS / 572121956569
WARNING:root:: 2744540
WARNING:root:DHLSS / 572121956569
WARNING:root:: 2744541
WARNING:root:POST / 573689219178
WARNING:root:: 2744542
WARNING:root:DHLSS / 572121958836
WARNING:root:: 2744543
WARNING:root:POST / 573689218908
WARNING:root:2744544 not found
WARNING:root:Nothing found
WARNING:root:2744544 not found
WARNING:root:Nothing found
WARNING:root:: 2744546
WARNING:root:DHLSS / 572121958814
WARNING:root:2744548 not found
WARNING:root:Nothing found
WARNING:root:2744548 not found
WARNING:root:Nothing found
WARNING:root:2744548 not found
WARNING:root:Nothing found
WARNING:root:2744548 not found
WARNING:root:Nothing found
WARNING:root:: 2744549
WARNING:root:DHLSS / 572121958713
WARNING:root:: 2744549
WARNING:root:DHLSS / 572121958713
WARNING:root:2744550 not found
WARNING:root:Nothing found
WARNING:root:2744550 not found
WARNING:root:Nothing found
WARNING:root:2744550 not found
WARNING:root:Nothing found
WARNING:root:2744550 not found
WARNING:root:Nothing found
WARNING:root:: 2744551
WARNING:root:POST / 573689218914
WARNING:root:: 2744552
WARNING:root:DHLSS / 572121956862
WARNING:root:: 2744553
WARNING:root:DHLSS / 572121956654
WARNING:root:: 2744553
WARNING:root:DHLSS / 572121956654
WARNING:root:: 2744553
WARNING:root:DHLSS / 572121956654
WARNING:root:: 2744553
WARNING:root:DHLSS / 572121956654
WARNING:root:: 2744553
WARNING:root:DHLSS / 572121956654
WARNING:root:: 2744553
WARNING:root:DHLSS / 572121956654
WARNING:root:2744554 not found
WARNING:root:Nothing found
WARNING:root:2744554 not found
WARNING:root:Nothing found
WARNING:root:2744554 not found
WARNING:root:Nothing found
WARNING:root:2744554 not found
WARNING:root:Nothing found
WARNING:root:: 2744555
WARNING:root:POST / 573689218920
WARNING:root:: 2744555
WARNING:root:POST / 573689218920
WARNING:root:: 2744556
WARNING:root:DHLSS / 572121958842
WARNING:root:: 2744560
WARNING:root:DHLSS / 572121956200
WARNING:root:: 2744561
WARNING:root:POST / 573689218942
WARNING:root:2744562 not found
WARNING:root:Nothing found
WARNING:root:2744562 not found
WARNING:root:Nothing found
WARNING:root:2744562 not found
WARNING:root:Nothing found
WARNING:root:2744562 not found
WARNING:root:Nothing found
WARNING:root:2744565 not found
WARNING:root:Nothing found
WARNING:root:2744565 not found
WARNING:root:Nothing found
WARNING:root:2744565 not found
WARNING:root:Nothing found
WARNING:root:: 2744566
WARNING:root:DHLSS / 572121956749
WARNING:root:: 2744566
WARNING:root:DHLSS / 572121956749
WARNING:root:: 2744567
WARNING:root:POST / 573689219538
WARNING:root:: 2744568
WARNING:root:DHLSS / 572121957161
WARNING:root:2744569 not found
WARNING:root:Nothing found
WARNING:root:2744569 not found
WARNING:root:Nothing found
WARNING:root:2744569 not found
WARNING:root:Nothing found
WARNING:root:2744569 not found
WARNING:root:Nothing found
WARNING:root:: 2744571
WARNING:root:POST / 574040009368
WARNING:root:: 2744572
WARNING:root:DHLSS / 572121956519
WARNING:root:: 2744573
WARNING:root:DHLSS / 572121957026
WARNING:root:: 2744576
WARNING:root:DHLSS / 572121956525
WARNING:root:: 2744576
WARNING:root:DHLSS / 572121956525
WARNING:root:: 2744576
WARNING:root:DHLSS / 572121956525
WARNING:root:: 2744578
WARNING:root:DHLSS / 572121959028
WARNING:root:: 2744579
WARNING:root:DHLSS / 572121957571
WARNING:root:: 2744579
WARNING:root:DHLSS / 572121957571
WARNING:root:: 2744580
WARNING:root:DHLSS / 572121958858
WARNING:root:: 2744581
WARNING:root:POST / 573689218936
WARNING:root:: 2744581
WARNING:root:POST / 573689218936
WARNING:root:: 2744581
WARNING:root:POST / 573689218936
WARNING:root:: 2744581
WARNING:root:POST / 573689218936
WARNING:root:: 2744583
WARNING:root:DHLSS / 572121957600
WARNING:root:: 2744583
WARNING:root:DHLSS / 572121957600
WARNING:root:: 2744583
WARNING:root:DHLSS / 572121957600
WARNING:root:: 2744583
WARNING:root:DHLSS / 572121957600
WARNING:root:: 2744583
WARNING:root:DHLSS / 572121957600
WARNING:root:: 2744583
WARNING:root:DHLSS / 572121957600
WARNING:root:: 2744584
WARNING:root:DHLSS / 572121956389
WARNING:root:2744586 not found
WARNING:root:Nothing found
WARNING:root:2744586 not found
WARNING:root:Nothing found
WARNING:root:2744586 not found
WARNING:root:Nothing found
WARNING:root:2744586 not found
WARNING:root:Nothing found
WARNING:root:: 2744587
WARNING:root:DHLSS / 572121957329
WARNING:root:: 2744588
WARNING:root:POST / 573689218970
WARNING:root:: 2744589
WARNING:root:DHLSS / 572121957593
WARNING:root:: 2744589
WARNING:root:DHLSS / 572121957593
WARNING:root:: 2744589
WARNING:root:DHLSS / 572121957593
WARNING:root:: 2744590
WARNING:root:DHLSS / 572121957385
WARNING:root:: 2744590
WARNING:root:DHLSS / 572121957385
WARNING:root:: 2744590
WARNING:root:DHLSS / 572121957385
WARNING:root:: 2744591
WARNING:root:DHLSS / 572121956446
WARNING:root:: 2744592
WARNING:root:POST / 573689218964
WARNING:root:2744593 not found
WARNING:root:Nothing found
WARNING:root:2744593 not found
WARNING:root:Nothing found
WARNING:root:: 2744594
WARNING:root:POST / 573689219392
WARNING:root:2744595 not found
WARNING:root:Nothing found
WARNING:root:2744595 not found
WARNING:root:Nothing found
WARNING:root:2744595 not found
WARNING:root:Nothing found
WARNING:root:2744595 not found
WARNING:root:Nothing found
WARNING:root:2744596 not found
WARNING:root:Nothing found
WARNING:root:2744596 not found
WARNING:root:Nothing found
WARNING:root:2744597 not found
WARNING:root:Nothing found
WARNING:root:2744597 not found
WARNING:root:Nothing found
WARNING:root:2744597 not found
WARNING:root:Nothing found
WARNING:root:2744597 not found
WARNING:root:Nothing found
WARNING:root:: 2744599
WARNING:root:DHLSS / 572121956137
WARNING:root:: 2744601
WARNING:root:DHLSS / 572121957414
WARNING:root:: 2744601
WARNING:root:DHLSS / 572121957414
WARNING:root:: 2744601
WARNING:root:DHLSS / 572121957414
WARNING:root:: 2744602
WARNING:root:DHLSS / 572121957688
WARNING:root:: 2744602
WARNING:root:DHLSS / 572121957688
WARNING:root:: 2744603
WARNING:root:DHLSS / 572121955787
WARNING:root:: 2744604
WARNING:root:DHLSS / 572121957357
WARNING:root:: 2744604
WARNING:root:DHLSS / 572121957357
WARNING:root:: 2744605
WARNING:root:DHLSS / 572121957408
WARNING:root:: 2744605
WARNING:root:DHLSS / 572121957408
WARNING:root:: 2744605
WARNING:root:DHLSS / 572121957408
WARNING:root:2744606 not found
WARNING:root:Nothing found
WARNING:root:2744606 not found
WARNING:root:Nothing found
WARNING:root:2744606 not found
WARNING:root:Nothing found
WARNING:root:2744606 not found
WARNING:root:Nothing found
WARNING:root:2744607 not found
WARNING:root:Nothing found
WARNING:root:2744607 not found
WARNING:root:Nothing found
WARNING:root:2744607 not found
WARNING:root:Nothing found
WARNING:root:2744607 not found
WARNING:root:Nothing found
WARNING:root:2744607 not found
WARNING:root:Nothing found
WARNING:root:2744607 not found
WARNING:root:Nothing found
WARNING:root:2744607 not found
WARNING:root:Nothing found
WARNING:root:2744608 not found
WARNING:root:Nothing found
WARNING:root:2744608 not found
WARNING:root:Nothing found
WARNING:root:2744608 not found
WARNING:root:Nothing found
WARNING:root:2744608 not found
WARNING:root:Nothing found
WARNING:root:: 2744609
WARNING:root:DHLSS / 572121956856
WARNING:root:: 2744609
WARNING:root:DHLSS / 572121956856
WARNING:root:: 2744609
WARNING:root:DHLSS / 572121956856
WARNING:root:: 2744610
WARNING:root:POST / 573689219500
WARNING:root:: 2744611
WARNING:root:DHLSS / 572121955456
WARNING:root:: 2744613
WARNING:root:DHLSS / 572121957212
WARNING:root:: 2744613
WARNING:root:DHLSS / 572121957212
WARNING:root:: 2744617
WARNING:root:DHLSS / 572121955614
WARNING:root:: 2744618
WARNING:root:DHLSS / 572121956272
WARNING:root:: 2744618
WARNING:root:DHLSS / 572121956272
WARNING:root:: 2744618
WARNING:root:DHLSS / 572121956272
WARNING:root:: 2744619
WARNING:root:DHLSS / 572121955361
WARNING:root:: 2744620
WARNING:root:DHLSS / 572121956632
WARNING:root:: 2744621
WARNING:root:DHLSS / 572121957206
WARNING:root:: 2744621
WARNING:root:DHLSS / 572121957206
WARNING:root:: 2744622
WARNING:root:DHLSS / 572121955636
WARNING:root:: 2744622
WARNING:root:DHLSS / 572121955636
WARNING:root:: 2744622
WARNING:root:DHLSS / 572121955636
WARNING:root:: 2744622
WARNING:root:DHLSS / 572121955636
WARNING:root:: 2744623
WARNING:root:DHLSS / 572121955529
WARNING:root:: 2744624
WARNING:root:DHLSS / 572121955490
WARNING:root:: 2744625
WARNING:root:DHLSS / 572121955765
WARNING:root:: 2744627
WARNING:root:DHLSS / 572121955462
WARNING:root:: 2744627
WARNING:root:DHLSS / 572121955462
WARNING:root:: 2744628
WARNING:root:DHLSS / 572121955399
WARNING:root:: 2744628
WARNING:root:DHLSS / 572121955399
WARNING:root:: 2744629
WARNING:root:DHLSS / 572121956452
WARNING:root:: 2744629
WARNING:root:DHLSS / 572121956452
WARNING:root:: 2744629
WARNING:root:DHLSS / 572121956452
WARNING:root:: 2744630
WARNING:root:DHLSS / 572121955428
WARNING:root:: 2744631
WARNING:root:DHLSS / 572121955620
WARNING:root:: 2744631
WARNING:root:DHLSS / 572121955620
WARNING:root:: 2744632
WARNING:root:DHLSS / 572121955513
WARNING:root:: 2744633
WARNING:root:POST / 573689219960
WARNING:root:: 2744634
WARNING:root:DHLSS / 572121955383
WARNING:root:: 2744634
WARNING:root:DHLSS / 572121955383
WARNING:root:: 2744635
WARNING:root:DHLSS / 572121955715
WARNING:root:: 2744636
WARNING:root:DHLSS / 572121955743
WARNING:root:: 2744637
WARNING:root:DHLSS / 572121955692
WARNING:root:: 2744637
WARNING:root:DHLSS / 572121955692
WARNING:root:: 2744637
WARNING:root:DHLSS / 572121955692
WARNING:root:: 2744637
WARNING:root:DHLSS / 572121955692
WARNING:root:: 2744639
WARNING:root:DHLSS / 572121955434
WARNING:root:: 2744639
WARNING:root:DHLSS / 572121955434
WARNING:root:: 2744640
WARNING:root:POST / 573689219487
WARNING:root:: 2744642
WARNING:root:DHLSS / 572121955406
WARNING:root:: 2744642
WARNING:root:DHLSS / 572121955406
WARNING:root:: 2744642
WARNING:root:DHLSS / 572121955406
WARNING:root:: 2744642
WARNING:root:DHLSS / 572121955406
WARNING:root:: 2744643
WARNING:root:DHLSS / 572121957565
WARNING:root:: 2744643
WARNING:root:DHLSS / 572121957565
WARNING:root:2744644 not found
WARNING:root:Nothing found
WARNING:root:2744644 not found
WARNING:root:Nothing found
WARNING:root:2744644 not found
WARNING:root:Nothing found
WARNING:root:2744644 not found
WARNING:root:Nothing found
WARNING:root:: 2744645
WARNING:root:DHLSS / 572121959781
WARNING:root:: 2744646
WARNING:root:DHLSS / 572121957082
WARNING:root:: 2744647
WARNING:root:DHLSS / 572121955894
WARNING:root:: 2744648
WARNING:root:DHLSS / 572121956648
WARNING:root:: 2744648
WARNING:root:DHLSS / 572121956648
WARNING:root:: 2744648
WARNING:root:DHLSS / 572121956648
WARNING:root:: 2744649
WARNING:root:DHLSS / 572121956660
WARNING:root:: 2744649
WARNING:root:DHLSS / 572121956660
WARNING:root:: 2744649
WARNING:root:DHLSS / 572121956660
WARNING:root:: 2744649
WARNING:root:DHLSS / 572121956660
WARNING:root:: 2744650
WARNING:root:DHLSS / 572121955658
WARNING:root:: 2744651
WARNING:root:DHLSS / 572121956610
WARNING:root:: 2744651
WARNING:root:DHLSS / 572121956610
WARNING:root:: 2744652
WARNING:root:Nothing found
WARNING:root:: 2744652
WARNING:root:Nothing found
WARNING:root:: 2744652
WARNING:root:Nothing found
WARNING:root:: 2744652
WARNING:root:Nothing found
WARNING:root:: 2744652
WARNING:root:Nothing found
WARNING:root:: 2744653
WARNING:root:Nothing found
WARNING:root:: 2744655
WARNING:root:DHLSS / 572121956086
WARNING:root:: 2744656
WARNING:root:POST / 573689219443
WARNING:root:2744657 not found
WARNING:root:Nothing found
WARNING:root:2744657 not found
WARNING:root:Nothing found
WARNING:root:2744657 not found
WARNING:root:Nothing found
WARNING:root:: 2744658
WARNING:root:DHLSS / 572121955800
WARNING:root:: 2744659
WARNING:root:DHLSS / 572121957622
WARNING:root:: 2744659
WARNING:root:DHLSS / 572121957622
WARNING:root:: 2744659
WARNING:root:DHLSS / 572121957622
WARNING:root:: 2744659
WARNING:root:DHLSS / 572121957622
WARNING:root:: 2744663
WARNING:root:DHLSS / 572121955939
WARNING:root:: 2744664
WARNING:root:DHLSS / 572121956042
WARNING:root:: 2744665
WARNING:root:DHLSS / 572121957745
WARNING:root:: 2744665
WARNING:root:DHLSS / 572121957745
WARNING:root:: 2744665
WARNING:root:DHLSS / 572121957745
WARNING:root:: 2744666
WARNING:root:POST / 573689219459
WARNING:root:: 2744667
WARNING:root:POST / 573689219493
WARNING:root:: 2744668
WARNING:root:DHLSS / 572121956036
WARNING:root:: 2744669
WARNING:root:DHLSS / 572121956109
WARNING:root:: 2744670
WARNING:root:POST / 573689219134
WARNING:root:: 2744671
WARNING:root:DHLSS / 572121956187
WARNING:root:: 2744672
WARNING:root:DHLSS / 572121957307
WARNING:root:: 2744672
WARNING:root:DHLSS / 572121957307
WARNING:root:: 2744672
WARNING:root:DHLSS / 572121957307
WARNING:root:: 2744673
WARNING:root:DHLSS / 572121957650
WARNING:root:: 2744673
WARNING:root:DHLSS / 572121957650
WARNING:root:: 2744673
WARNING:root:DHLSS / 572121957650
WARNING:root:: 2744673
WARNING:root:DHLSS / 572121957650
WARNING:root:: 2744673
WARNING:root:DHLSS / 572121957650
WARNING:root:2744674 not found
WARNING:root:Nothing found
WARNING:root:2744674 not found
WARNING:root:Nothing found
WARNING:root:2744674 not found
WARNING:root:Nothing found
WARNING:root:2744674 not found
WARNING:root:Nothing found
WARNING:root:: 2744675
WARNING:root:DHLSS / 572121955967
WARNING:root:: 2744676
WARNING:root:DHLSS / 572121956092
WARNING:root:: 2744677
WARNING:root:DHLSS / 572121955973
WARNING:root:: 2744679
WARNING:root:DHLSS / 572121955989
WARNING:root:: 2744680
WARNING:root:DHLSS / 572121955995
WARNING:root:: 2744681
WARNING:root:DHLSS / 572121956676
WARNING:root:: 2744681
WARNING:root:DHLSS / 572121956676
WARNING:root:: 2744681
WARNING:root:DHLSS / 572121956676
WARNING:root:: 2744682
WARNING:root:DHLSS / 572121957313
WARNING:root:: 2744682
WARNING:root:DHLSS / 572121957313
WARNING:root:2744683 not found
WARNING:root:Nothing found
WARNING:root:2744683 not found
WARNING:root:Nothing found
WARNING:root:2744683 not found
WARNING:root:Nothing found
WARNING:root:2744683 not found
WARNING:root:Nothing found
WARNING:root:2744684 not found
WARNING:root:Nothing found
WARNING:root:2744684 not found
WARNING:root:Nothing found
WARNING:root:2744684 not found
WARNING:root:Nothing found
WARNING:root:2744684 not found
WARNING:root:Nothing found
WARNING:root:: 2744685
WARNING:root:DHLSS / 572121957767
WARNING:root:: 2744685
WARNING:root:DHLSS / 572121957767
WARNING:root:: 2744685
WARNING:root:DHLSS / 572121957767
WARNING:root:: 2744686
WARNING:root:DHLSS / 572121956216
WARNING:root:: 2744687
WARNING:root:DHLSS / 572121955838
WARNING:root:: 2744688
WARNING:root:Nothing found
WARNING:root:: 2744688
WARNING:root:Nothing found
WARNING:root:: 2744688
WARNING:root:Nothing found
WARNING:root:: 2744688
WARNING:root:Nothing found
WARNING:root:: 2744688
WARNING:root:Nothing found
WARNING:root:: 2744689
WARNING:root:DHLSS / 572121958296
WARNING:root:: 2744689
WARNING:root:DHLSS / 572121958296
WARNING:root:: 2744690
WARNING:root:DHLSS / 572121957335
WARNING:root:: 2744690
WARNING:root:DHLSS / 572121957335
WARNING:root:: 2744691
WARNING:root:DHLSS / 572121957436
WARNING:root:: 2744692
WARNING:root:Nothing found
WARNING:root:: 2744692
WARNING:root:Nothing found
WARNING:root:: 2744692
WARNING:root:Nothing found
WARNING:root:: 2744692
WARNING:root:Nothing found
WARNING:root:2744693 not found
WARNING:root:Nothing found
WARNING:root:2744693 not found
WARNING:root:Nothing found
WARNING:root:2744693 not found
WARNING:root:Nothing found
WARNING:root:2744693 not found
WARNING:root:Nothing found
WARNING:root:: 2744695
WARNING:root:Nothing found
WARNING:root:: 2744695
WARNING:root:Nothing found
WARNING:root:: 2744695
WARNING:root:Nothing found
WARNING:root:2744696 not found
WARNING:root:Nothing found
WARNING:root:2744696 not found
WARNING:root:Nothing found
WARNING:root:2744696 not found
WARNING:root:Nothing found
WARNING:root:2744696 not found
WARNING:root:Nothing found
WARNING:root:2744699 not found
WARNING:root:Nothing found
WARNING:root:2744699 not found
WARNING:root:Nothing found
WARNING:root:2744699 not found
WARNING:root:Nothing found
WARNING:root:2744699 not found
WARNING:root:Nothing found
WARNING:root:2744701 not found
WARNING:root:Nothing found
WARNING:root:2744701 not found
WARNING:root:Nothing found
WARNING:root:: 2744702
WARNING:root:DHLSS / 572121955759
WARNING:root:: 2744704
WARNING:root:DHLSS / 572121961015
WARNING:root:: 2744704
WARNING:root:DHLSS / 572121961015
WARNING:root:: 2744704
WARNING:root:DHLSS / 572121961015
WARNING:root:2744705 not found
WARNING:root:Nothing found
WARNING:root:2744705 not found
WARNING:root:Nothing found
WARNING:root:2744705 not found
WARNING:root:Nothing found
WARNING:root:2744706 not found
WARNING:root:Nothing found
WARNING:root:2744706 not found
WARNING:root:Nothing found
WARNING:root:2744706 not found
WARNING:root:Nothing found
WARNING:root:2744706 not found
WARNING:root:Nothing found
WARNING:root:: 2744707
WARNING:root:DHLSS / 572121955844
WARNING:root:: 2744708
WARNING:root:DHLSS / 572121958325
WARNING:root:: 2744708
WARNING:root:DHLSS / 572121958325
WARNING:root:2744709 not found
WARNING:root:Nothing found
WARNING:root:2744709 not found
WARNING:root:Nothing found
WARNING:root:2744709 not found
WARNING:root:Nothing found
WARNING:root:2744709 not found
WARNING:root:Nothing found
WARNING:root:2744710 not found
WARNING:root:Nothing found
WARNING:root:2744710 not found
WARNING:root:Nothing found
WARNING:root:2744714 not found
WARNING:root:Nothing found
WARNING:root:2744714 not found
WARNING:root:Nothing found
WARNING:root:2744714 not found
WARNING:root:Nothing found
WARNING:root:2744714 not found
WARNING:root:Nothing found
WARNING:root:: 2744715
WARNING:root:POST / 573689219566
WARNING:root:: 2744716
WARNING:root:DHLSS / 572121957969
WARNING:root:2744717 not found
WARNING:root:Nothing found
WARNING:root:2744717 not found
WARNING:root:Nothing found
WARNING:root:2744718 not found
WARNING:root:Nothing found
WARNING:root:2744718 not found
WARNING:root:Nothing found
WARNING:root:2744718 not found
WARNING:root:Nothing found
WARNING:root:2744718 not found
WARNING:root:Nothing found
WARNING:root:2744719 not found
WARNING:root:Nothing found
WARNING:root:2744719 not found
WARNING:root:Nothing found
WARNING:root:2744719 not found
WARNING:root:Nothing found
WARNING:root:2744719 not found
WARNING:root:Nothing found
WARNING:root:: 2744720
WARNING:root:DHLSS / 572121955888
WARNING:root:: 2744721
WARNING:root:POST / 573689218986
WARNING:root:: 2744722
WARNING:root:DHLSS / 572121957032
WARNING:root:: 2744723
WARNING:root:DHLSS / 572121955850
WARNING:root:: 2744724
WARNING:root:DHLSS / 572121956345
WARNING:root:: 2744724
WARNING:root:DHLSS / 572121956345
WARNING:root:: 2744724
WARNING:root:DHLSS / 572121956345
WARNING:root:: 2744724
WARNING:root:DHLSS / 572121956345
WARNING:root:: 2744725
WARNING:root:DHLSS / 572121956547
WARNING:root:: 2744725
WARNING:root:DHLSS / 572121956547
WARNING:root:: 2744725
WARNING:root:DHLSS / 572121956547
WARNING:root:: 2744726
WARNING:root:Nothing found
WARNING:root:: 2744726
WARNING:root:Nothing found
WARNING:root:: 2744726
WARNING:root:Nothing found
WARNING:root:: 2744726
WARNING:root:Nothing found
WARNING:root:: 2744726
WARNING:root:Nothing found
WARNING:root:: 2744727
WARNING:root:DHLSS / 572121957149
WARNING:root:: 2744727
WARNING:root:DHLSS / 572121957149
WARNING:root:2744728 not found
WARNING:root:Nothing found
WARNING:root:2744728 not found
WARNING:root:Nothing found
WARNING:root:2744728 not found
WARNING:root:Nothing found
WARNING:root:2744728 not found
WARNING:root:give token
WARNING:root:: 2744641
WARNING:root:TOFND / 449800001521280014918119
WARNING:root:: 2745281
WARNING:root:UPS 1 / 1Z9353566812398403
WARNING:root:: 2718877
WARNING:root:POST / 573689173734
WARNING:root:: 2726771
WARNING:root:POST / 573689190047
WARNING:root:2741468 not found
WARNING:root:Nothing found
WARNING:root:2743906 not found
WARNING:root:Nothing found
WARNING:root:2743906 not found
WARNING:root:Nothing found
WARNING:root:: 2744083
WARNING:root:DHLSS / 572121958331
WARNING:root:: 2744083
WARNING:root:DHLSS / 572121958331
WARNING:root:: 2744084
WARNING:root:DHLSS / 572121958347
WARNING:root:: 2744084
WARNING:root:DHLSS / 572121958347
WARNING:root:: 2744094
WARNING:root:POST / 573689220002
WARNING:root:: 2744099
WARNING:root:POST / 573689220349
WARNING:root:: 2744103
WARNING:root:POST / 573689219910
WARNING:root:: 2744108
WARNING:root:DHLSS / 572121958375
WARNING:root:: 2744108
WARNING:root:DHLSS / 572121958375
WARNING:root:: 2744111
WARNING:root:POST / 573689220361
WARNING:root:: 2744121
WARNING:root:POST / 573689220074
WARNING:root:: 2744126
WARNING:root:POST / 573689220377
WARNING:root:: 2744128
WARNING:root:POST / 573689219976
WARNING:root:: 2744133
WARNING:root:POST / 573689220428
WARNING:root:: 2744154
WARNING:root:DHLSS / 572121958987
WARNING:root:: 2744155
WARNING:root:DHLSS / 572121958943
WARNING:root:: 2744157
WARNING:root:DHLSS / 572121961914
WARNING:root:: 2744157
WARNING:root:DHLSS / 572121961914
WARNING:root:: 2744157
WARNING:root:DHLSS / 572121961914
WARNING:root:: 2744157
WARNING:root:DHLSS / 572121961914
WARNING:root:: 2744157
WARNING:root:DHLSS / 572121961914
WARNING:root:: 2744158
WARNING:root:DHLSS / 572121959012
WARNING:root:: 2744159
WARNING:root:DHLSS / 572121958965
WARNING:root:: 2744160
WARNING:root:DHLSS / 572121958971
WARNING:root:: 2744163
WARNING:root:DHLSS / 572121958909
WARNING:root:: 2744164
WARNING:root:DHLSS / 572121958892
WARNING:root:: 2744165
WARNING:root:POST / 573689219926
WARNING:root:: 2744166
WARNING:root:DHLSS / 572121958993
WARNING:root:: 2744167
WARNING:root:DHLSS / 572121959006
WARNING:root:: 2744172
WARNING:root:DHLSS / 572121958886
WARNING:root:: 2744174
WARNING:root:DHLSS / 572121959113
WARNING:root:: 2744175
WARNING:root:DHLSS / 572121958870
WARNING:root:: 2744179
WARNING:root:DHLSS / 572121959062
WARNING:root:: 2744181
WARNING:root:DHLSS / 572121959129
WARNING:root:: 2744182
WARNING:root:DHLSS / 572121959107
WARNING:root:: 2744184
WARNING:root:DHLSS / 572121959090
WARNING:root:: 2744185
WARNING:root:DHLSS / 572121958864
WARNING:root:: 2744187
WARNING:root:DHLSS / 572121958915
WARNING:root:: 2744188
WARNING:root:DHLSS / 572121959056
WARNING:root:: 2744190
WARNING:root:DHLSS / 572121958921
WARNING:root:: 2744192
WARNING:root:DHLSS / 572121959359
WARNING:root:: 2744193
WARNING:root:DHLSS / 572121958937
WARNING:root:: 2744194
WARNING:root:DHLSS / 572121959034
WARNING:root:: 2744196
WARNING:root:DHLSS / 572121962623
WARNING:root:: 2744196
WARNING:root:DHLSS / 572121962623
WARNING:root:: 2744196
WARNING:root:DHLSS / 572121962623
WARNING:root:: 2744196
WARNING:root:DHLSS / 572121962623
WARNING:root:: 2744199
WARNING:root:DHLSS / 572121959135
WARNING:root:: 2744200
WARNING:root:DHLSS / 572121959141
WARNING:root:: 2744201
WARNING:root:DHLSS / 572121959321
WARNING:root:: 2744202
WARNING:root:DHLSS / 572121959315
WARNING:root:2744203 not found
WARNING:root:Nothing found
WARNING:root:: 2744204
WARNING:root:DHLSS / 572121959393
WARNING:root:: 2744205
WARNING:root:DHLSS / 572121959365
WARNING:root:: 2744206
WARNING:root:DHLSS / 572121959630
WARNING:root:: 2744208
WARNING:root:DHLSS / 572121959343
WARNING:root:: 2744209
WARNING:root:DHLSS / 572121959163
WARNING:root:: 2744210
WARNING:root:DHLSS / 572121959242
WARNING:root:: 2744212
WARNING:root:DHLSS / 572121959337
WARNING:root:: 2744214
WARNING:root:DHLSS / 572121959517
WARNING:root:: 2744215
WARNING:root:DHLSS / 572121959539
WARNING:root:: 2744216
WARNING:root:DHLSS / 572121959523
WARNING:root:: 2744217
WARNING:root:DHLSS / 572121959214
WARNING:root:: 2744218
WARNING:root:DHLSS / 572121959466
WARNING:root:: 2744219
WARNING:root:DHLSS / 572121958353
WARNING:root:: 2744219
WARNING:root:DHLSS / 572121958353
WARNING:root:: 2744222
WARNING:root:DHLSS / 572121959472
WARNING:root:: 2744224
WARNING:root:DHLSS / 572121959157
WARNING:root:: 2744226
WARNING:root:DHLSS / 572121959371
WARNING:root:: 2744228
WARNING:root:DHLSS / 572121959309
WARNING:root:: 2744229
WARNING:root:DHLSS / 572121959387
WARNING:root:: 2744230
WARNING:root:DHLSS / 572121959185
WARNING:root:: 2744233
WARNING:root:DHLSS / 572121959258
WARNING:root:: 2744241
WARNING:root:DHLSS / 572121959292
WARNING:root:: 2744242
WARNING:root:DHLSS / 572121959270
WARNING:root:: 2744245
WARNING:root:Nothing found
WARNING:root:: 2744248
WARNING:root:DHLSS / 572121957391
WARNING:root:: 2744248
WARNING:root:DHLSS / 572121957391
WARNING:root:: 2744248
WARNING:root:DHLSS / 572121957391
WARNING:root:: 2744248
WARNING:root:DHLSS / 572121957391
WARNING:root:: 2744248
WARNING:root:DHLSS / 572121957391
WARNING:root:: 2744249
WARNING:root:DHLSS / 572121959208
WARNING:root:: 2744255
WARNING:root:DHLSS / 572121959191
WARNING:root:: 2744256
WARNING:root:DHLSS / 572121959179
WARNING:root:: 2744259
WARNING:root:DHLSS / 572121962910
WARNING:root:: 2744259
WARNING:root:DHLSS / 572121962910
WARNING:root:: 2744261
WARNING:root:DHLSS / 572121957341
WARNING:root:: 2744263
WARNING:root:DHLSS / 572121959286
WARNING:root:: 2744264
WARNING:root:DHLSS / 572121959264
WARNING:root:: 2744265
WARNING:root:DHLSS / 572121959236
WARNING:root:: 2744267
WARNING:root:DHLSS / 572121959220
WARNING:root:: 2744269
WARNING:root:DHLSS / 572121959618
WARNING:root:: 2744271
WARNING:root:DHLSS / 572121959624
WARNING:root:: 2744273
WARNING:root:POST / 573689219516
WARNING:root:: 2744273
WARNING:root:POST / 573689219516
WARNING:root:: 2744278
WARNING:root:DHLSS / 572121959589
WARNING:root:: 2744279
WARNING:root:DHLSS / 572121963067
WARNING:root:: 2744279
WARNING:root:DHLSS / 572121963067
WARNING:root:: 2744279
WARNING:root:DHLSS / 572121963067
WARNING:root:: 2744279
WARNING:root:DHLSS / 572121963067
WARNING:root:: 2744280
WARNING:root:DHLSS / 572121958533
WARNING:root:: 2744286
WARNING:root:DHLSS / 572121959416
WARNING:root:: 2744291
WARNING:root:DHLSS / 572121959422
WARNING:root:: 2744292
WARNING:root:DHLSS / 572121959400
WARNING:root:: 2744301
WARNING:root:DHLSS / 572121964647
WARNING:root:: 2744301
WARNING:root:DHLSS / 572121964647
WARNING:root:: 2744301
WARNING:root:DHLSS / 572121964647
WARNING:root:: 2744301
WARNING:root:DHLSS / 572121964647
WARNING:root:: 2744305
WARNING:root:POST / 573689219471
WARNING:root:: 2744308
WARNING:root:POST / 573689219544
WARNING:root:: 2744308
WARNING:root:POST / 573689219544
WARNING:root:: 2744332
WARNING:root:DHLSS / 572121957644
WARNING:root:2744334 not found
WARNING:root:Nothing found
WARNING:root:2744334 not found
WARNING:root:Nothing found
WARNING:root:2744334 not found
WARNING:root:Nothing found
WARNING:root:2744334 not found
WARNING:root:Nothing found
WARNING:root:: 2744339
WARNING:root:DHLSS / 572121960851
WARNING:root:: 2744339
WARNING:root:DHLSS / 572121960851
WARNING:root:: 2744339
WARNING:root:DHLSS / 572121960851
WARNING:root:: 2744342
WARNING:root:DHLSS / 572121961582
WARNING:root:: 2744342
WARNING:root:DHLSS / 572121961582
WARNING:root:: 2744342
WARNING:root:DHLSS / 572121961582
WARNING:root:: 2744343
WARNING:root:DHLSS / 572121961481
WARNING:root:: 2744343
WARNING:root:DHLSS / 572121961481
WARNING:root:: 2744343
WARNING:root:DHLSS / 572121961481
WARNING:root:: 2744344
WARNING:root:DHLSS / 572121963152
WARNING:root:: 2744344
WARNING:root:DHLSS / 572121963152
WARNING:root:: 2744345
WARNING:root:DHLSS / 572121960823
WARNING:root:: 2744345
WARNING:root:DHLSS / 572121960823
WARNING:root:: 2744345
WARNING:root:DHLSS / 572121960823
WARNING:root:: 2744354
WARNING:root:DHLSS / 572121960839
WARNING:root:: 2744354
WARNING:root:DHLSS / 572121960839
WARNING:root:: 2744354
WARNING:root:DHLSS / 572121960839
WARNING:root:: 2744358
WARNING:root:DHLSS / 572121962241
WARNING:root:: 2744358
WARNING:root:DHLSS / 572121962241
WARNING:root:: 2744358
WARNING:root:DHLSS / 572121962241
WARNING:root:: 2744360
WARNING:root:DHLSS / 572121964675
WARNING:root:: 2744360
WARNING:root:DHLSS / 572121964675
WARNING:root:: 2744360
WARNING:root:DHLSS / 572121964675
WARNING:root:: 2744360
WARNING:root:DHLSS / 572121964675
WARNING:root:: 2744361
WARNING:root:DHLSS / 572121962207
WARNING:root:: 2744361
WARNING:root:DHLSS / 572121962207
WARNING:root:: 2744361
WARNING:root:DHLSS / 572121962207
WARNING:root:: 2744364
WARNING:root:DHLSS / 572121961239
WARNING:root:: 2744364
WARNING:root:DHLSS / 572121961239
WARNING:root:: 2744364
WARNING:root:DHLSS / 572121961239
WARNING:root:: 2744365
WARNING:root:DHLSS / 572121962718
WARNING:root:: 2744365
WARNING:root:DHLSS / 572121962718
WARNING:root:: 2744365
WARNING:root:DHLSS / 572121962718
WARNING:root:: 2744367
WARNING:root:DHLSS / 572121958707
WARNING:root:: 2744369
WARNING:root:DHLSS / 572121958268
WARNING:root:: 2744369
WARNING:root:DHLSS / 572121958268
WARNING:root:: 2744371
WARNING:root:DHLSS / 572121957559
WARNING:root:: 2744371
WARNING:root:DHLSS / 572121957559
WARNING:root:: 2744371
WARNING:root:DHLSS / 572121957559
WARNING:root:: 2744378
WARNING:root:DHLSS / 572121957739
WARNING:root:: 2744378
WARNING:root:DHLSS / 572121957739
WARNING:root:: 2744378
WARNING:root:DHLSS / 572121957739
WARNING:root:: 2744380
WARNING:root:DHLSS / 572121958612
WARNING:root:: 2744381
WARNING:root:DHLSS / 572121963124
WARNING:root:: 2744381
WARNING:root:DHLSS / 572121963124
WARNING:root:: 2744386
WARNING:root:DHLSS / 572121964704
WARNING:root:: 2744386
WARNING:root:DHLSS / 572121964704
WARNING:root:: 2744386
WARNING:root:DHLSS / 572121964704
WARNING:root:: 2744386
WARNING:root:DHLSS / 572121964704
WARNING:root:: 2744387
WARNING:root:DHLSS / 572121962803
WARNING:root:: 2744387
WARNING:root:DHLSS / 572121962803
WARNING:root:: 2744387
WARNING:root:DHLSS / 572121962803
WARNING:root:: 2744387
WARNING:root:DHLSS / 572121962803
WARNING:root:: 2744388
WARNING:root:DHLSS / 572121962594
WARNING:root:: 2744388
WARNING:root:DHLSS / 572121962594
WARNING:root:: 2744388
WARNING:root:DHLSS / 572121962594
WARNING:root:: 2744391
WARNING:root:DHLSS / 572121964726
WARNING:root:: 2744391
WARNING:root:DHLSS / 572121964726
WARNING:root:: 2744391
WARNING:root:DHLSS / 572121964726
WARNING:root:: 2744391
WARNING:root:DHLSS / 572121964726
WARNING:root:: 2744392
WARNING:root:DHLSS / 572121958511
WARNING:root:: 2744394
WARNING:root:DHLSS / 572121962897
WARNING:root:: 2744394
WARNING:root:DHLSS / 572121962897
WARNING:root:: 2744394
WARNING:root:DHLSS / 572121962897
WARNING:root:: 2744395
WARNING:root:DHLSS / 572121962768
WARNING:root:: 2744395
WARNING:root:DHLSS / 572121962768
WARNING:root:: 2744395
WARNING:root:DHLSS / 572121962768
WARNING:root:: 2744395
WARNING:root:DHLSS / 572121962768
WARNING:root:: 2744396
WARNING:root:DHLSS / 572121962358
WARNING:root:: 2744396
WARNING:root:DHLSS / 572121962358
WARNING:root:: 2744396
WARNING:root:DHLSS / 572121962358
WARNING:root:: 2744397
WARNING:root:DHLSS / 572121962229
WARNING:root:: 2744397
WARNING:root:DHLSS / 572121962229
WARNING:root:: 2744397
WARNING:root:DHLSS / 572121962229
WARNING:root:: 2744398
WARNING:root:DHLSS / 572121964631
WARNING:root:: 2744398
WARNING:root:DHLSS / 572121964631
WARNING:root:: 2744398
WARNING:root:DHLSS / 572121964631
WARNING:root:: 2744398
WARNING:root:DHLSS / 572121964631
WARNING:root:2744399 not found
WARNING:root:Nothing found
WARNING:root:2744399 not found
WARNING:root:Nothing found
WARNING:root:2744399 not found
WARNING:root:Nothing found
WARNING:root:: 2744400
WARNING:root:DHLSS / 572121964710
WARNING:root:: 2744400
WARNING:root:DHLSS / 572121964710
WARNING:root:: 2744400
WARNING:root:DHLSS / 572121964710
WARNING:root:: 2744400
WARNING:root:DHLSS / 572121964710
WARNING:root:: 2744404
WARNING:root:POST / 573689219982
WARNING:root:: 2744405
WARNING:root:DHLSS / 572121957290
WARNING:root:: 2744406
WARNING:root:DHLSS / 572121958274
WARNING:root:: 2744406
WARNING:root:DHLSS / 572121958274
WARNING:root:: 2744408
WARNING:root:DHLSS / 572121958555
WARNING:root:: 2744409
WARNING:root:DHLSS / 572121963146
WARNING:root:: 2744409
WARNING:root:DHLSS / 572121963146
WARNING:root:: 2744411
WARNING:root:DHLSS / 572121958476
WARNING:root:: 2744412
WARNING:root:DHLSS / 572121958498
WARNING:root:: 2744416
WARNING:root:DHLSS / 572121958549
WARNING:root:: 2744417
WARNING:root:DHLSS / 572121964681
WARNING:root:: 2744417
WARNING:root:DHLSS / 572121964681
WARNING:root:: 2744417
WARNING:root:DHLSS / 572121964681
WARNING:root:: 2744417
WARNING:root:DHLSS / 572121964681
WARNING:root:: 2744418
WARNING:root:DHLSS / 572121957672
WARNING:root:: 2744418
WARNING:root:DHLSS / 572121957672
WARNING:root:: 2744418
WARNING:root:DHLSS / 572121957672
WARNING:root:2744421 not found
WARNING:root:Nothing found
WARNING:root:2744421 not found
WARNING:root:Nothing found
WARNING:root:2744421 not found
WARNING:root:Nothing found
WARNING:root:: 2744426
WARNING:root:DHLSS / 572121957694
WARNING:root:: 2744426
WARNING:root:DHLSS / 572121957694
WARNING:root:: 2744426
WARNING:root:DHLSS / 572121957694
WARNING:root:: 2744431
WARNING:root:DHLSS / 572121958505
WARNING:root:: 2744434
WARNING:root:DHLSS / 572121958527
WARNING:root:: 2744436
WARNING:root:DHLSS / 572121958482
WARNING:root:: 2744438
WARNING:root:DHLSS / 572121957701
WARNING:root:: 2744438
WARNING:root:DHLSS / 572121957701
WARNING:root:: 2744438
WARNING:root:DHLSS / 572121957701
WARNING:root:: 2744438
WARNING:root:DHLSS / 572121957701
WARNING:root:: 2744439
WARNING:root:DHLSS / 572121957802
WARNING:root:: 2744439
WARNING:root:DHLSS / 572121957802
WARNING:root:: 2744439
WARNING:root:DHLSS / 572121957802
WARNING:root:: 2744440
WARNING:root:POST / 573689220018
WARNING:root:2744441 not found
WARNING:root:Nothing found
WARNING:root:2744441 not found
WARNING:root:Nothing found
WARNING:root:2744441 not found
WARNING:root:Nothing found
WARNING:root:: 2744443
WARNING:root:Nothing found
WARNING:root:: 2744445
WARNING:root:DHLSS / 572121961958
WARNING:root:: 2744445
WARNING:root:DHLSS / 572121961958
WARNING:root:: 2744445
WARNING:root:DHLSS / 572121961958
WARNING:root:: 2744445
WARNING:root:DHLSS / 572121961958
WARNING:root:: 2744445
WARNING:root:DHLSS / 572121961958
WARNING:root:: 2744458
WARNING:root:DHLSS / 572121958690
WARNING:root:: 2744459
WARNING:root:DHLSS / 572121958678
WARNING:root:: 2744460
WARNING:root:DHLSS / 572121958656
WARNING:root:2744461 not found
WARNING:root:Nothing found
WARNING:root:2744461 not found
WARNING:root:Nothing found
WARNING:root:2744461 not found
WARNING:root:Nothing found
WARNING:root:2744461 not found
WARNING:root:Nothing found
WARNING:root:: 2744462
WARNING:root:DHLSS / 572121958662
WARNING:root:2744463 not found
WARNING:root:Nothing found
WARNING:root:2744463 not found
WARNING:root:Nothing found
WARNING:root:2744463 not found
WARNING:root:Nothing found
WARNING:root:2744463 not found
WARNING:root:Nothing found
WARNING:root:: 2744464
WARNING:root:DHLSS / 572121958757
WARNING:root:: 2744467
WARNING:root:DHLSS / 572121958735
WARNING:root:: 2744468
WARNING:root:DHLSS / 572121958319
WARNING:root:: 2744468
WARNING:root:DHLSS / 572121958319
WARNING:root:: 2744469
WARNING:root:DHLSS / 572121958741
WARNING:root:: 2744470
WARNING:root:DHLSS / 572121958820
WARNING:root:: 2744472
WARNING:root:DHLSS / 572121958808
WARNING:root:: 2744474
WARNING:root:DHLSS / 572121962796
WARNING:root:: 2744474
WARNING:root:DHLSS / 572121962796
WARNING:root:: 2744474
WARNING:root:DHLSS / 572121962796
WARNING:root:: 2744475
WARNING:root:DHLSS / 572121958785
WARNING:root:: 2744479
WARNING:root:DHLSS / 572121958280
WARNING:root:: 2744479
WARNING:root:DHLSS / 572121958280
WARNING:root:: 2744482
WARNING:root:DHLSS / 572121958779
WARNING:root:2744484 not found
WARNING:root:Nothing found
WARNING:root:2744484 not found
WARNING:root:Nothing found
WARNING:root:2744484 not found
WARNING:root:Nothing found
WARNING:root:2744484 not found
WARNING:root:Nothing found
WARNING:root:2744487 not found
WARNING:root:Nothing found
WARNING:root:2744487 not found
WARNING:root:Nothing found
WARNING:root:2744487 not found
WARNING:root:Nothing found
WARNING:root:2744487 not found
WARNING:root:Nothing found
WARNING:root:2744487 not found
WARNING:root:Nothing found
WARNING:root:: 2744490
WARNING:root:POST / 573689219572
WARNING:root:: 2744494
WARNING:root:POST / 573689220327
WARNING:root:: 2744495
WARNING:root:POST / 573689220939
WARNING:root:: 2744495
WARNING:root:POST / 573689220939
WARNING:root:: 2744496
WARNING:root:DHLSS / 572121963089
WARNING:root:: 2744496
WARNING:root:DHLSS / 572121963089
WARNING:root:: 2744499
WARNING:root:DHLSS / 572121959084
WARNING:root:: 2744505
WARNING:root:DHLSS / 572121959078
WARNING:root:: 2744506
WARNING:root:DHLSS / 572121959040
WARNING:root:: 2744508
WARNING:root:DHLSS / 572121957379
WARNING:root:: 2744508
WARNING:root:DHLSS / 572121957379
WARNING:root:: 2744508
WARNING:root:DHLSS / 572121957379
WARNING:root:: 2744508
WARNING:root:DHLSS / 572121957379
WARNING:root:: 2744508
WARNING:root:DHLSS / 572121957379
WARNING:root:: 2744513
WARNING:root:POST / 573689220311
WARNING:root:: 2744518
WARNING:root:POST / 573689220305
WARNING:root:: 2744520
WARNING:root:POST / 573689219522
WARNING:root:: 2744520
WARNING:root:POST / 573689219522
WARNING:root:: 2744520
WARNING:root:POST / 573689219522
WARNING:root:: 2744523
WARNING:root:DHLSS / 572121958959
WARNING:root:: 2744528
WARNING:root:POST / 573689220945
WARNING:root:: 2744528
WARNING:root:POST / 573689220945
WARNING:root:: 2744531
WARNING:root:DHLSS / 572121957880
WARNING:root:: 2744531
WARNING:root:DHLSS / 572121957880
WARNING:root:: 2744531
WARNING:root:DHLSS / 572121957880
WARNING:root:: 2744537
WARNING:root:DHLSS / 572121958791
WARNING:root:: 2744542
WARNING:root:DHLSS / 572121958836
WARNING:root:: 2744546
WARNING:root:DHLSS / 572121958814
WARNING:root:2744548 not found
WARNING:root:Nothing found
WARNING:root:2744548 not found
WARNING:root:Nothing found
WARNING:root:2744548 not found
WARNING:root:Nothing found
WARNING:root:2744548 not found
WARNING:root:Nothing found
WARNING:root:: 2744549
WARNING:root:DHLSS / 572121958713
WARNING:root:: 2744549
WARNING:root:DHLSS / 572121958713
WARNING:root:2744550 not found
WARNING:root:Nothing found
WARNING:root:2744550 not found
WARNING:root:Nothing found
WARNING:root:2744550 not found
WARNING:root:Nothing found
WARNING:root:2744550 not found
WARNING:root:Nothing found
WARNING:root:2744554 not found
WARNING:root:Nothing found
WARNING:root:2744554 not found
WARNING:root:Nothing found
WARNING:root:2744554 not found
WARNING:root:Nothing found
WARNING:root:2744554 not found
WARNING:root:Nothing found
WARNING:root:: 2744556
WARNING:root:DHLSS / 572121958842
WARNING:root:2744562 not found
WARNING:root:Nothing found
WARNING:root:2744562 not found
WARNING:root:Nothing found
WARNING:root:2744562 not found
WARNING:root:Nothing found
WARNING:root:2744562 not found
WARNING:root:Nothing found
WARNING:root:: 2744565
WARNING:root:DHLSS / 572121962730
WARNING:root:: 2744565
WARNING:root:DHLSS / 572121962730
WARNING:root:: 2744565
WARNING:root:DHLSS / 572121962730
WARNING:root:: 2744567
WARNING:root:POST / 573689219538
WARNING:root:2744569 not found
WARNING:root:Nothing found
WARNING:root:2744569 not found
WARNING:root:Nothing found
WARNING:root:2744569 not found
WARNING:root:Nothing found
WARNING:root:2744569 not found
WARNING:root:Nothing found
WARNING:root:: 2744578
WARNING:root:DHLSS / 572121959028
WARNING:root:: 2744580
WARNING:root:DHLSS / 572121958858
WARNING:root:: 2744583
WARNING:root:DHLSS / 572121957600
WARNING:root:: 2744583
WARNING:root:DHLSS / 572121957600
WARNING:root:: 2744583
WARNING:root:DHLSS / 572121957600
WARNING:root:: 2744583
WARNING:root:DHLSS / 572121957600
WARNING:root:: 2744583
WARNING:root:DHLSS / 572121957600
WARNING:root:: 2744583
WARNING:root:DHLSS / 572121957600
WARNING:root:2744586 not found
WARNING:root:Nothing found
WARNING:root:2744586 not found
WARNING:root:Nothing found
WARNING:root:2744586 not found
WARNING:root:Nothing found
WARNING:root:2744586 not found
WARNING:root:Nothing found
WARNING:root:: 2744593
WARNING:root:DHLSS / 572121963118
WARNING:root:: 2744593
WARNING:root:DHLSS / 572121963118
WARNING:root:2744595 not found
WARNING:root:Nothing found
WARNING:root:2744595 not found
WARNING:root:Nothing found
WARNING:root:2744595 not found
WARNING:root:Nothing found
WARNING:root:2744595 not found
WARNING:root:Nothing found
WARNING:root:: 2744596
WARNING:root:DHLSS / 572121963269
WARNING:root:: 2744596
WARNING:root:DHLSS / 572121963269
WARNING:root:2744597 not found
WARNING:root:Nothing found
WARNING:root:2744597 not found
WARNING:root:Nothing found
WARNING:root:2744597 not found
WARNING:root:Nothing found
WARNING:root:2744597 not found
WARNING:root:Nothing found
WARNING:root:: 2744601
WARNING:root:DHLSS / 572121957414
WARNING:root:: 2744601
WARNING:root:DHLSS / 572121957414
WARNING:root:: 2744601
WARNING:root:DHLSS / 572121957414
WARNING:root:: 2744602
WARNING:root:DHLSS / 572121957688
WARNING:root:: 2744602
WARNING:root:DHLSS / 572121957688
WARNING:root:: 2744604
WARNING:root:DHLSS / 572121957357
WARNING:root:: 2744604
WARNING:root:DHLSS / 572121957357
WARNING:root:: 2744605
WARNING:root:DHLSS / 572121957408
WARNING:root:: 2744605
WARNING:root:DHLSS / 572121957408
WARNING:root:: 2744605
WARNING:root:DHLSS / 572121957408
WARNING:root:2744606 not found
WARNING:root:Nothing found
WARNING:root:2744606 not found
WARNING:root:Nothing found
WARNING:root:2744606 not found
WARNING:root:Nothing found
WARNING:root:2744606 not found
WARNING:root:Nothing found
WARNING:root:: 2744607
WARNING:root:DHLSS / 572121962853
WARNING:root:: 2744607
WARNING:root:DHLSS / 572121962853
WARNING:root:: 2744607
WARNING:root:DHLSS / 572121962853
WARNING:root:: 2744607
WARNING:root:DHLSS / 572121962853
WARNING:root:: 2744607
WARNING:root:DHLSS / 572121962853
WARNING:root:: 2744607
WARNING:root:DHLSS / 572121962853
WARNING:root:: 2744607
WARNING:root:DHLSS / 572121962853
WARNING:root:2744608 not found
WARNING:root:Nothing found
WARNING:root:2744608 not found
WARNING:root:Nothing found
WARNING:root:2744608 not found
WARNING:root:Nothing found
WARNING:root:2744608 not found
WARNING:root:Nothing found
WARNING:root:: 2744610
WARNING:root:POST / 573689219500
WARNING:root:: 2744633
WARNING:root:POST / 573689219960
WARNING:root:: 2744640
WARNING:root:POST / 573689219487
WARNING:root:: 2744643
WARNING:root:DHLSS / 572121957565
WARNING:root:: 2744643
WARNING:root:DHLSS / 572121957565
WARNING:root:2744644 not found
WARNING:root:Nothing found
WARNING:root:2744644 not found
WARNING:root:Nothing found
WARNING:root:2744644 not found
WARNING:root:Nothing found
WARNING:root:2744644 not found
WARNING:root:Nothing found
WARNING:root:: 2744645
WARNING:root:DHLSS / 572121959781
WARNING:root:: 2744652
WARNING:root:DHLSS / 572121962011
WARNING:root:: 2744652
WARNING:root:DHLSS / 572121962011
WARNING:root:: 2744652
WARNING:root:DHLSS / 572121962011
WARNING:root:: 2744652
WARNING:root:DHLSS / 572121962011
WARNING:root:: 2744652
WARNING:root:DHLSS / 572121962011
WARNING:root:: 2744656
WARNING:root:POST / 573689219443
WARNING:root:2744657 not found
WARNING:root:Nothing found
WARNING:root:2744657 not found
WARNING:root:Nothing found
WARNING:root:2744657 not found
WARNING:root:Nothing found
WARNING:root:: 2744659
WARNING:root:DHLSS / 572121957622
WARNING:root:: 2744659
WARNING:root:DHLSS / 572121957622
WARNING:root:: 2744659
WARNING:root:DHLSS / 572121957622
WARNING:root:: 2744659
WARNING:root:DHLSS / 572121957622
WARNING:root:: 2744665
WARNING:root:DHLSS / 572121957745
WARNING:root:: 2744665
WARNING:root:DHLSS / 572121957745
WARNING:root:: 2744665
WARNING:root:DHLSS / 572121957745
WARNING:root:: 2744666
WARNING:root:POST / 573689219459
WARNING:root:: 2744667
WARNING:root:POST / 573689219493
WARNING:root:: 2744672
WARNING:root:DHLSS / 572121957307
WARNING:root:: 2744672
WARNING:root:DHLSS / 572121957307
WARNING:root:: 2744672
WARNING:root:DHLSS / 572121957307
WARNING:root:: 2744673
WARNING:root:DHLSS / 572121957650
WARNING:root:: 2744673
WARNING:root:DHLSS / 572121957650
WARNING:root:: 2744673
WARNING:root:DHLSS / 572121957650
WARNING:root:: 2744673
WARNING:root:DHLSS / 572121957650
WARNING:root:: 2744673
WARNING:root:DHLSS / 572121957650
WARNING:root:2744674 not found
WARNING:root:Nothing found
WARNING:root:2744674 not found
WARNING:root:Nothing found
WARNING:root:2744674 not found
WARNING:root:Nothing found
WARNING:root:2744674 not found
WARNING:root:Nothing found
WARNING:root:: 2744682
WARNING:root:DHLSS / 572121957313
WARNING:root:: 2744682
WARNING:root:DHLSS / 572121957313
WARNING:root:2744683 not found
WARNING:root:Nothing found
WARNING:root:2744683 not found
WARNING:root:Nothing found
WARNING:root:2744683 not found
WARNING:root:Nothing found
WARNING:root:2744683 not found
WARNING:root:Nothing found
WARNING:root:2744684 not found
WARNING:root:Nothing found
WARNING:root:2744684 not found
WARNING:root:Nothing found
WARNING:root:2744684 not found
WARNING:root:Nothing found
WARNING:root:2744684 not found
WARNING:root:Nothing found
WARNING:root:: 2744685
WARNING:root:DHLSS / 572121957767
WARNING:root:: 2744685
WARNING:root:DHLSS / 572121957767
WARNING:root:: 2744685
WARNING:root:DHLSS / 572121957767
WARNING:root:: 2744688
WARNING:root:DHLSS / 572121962061
WARNING:root:: 2744688
WARNING:root:DHLSS / 572121962061
WARNING:root:: 2744688
WARNING:root:DHLSS / 572121962061
WARNING:root:: 2744688
WARNING:root:DHLSS / 572121962061
WARNING:root:: 2744688
WARNING:root:DHLSS / 572121962061
WARNING:root:: 2744689
WARNING:root:DHLSS / 572121958296
WARNING:root:: 2744689
WARNING:root:DHLSS / 572121958296
WARNING:root:: 2744690
WARNING:root:DHLSS / 572121957335
WARNING:root:: 2744690
WARNING:root:DHLSS / 572121957335
WARNING:root:: 2744691
WARNING:root:DHLSS / 572121957436
WARNING:root:: 2744692
WARNING:root:DHLSS / 572121962588
WARNING:root:: 2744692
WARNING:root:DHLSS / 572121962588
WARNING:root:: 2744692
WARNING:root:DHLSS / 572121962588
WARNING:root:: 2744692
WARNING:root:DHLSS / 572121962588
WARNING:root:2744693 not found
WARNING:root:Nothing found
WARNING:root:2744693 not found
WARNING:root:Nothing found
WARNING:root:2744693 not found
WARNING:root:Nothing found
WARNING:root:2744693 not found
WARNING:root:Nothing found
WARNING:root:: 2744695
WARNING:root:DHLSS / 572121961469
WARNING:root:: 2744695
WARNING:root:DHLSS / 572121961469
WARNING:root:: 2744695
WARNING:root:DHLSS / 572121961469
WARNING:root:: 2744696
WARNING:root:DHLSS / 572121963859
WARNING:root:: 2744696
WARNING:root:DHLSS / 572121963859
WARNING:root:: 2744696
WARNING:root:DHLSS / 572121963859
WARNING:root:: 2744696
WARNING:root:DHLSS / 572121963859
WARNING:root:: 2744699
WARNING:root:DHLSS / 572121963900
WARNING:root:: 2744699
WARNING:root:DHLSS / 572121963900
WARNING:root:: 2744699
WARNING:root:DHLSS / 572121963900
WARNING:root:: 2744699
WARNING:root:DHLSS / 572121963900
WARNING:root:: 2744701
WARNING:root:DHLSS / 572121963461
WARNING:root:: 2744701
WARNING:root:DHLSS / 572121963461
WARNING:root:: 2744704
WARNING:root:DHLSS / 572121961015
WARNING:root:: 2744704
WARNING:root:DHLSS / 572121961015
WARNING:root:: 2744704
WARNING:root:DHLSS / 572121961015
WARNING:root:2744705 not found
WARNING:root:Nothing found
WARNING:root:2744705 not found
WARNING:root:Nothing found
WARNING:root:2744705 not found
WARNING:root:Nothing found
WARNING:root:: 2744706
WARNING:root:DHLSS / 572121963792
WARNING:root:: 2744706
WARNING:root:DHLSS / 572121963792
WARNING:root:: 2744706
WARNING:root:DHLSS / 572121963792
WARNING:root:: 2744706
WARNING:root:DHLSS / 572121963792
WARNING:root:: 2744708
WARNING:root:DHLSS / 572121958325
WARNING:root:: 2744708
WARNING:root:DHLSS / 572121958325
WARNING:root:: 2744709
WARNING:root:DHLSS / 572121963815
WARNING:root:: 2744709
WARNING:root:DHLSS / 572121963815
WARNING:root:: 2744709
WARNING:root:DHLSS / 572121963815
WARNING:root:: 2744709
WARNING:root:DHLSS / 572121963815
WARNING:root:: 2744710
WARNING:root:DHLSS / 572121963512
WARNING:root:: 2744710
WARNING:root:DHLSS / 572121963512
WARNING:root:: 2744714
WARNING:root:DHLSS / 572121963770
WARNING:root:: 2744714
WARNING:root:DHLSS / 572121963770
WARNING:root:: 2744714
WARNING:root:DHLSS / 572121963770
WARNING:root:: 2744714
WARNING:root:DHLSS / 572121963770
WARNING:root:: 2744716
WARNING:root:DHLSS / 572121957969
WARNING:root:: 2744717
WARNING:root:DHLSS / 572121962869
WARNING:root:: 2744717
WARNING:root:DHLSS / 572121962869
WARNING:root:: 2744718
WARNING:root:DHLSS / 572121964035
WARNING:root:: 2744718
WARNING:root:DHLSS / 572121964035
WARNING:root:: 2744718
WARNING:root:DHLSS / 572121964035
WARNING:root:: 2744718
WARNING:root:DHLSS / 572121964035
WARNING:root:: 2744719
WARNING:root:DHLSS / 572121963809
WARNING:root:: 2744719
WARNING:root:DHLSS / 572121963809
WARNING:root:: 2744719
WARNING:root:DHLSS / 572121963809
WARNING:root:: 2744719
WARNING:root:DHLSS / 572121963809
WARNING:root:: 2744726
WARNING:root:DHLSS / 572121962522
WARNING:root:: 2744726
WARNING:root:DHLSS / 572121962522
WARNING:root:: 2744726
WARNING:root:DHLSS / 572121962522
WARNING:root:: 2744726
WARNING:root:DHLSS / 572121962522
WARNING:root:: 2744726
WARNING:root:DHLSS / 572121962522
WARNING:root:: 2744728
WARNING:root:DHLSS / 572121963506
WARNING:root:: 2744728
WARNING:root:DHLSS / 572121963506
WARNING:root:: 2744728
WARNING:root:DHLSS / 572121963506
WARNING:root:: 2744728
WARNING:root:DHLSS / 572121963506
WARNING:root:: 2744728
WARNING:root:DHLSS / 572121963506
WARNING:root:: 2744728
WARNING:root:DHLSS / 572121963506
WARNING:root:: 2744729
WARNING:root:DHLSS / 572121957717
WARNING:root:: 2744729
WARNING:root:DHLSS / 572121957717
WARNING:root:: 2744729
WARNING:root:DHLSS / 572121957717
WARNING:root:2744730 not found
WARNING:root:Nothing found
WARNING:root:2744730 not found
WARNING:root:Nothing found
WARNING:root:2744730 not found
WARNING:root:Nothing found
WARNING:root:: 2744731
WARNING:root:DHLSS / 572121961970
WARNING:root:: 2744731
WARNING:root:DHLSS / 572121961970
WARNING:root:: 2744731
WARNING:root:DHLSS / 572121961970
WARNING:root:: 2744731
WARNING:root:DHLSS / 572121961970
WARNING:root:: 2744731
WARNING:root:DHLSS / 572121961970
WARNING:root:: 2744733
WARNING:root:DHLSS / 572121963433
WARNING:root:: 2744733
WARNING:root:DHLSS / 572121963433
WARNING:root:: 2744733
WARNING:root:DHLSS / 572121963433
WARNING:root:: 2744734
WARNING:root:DHLSS / 572121958050
WARNING:root:: 2744734
WARNING:root:DHLSS / 572121958050
WARNING:root:: 2744734
WARNING:root:DHLSS / 572121958050
WARNING:root:: 2744734
WARNING:root:DHLSS / 572121958050
WARNING:root:: 2744735
WARNING:root:DHLSS / 572121958044
WARNING:root:: 2744735
WARNING:root:DHLSS / 572121958044
WARNING:root:: 2744735
WARNING:root:DHLSS / 572121958044
WARNING:root:: 2744738
WARNING:root:DHLSS / 572121958066
WARNING:root:: 2744738
WARNING:root:DHLSS / 572121958066
WARNING:root:: 2744739
WARNING:root:DHLSS / 572121959450
WARNING:root:: 2744740
WARNING:root:DHLSS / 572121958000
WARNING:root:: 2744740
WARNING:root:DHLSS / 572121958000
WARNING:root:: 2744741
WARNING:root:DHLSS / 572121957975
WARNING:root:: 2744741
WARNING:root:DHLSS / 572121957975
WARNING:root:: 2744741
WARNING:root:DHLSS / 572121957975
WARNING:root:: 2744742
WARNING:root:DHLSS / 572121958151
WARNING:root:: 2744742
WARNING:root:DHLSS / 572121958151
WARNING:root:: 2744742
WARNING:root:DHLSS / 572121958151
WARNING:root:: 2744743
WARNING:root:DHLSS / 572121958038
WARNING:root:: 2744743
WARNING:root:DHLSS / 572121958038
WARNING:root:: 2744743
WARNING:root:DHLSS / 572121958038
WARNING:root:: 2744744
WARNING:root:DHLSS / 572121958022
WARNING:root:: 2744744
WARNING:root:DHLSS / 572121958022
WARNING:root:: 2744744
WARNING:root:DHLSS / 572121958022
WARNING:root:: 2744745
WARNING:root:DHLSS / 572121958016
WARNING:root:: 2744745
WARNING:root:DHLSS / 572121958016
WARNING:root:: 2744745
WARNING:root:DHLSS / 572121958016
WARNING:root:: 2744746
WARNING:root:DHLSS / 572121958072
WARNING:root:: 2744746
WARNING:root:DHLSS / 572121958072
WARNING:root:: 2744746
WARNING:root:DHLSS / 572121958072
WARNING:root:: 2744746
WARNING:root:DHLSS / 572121958072
WARNING:root:: 2744747
WARNING:root:DHLSS / 572121958088
WARNING:root:: 2744747
WARNING:root:DHLSS / 572121958088
WARNING:root:: 2744751
WARNING:root:DHLSS / 572121963405
WARNING:root:: 2744751
WARNING:root:DHLSS / 572121963405
WARNING:root:: 2744751
WARNING:root:DHLSS / 572121963405
WARNING:root:: 2744752
WARNING:root:DHLSS / 572121959545
WARNING:root:: 2744753
WARNING:root:DHLSS / 572121957789
WARNING:root:: 2744753
WARNING:root:DHLSS / 572121957789
WARNING:root:: 2744753
WARNING:root:DHLSS / 572121957789
WARNING:root:: 2744754
WARNING:root:DHLSS / 572121957773
WARNING:root:: 2744754
WARNING:root:DHLSS / 572121957773
WARNING:root:: 2744754
WARNING:root:DHLSS / 572121957773
WARNING:root:: 2744755
WARNING:root:DHLSS / 572121957846
WARNING:root:: 2744755
WARNING:root:DHLSS / 572121957846
WARNING:root:: 2744756
WARNING:root:DHLSS / 572121957981
WARNING:root:: 2744756
WARNING:root:DHLSS / 572121957981
WARNING:root:: 2744757
WARNING:root:DHLSS / 572121957997
WARNING:root:: 2744757
WARNING:root:DHLSS / 572121957997
WARNING:root:: 2744761
WARNING:root:DHLSS / 572121959567
WARNING:root:: 2744762
WARNING:root:DHLSS / 572121959573
WARNING:root:: 2744763
WARNING:root:DHLSS / 572121957852
WARNING:root:: 2744763
WARNING:root:DHLSS / 572121957852
WARNING:root:: 2744763
WARNING:root:DHLSS / 572121957852
WARNING:root:: 2744767
WARNING:root:DHLSS / 572121957795
WARNING:root:: 2744770
WARNING:root:DHLSS / 572121957874
WARNING:root:: 2744770
WARNING:root:DHLSS / 572121957874
WARNING:root:: 2744771
WARNING:root:DHLSS / 572121959494
WARNING:root:: 2744772
WARNING:root:DHLSS / 572121957818
WARNING:root:: 2744772
WARNING:root:DHLSS / 572121957818
WARNING:root:: 2744772
WARNING:root:DHLSS / 572121957818
WARNING:root:: 2744772
WARNING:root:DHLSS / 572121957818
WARNING:root:: 2744772
WARNING:root:DHLSS / 572121957818
WARNING:root:: 2744774
WARNING:root:DHLSS / 572121957896
WARNING:root:: 2744774
WARNING:root:DHLSS / 572121957896
WARNING:root:: 2744777
WARNING:root:DHLSS / 572121957830
WARNING:root:: 2744777
WARNING:root:DHLSS / 572121957830
WARNING:root:: 2744777
WARNING:root:DHLSS / 572121957830
WARNING:root:: 2744778
WARNING:root:DHLSS / 572121957824
WARNING:root:: 2744778
WARNING:root:DHLSS / 572121957824
WARNING:root:: 2744778
WARNING:root:DHLSS / 572121957824
WARNING:root:: 2744778
WARNING:root:DHLSS / 572121957824
WARNING:root:: 2744778
WARNING:root:DHLSS / 572121957824
WARNING:root:: 2744778
WARNING:root:DHLSS / 572121957824
WARNING:root:: 2744779
WARNING:root:DHLSS / 572121959501
WARNING:root:: 2744781
WARNING:root:DHLSS / 572121957947
WARNING:root:: 2744781
WARNING:root:DHLSS / 572121957947
WARNING:root:: 2744784
WARNING:root:DHLSS / 572121957903
WARNING:root:: 2744784
WARNING:root:DHLSS / 572121957903
WARNING:root:: 2744784
WARNING:root:DHLSS / 572121957903
WARNING:root:: 2744784
WARNING:root:DHLSS / 572121957903
WARNING:root:: 2744784
WARNING:root:DHLSS / 572121957903
WARNING:root:: 2744786
WARNING:root:DHLSS / 572121957925
WARNING:root:: 2744786
WARNING:root:DHLSS / 572121957925
WARNING:root:: 2744786
WARNING:root:DHLSS / 572121957925
WARNING:root:: 2744786
WARNING:root:DHLSS / 572121957925
WARNING:root:: 2744786
WARNING:root:DHLSS / 572121957925
WARNING:root:: 2744786
WARNING:root:DHLSS / 572121957925
WARNING:root:: 2744786
WARNING:root:DHLSS / 572121957925
WARNING:root:: 2744787
WARNING:root:DHLSS / 572121957919
WARNING:root:: 2744787
WARNING:root:DHLSS / 572121957919
WARNING:root:: 2744792
WARNING:root:DHLSS / 572121959438
WARNING:root:: 2744793
WARNING:root:Nothing found
WARNING:root:: 2744793
WARNING:root:Nothing found
WARNING:root:: 2744793
WARNING:root:Nothing found
WARNING:root:: 2744793
WARNING:root:Nothing found
WARNING:root:: 2744794
WARNING:root:DHLSS / 572121959551
WARNING:root:: 2744795
WARNING:root:DHLSS / 572121959595
WARNING:root:: 2744798
WARNING:root:DHLSS / 572121957515
WARNING:root:: 2744798
WARNING:root:DHLSS / 572121957515
WARNING:root:: 2744798
WARNING:root:DHLSS / 572121957515
WARNING:root:: 2744799
WARNING:root:DHLSS / 572121957420
WARNING:root:: 2744799
WARNING:root:DHLSS / 572121957420
WARNING:root:: 2744799
WARNING:root:DHLSS / 572121957420
WARNING:root:: 2744800
WARNING:root:DHLSS / 572121957751
WARNING:root:: 2744800
WARNING:root:DHLSS / 572121957751
WARNING:root:: 2744801
WARNING:root:DHLSS / 572121957616
WARNING:root:: 2744801
WARNING:root:DHLSS / 572121957616
WARNING:root:: 2744801
WARNING:root:DHLSS / 572121957616
WARNING:root:: 2744801
WARNING:root:DHLSS / 572121957616
WARNING:root:: 2744801
WARNING:root:DHLSS / 572121957616
WARNING:root:: 2744802
WARNING:root:DHLSS / 572121957492
WARNING:root:: 2744802
WARNING:root:DHLSS / 572121957492
WARNING:root:: 2744802
WARNING:root:DHLSS / 572121957492
WARNING:root:: 2744802
WARNING:root:DHLSS / 572121957492
WARNING:root:: 2744803
WARNING:root:DHLSS / 572121957723
WARNING:root:: 2744803
WARNING:root:DHLSS / 572121957723
WARNING:root:: 2744803
WARNING:root:DHLSS / 572121957723
WARNING:root:: 2744804
WARNING:root:DHLSS / 572121957953
WARNING:root:: 2744804
WARNING:root:DHLSS / 572121957953
WARNING:root:: 2744808
WARNING:root:DHLSS / 572121957868
WARNING:root:: 2744808
WARNING:root:DHLSS / 572121957868
WARNING:root:: 2744808
WARNING:root:DHLSS / 572121957868
WARNING:root:: 2744809
WARNING:root:Nothing found
WARNING:root:: 2744814
WARNING:root:DHLSS / 572121959646
WARNING:root:: 2744870
WARNING:root:DHLSS / 572121959652
WARNING:root:give token
WARNING:root:give token
WARNING:root:: 2745281
WARNING:root:UPS 1 / 1Z9353566812398403
WARNING:root:give token
WARNING:root:: 2745281
WARNING:root:UPS 1 / 1Z9353566812398403
WARNING:root:: 2748093
WARNING:root:TOFND / 449800001530330014918311
WARNING:root:: 2748307
WARNING:root:TOFND / 449800001531000014989165
WARNING:root:: 2718877
WARNING:root:POST / 573689173734
WARNING:root:: 2726771
WARNING:root:POST / 573689190047
WARNING:root:2741468 not found
WARNING:root:Nothing found
WARNING:root:: 2743906
WARNING:root:DHLSS / 572121968483
WARNING:root:2744203 not found
WARNING:root:Nothing found
WARNING:root:: 2744259
WARNING:root:DHLSS / 572121962910
WARNING:root:: 2744279
WARNING:root:DHLSS / 572121963067
WARNING:root:: 2744301
WARNING:root:DHLSS / 572121964647
WARNING:root:: 2744334
WARNING:root:DHLSS / 572121969861
WARNING:root:: 2744344
WARNING:root:DHLSS / 572121963152
WARNING:root:: 2744358
WARNING:root:DHLSS / 572121962241
WARNING:root:: 2744360
WARNING:root:DHLSS / 572121964675
WARNING:root:: 2744365
WARNING:root:DHLSS / 572121962718
WARNING:root:: 2744381
WARNING:root:DHLSS / 572121963124
WARNING:root:: 2744386
WARNING:root:DHLSS / 572121964704
WARNING:root:: 2744387
WARNING:root:DHLSS / 572121962803
WARNING:root:: 2744388
WARNING:root:DHLSS / 572121962594
WARNING:root:: 2744391
WARNING:root:DHLSS / 572121964726
WARNING:root:: 2744394
WARNING:root:DHLSS / 572121962897
WARNING:root:: 2744395
WARNING:root:DHLSS / 572121962768
WARNING:root:: 2744396
WARNING:root:DHLSS / 572121962358
WARNING:root:: 2744397
WARNING:root:DHLSS / 572121962229
WARNING:root:: 2744398
WARNING:root:DHLSS / 572121964631
WARNING:root:: 2744399
WARNING:root:DHLSS / 572121969732
WARNING:root:: 2744400
WARNING:root:DHLSS / 572121964710
WARNING:root:: 2744409
WARNING:root:DHLSS / 572121963146
WARNING:root:: 2744417
WARNING:root:DHLSS / 572121964681
WARNING:root:: 2744421
WARNING:root:DHLSS / 572121969748
WARNING:root:2744441 not found
WARNING:root:Nothing found
WARNING:root:2744461 not found
WARNING:root:Nothing found
WARNING:root:2744463 not found
WARNING:root:Nothing found
WARNING:root:: 2744474
WARNING:root:DHLSS / 572121962796
WARNING:root:2744484 not found
WARNING:root:Nothing found
WARNING:root:: 2744487
WARNING:root:DHLSS / 572121969906
WARNING:root:: 2744495
WARNING:root:POST / 573689220939
WARNING:root:: 2744496
WARNING:root:DHLSS / 572121963089
WARNING:root:: 2744528
WARNING:root:POST / 573689220945
WARNING:root:2744548 not found
WARNING:root:Nothing found
WARNING:root:2744550 not found
WARNING:root:Nothing found
WARNING:root:2744554 not found
WARNING:root:Nothing found
WARNING:root:2744562 not found
WARNING:root:Nothing found
WARNING:root:: 2744565
WARNING:root:DHLSS / 572121962730
WARNING:root:2744569 not found
WARNING:root:Nothing found
WARNING:root:2744586 not found
WARNING:root:Nothing found
WARNING:root:2744593 not found
WARNING:root:Nothing found
WARNING:root:2744595 not found
WARNING:root:Nothing found
WARNING:root:2744596 not found
WARNING:root:Nothing found
WARNING:root:2744597 not found
WARNING:root:Nothing found
WARNING:root:2744606 not found
WARNING:root:Nothing found
WARNING:root:: 2744607
WARNING:root:DHLSS / 572121962853
WARNING:root:2744608 not found
WARNING:root:Nothing found
WARNING:root:2744644 not found
WARNING:root:Nothing found
WARNING:root:2744657 not found
WARNING:root:Nothing found
WARNING:root:2744674 not found
WARNING:root:Nothing found
WARNING:root:2744683 not found
WARNING:root:Nothing found
WARNING:root:2744684 not found
WARNING:root:Nothing found
WARNING:root:2744693 not found
WARNING:root:Nothing found
WARNING:root:2744696 not found
WARNING:root:Nothing found
WARNING:root:2744699 not found
WARNING:root:Nothing found
WARNING:root:2744701 not found
WARNING:root:Nothing found
WARNING:root:2744705 not found
WARNING:root:Nothing found
WARNING:root:2744706 not found
WARNING:root:Nothing found
WARNING:root:2744709 not found
WARNING:root:Nothing found
WARNING:root:2744710 not found
WARNING:root:Nothing found
WARNING:root:2744714 not found
WARNING:root:Nothing found
WARNING:root:: 2744717
WARNING:root:DHLSS / 572121962869
WARNING:root:: 2744718
WARNING:root:DHLSS / 572121964035
WARNING:root:: 2744719
WARNING:root:DHLSS / 572121963809
WARNING:root:2744728 not found
WARNING:root:Nothing found
WARNING:root:: 2744730
WARNING:root:DHLSS / 572121969495
WARNING:root:: 2744733
WARNING:root:DHLSS / 572121963433
WARNING:root:: 2744751
WARNING:root:DHLSS / 572121963405
WARNING:root:2744882 not found
WARNING:root:Nothing found
WARNING:urllib3.connectionpool:Retrying (Retry(total=2, connect=None, read=None, redirect=None, status=None)) after connection broken by 'NewConnectionError('<urllib3.connection.HTTPConnection object at 0x00000253FE123CC8>: Failed to establish a new connection: [WinError 10061] No connection could be made because the target machine actively refused it')': /session/a7e1236671966be56108fc3df5338170/element
WARNING:urllib3.connectionpool:Retrying (Retry(total=1, connect=None, read=None, redirect=None, status=None)) after connection broken by 'NewConnectionError('<urllib3.connection.HTTPConnection object at 0x00000253FE139DC8>: Failed to establish a new connection: [WinError 10061] No connection could be made because the target machine actively refused it')': /session/a7e1236671966be56108fc3df5338170/element
WARNING:urllib3.connectionpool:Retrying (Retry(total=0, connect=None, read=None, redirect=None, status=None)) after connection broken by 'NewConnectionError('<urllib3.connection.HTTPConnection object at 0x00000253FE141508>: Failed to establish a new connection: [WinError 10061] No connection could be made because the target machine actively refused it')': /session/a7e1236671966be56108fc3df5338170/element
WARNING:root:give token
WARNING:root:: 2744895
WARNING:root:DHLSS / 572121962257
WARNING:root:: 2744905
WARNING:root:DHLSS / 572121963534
WARNING:root:: 2744908
WARNING:root:DHLSS / 572121963180
WARNING:root:: 2744965
WARNING:root:DHLSS / 572121963449
WARNING:root:give token
WARNING:root:give token
WARNING:root:give token
WARNING:root:: 2744968
WARNING:root:DHLSS / 572121963247
WARNING:root:: 2744969
WARNING:root:DHLSS / 572121962702
WARNING:root:: 2744972
WARNING:root:DHLSS / 572121962617
WARNING:root:: 2744976
WARNING:root:DHLSS / 572121963354
WARNING:root:: 2744983
WARNING:root:DHLSS / 572121963348
WARNING:root:: 2744988
WARNING:root:DHLSS / 572121962516
WARNING:root:: 2744989
WARNING:root:DHLSS / 572121963411
WARNING:root:: 2744990
WARNING:root:DHLSS / 572121962443
WARNING:root:: 2744993
WARNING:root:DHLSS / 572121962572
WARNING:root:: 2744994
WARNING:root:DHLSS / 572121962774
WARNING:root:: 2744997
WARNING:root:DHLSS / 572121962544
WARNING:root:: 2744999
WARNING:root:DHLSS / 572121962881
WARNING:root:2745000 not found
WARNING:root:Nothing found
WARNING:root:2745001 not found
WARNING:root:Nothing found
WARNING:root:2745002 not found
WARNING:root:Nothing found
WARNING:root:2745003 not found
WARNING:root:Nothing found
WARNING:root:2745005 not found
WARNING:root:Nothing found
WARNING:root:2745006 not found
WARNING:root:Nothing found
WARNING:root:2745007 not found
WARNING:root:Nothing found
WARNING:root:2745008 not found
WARNING:root:Nothing found
WARNING:root:2745012 not found
WARNING:root:Nothing found
WARNING:root:2745013 not found
WARNING:root:Nothing found
WARNING:root:2745022 not found
WARNING:root:Nothing found
WARNING:root:2745025 not found
WARNING:root:Nothing found
WARNING:root:2745027 not found
WARNING:root:Nothing found
WARNING:root:give token
WARNING:root:: 2745281
WARNING:root:UPS 1 / 1Z9353566812398403
WARNING:root:give token
WARNING:root:give token
WARNING:root:: 2745281
WARNING:root:UPS 1 / 1Z9353566812398403
WARNING:root:: 2718877
WARNING:root:POST / 573689173734
WARNING:root:: 2744360
WARNING:root:DHLSS / 572121964675
WARNING:root:: 2744386
WARNING:root:DHLSS / 572121964704
WARNING:root:: 2744391
WARNING:root:DHLSS / 572121964726
WARNING:root:: 2744398
WARNING:root:DHLSS / 572121964631
WARNING:root:: 2744399
WARNING:root:DHLSS / 572121969732
WARNING:root:: 2744400
WARNING:root:DHLSS / 572121964710
WARNING:root:: 2744417
WARNING:root:DHLSS / 572121964681
WARNING:root:: 2744421
WARNING:root:DHLSS / 572121969748
WARNING:root:: 2744441
WARNING:root:DHLSS / 572121969681
WARNING:root:2744461 not found
WARNING:root:Nothing found
WARNING:root:2744463 not found
WARNING:root:Nothing found
WARNING:root:2744484 not found
WARNING:root:Nothing found
WARNING:root:: 2744487
WARNING:root:DHLSS / 572121969906
WARNING:root:2744548 not found
WARNING:root:Nothing found
WARNING:root:2744550 not found
WARNING:root:Nothing found
WARNING:root:2744554 not found
WARNING:root:Nothing found
WARNING:root:2744562 not found
WARNING:root:Nothing found
WARNING:root:2744569 not found
WARNING:root:Nothing found
WARNING:root:2744586 not found
WARNING:root:Nothing found
WARNING:root:2744595 not found
WARNING:root:Nothing found
WARNING:root:2744597 not found
WARNING:root:Nothing found
WARNING:root:2744606 not found
WARNING:root:Nothing found
WARNING:root:2744608 not found
WARNING:root:Nothing found
WARNING:root:2744644 not found
WARNING:root:Nothing found
WARNING:root:: 2744657
WARNING:root:DHLSS / 572121969603
WARNING:root:2744674 not found
WARNING:root:Nothing found
WARNING:root:2744683 not found
WARNING:root:Nothing found
WARNING:root:2744684 not found
WARNING:root:Nothing found
WARNING:root:2744693 not found
WARNING:root:Nothing found
WARNING:root:: 2744705
WARNING:root:DHLSS / 572121966661
WARNING:root:: 2744730
WARNING:root:DHLSS / 572121969495
WARNING:root:2744882 not found
WARNING:root:Nothing found
WARNING:root:: 2745003
WARNING:root:DHLSS / 572121964603
WARNING:root:: 2745006
WARNING:root:DHLSS / 572121964906
WARNING:root:: 2745045
WARNING:root:POST / 573689221064
WARNING:root:: 2745057
WARNING:root:DHLSS / 572121965176
WARNING:root:: 2745064
WARNING:root:DHLSS / 572121963635
WARNING:root:: 2745070
WARNING:root:DHLSS / 572121965160
WARNING:root:: 2745075
WARNING:root:DHLSS / 572121965182
WARNING:root:: 2745081
WARNING:root:DHLSS / 572121965154
WARNING:root:: 2745109
WARNING:root:DHLSS / 572121965126
WARNING:root:: 2745112
WARNING:root:DHLSS / 572121965110
WARNING:root:: 2745114
WARNING:root:Nothing found
WARNING:root:: 2745145
WARNING:root:DHLSS / 572121969805
WARNING:root:: 2745222
WARNING:root:POST / 573689221345
WARNING:root:2745358 not found
WARNING:root:Nothing found
WARNING:root:: 2745406
WARNING:root:POST / 573689221351
WARNING:root:2745443 not found
WARNING:root:Nothing found
WARNING:root:: 2745486
WARNING:root:DHLSS / 572121966122
WARNING:root:: 2745530
WARNING:root:DHLSS / 572121969798
WARNING:root:: 2745533
WARNING:root:DHLSS / 572121967386
WARNING:root:: 2745534
WARNING:root:DHLSS / 572121966172
WARNING:root:: 2745537
WARNING:root:DHLSS / 572121965097
WARNING:root:2745542 not found
WARNING:root:Nothing found
WARNING:root:: 2745594
WARNING:root:DHLSS / 572121963613
WARNING:root:: 2745664
WARNING:root:DHLSS / 572121967336
WARNING:root:: 2745669
WARNING:root:DHLSS / 572121964574
WARNING:root:: 2745670
WARNING:root:DHLSS / 572121963966
WARNING:root:: 2745671
WARNING:root:DHLSS / 572121964417
WARNING:root:: 2745675
WARNING:root:DHLSS / 572121964552
WARNING:root:: 2745676
WARNING:root:DHLSS / 572121964439
WARNING:root:: 2745678
WARNING:root:DHLSS / 572121964524
WARNING:root:: 2745683
WARNING:root:DHLSS / 572121964502
WARNING:root:: 2745686
WARNING:root:DHLSS / 572121964546
WARNING:root:: 2745688
WARNING:root:DHLSS / 572121964619
WARNING:root:: 2745690
WARNING:root:DHLSS / 572121964530
WARNING:root:: 2745692
WARNING:root:DHLSS / 572121964489
WARNING:root:: 2745695
WARNING:root:DHLSS / 572121964625
WARNING:root:: 2745696
WARNING:root:DHLSS / 572121964697
WARNING:root:: 2745698
WARNING:root:DHLSS / 572121964653
WARNING:root:: 2745699
WARNING:root:DHLSS / 572121964669
WARNING:root:: 2745700
WARNING:root:DHLSS / 572121964451
WARNING:root:: 2745701
WARNING:root:DHLSS / 572121964467
WARNING:root:: 2745705
WARNING:root:DHLSS / 572121964423
WARNING:root:: 2745723
WARNING:root:DHLSS / 572121964366
WARNING:root:: 2745724
WARNING:root:DHLSS / 572121964322
WARNING:root:: 2745725
WARNING:root:DHLSS / 572121964978
WARNING:root:: 2745727
WARNING:root:DHLSS / 572121964344
WARNING:root:: 2745728
WARNING:root:DHLSS / 572121964350
WARNING:root:: 2745730
WARNING:root:POST / 573689221373
WARNING:root:: 2745731
WARNING:root:DHLSS / 572121966481
WARNING:root:: 2745733
WARNING:root:DHLSS / 572121964568
WARNING:root:: 2745735
WARNING:root:DHLSS / 572121964007
WARNING:root:: 2745736
WARNING:root:DHLSS / 572121966510
WARNING:root:2745737 not found
WARNING:root:Nothing found
WARNING:root:: 2745738
WARNING:root:DHLSS / 572121964388
WARNING:root:: 2745739
WARNING:root:POST / 573689221165
WARNING:root:: 2745740
WARNING:root:DHLSS / 572121964108
WARNING:root:: 2745741
WARNING:root:DHLSS / 572121964372
WARNING:root:: 2745742
WARNING:root:DHLSS / 572121963994
WARNING:root:: 2745743
WARNING:root:POST / 573689221143
WARNING:root:: 2745744
WARNING:root:DHLSS / 572121966251
WARNING:root:: 2745746
WARNING:root:DHLSS / 572121964394
WARNING:root:: 2745748
WARNING:root:DHLSS / 572121966273
WARNING:root:: 2745753
WARNING:root:DHLSS / 572121964085
WARNING:root:: 2745755
WARNING:root:DHLSS / 572121964186
WARNING:root:: 2745756
WARNING:root:DHLSS / 572121964170
WARNING:root:: 2745757
WARNING:root:POST / 573689221109
WARNING:root:: 2745758
WARNING:root:POST / 573689221452
WARNING:root:: 2745760
WARNING:root:POST / 573689221070
WARNING:root:: 2745762
WARNING:root:DHLSS / 572121964063
WARNING:root:: 2745763
WARNING:root:DHLSS / 572121964136
WARNING:root:: 2745766
WARNING:root:DHLSS / 572121964158
WARNING:root:: 2745768
WARNING:root:POST / 573689221121
WARNING:root:: 2745769
WARNING:root:DHLSS / 572121964984
WARNING:root:: 2745770
WARNING:root:DHLSS / 572121964142
WARNING:root:: 2745771
WARNING:root:POST / 573689221171
WARNING:root:: 2745772
WARNING:root:POST / 573689221086
WARNING:root:: 2745774
WARNING:root:DHLSS / 572121964120
WARNING:root:: 2745779
WARNING:root:DHLSS / 572121966611
WARNING:root:: 2745780
WARNING:root:DHLSS / 572121966699
WARNING:root:: 2745781
WARNING:root:DHLSS / 572121964316
WARNING:root:: 2745783
WARNING:root:DHLSS / 572121964079
WARNING:root:: 2745784
WARNING:root:POST / 573689221244
WARNING:root:: 2745785
WARNING:root:DHLSS / 572121963972
WARNING:root:: 2745786
WARNING:root:DHLSS / 572121966245
WARNING:root:: 2745788
WARNING:root:DHLSS / 572121964401
WARNING:root:: 2745789
WARNING:root:POST / 573689221424
WARNING:root:: 2745790
WARNING:root:POST / 573689221137
WARNING:root:: 2745791
WARNING:root:POST / 573689221115
WARNING:root:: 2745792
WARNING:root:Nothing found
WARNING:root:: 2745793
WARNING:root:DHLSS / 572121963843
WARNING:root:: 2745795
WARNING:root:POST / 573689221187
WARNING:root:: 2745796
WARNING:root:DHLSS / 572121963988
WARNING:root:: 2745798
WARNING:root:POST / 573689221480
WARNING:root:: 2745799
WARNING:root:POST / 573689221418
WARNING:root:: 2745800
WARNING:root:DHLSS / 572121964114
WARNING:root:: 2745801
WARNING:root:POST / 573689222290
WARNING:root:: 2745802
WARNING:root:DHLSS / 572121964243
WARNING:root:: 2745804
WARNING:root:DHLSS / 572121964221
WARNING:root:: 2745809
WARNING:root:POST / 573689221250
WARNING:root:: 2745808
WARNING:root:DHLSS / 572121964192
WARNING:root:: 2745811
WARNING:root:DHLSS / 572121964215
WARNING:root:: 2745812
WARNING:root:POST / 573689221238
WARNING:root:: 2745813
WARNING:root:DHLSS / 572121966223
WARNING:root:: 2745814
WARNING:root:POST / 573689221648
WARNING:root:: 2745815
WARNING:root:DHLSS / 572121968679
WARNING:root:: 2745817
WARNING:root:DHLSS / 572121966201
WARNING:root:: 2745819
WARNING:root:DHLSS / 572121964209
WARNING:root:: 2745820
WARNING:root:DHLSS / 572121964091
WARNING:root:2745822 not found
WARNING:root:Nothing found
WARNING:root:: 2745823
WARNING:root:POST / 573689221395
WARNING:root:: 2745827
WARNING:root:DHLSS / 572121964271
WARNING:root:: 2745829
WARNING:root:DHLSS / 572121964300
WARNING:root:: 2745831
WARNING:root:POST / 573689221200
WARNING:root:: 2745832
WARNING:root:POST / 573689221496
WARNING:root:: 2745833
WARNING:root:DHLSS / 572121964293
WARNING:root:: 2745835
WARNING:root:POST / 573689221468
WARNING:root:: 2745837
WARNING:root:POST / 573689221193
WARNING:root:: 2745838
WARNING:root:POST / 573689221430
WARNING:root:: 2745839
WARNING:root:DHLSS / 572121964259
WARNING:root:: 2745842
WARNING:root:POST / 573689221446
WARNING:root:: 2745843
WARNING:root:DHLSS / 572121964265
WARNING:root:: 2745844
WARNING:root:POST / 573689221222
WARNING:root:: 2745845
WARNING:root:DHLSS / 572121966194
WARNING:root:: 2745847
WARNING:root:DHLSS / 572121964338
WARNING:root:: 2745851
WARNING:root:DHLSS / 572121968540
WARNING:root:: 2745855
WARNING:root:DHLSS / 572121964287
WARNING:root:: 2745856
WARNING:root:DHLSS / 572121964495
WARNING:root:: 2745857
WARNING:root:POST / 573689221389
WARNING:root:: 2745858
WARNING:root:POST / 573689221266
WARNING:root:: 2745859
WARNING:root:DHLSS / 572121964473
WARNING:root:: 2745860
WARNING:root:POST / 573689222385
WARNING:root:: 2745862
WARNING:root:POST / 573689221323
WARNING:root:: 2745864
WARNING:root:POST / 573689221474
WARNING:root:: 2745865
WARNING:root:DHLSS / 572121964518
WARNING:root:: 2745866
WARNING:root:POST / 573689221272
WARNING:root:: 2745870
WARNING:root:DHLSS / 572121964057
WARNING:root:: 2745873
WARNING:root:DHLSS / 572121966992
WARNING:root:: 2745879
WARNING:root:POST / 573689221402
WARNING:root:: 2745881
WARNING:root:DHLSS / 572121966368
WARNING:root:: 2745882
WARNING:root:DHLSS / 572121964580
WARNING:root:2745884 not found
WARNING:root:Nothing found
WARNING:root:: 2745885
WARNING:root:POST / 573689221317
WARNING:root:: 2745886
WARNING:root:POST / 573689221288
WARNING:root:: 2745888
WARNING:root:DHLSS / 572121964596
WARNING:root:: 2745889
WARNING:root:DHLSS / 572121964041
WARNING:root:: 2745892
WARNING:root:POST / 574040009419
WARNING:root:: 2745894
WARNING:root:DHLSS / 572121964732
WARNING:root:: 2745895
WARNING:root:DHLSS / 572121966346
WARNING:root:: 2745897
WARNING:root:POST / 573689221159
WARNING:root:: 2745899
WARNING:root:DHLSS / 572121964956
WARNING:root:: 2745901
WARNING:root:DHLSS / 572121964754
WARNING:root:: 2745902
WARNING:root:POST / 573689221294
WARNING:root:: 2745903
WARNING:root:DHLSS / 572121966318
WARNING:root:: 2745905
WARNING:root:DHLSS / 572121966302
WARNING:root:: 2745908
WARNING:root:POST / 573689221569
WARNING:root:: 2745909
WARNING:root:DHLSS / 572121966289
WARNING:root:: 2745911
WARNING:root:POST / 573689221301
WARNING:root:: 2745912
WARNING:root:POST / 573689221367
WARNING:root:: 2745913
WARNING:root:DHLSS / 572121964962
WARNING:root:: 2745914
WARNING:root:DHLSS / 572121966504
WARNING:root:: 2745915
WARNING:root:POST / 573689221862
WARNING:root:: 2745916
WARNING:root:DHLSS / 572121966526
WARNING:root:: 2745917
WARNING:root:POST / 573689222234
WARNING:root:: 2745919
WARNING:root:POST / 573689221339
WARNING:root:: 2745920
WARNING:root:DHLSS / 572121966475
WARNING:root:: 2745921
WARNING:root:DHLSS / 572121964029
WARNING:root:: 2745923
WARNING:root:DHLSS / 572121964748
WARNING:root:: 2745924
WARNING:root:DHLSS / 572121964798
WARNING:root:: 2745925
WARNING:root:POST / 573689221575
WARNING:root:: 2745926
WARNING:root:DHLSS / 572121964013
WARNING:root:: 2745927
WARNING:root:POST / 573689221682
WARNING:root:: 2745929
WARNING:root:POST / 573689221749
WARNING:root:: 2745930
WARNING:root:POST / 573689222284
WARNING:root:: 2745932
WARNING:root:POST / 573689221840
WARNING:root:: 2745933
WARNING:root:DHLSS / 572121964827
WARNING:root:: 2745934
WARNING:root:POST / 573689221676
WARNING:root:: 2745935
WARNING:root:POST / 573689222212
WARNING:root:: 2745936
WARNING:root:POST / 573689221929
WARNING:root:: 2745938
WARNING:root:DHLSS / 572121967106
WARNING:root:: 2745939
WARNING:root:POST / 573689221553
WARNING:root:: 2745940
WARNING:root:DHLSS / 572121966447
WARNING:root:: 2745941
WARNING:root:DHLSS / 572121966936
WARNING:root:: 2745942
WARNING:root:POST / 573689221597
WARNING:root:: 2745943
WARNING:root:DHLSS / 572121964760
WARNING:root:: 2745945
WARNING:root:POST / 573689221733
WARNING:root:: 2745946
WARNING:root:DHLSS / 572121967308
WARNING:root:: 2745950
WARNING:root:DHLSS / 572121966885
WARNING:root:: 2745951
WARNING:root:DHLSS / 572121964776
WARNING:root:: 2745952
WARNING:root:POST / 573689221935
WARNING:root:: 2745953
WARNING:root:DHLSS / 572121966419
WARNING:root:: 2745958
WARNING:root:DHLSS / 572121964934
WARNING:root:: 2745959
WARNING:root:DHLSS / 572121966908
WARNING:root:: 2745960
WARNING:root:POST / 573689222802
WARNING:root:: 2745963
WARNING:root:POST / 573689222177
WARNING:root:: 2745964
WARNING:root:POST / 573689222240
WARNING:root:: 2745966
WARNING:root:DHLSS / 572121967342
WARNING:root:: 2745967
WARNING:root:POST / 573689222262
WARNING:root:: 2745968
WARNING:root:DHLSS / 572121967207
WARNING:root:: 2745969
WARNING:root:POST / 573689222278
WARNING:root:: 2745972
WARNING:root:DHLSS / 572121967926
WARNING:root:: 2745973
WARNING:root:POST / 573689222335
WARNING:root:: 2745974
WARNING:root:POST / 573689222313
WARNING:root:: 2745975
WARNING:root:POST / 573689221890
WARNING:root:: 2745976
WARNING:root:DHLSS / 572121967847
WARNING:root:: 2745977
WARNING:root:DHLSS / 572121971808
WARNING:root:: 2745978
WARNING:root:DHLSS / 572121971741
WARNING:root:: 2745979
WARNING:root:POST / 573689222105
WARNING:root:: 2745981
WARNING:root:POST / 573689223044
WARNING:root:: 2745982
WARNING:root:POST / 573689221711
WARNING:root:: 2745984
WARNING:root:DHLSS / 572121972646
WARNING:root:: 2745985
WARNING:root:DHLSS / 572121971987
WARNING:root:: 2745987
WARNING:root:DHLSS / 572121971779
WARNING:root:: 2745989
WARNING:root:DHLSS / 572121966920
WARNING:root:: 2745992
WARNING:root:POST / 573689222329
WARNING:root:: 2745993
WARNING:root:POST / 573689222161
WARNING:root:: 2745994
WARNING:root:POST / 573689221581
WARNING:root:: 2745995
WARNING:root:DHLSS / 572121972466
WARNING:root:: 2745996
WARNING:root:DHLSS / 572121972810
WARNING:root:: 2745997
WARNING:root:POST / 573689221812
WARNING:root:: 2745998
WARNING:root:POST / 573689222896
WARNING:root:: 2745999
WARNING:root:POST / 573689222206
WARNING:root:: 2746000
WARNING:root:DHLSS / 572121975212
WARNING:root:: 2746001
WARNING:root:DHLE1 / 3417684314
WARNING:root:: 2746002
WARNING:root:DHLSS / 572121972056
WARNING:root:: 2746004
WARNING:root:POST / 573689221755
WARNING:root:: 2746005
WARNING:root:POST / 573689221761
WARNING:root:: 2746006
WARNING:root:DHLSS / 572121975335
WARNING:root:: 2746007
WARNING:root:POST / 573689222127
WARNING:root:: 2746009
WARNING:root:POST / 573689221727
WARNING:root:: 2746011
WARNING:root:POST / 573689221907
WARNING:root:: 2746012
WARNING:root:POST / 573689222133
WARNING:root:: 2746013
WARNING:root:DHLSS / 572121967932
WARNING:root:: 2746018
WARNING:root:DHLSS / 572121972573
WARNING:root:2746019 not found
WARNING:root:Nothing found
WARNING:root:: 2746020
WARNING:root:DHLSS / 572121968512
WARNING:root:: 2746021
WARNING:root:POST / 573689222155
WARNING:root:: 2746022
WARNING:root:POST / 573689222745
WARNING:root:: 2746023
WARNING:root:DHLSS / 572121971612
WARNING:root:: 2746024
WARNING:root:DHLSS / 572121972012
WARNING:root:: 2746028
WARNING:root:POST / 573689222082
WARNING:root:: 2746029
WARNING:root:POST / 573689221913
WARNING:root:: 2746031
WARNING:root:POST / 573689221698
WARNING:root:: 2746033
WARNING:root:POST / 573689221531
WARNING:root:: 2746037
WARNING:root:DHLSS / 572121968584
WARNING:root:: 2746040
WARNING:root:DHLSS / 572121967538
WARNING:root:: 2746041
WARNING:root:POST / 573689221503
WARNING:root:: 2746050
WARNING:root:DHLSS / 572121971101
WARNING:root:2746053 not found
WARNING:root:Nothing found
WARNING:root:: 2746059
WARNING:root:POST / 573689221783
WARNING:root:: 2746061
WARNING:root:POST / 573689221878
WARNING:root:: 2746062
WARNING:root:DHLSS / 572121968613
WARNING:root:: 2746063
WARNING:root:POST / 573689221828
WARNING:root:: 2746064
WARNING:root:DHLSS / 572121972501
WARNING:root:: 2746065
WARNING:root:DHLSS / 572121971381
WARNING:root:: 2746066
WARNING:root:DHLSS / 572121971230
WARNING:root:: 2746067
WARNING:root:DHLSS / 572121968528
WARNING:root:: 2746068
WARNING:root:POST / 573689221525
WARNING:root:2746069 not found
WARNING:root:Nothing found
WARNING:root:2746070 not found
WARNING:root:Nothing found
WARNING:root:2746071 not found
WARNING:root:Nothing found
WARNING:root:2746073 not found
WARNING:root:Nothing found
WARNING:root:2746074 not found
WARNING:root:Nothing found
WARNING:root:2746075 not found
WARNING:root:Nothing found
WARNING:root:2746076 not found
WARNING:root:Nothing found
WARNING:root:2746077 not found
WARNING:root:Nothing found
WARNING:root:2746078 not found
WARNING:root:Nothing found
WARNING:root:2746079 not found
WARNING:root:Nothing found
WARNING:root:2746080 not found
WARNING:root:Nothing found
WARNING:root:2746081 not found
WARNING:root:Nothing found
WARNING:root:2746082 not found
WARNING:root:Nothing found
WARNING:root:2746083 not found
WARNING:root:Nothing found
WARNING:root:2746084 not found
WARNING:root:Nothing found
WARNING:root:2746085 not found
WARNING:root:Nothing found
WARNING:root:2746089 not found
WARNING:root:Nothing found
WARNING:root:2746090 not found
WARNING:root:Nothing found
WARNING:root:2746091 not found
WARNING:root:Nothing found
WARNING:root:2746092 not found
WARNING:root:Nothing found
WARNING:root:2746093 not found
WARNING:root:Nothing found
WARNING:root:2746094 not found
WARNING:root:Nothing found
WARNING:root:2746095 not found
WARNING:root:Nothing found
WARNING:root:2746096 not found
WARNING:root:Nothing found
WARNING:root:2746097 not found
WARNING:root:Nothing found
WARNING:root:2746098 not found
WARNING:root:Nothing found
WARNING:root:2746099 not found
WARNING:root:Nothing found
WARNING:root:2746100 not found
WARNING:root:Nothing found
WARNING:root:2746101 not found
WARNING:root:Nothing found
WARNING:root:2746102 not found
WARNING:root:Nothing found
WARNING:root:2746104 not found
WARNING:root:Nothing found
WARNING:root:2746105 not found
WARNING:root:Nothing found
WARNING:root:2746106 not found
WARNING:root:Nothing found
WARNING:root:2746107 not found
WARNING:root:Nothing found
WARNING:root:2746109 not found
WARNING:root:Nothing found
WARNING:root:2746110 not found
WARNING:root:Nothing found
WARNING:root:2746111 not found
WARNING:root:Nothing found
WARNING:root:2746112 not found
WARNING:root:Nothing found
WARNING:root:2746113 not found
WARNING:root:Nothing found
WARNING:root:2746114 not found
WARNING:root:Nothing found
WARNING:root:2746116 not found
WARNING:root:Nothing found
WARNING:root:2746120 not found
WARNING:root:Nothing found
WARNING:root:2746121 not found
WARNING:root:Nothing found
WARNING:root:2746122 not found
WARNING:root:Nothing found
WARNING:root:2746123 not found
WARNING:root:Nothing found
WARNING:root:2746124 not found
WARNING:root:Nothing found
WARNING:root:2746127 not found
WARNING:root:Nothing found
WARNING:root:2746128 not found
WARNING:root:Nothing found
WARNING:root:2746129 not found
WARNING:root:Nothing found
WARNING:root:2746130 not found
WARNING:root:Nothing found
WARNING:root:2746131 not found
WARNING:root:Nothing found
WARNING:root:2746133 not found
WARNING:root:Nothing found
WARNING:root:2746134 not found
WARNING:root:Nothing found
WARNING:root:2746141 not found
WARNING:root:Nothing found
WARNING:root:2746143 not found
WARNING:root:Nothing found
WARNING:root:2746144 not found
WARNING:root:Nothing found
WARNING:root:2746145 not found
WARNING:root:Nothing found
WARNING:root:2746146 not found
WARNING:root:Nothing found
WARNING:root:2746147 not found
WARNING:root:Nothing found
WARNING:root:2746148 not found
WARNING:root:Nothing found
WARNING:root:2746149 not found
WARNING:root:Nothing found
WARNING:root:2746150 not found
WARNING:root:Nothing found
WARNING:root:2746154 not found
WARNING:root:Nothing found
WARNING:root:: 2746155
WARNING:root:DHLSS / 572121970076
WARNING:root:: 2746156
WARNING:root:POST / 573689221834
WARNING:root:: 2746157
WARNING:root:DHLSS / 572121969760
WARNING:root:: 2746158
WARNING:root:DHLSS / 572121965514
WARNING:root:: 2746159
WARNING:root:DHLSS / 572121969827
WARNING:root:: 2746160
WARNING:root:DHLSS / 572121965520
WARNING:root:: 2746161
WARNING:root:DHLSS / 572121967027
WARNING:root:: 2746162
WARNING:root:DHLSS / 572121970161
WARNING:root:: 2746163
WARNING:root:DHLSS / 572121970004
WARNING:root:: 2746164
WARNING:root:DHLSS / 572121970054
WARNING:root:: 2746165
WARNING:root:DHLSS / 572121970060
WARNING:root:: 2746166
WARNING:root:DHLSS / 572121970773
WARNING:root:: 2746167
WARNING:root:DHLSS / 572121969186
WARNING:root:: 2746169
WARNING:root:DHLSS / 572121969940
WARNING:root:: 2746170
WARNING:root:DHLSS / 572121970026
WARNING:root:: 2746172
WARNING:root:DHLSS / 572121970010
WARNING:root:: 2746173
WARNING:root:DHLSS / 572121968247
WARNING:root:: 2746174
WARNING:root:DHLSS / 572121966295
WARNING:root:: 2746175
WARNING:root:DHLSS / 572121973658
WARNING:root:: 2746176
WARNING:root:DHLSS / 572121968405
WARNING:root:: 2746178
WARNING:root:POST / 573689221547
WARNING:root:: 2746179
WARNING:root:DHLSS / 572121970048
WARNING:root:: 2746180
WARNING:root:Nothing found
WARNING:root:: 2746181
WARNING:root:DHLSS / 572121970149
WARNING:root:: 2746182
WARNING:root:DHLSS / 572121970155
WARNING:root:: 2746183
WARNING:root:DHLSS / 572121966267
WARNING:root:: 2746184
WARNING:root:DHLSS / 572121970032
WARNING:root:: 2746185
WARNING:root:DHLSS / 572121966015
WARNING:root:: 2746186
WARNING:root:DHLSS / 572121971252
WARNING:root:: 2746190
WARNING:root:DHLSS / 572121966059
WARNING:root:: 2746192
WARNING:root:DHLSS / 572121971195
WARNING:root:: 2746193
WARNING:root:DHLSS / 572121971331
WARNING:root:: 2746195
WARNING:root:POST / 573689222076
WARNING:root:: 2746196
WARNING:root:DHLSS / 572121968764
WARNING:root:: 2746197
WARNING:root:DHLSS / 572121970767
WARNING:root:: 2746199
WARNING:root:DHLSS / 572121971482
WARNING:root:: 2746201
WARNING:root:DHLSS / 572121968792
WARNING:root:: 2746203
WARNING:root:POST / 573689221856
WARNING:root:: 2746204
WARNING:root:DHLSS / 572121970717
WARNING:root:: 2746205
WARNING:root:DHLSS / 572121971246
WARNING:root:: 2746206
WARNING:root:DHLSS / 572121970701
WARNING:root:: 2746207
WARNING:root:DHLSS / 572121970931
WARNING:root:: 2746208
WARNING:root:DHLSS / 572121971088
WARNING:root:: 2746209
WARNING:root:DHLSS / 572121974698
WARNING:root:: 2746210
WARNING:root:DHLSS / 572121971268
WARNING:root:: 2746211
WARNING:root:DHLSS / 572121967033
WARNING:root:: 2746217
WARNING:root:DHLSS / 572121971993
WARNING:root:: 2746218
WARNING:root:DHLSS / 572121971123
WARNING:root:: 2746219
WARNING:root:DHLSS / 572121972775
WARNING:root:: 2746220
WARNING:root:DHLSS / 572121968310
WARNING:root:: 2746221
WARNING:root:DHLSS / 572121971858
WARNING:root:: 2746222
WARNING:root:DHLSS / 572121970953
WARNING:root:: 2746223
WARNING:root:DHLSS / 572121966087
WARNING:root:: 2746224
WARNING:root:DHLSS / 572121967285
WARNING:root:: 2746227
WARNING:root:DHLSS / 572121966138
WARNING:root:: 2746228
WARNING:root:DHLSS / 572121966188
WARNING:root:: 2746229
WARNING:root:DHLSS / 572121966879
WARNING:root:: 2746237
WARNING:root:DHLSS / 572121970919
WARNING:root:: 2746239
WARNING:root:DHLSS / 572121971117
WARNING:root:: 2746245
WARNING:root:DHLSS / 572121971072
WARNING:root:: 2746248
WARNING:root:DHLSS / 572121968859
WARNING:root:: 2746249
WARNING:root:DHLSS / 572121968708
WARNING:root:: 2746254
WARNING:root:DHLSS / 572121966166
WARNING:root:: 2746255
WARNING:root:DHLSS / 572121971202
WARNING:root:: 2746256
WARNING:root:DHLSS / 572121965407
WARNING:root:: 2746257
WARNING:root:DHLSS / 572121969489
WARNING:root:: 2746258
WARNING:root:DHLSS / 572121968411
WARNING:root:: 2746259
WARNING:root:DHLSS / 572121968893
WARNING:root:: 2746260
WARNING:root:DHLSS / 572121971375
WARNING:root:: 2746261
WARNING:root:DHLSS / 572121968916
WARNING:root:: 2746262
WARNING:root:DHLSS / 572121969502
WARNING:root:: 2746263
WARNING:root:DHLSS / 572121971892
WARNING:root:: 2746267
WARNING:root:DHLSS / 572121973737
WARNING:root:: 2746268
WARNING:root:DHLSS / 572121971909
WARNING:root:: 2746269
WARNING:root:DHLSS / 572121971864
WARNING:root:: 2746270
WARNING:root:DHLSS / 572121971404
WARNING:root:: 2746271
WARNING:root:DHLSS / 572121971870
WARNING:root:: 2746272
WARNING:root:DHLSS / 572121968433
WARNING:root:: 2746273
WARNING:root:DHLSS / 572121971886
WARNING:root:: 2746274
WARNING:root:DHLSS / 572121970975
WARNING:root:: 2746276
WARNING:root:DHLSS / 572121970830
WARNING:root:: 2746277
WARNING:root:DHLSS / 572121971937
WARNING:root:: 2746278
WARNING:root:DHLSS / 572121970818
WARNING:root:: 2746279
WARNING:root:DHLSS / 572121971791
WARNING:root:: 2746280
WARNING:root:DHLSS / 572121967061
WARNING:root:: 2746281
WARNING:root:DHLSS / 572121970105
WARNING:root:: 2746282
WARNING:root:DHLSS / 572121969984
WARNING:root:: 2746283
WARNING:root:DHLSS / 572121969518
WARNING:root:: 2746284
WARNING:root:DHLSS / 572121968657
WARNING:root:: 2746288
WARNING:root:DHLSS / 572121970098
WARNING:root:: 2746289
WARNING:root:DHLSS / 572121968691
WARNING:root:: 2746290
WARNING:root:DHLSS / 572121968562
WARNING:root:: 2746291
WARNING:root:DHLSS / 572121970082
WARNING:root:: 2746292
WARNING:root:DHLSS / 572121971218
WARNING:root:: 2746293
WARNING:root:DHLSS / 572121970672
WARNING:root:: 2746295
WARNING:root:DHLSS / 572121971325
WARNING:root:: 2746297
WARNING:root:DHLSS / 572121968720
WARNING:root:: 2746300
WARNING:root:DHLSS / 572121970111
WARNING:root:: 2746303
WARNING:root:DHLSS / 572121968736
WARNING:root:: 2746304
WARNING:root:DHLSS / 572121967358
WARNING:root:: 2746307
WARNING:root:DHLSS / 572121967623
WARNING:root:: 2746308
WARNING:root:DHLSS / 572121968786
WARNING:root:: 2746309
WARNING:root:DHLSS / 572121969877
WARNING:root:: 2746310
WARNING:root:DHLSS / 572121969899
WARNING:root:: 2746314
WARNING:root:DHLSS / 572121969883
WARNING:root:: 2746316
WARNING:root:DHLSS / 572121970509
WARNING:root:: 2746322
WARNING:root:DHLSS / 572121969990
WARNING:root:: 2746324
WARNING:root:DHLSS / 572121970133
WARNING:root:: 2746336
WARNING:root:DHLSS / 572121965390
WARNING:root:: 2746337
WARNING:root:DHLSS / 572121968304
WARNING:root:: 2746342
WARNING:root:DHLSS / 572121967651
WARNING:root:: 2746343
WARNING:root:DHLSS / 572121968506
WARNING:root:: 2746348
WARNING:root:DHLSS / 572121969912
WARNING:root:: 2746349
WARNING:root:DHLSS / 572121966712
WARNING:root:: 2746351
WARNING:root:DHLSS / 572121969833
WARNING:root:: 2746352
WARNING:root:DHLSS / 572121969934
WARNING:root:: 2746353
WARNING:root:DHLSS / 572121965249
WARNING:root:: 2746354
WARNING:root:DHLSS / 572121969596
WARNING:root:: 2746358
WARNING:root:DHLSS / 572121968348
WARNING:root:: 2746362
WARNING:root:DHLSS / 572121969574
WARNING:root:: 2746363
WARNING:root:DHLSS / 572121969669
WARNING:root:: 2746364
WARNING:root:DHLSS / 572121965283
WARNING:root:: 2746365
WARNING:root:DHLSS / 572121968360
WARNING:root:: 2746368
WARNING:root:DHLSS / 572121969675
WARNING:root:: 2746369
WARNING:root:DHLSS / 572121969811
WARNING:root:: 2746370
WARNING:root:DHLSS / 572121967112
WARNING:root:: 2746371
WARNING:root:DHLSS / 572121967437
WARNING:root:: 2746372
WARNING:root:DHLSS / 572121969704
WARNING:root:: 2746376
WARNING:root:DHLSS / 572121969035
WARNING:root:: 2746377
WARNING:root:DHLSS / 572121968607
WARNING:root:: 2746378
WARNING:root:DHLSS / 572121969316
WARNING:root:: 2746379
WARNING:root:DHLSS / 572121965794
WARNING:root:: 2746380
WARNING:root:DHLSS / 572121969855
WARNING:root:: 2746382
WARNING:root:DHLSS / 572121969782
WARNING:root:: 2746384
WARNING:root:DHLSS / 572121965312
WARNING:root:: 2746387
WARNING:root:DHLSS / 572121965340
WARNING:root:: 2746388
WARNING:root:DHLSS / 572121969192
WARNING:root:: 2746389
WARNING:root:DHLSS / 572121965299
WARNING:root:: 2746390
WARNING:root:DHLSS / 572121967077
WARNING:root:: 2746392
WARNING:root:DHLSS / 572121969221
WARNING:root:: 2746393
WARNING:root:DHLSS / 572121967500
WARNING:root:: 2746394
WARNING:root:DHLSS / 572121965277
WARNING:root:: 2746395
WARNING:root:DHLSS / 572121969063
WARNING:root:: 2746397
WARNING:root:DHLSS / 572121969057
WARNING:root:: 2746401
WARNING:root:DHLSS / 572121967516
WARNING:root:: 2746403
WARNING:root:DHLSS / 572121967831
WARNING:root:: 2746404
WARNING:root:DHLSS / 572121969439
WARNING:root:: 2746406
WARNING:root:DHLSS / 572121969568
WARNING:root:: 2746407
WARNING:root:DHLSS / 572121965643
WARNING:root:: 2746408
WARNING:root:DHLSS / 572121967291
WARNING:root:: 2746409
WARNING:root:DHLSS / 572121968326
WARNING:root:: 2746410
WARNING:root:DHLSS / 572121968152
WARNING:root:: 2746411
WARNING:root:DHLSS / 572121968837
WARNING:root:: 2746412
WARNING:root:DHLSS / 572121969350
WARNING:root:: 2746413
WARNING:root:DHLSS / 572121967314
WARNING:root:: 2746414
WARNING:root:DHLSS / 572121969259
WARNING:root:: 2746415
WARNING:root:DHLSS / 572121967960
WARNING:root:: 2746416
WARNING:root:DHLSS / 572121968023
WARNING:root:2746418 not found
WARNING:root:Nothing found
WARNING:root:: 2746419
WARNING:root:DHLSS / 572121967465
WARNING:root:: 2746420
WARNING:root:DHLSS / 572121969085
WARNING:root:: 2746421
WARNING:root:DHLSS / 572121968045
WARNING:root:: 2746422
WARNING:root:DHLSS / 572121965687
WARNING:root:: 2746423
WARNING:root:DHLSS / 572121969164
WARNING:root:: 2746424
WARNING:root:DHLSS / 572121967522
WARNING:root:: 2746425
WARNING:root:DHLSS / 572121969120
WARNING:root:: 2746426
WARNING:root:DHLSS / 572121969209
WARNING:root:: 2746427
WARNING:root:DHLSS / 572121968051
WARNING:root:: 2746429
WARNING:root:DHLSS / 572121968001
WARNING:root:: 2746430
WARNING:root:DHLSS / 572121969142
WARNING:root:: 2746431
WARNING:root:DHLSS / 572121967819
WARNING:root:: 2746432
WARNING:root:DHLSS / 572121968821
WARNING:root:: 2746433
WARNING:root:DHLSS / 572121967471
WARNING:root:: 2746434
WARNING:root:DHLSS / 572121968770
WARNING:root:: 2746435
WARNING:root:DHLSS / 572121967241
WARNING:root:: 2746439
WARNING:root:DHLSS / 572121968146
WARNING:root:: 2746441
WARNING:root:DHLSS / 572121968685
WARNING:root:: 2746443
WARNING:root:DHLSS / 572121966396
WARNING:root:: 2746444
WARNING:root:DHLSS / 572121969322
WARNING:root:: 2746445
WARNING:root:DHLSS / 572121967774
WARNING:root:: 2746446
WARNING:root:DHLSS / 572121967982
WARNING:root:: 2746447
WARNING:root:DHLSS / 572121968089
WARNING:root:: 2746448
WARNING:root:DHLSS / 572121965952
WARNING:root:: 2746449
WARNING:root:DHLSS / 572121969338
WARNING:root:: 2746450
WARNING:root:DHLSS / 572121967954
WARNING:root:: 2746452
WARNING:root:DHLSS / 572121968017
WARNING:root:: 2746454
WARNING:root:DHLSS / 572121969344
WARNING:root:: 2746455
WARNING:root:DHLSS / 572121969108
WARNING:root:: 2746456
WARNING:root:DHLSS / 572121967768
WARNING:root:: 2746457
WARNING:root:DHLSS / 572121969372
WARNING:root:: 2746458
WARNING:root:DHLSS / 572121969265
WARNING:root:: 2746460
WARNING:root:DHLSS / 572121968809
WARNING:root:: 2746461
WARNING:root:DHLSS / 572121965918
WARNING:root:: 2746462
WARNING:root:DHLSS / 572121969653
WARNING:root:: 2746463
WARNING:root:DHLSS / 572121969079
WARNING:root:: 2746464
WARNING:root:DHLSS / 572121968095
WARNING:root:2746465 not found
WARNING:root:Nothing found
WARNING:root:2746469 not found
WARNING:root:Nothing found
WARNING:root:2746470 not found
WARNING:root:Nothing found
WARNING:root:2746471 not found
WARNING:root:Nothing found
WARNING:root:2746472 not found
WARNING:root:Nothing found
WARNING:root:2746473 not found
WARNING:root:Nothing found
WARNING:root:2746475 not found
WARNING:root:Nothing found
WARNING:root:2746476 not found
WARNING:root:Nothing found
WARNING:root:2746477 not found
WARNING:root:Nothing found
WARNING:root:2746478 not found
WARNING:root:Nothing found
WARNING:root:2746479 not found
WARNING:root:Nothing found
WARNING:root:2746480 not found
WARNING:root:Nothing found
WARNING:root:2746481 not found
WARNING:root:Nothing found
WARNING:root:2746482 not found
WARNING:root:Nothing found
WARNING:root:2746483 not found
WARNING:root:Nothing found
WARNING:root:2746485 not found
WARNING:root:Nothing found
WARNING:root:2746486 not found
WARNING:root:Nothing found
WARNING:root:2746487 not found
WARNING:root:Nothing found
WARNING:root:2746488 not found
WARNING:root:Nothing found
WARNING:root:2746490 not found
WARNING:root:Nothing found
WARNING:root:2746491 not found
WARNING:root:Nothing found
WARNING:root:2746494 not found
WARNING:root:Nothing found
WARNING:root:2746495 not found
WARNING:root:give token
WARNING:root:2744461 not found
WARNING:urllib3.connectionpool:Retrying (Retry(total=2, connect=None, read=None, redirect=None, status=None)) after connection broken by 'NewConnectionError('<urllib3.connection.HTTPConnection object at 0x0000020EBB843948>: Failed to establish a new connection: [WinError 10061] No connection could be made because the target machine actively refused it')': /session/78fe9ed909c5eefa315e4a100946dbeb/element
WARNING:root:give token
WARNING:urllib3.connectionpool:Retrying (Retry(total=2, connect=None, read=None, redirect=None, status=None)) after connection broken by 'NewConnectionError('<urllib3.connection.HTTPConnection object at 0x00000229DB0A3208>: Failed to establish a new connection: [WinError 10061] No connection could be made because the target machine actively refused it')': /session/39c2c3c4b86934fbcb726bf8860498b2/element
WARNING:urllib3.connectionpool:Retrying (Retry(total=1, connect=None, read=None, redirect=None, status=None)) after connection broken by 'NewConnectionError('<urllib3.connection.HTTPConnection object at 0x00000229DB0B5688>: Failed to establish a new connection: [WinError 10061] No connection could be made because the target machine actively refused it')': /session/39c2c3c4b86934fbcb726bf8860498b2/element
WARNING:root:give token
WARNING:root:: 2744461
WARNING:root:DHLSS / 572121983558
WARNING:root:: 2744463
WARNING:root:DHLSS / 572121983508
WARNING:root:: 2744484
WARNING:root:DHLSS / 572121983485
WARNING:root:: 2744548
WARNING:root:DHLSS / 572121983441
WARNING:root:: 2744550
WARNING:root:DHLSS / 572121983413
WARNING:root:: 2744554
WARNING:root:DHLSS / 572121983390
WARNING:root:: 2744562
WARNING:root:DHLSS / 572121983665
WARNING:root:: 2744569
WARNING:root:DHLSS / 572121983687
WARNING:root:: 2744586
WARNING:root:DHLSS / 572121983839
WARNING:root:: 2744595
WARNING:root:DHLSS / 572121983772
WARNING:root:: 2744597
WARNING:root:DHLSS / 572121983722
WARNING:root:: 2744606
WARNING:root:DHLSS / 572121983615
WARNING:root:: 2744608
WARNING:root:DHLSS / 572121983609
WARNING:root:: 2744644
WARNING:root:DHLSS / 572121983738
WARNING:root:: 2744674
WARNING:root:DHLSS / 572121983586
WARNING:root:: 2744683
WARNING:root:DHLSS / 572121983801
WARNING:root:: 2744684
WARNING:root:DHLSS / 572121983744
WARNING:root:: 2744693
WARNING:root:DHLSS / 572121983621
WARNING:root:2744882 not found
WARNING:root:Nothing found
WARNING:root:: 2745358
WARNING:root:POST / 573689224602
WARNING:root:2745443 not found
WARNING:root:Nothing found
WARNING:root:: 2745542
WARNING:root:DHLSS / 572121986067
WARNING:root:2745737 not found
WARNING:root:Nothing found
WARNING:root:2745822 not found
WARNING:root:Nothing found
WARNING:root:: 2745884
WARNING:root:POST / 573689223965
WARNING:root:: 2746019
WARNING:root:DHLSS / 572121982625
WARNING:root:give token
WARNING:root:: 2748307
WARNING:root:TOFND / 449800001531000014989165
WARNING:root:: 2748379
WARNING:root:TOFND / 449800001538560014923968
WARNING:root:2748422 not found
WARNING:root:Nothing found
WARNING:root:: 2748644
WARNING:root:UPS 1 / 1Z9353566812399117
WARNING:root:give token
WARNING:root:give token
WARNING:root:: 2749312
WARNING:root:UPS 1 / 1Z9353566812399519
WARNING:root:: 2749333
WARNING:root:TOFND / 449800001537910014937696
WARNING:root:: 2749659
WARNING:root:POST / 906495745021
WARNING:root:: 2751676
WARNING:root:DBP / 906495750268
WARNING:root:: 2751846
WARNING:root:POST / 906495750375
WARNING:root:: 2718877
WARNING:root:POST / 573689173734
WARNING:root:: 2746314
WARNING:root:DHLSS / 572121969883
WARNING:root:: 2746316
WARNING:root:DHLSS / 572121970509
WARNING:root:: 2746322
WARNING:root:DHLSS / 572121969990
WARNING:root:: 2746324
WARNING:root:DHLSS / 572121970133
WARNING:root:: 2746348
WARNING:root:DHLSS / 572121969912
WARNING:root:: 2746351
WARNING:root:DHLSS / 572121969833
WARNING:root:: 2746352
WARNING:root:DHLSS / 572121969934
WARNING:root:: 2746354
WARNING:root:DHLSS / 572121969596
WARNING:root:: 2746362
WARNING:root:DHLSS / 572121969574
WARNING:root:: 2746363
WARNING:root:DHLSS / 572121969669
WARNING:root:: 2746368
WARNING:root:DHLSS / 572121969675
WARNING:root:: 2746369
WARNING:root:DHLSS / 572121969811
WARNING:root:: 2746372
WARNING:root:DHLSS / 572121969704
WARNING:root:: 2746376
WARNING:root:DHLSS / 572121969035
WARNING:root:: 2746378
WARNING:root:DHLSS / 572121969316
WARNING:root:: 2746380
WARNING:root:DHLSS / 572121969855
WARNING:root:: 2746382
WARNING:root:DHLSS / 572121969782
WARNING:root:: 2746388
WARNING:root:DHLSS / 572121969192
WARNING:root:: 2746392
WARNING:root:DHLSS / 572121969221
WARNING:root:: 2746395
WARNING:root:DHLSS / 572121969063
WARNING:root:: 2746397
WARNING:root:DHLSS / 572121969057
WARNING:root:: 2746403
WARNING:root:DHLSS / 572121967831
WARNING:root:: 2746404
WARNING:root:DHLSS / 572121969439
WARNING:root:: 2746406
WARNING:root:DHLSS / 572121969568
WARNING:root:: 2746409
WARNING:root:DHLSS / 572121968326
WARNING:root:: 2746410
WARNING:root:DHLSS / 572121968152
WARNING:root:: 2746411
WARNING:root:DHLSS / 572121968837
WARNING:root:: 2746412
WARNING:root:DHLSS / 572121969350
WARNING:root:: 2746414
WARNING:root:DHLSS / 572121969259
WARNING:root:: 2746415
WARNING:root:DHLSS / 572121967960
WARNING:root:: 2746418
WARNING:root:DHLSS / 572121990400
WARNING:root:: 2746420
WARNING:root:DHLSS / 572121969085
WARNING:root:: 2746423
WARNING:root:DHLSS / 572121969164
WARNING:root:: 2746424
WARNING:root:DHLSS / 572121967522
WARNING:root:: 2746425
WARNING:root:DHLSS / 572121969120
WARNING:root:: 2746426
WARNING:root:DHLSS / 572121969209
WARNING:root:: 2746429
WARNING:root:DHLSS / 572121968001
WARNING:root:: 2746430
WARNING:root:DHLSS / 572121969142
WARNING:root:: 2746431
WARNING:root:DHLSS / 572121967819
WARNING:root:: 2746432
WARNING:root:DHLSS / 572121968821
WARNING:root:: 2746434
WARNING:root:DHLSS / 572121968770
WARNING:root:: 2746439
WARNING:root:DHLSS / 572121968146
WARNING:root:: 2746441
WARNING:root:DHLSS / 572121968685
WARNING:root:: 2746444
WARNING:root:DHLSS / 572121969322
WARNING:root:: 2746446
WARNING:root:DHLSS / 572121967982
WARNING:root:: 2746449
WARNING:root:DHLSS / 572121969338
WARNING:root:: 2746450
WARNING:root:DHLSS / 572121967954
WARNING:root:: 2746452
WARNING:root:DHLSS / 572121968017
WARNING:root:: 2746454
WARNING:root:DHLSS / 572121969344
WARNING:root:: 2746455
WARNING:root:DHLSS / 572121969108
WARNING:root:: 2746457
WARNING:root:DHLSS / 572121969372
WARNING:root:: 2746458
WARNING:root:DHLSS / 572121969265
WARNING:root:: 2746460
WARNING:root:DHLSS / 572121968809
WARNING:root:: 2746462
WARNING:root:DHLSS / 572121969653
WARNING:root:: 2746463
WARNING:root:DHLSS / 572121969079
WARNING:root:: 2746465
WARNING:root:DHLSS / 572121969158
WARNING:root:: 2746469
WARNING:root:DHLSS / 572121969388
WARNING:root:: 2746470
WARNING:root:DHLSS / 572121968944
WARNING:root:: 2746471
WARNING:root:DHLSS / 572121969136
WARNING:root:: 2746475
WARNING:root:DHLSS / 572121967803
WARNING:root:: 2746477
WARNING:root:DHLSS / 572121968865
WARNING:root:: 2746478
WARNING:root:DHLSS / 572121969237
WARNING:root:: 2746479
WARNING:root:DHLSS / 572121969423
WARNING:root:: 2746481
WARNING:root:DHLSS / 572121968629
WARNING:root:: 2746482
WARNING:root:DHLSS / 572121968281
WARNING:root:: 2746486
WARNING:root:DHLSS / 572121968196
WARNING:root:: 2746487
WARNING:root:DHLSS / 572121968253
WARNING:root:: 2746488
WARNING:root:DHLSS / 572121967493
WARNING:root:: 2746490
WARNING:root:DHLSS / 572121969007
WARNING:root:: 2746491
WARNING:root:DHLSS / 572121968073
WARNING:root:: 2746494
WARNING:root:DHLSS / 572121968130
WARNING:root:: 2746495
WARNING:root:DHLSS / 572121969041
WARNING:root:: 2746498
WARNING:root:DHLSS / 572121967459
WARNING:root:: 2746503
WARNING:root:DHLSS / 572121969524
WARNING:root:: 2746505
WARNING:root:DHLSS / 572121968168
WARNING:root:: 2746507
WARNING:root:DHLSS / 572121968887
WARNING:root:: 2746508
WARNING:root:DHLSS / 572121967825
WARNING:root:: 2746509
WARNING:root:DHLSS / 572121967796
WARNING:root:: 2746528
WARNING:root:DHLSS / 572121967421
WARNING:root:: 2746535
WARNING:root:DHLSS / 572121990393
WARNING:root:: 2746563
WARNING:root:DHLSS / 572121974339
WARNING:root:: 2746630
WARNING:root:DHLSS / 572121990258
WARNING:root:: 2746671
WARNING:root:DHLSS / 572121969293
WARNING:root:: 2746672
WARNING:root:DHLSS / 572121969215
WARNING:root:: 2746673
WARNING:root:DHLSS / 572121969091
WARNING:root:: 2746674
WARNING:root:DHLSS / 572121969029
WARNING:root:: 2746675
WARNING:root:DHLSS / 572121968922
WARNING:root:: 2746676
WARNING:root:DHLSS / 572121968556
WARNING:root:: 2746677
WARNING:root:DHLSS / 572121969394
WARNING:root:: 2746678
WARNING:root:DHLSS / 572121968950
WARNING:root:: 2746680
WARNING:root:DHLSS / 572121969619
WARNING:root:: 2746688
WARNING:root:DHLSS / 572121968972
WARNING:root:: 2746689
WARNING:root:DHLSS / 572121969271
WARNING:root:: 2746692
WARNING:root:DHLSS / 572121968843
WARNING:root:: 2746697
WARNING:root:DHLSS / 572121968269
WARNING:root:: 2746700
WARNING:root:DHLSS / 572121969170
WARNING:root:: 2746701
WARNING:root:DHLSS / 572121968966
WARNING:root:: 2746702
WARNING:root:DHLSS / 572121969114
WARNING:root:: 2746703
WARNING:root:DHLSS / 572121968988
WARNING:root:: 2746704
WARNING:root:DHLSS / 572121969287
WARNING:root:: 2746705
WARNING:root:DHLSS / 572121969726
WARNING:root:: 2746707
WARNING:root:DHLSS / 572121969631
WARNING:root:: 2746709
WARNING:root:DHLSS / 572121969243
WARNING:root:: 2746710
WARNING:root:DHLSS / 572121968714
WARNING:root:: 2746711
WARNING:root:DHLSS / 572121969647
WARNING:root:: 2746713
WARNING:root:DHLSS / 572121969300
WARNING:root:: 2746714
WARNING:root:DHLSS / 572121968039
WARNING:root:: 2746716
WARNING:root:DHLSS / 572121968994
WARNING:root:: 2746718
WARNING:root:DHLSS / 572121968758
WARNING:root:: 2746722
WARNING:root:DHLSS / 572121967976
WARNING:root:2746727 not found
WARNING:root:Nothing found
WARNING:root:: 2746729
WARNING:root:DHLSS / 572121968461
WARNING:root:: 2746731
WARNING:root:DHLSS / 572121968938
WARNING:root:: 2746748
WARNING:root:DHLSS / 572121969697
WARNING:root:: 2746749
WARNING:root:DHLSS / 572121969473
WARNING:root:: 2746750
WARNING:root:DHLSS / 572121969451
WARNING:root:: 2746753
WARNING:root:DHLSS / 572121969530
WARNING:root:: 2746755
WARNING:root:DHLSS / 572121969366
WARNING:root:: 2746756
WARNING:root:DHLSS / 572121973282
WARNING:root:: 2746759
WARNING:root:DHLSS / 572121973248
WARNING:root:: 2746763
WARNING:root:DHLSS / 572121973210
WARNING:root:: 2746766
WARNING:root:DHLSS / 572121972876
WARNING:root:: 2746767
WARNING:root:DHLSS / 572121975206
WARNING:root:: 2746768
WARNING:root:DHLSS / 572121973080
WARNING:root:: 2746769
WARNING:root:DHLSS / 572121972848
WARNING:root:: 2746771
WARNING:root:DHLSS / 572121975054
WARNING:root:2746775 not found
WARNING:root:Nothing found
WARNING:root:2746777 not found
WARNING:root:Nothing found
WARNING:root:2746779 not found
WARNING:root:Nothing found
WARNING:root:2746781 not found
WARNING:root:Nothing found
WARNING:root:2746782 not found
WARNING:root:Nothing found
WARNING:root:2746784 not found
WARNING:root:Nothing found
WARNING:root:2746787 not found
WARNING:root:Nothing found
WARNING:root:2746791 not found
WARNING:root:Nothing found
WARNING:root:2746796 not found
WARNING:root:Nothing found
WARNING:root:2746797 not found
WARNING:root:Nothing found
WARNING:root:2746809 not found
WARNING:root:Nothing found
WARNING:root:2746815 not found
WARNING:root:Nothing found
WARNING:root:2746816 not found
WARNING:root:Nothing found
WARNING:root:2746819 not found
WARNING:root:Nothing found
WARNING:root:2746821 not found
WARNING:root:Nothing found
WARNING:root:2746826 not found
WARNING:root:Nothing found
WARNING:root:2746832 not found
WARNING:root:Nothing found
WARNING:root:2746838 not found
WARNING:root:Nothing found
WARNING:root:2746839 not found
WARNING:root:Nothing found
WARNING:root:2746840 not found
WARNING:root:Nothing found
WARNING:root:2746842 not found
WARNING:root:Nothing found
WARNING:root:2746845 not found
WARNING:root:Nothing found
WARNING:root:2746848 not found
WARNING:root:Nothing found
WARNING:root:2746854 not found
WARNING:root:Nothing found
WARNING:root:2746856 not found
WARNING:root:Nothing found
WARNING:root:2746858 not found
WARNING:root:Nothing found
WARNING:root:2746859 not found
WARNING:root:Nothing found
WARNING:root:2746861 not found
WARNING:root:Nothing found
WARNING:root:2746864 not found
WARNING:root:Nothing found
WARNING:root:2746865 not found
WARNING:root:Nothing found
WARNING:root:2746876 not found
WARNING:root:Nothing found
WARNING:root:2746941 not found
WARNING:root:Nothing found
WARNING:root:2746945 not found
WARNING:root:Nothing found
WARNING:root:2746958 not found
WARNING:root:Nothing found
WARNING:root:2746969 not found
WARNING:root:Nothing found
WARNING:root:2747002 not found
WARNING:root:Nothing found
WARNING:root:2747007 not found
WARNING:root:Nothing found
WARNING:root:2747016 not found
WARNING:root:Nothing found
WARNING:root:2747022 not found
WARNING:root:Nothing found
WARNING:root:2747023 not found
WARNING:root:Nothing found
WARNING:root:2747032 not found
WARNING:root:Nothing found
WARNING:root:2747033 not found
WARNING:root:Nothing found
WARNING:root:2747034 not found
WARNING:root:Nothing found
WARNING:root:2747041 not found
WARNING:root:Nothing found
WARNING:root:2747043 not found
WARNING:root:Nothing found
WARNING:root:2747044 not found
WARNING:root:Nothing found
WARNING:root:: 2747045
WARNING:root:DHLSS / 572121975133
WARNING:root:: 2747046
WARNING:root:DHLSS / 572121975644
WARNING:root:: 2747051
WARNING:root:DHLSS / 572121974654
WARNING:root:: 2747052
WARNING:root:DHLSS / 572121967667
WARNING:root:: 2747057
WARNING:root:DHLSS / 572121975492
WARNING:root:: 2747058
WARNING:root:DHLSS / 572121973888
WARNING:root:: 2747059
WARNING:root:DHLSS / 572121975650
WARNING:root:: 2747060
WARNING:root:DHLSS / 572121975565
WARNING:root:: 2747061
WARNING:root:DHLSS / 572121975464
WARNING:root:: 2747063
WARNING:root:POST / 573689223268
WARNING:root:: 2747067
WARNING:root:DHLSS / 572121973620
WARNING:root:: 2747078
WARNING:root:DHLSS / 572121974991
WARNING:root:: 2747080
WARNING:root:DHLSS / 572121975082
WARNING:root:: 2747082
WARNING:root:DHLSS / 572121974193
WARNING:root:: 2747083
WARNING:root:DHLSS / 572121974266
WARNING:root:: 2747085
WARNING:root:DHLSS / 572121974373
WARNING:root:: 2747086
WARNING:root:DHLSS / 572121975183
WARNING:root:: 2747087
WARNING:root:DHLSS / 572121973967
WARNING:root:: 2747088
WARNING:root:DHLSS / 572121967780
WARNING:root:: 2747092
WARNING:root:DHLSS / 572121973686
WARNING:root:: 2747098
WARNING:root:DHLSS / 572121975313
WARNING:root:: 2747106
WARNING:root:DHLSS / 572121975616
WARNING:root:: 2747107
WARNING:root:DHLSS / 572121974418
WARNING:root:: 2747108
WARNING:root:DHLSS / 572121975341
WARNING:root:: 2747109
WARNING:root:DHLSS / 572121975852
WARNING:root:: 2747110
WARNING:root:DHLSS / 572121976145
WARNING:root:: 2747111
WARNING:root:DHLSS / 572121975105
WARNING:root:: 2747113
WARNING:root:DHLSS / 572121974272
WARNING:root:: 2747117
WARNING:root:DHLSS / 572121976101
WARNING:root:: 2747118
WARNING:root:DHLSS / 572121973850
WARNING:root:: 2747119
WARNING:root:DHLSS / 572121973608
WARNING:root:: 2747120
WARNING:root:DHLSS / 572121975098
WARNING:root:: 2747123
WARNING:root:DHLSS / 572121973591
WARNING:root:: 2747127
WARNING:root:DHLSS / 572121975363
WARNING:root:: 2747128
WARNING:root:DHLSS / 572121975048
WARNING:root:: 2747129
WARNING:root:DHLSS / 572121975717
WARNING:root:: 2747131
WARNING:root:POST / 573689223145
WARNING:root:: 2747136
WARNING:root:POST / 573689225030
WARNING:root:: 2747137
WARNING:root:POST / 573689225018
WARNING:root:: 2747138
WARNING:root:DHLSS / 572121976117
WARNING:root:: 2747140
WARNING:root:POST / 573689225024
WARNING:root:: 2747142
WARNING:root:POST / 573689224848
WARNING:root:: 2747143
WARNING:root:DHLSS / 572121974632
WARNING:root:: 2747144
WARNING:root:DHLSS / 572121976202
WARNING:root:: 2747145
WARNING:root:DHLSS / 572121967853
WARNING:root:: 2747146
WARNING:root:DHLSS / 572121975228
WARNING:root:: 2747151
WARNING:root:POST / 573689223246
WARNING:root:: 2747153
WARNING:root:POST / 573689222183
WARNING:root:: 2747154
WARNING:root:POST / 573689223886
WARNING:root:: 2747155
WARNING:root:POST / 573689225046
WARNING:root:: 2747156
WARNING:root:POST / 573689223656
WARNING:root:: 2747158
WARNING:root:DHLSS / 572121975262
WARNING:root:: 2747159
WARNING:root:POST / 573689223684
WARNING:root:: 2747162
WARNING:root:POST / 573689223527
WARNING:root:: 2747163
WARNING:root:POST / 573689223139
WARNING:root:: 2747164
WARNING:root:DHLSS / 572121967601
WARNING:root:: 2747165
WARNING:root:POST / 573689222442
WARNING:root:: 2747167
WARNING:root:POST / 573689222458
WARNING:root:: 2747168
WARNING:root:DHLSS / 572121975307
WARNING:root:: 2747169
WARNING:root:POST / 573689222341
WARNING:root:: 2747172
WARNING:root:DHLSS / 572121977630
WARNING:root:: 2747175
WARNING:root:POST / 573689223741
WARNING:root:: 2747176
WARNING:root:POST / 573689223296
WARNING:root:: 2747177
WARNING:root:POST / 573689222543
WARNING:root:: 2747178
WARNING:root:DHLSS / 572121973428
WARNING:root:: 2747180
WARNING:root:DHLSS / 572121984447
WARNING:root:: 2747181
WARNING:root:POST / 573689223331
WARNING:root:: 2747186
WARNING:root:DHLSS / 572121985308
WARNING:root:: 2747187
WARNING:root:POST / 573689225147
WARNING:root:: 2747188
WARNING:root:POST / 573689222470
WARNING:root:: 2747189
WARNING:root:DHLSS / 572121978743
WARNING:root:: 2747190
WARNING:root:DHLSS / 572121984396
WARNING:root:: 2747191
WARNING:root:DHLSS / 572121973670
WARNING:root:: 2747193
WARNING:root:POST / 573689223325
WARNING:root:: 2747194
WARNING:root:DHLSS / 572121971498
WARNING:root:: 2747196
WARNING:root:DHLSS / 572121978715
WARNING:root:: 2747197
WARNING:root:DHLSS / 572121984425
WARNING:root:: 2747198
WARNING:root:DHLSS / 572121978721
WARNING:root:: 2747200
WARNING:root:POST / 573689223707
WARNING:root:: 2747201
WARNING:root:POST / 573689223921
WARNING:root:: 2747202
WARNING:root:DHLSS / 572121984330
WARNING:root:: 2747203
WARNING:root:POST / 573689223713
WARNING:root:: 2747205
WARNING:root:DHLSS / 572121980140
WARNING:root:: 2747206
WARNING:root:DHLSS / 572121977826
WARNING:root:: 2747207
WARNING:root:POST / 573689225169
WARNING:root:: 2747211
WARNING:root:POST / 573689225080
WARNING:root:: 2747212
WARNING:root:DHLSS / 572121984403
WARNING:root:: 2747213
WARNING:root:DHLSS / 572121973434
WARNING:root:: 2747214
WARNING:root:POST / 573689224911
WARNING:root:: 2747219
WARNING:root:DHLSS / 572121973664
WARNING:root:: 2747220
WARNING:root:DHLSS / 572121984346
WARNING:root:: 2747221
WARNING:root:POST / 573689223959
WARNING:root:: 2747222
WARNING:root:POST / 573689225125
WARNING:root:: 2747223
WARNING:root:POST / 573689225068
WARNING:root:: 2747224
WARNING:root:DHLSS / 572121984368
WARNING:root:: 2747226
WARNING:root:POST / 573689223123
WARNING:root:: 2747227
WARNING:root:DHLSS / 572121978939
WARNING:root:: 2747228
WARNING:root:POST / 573689223814
WARNING:root:: 2747229
WARNING:root:DHLSS / 572121984374
WARNING:root:: 2747230
WARNING:root:DHLSS / 572121972725
WARNING:root:: 2747231
WARNING:root:DHLSS / 572121973636
WARNING:root:: 2747232
WARNING:root:DHLSS / 572121985229
WARNING:root:: 2747233
WARNING:root:DHLSS / 572121984352
WARNING:root:: 2747234
WARNING:root:POST / 573689223319
WARNING:root:: 2747240
WARNING:root:DHLSS / 572121984419
WARNING:root:: 2747241
WARNING:root:POST / 573689223303
WARNING:root:: 2747246
WARNING:root:DHLSS / 572121985752
WARNING:root:: 2747247
WARNING:root:POST / 573689223555
WARNING:root:: 2747249
WARNING:root:POST / 573689223943
WARNING:root:: 2747251
WARNING:root:DHLSS / 572121972753
WARNING:root:: 2747252
WARNING:root:POST / 573689224927
WARNING:root:: 2747257
WARNING:root:DHLSS / 572121986039
WARNING:root:: 2747258
WARNING:root:POST / 573689223460
WARNING:root:: 2747260
WARNING:root:POST / 573689222408
WARNING:root:: 2747261
WARNING:root:DHLSS / 572121980314
WARNING:root:: 2747263
WARNING:root:DHLSS / 572121977848
WARNING:root:: 2747265
WARNING:root:DHLSS / 572121984526
WARNING:root:: 2747266
WARNING:root:DHLSS / 572121984958
WARNING:root:: 2747268
WARNING:root:POST / 573689222925
WARNING:root:: 2747269
WARNING:root:POST / 573689223640
WARNING:root:: 2747270
WARNING:root:DHLSS / 572121985285
WARNING:root:: 2747271
WARNING:root:DHLSS / 572121985263
WARNING:root:: 2747272
WARNING:root:DHLSS / 572121977668
WARNING:root:: 2747273
WARNING:root:DHLSS / 572121985976
WARNING:root:: 2747274
WARNING:root:DHLSS / 572121977860
WARNING:root:: 2747275
WARNING:root:POST / 573689223151
WARNING:root:: 2747276
WARNING:root:DHLSS / 572121986045
WARNING:root:: 2747277
WARNING:root:DHLSS / 572121984699
WARNING:root:: 2747278
WARNING:root:DHLSS / 572121973030
WARNING:root:: 2747279
WARNING:root:POST / 573689223690
WARNING:root:: 2747282
WARNING:root:DHLSS / 572121978759
WARNING:root:: 2747283
WARNING:root:DHLSS / 572121985392
WARNING:root:: 2747284
WARNING:root:POST / 573689223511
WARNING:root:: 2747285
WARNING:root:DHLSS / 572121985128
WARNING:root:: 2747286
WARNING:root:DHLSS / 572121985241
WARNING:root:: 2747291
WARNING:root:DHLSS / 572121985746
WARNING:root:2747292 not found
WARNING:root:Nothing found
WARNING:root:: 2747294
WARNING:root:POST / 573689223195
WARNING:root:: 2747295
WARNING:root:DHLSS / 572121984532
WARNING:root:: 2747296
WARNING:root:POST / 573689222947
WARNING:root:: 2747297
WARNING:root:POST / 573689222379
WARNING:root:: 2747298
WARNING:root:POST / 573689223678
WARNING:root:: 2747299
WARNING:root:DHLSS / 572121986089
WARNING:root:: 2747300
WARNING:root:POST / 573689225002
WARNING:root:: 2747302
WARNING:root:DHLSS / 572121984576
WARNING:root:: 2747303
WARNING:root:DHLSS / 572121979907
WARNING:root:: 2747304
WARNING:root:DHLSS / 572121984504
WARNING:root:: 2747305
WARNING:root:DHLSS / 572121976533
WARNING:root:: 2747306
WARNING:root:POST / 573689224028
WARNING:root:: 2747307
WARNING:root:DHLSS / 572121985718
WARNING:root:: 2747308
WARNING:root:POST / 573689224393
WARNING:root:: 2747311
WARNING:root:POST / 573689222420
WARNING:root:: 2747312
WARNING:root:POST / 573689223937
WARNING:root:: 2747314
WARNING:root:POST / 573689224933
WARNING:root:: 2747315
WARNING:root:POST / 573689223022
WARNING:root:: 2747318
WARNING:root:DHLSS / 572121984598
WARNING:root:: 2747319
WARNING:root:DHLSS / 572121984554
WARNING:root:: 2747325
WARNING:root:POST / 573689223347
WARNING:root:: 2747327
WARNING:root:DHLSS / 572121984481
WARNING:root:: 2747328
WARNING:root:DHLSS / 572121984627
WARNING:root:: 2747330
WARNING:root:POST / 573689222997
WARNING:root:: 2747331
WARNING:root:POST / 573689222981
WARNING:root:: 2747336
WARNING:root:POST / 573689222969
WARNING:root:: 2747337
WARNING:root:DHLSS / 572121973816
WARNING:root:: 2747338
WARNING:root:POST / 573689223016
WARNING:root:: 2747341
WARNING:root:DHLSS / 572121984469
WARNING:root:: 2747342
WARNING:root:DHLSS / 572121984863
WARNING:root:: 2747343
WARNING:root:POST / 573689223000
WARNING:root:: 2747344
WARNING:root:DHLSS / 572121984683
WARNING:root:: 2747346
WARNING:root:POST / 573689225743
WARNING:root:: 2747347
WARNING:root:POST / 573689223117
WARNING:root:give token
WARNING:root:: 2747348
WARNING:root:POST / 573689223173
WARNING:root:: 2747349
WARNING:root:POST / 573689223167
WARNING:root:: 2747350
WARNING:root:DHLSS / 572121976599
WARNING:root:: 2747353
WARNING:root:DHLSS / 572121986017
WARNING:root:: 2747354
WARNING:root:DHLSS / 572121985998
WARNING:root:: 2747355
WARNING:root:POST / 573689222464
WARNING:root:: 2747357
WARNING:root:DHLSS / 572121973844
WARNING:root:: 2747366
WARNING:root:DHLSS / 572121977056
WARNING:root:: 2747370
WARNING:root:POST / 573689222975
WARNING:root:: 2747371
WARNING:root:DHLSS / 572121980869
WARNING:root:: 2747372
WARNING:root:DHLSS / 572121980897
WARNING:root:: 2747373
WARNING:root:POST / 573689223072
WARNING:root:: 2747375
WARNING:root:DHLSS / 572121977882
WARNING:root:: 2747376
WARNING:root:DHLSS / 572121980910
WARNING:root:: 2747381
WARNING:root:POST / 573689223066
WARNING:root:: 2747382
WARNING:root:POST / 573689223038
WARNING:root:: 2747383
WARNING:root:DHLSS / 572121980875
WARNING:root:: 2747384
WARNING:root:DHLSS / 572121978765
WARNING:root:: 2747386
WARNING:root:DHLSS / 572121972977
WARNING:root:: 2747387
WARNING:root:DHLSS / 572121977674
WARNING:root:: 2747388
WARNING:root:DHLSS / 572121976735
WARNING:root:: 2747389
WARNING:root:DHLSS / 572121978838
WARNING:root:: 2747390
WARNING:root:POST / 573689223353
WARNING:root:: 2747391
WARNING:root:POST / 573689223189
WARNING:root:: 2747393
WARNING:root:DHLSS / 572121978800
WARNING:root:: 2747394
WARNING:root:DHLSS / 572121976870
WARNING:root:: 2747395
WARNING:root:DHLSS / 572121977315
WARNING:root:: 2747396
WARNING:root:DHLSS / 572121980904
WARNING:root:: 2747397
WARNING:root:DHLSS / 572121978787
WARNING:root:: 2747398
WARNING:root:DHLSS / 572121978771
WARNING:root:: 2747399
WARNING:root:POST / 573689223088
WARNING:root:: 2747400
WARNING:root:DHLSS / 572121977371
WARNING:root:: 2747401
WARNING:root:DHLSS / 572121972949
WARNING:root:: 2747402
WARNING:root:POST / 573689222773
WARNING:root:: 2747403
WARNING:root:DHLSS / 572121973793
WARNING:root:: 2747406
WARNING:root:DHLSS / 572121977898
WARNING:root:: 2747407
WARNING:root:DHLSS / 572121978793
WARNING:root:: 2747411
WARNING:root:DHLSS / 572121976482
WARNING:root:: 2747416
WARNING:root:DHLSS / 572121978686
WARNING:root:: 2747417
WARNING:root:DHLSS / 572121978816
WARNING:root:: 2747418
WARNING:root:POST / 573689223050
WARNING:root:: 2747420
WARNING:root:DHLSS / 572121978989
WARNING:root:: 2747425
WARNING:root:POST / 573689222852
WARNING:root:: 2747426
WARNING:root:POST / 573689222953
WARNING:root:: 2747430
WARNING:root:DHLSS / 572121978692
WARNING:root:: 2747431
WARNING:root:DHLSS / 572121973068
WARNING:root:: 2747432
WARNING:root:DHLSS / 572121978709
WARNING:root:: 2747434
WARNING:root:DHLSS / 572121973254
WARNING:root:: 2747435
WARNING:root:DHLSS / 572121976606
WARNING:root:: 2747436
WARNING:root:DHLSS / 572121976549
WARNING:root:: 2747437
WARNING:root:POST / 573689222880
WARNING:root:: 2747438
WARNING:root:DHLSS / 572121973232
WARNING:root:: 2747439
WARNING:root:DHLSS / 572121974351
WARNING:root:: 2747441
WARNING:root:DHLSS / 572121976791
WARNING:root:: 2747442
WARNING:root:POST / 573689222868
WARNING:root:: 2747443
WARNING:root:DHLSS / 572121980926
WARNING:root:: 2747444
WARNING:root:POST / 573689223369
WARNING:root:: 2747451
WARNING:root:DHLSS / 572121976779
WARNING:root:: 2747454
WARNING:root:POST / 573689223375
WARNING:root:: 2747456
WARNING:root:POST / 573689222830
WARNING:root:2747457 not found
WARNING:root:Nothing found
WARNING:root:: 2747458
WARNING:root:DHLSS / 572121978844
WARNING:root:: 2747459
WARNING:root:DHLSS / 572121977719
WARNING:root:: 2747462
WARNING:root:POST / 573689222846
WARNING:root:: 2747463
WARNING:root:DHLSS / 572121974367
WARNING:root:: 2747464
WARNING:root:POST / 573689222672
WARNING:root:: 2747465
WARNING:root:DHLSS / 572121978866
WARNING:root:: 2747466
WARNING:root:DHLSS / 572121976915
WARNING:root:: 2747467
WARNING:root:DHLSS / 572121978872
WARNING:root:: 2747468
WARNING:root:DHLSS / 572121976656
WARNING:root:: 2747473
WARNING:root:DHLSS / 572121976785
WARNING:root:: 2747474
WARNING:root:DHLSS / 572121978888
WARNING:root:: 2747475
WARNING:root:DHLSS / 572121976842
WARNING:root:: 2747476
WARNING:root:DHLSS / 572121976808
WARNING:root:: 2747477
WARNING:root:DHLSS / 572121977309
WARNING:root:: 2747479
WARNING:root:POST / 573689222903
WARNING:root:: 2747480
WARNING:root:DHLSS / 572121977725
WARNING:root:: 2747481
WARNING:root:DHLSS / 572121972933
WARNING:root:: 2747482
WARNING:root:POST / 573689223202
WARNING:root:: 2747483
WARNING:root:POST / 573689223381
WARNING:root:: 2747484
WARNING:root:DHLSS / 572121978901
WARNING:root:: 2747485
WARNING:root:DHLSS / 572121977696
WARNING:root:: 2747486
WARNING:root:DHLSS / 572121977703
WARNING:root:: 2747487
WARNING:root:DHLSS / 572121976814
WARNING:root:: 2747488
WARNING:root:POST / 573689225052
WARNING:root:: 2747491
WARNING:root:DHLSS / 572121978923
WARNING:root:: 2747493
WARNING:root:DHLSS / 572121978917
WARNING:root:: 2747494
WARNING:root:DHLSS / 572121978894
WARNING:root:: 2747495
WARNING:root:DHLSS / 572121978951
WARNING:root:: 2747496
WARNING:root:DHLSS / 572121976577
WARNING:root:: 2747497
WARNING:root:POST / 573689222874
WARNING:root:: 2747499
WARNING:root:DHLSS / 572121974389
WARNING:root:: 2747500
WARNING:root:DHLSS / 572121972898
WARNING:root:: 2747501
WARNING:root:POST / 573689223218
WARNING:root:: 2747503
WARNING:root:DHLSS / 572121977927
WARNING:root:: 2747504
WARNING:root:POST / 573689223735
WARNING:root:: 2747505
WARNING:root:DHLSS / 572121977292
WARNING:root:: 2747506
WARNING:root:POST / 573689223397
WARNING:root:: 2747508
WARNING:root:DHLSS / 572121973119
WARNING:root:: 2747509
WARNING:root:DHLSS / 572121976612
WARNING:root:: 2747510
WARNING:root:DHLSS / 572121975795
WARNING:root:: 2747512
WARNING:root:DHLSS / 572121975773
WARNING:root:: 2747513
WARNING:root:DHLSS / 572121977854
WARNING:root:: 2747514
WARNING:root:POST / 573689223410
WARNING:root:: 2747515
WARNING:root:DHLSS / 572121972769
WARNING:root:: 2747516
WARNING:root:DHLSS / 572121978995
WARNING:root:: 2747519
WARNING:root:DHLSS / 572121986102
WARNING:root:: 2747520
WARNING:root:DHLSS / 572121975896
WARNING:root:: 2747521
WARNING:root:POST / 573689222307
WARNING:root:: 2747522
WARNING:root:DHLSS / 572121975874
WARNING:root:: 2747523
WARNING:root:DHLSS / 572121973131
WARNING:root:: 2747526
WARNING:root:DHLSS / 572121978973
WARNING:root:2747527 not found
WARNING:root:Nothing found
WARNING:root:: 2747528
WARNING:root:DHLSS / 572121987710
WARNING:root:: 2747530
WARNING:root:DHLSS / 572121987726
WARNING:root:: 2747533
WARNING:root:DHLSS / 572121990292
WARNING:root:: 2747534
WARNING:root:DHLSS / 572121975802
WARNING:root:: 2747535
WARNING:root:DHLSS / 572121990371
WARNING:root:: 2747536
WARNING:root:POST / 573689223729
WARNING:root:2747537 not found
WARNING:root:Nothing found
WARNING:root:: 2747538
WARNING:root:DHLSS / 572121984380
WARNING:root:: 2747539
WARNING:root:DHLSS / 572121975919
WARNING:root:: 2747541
WARNING:root:DHLSS / 572121978945
WARNING:root:: 2747545
WARNING:root:DHLSS / 572121984807
WARNING:root:: 2747546
WARNING:root:DHLSS / 572121976432
WARNING:root:: 2747548
WARNING:root:DHLSS / 572121975745
WARNING:root:: 2747550
WARNING:root:DHLSS / 572121972129
WARNING:root:: 2747551
WARNING:root:DHLSS / 572121979474
WARNING:root:: 2747552
WARNING:root:DHLSS / 572121975846
WARNING:root:: 2747553
WARNING:root:DHLSS / 572121974395
WARNING:root:: 2747554
WARNING:root:DHLSS / 572121978822
WARNING:root:: 2747555
WARNING:root:DHLSS / 572121978737
WARNING:root:: 2747557
WARNING:root:DHLSS / 572121975739
WARNING:root:: 2747558
WARNING:root:POST / 573689223561
WARNING:root:: 2747561
WARNING:root:POST / 573689224898
WARNING:root:: 2747562
WARNING:root:DHLSS / 572121972107
WARNING:root:: 2747563
WARNING:root:POST / 573689224876
WARNING:root:: 2747565
WARNING:root:POST / 573689224804
WARNING:root:: 2747567
WARNING:root:POST / 573689223252
WARNING:root:: 2747569
WARNING:root:DHLSS / 572121972084
WARNING:root:: 2747572
WARNING:root:POST / 573689221985
WARNING:root:: 2747575
WARNING:root:DHLSS / 572121974430
WARNING:root:: 2747576
WARNING:root:DHLSS / 572121975767
WARNING:root:: 2747577
WARNING:root:DHLSS / 572121984655
WARNING:root:: 2747579
WARNING:root:POST / 573689222789
WARNING:root:: 2747581
WARNING:root:DHLSS / 572121985314
WARNING:root:: 2747582
WARNING:root:POST / 573689222795
WARNING:root:: 2747584
WARNING:root:DHLSS / 572121984453
WARNING:root:: 2747585
WARNING:root:DHLSS / 572121979008
WARNING:root:: 2747586
WARNING:root:DHLSS / 572121984295
WARNING:root:: 2747587
WARNING:root:DHLSS / 572121984100
WARNING:root:: 2747588
WARNING:root:DHLSS / 572121978967
WARNING:root:: 2747589
WARNING:root:POST / 573689224854
WARNING:root:: 2747592
WARNING:root:DHLSS / 572121977876
WARNING:root:: 2747594
WARNING:root:DHLSS / 572121979244
WARNING:root:: 2747595
WARNING:root:POST / 573689226165
WARNING:root:: 2747597
WARNING:root:POST / 573689223426
WARNING:root:: 2747598
WARNING:root:DHLSS / 572121970183
WARNING:root:: 2747599
WARNING:root:DHLSS / 572121974452
WARNING:root:: 2747600
WARNING:root:POST / 573689224860
WARNING:root:: 2747602
WARNING:root:DHLSS / 572121971549
WARNING:root:: 2747603
WARNING:root:DHLSS / 572121972804
WARNING:root:: 2747604
WARNING:root:DHLSS / 572121979238
WARNING:root:: 2747605
WARNING:root:DHLSS / 572121972062
WARNING:root:: 2747606
WARNING:root:DHLSS / 572121976404
WARNING:root:: 2747607
WARNING:root:DHLSS / 572121979626
WARNING:root:: 2747608
WARNING:root:DHLSS / 572121984712
WARNING:root:: 2747609
WARNING:root:DHLSS / 572121981017
WARNING:root:: 2747610
WARNING:root:POST / 573689224905
WARNING:root:: 2747612
WARNING:root:DHLSS / 572121980027
WARNING:root:: 2747613
WARNING:root:DHLSS / 572121984318
WARNING:root:: 2747616
WARNING:root:DHLSS / 572121984706
WARNING:root:: 2747619
WARNING:root:DHLSS / 572121984201
WARNING:root:: 2747621
WARNING:root:DHLSS / 572121987760
WARNING:root:: 2747622
WARNING:root:DHLSS / 572121984302
WARNING:root:: 2747623
WARNING:root:DHLSS / 572121984431
WARNING:root:: 2747624
WARNING:root:DHLSS / 572121973989
WARNING:root:: 2747625
WARNING:root:DHLSS / 572121984239
WARNING:root:: 2747627
WARNING:root:DHLSS / 572121973440
WARNING:root:: 2747628
WARNING:root:DHLSS / 572121972034
WARNING:root:: 2747629
WARNING:root:DHLSS / 572121985342
WARNING:root:: 2747630
WARNING:root:DHLSS / 572121985162
WARNING:root:: 2747631
WARNING:root:DHLSS / 572121977905
WARNING:root:: 2747632
WARNING:root:DHLSS / 572121973478
WARNING:root:: 2747633
WARNING:root:DHLSS / 572121984144
WARNING:root:: 2747634
WARNING:root:POST / 573689222587
WARNING:root:: 2747635
WARNING:root:DHLSS / 572121973355
WARNING:root:: 2747637
WARNING:root:DHLSS / 572121970177
WARNING:root:: 2747638
WARNING:root:DHLSS / 572121970199
WARNING:root:: 2747639
WARNING:root:DHLSS / 572121984223
WARNING:root:: 2747642
WARNING:root:DHLSS / 572121977949
WARNING:root:: 2747644
WARNING:root:DHLSS / 572121984289
WARNING:root:: 2747647
WARNING:root:DHLSS / 572121984740
WARNING:root:: 2747648
WARNING:root:DHLSS / 572121984194
WARNING:root:: 2747649
WARNING:root:DHLSS / 572121973311
WARNING:root:: 2747650
WARNING:root:DHLSS / 572121973276
WARNING:root:: 2747651
WARNING:root:DHLSS / 572121984172
WARNING:root:: 2747652
WARNING:root:DHLSS / 572121984728
WARNING:root:: 2747656
WARNING:root:DHLSS / 572121984217
WARNING:root:: 2747657
WARNING:root:POST / 573689222559
WARNING:root:: 2747658
WARNING:root:DHLSS / 572121973945
WARNING:root:: 2747659
WARNING:root:POST / 573689222818
WARNING:root:: 2747660
WARNING:root:DHLSS / 572121979682
WARNING:root:: 2747661
WARNING:root:DHLSS / 572121974581
WARNING:root:: 2747664
WARNING:root:DHLSS / 572121984188
WARNING:root:: 2747665
WARNING:root:DHLSS / 572121974496
WARNING:root:: 2747666
WARNING:root:DHLSS / 572121970206
WARNING:root:: 2747667
WARNING:root:DHLSS / 572121976331
WARNING:root:: 2747668
WARNING:root:DHLSS / 572121980257
WARNING:root:: 2747670
WARNING:root:DHLSS / 572121984273
WARNING:root:: 2747671
WARNING:root:DHLSS / 572121977933
WARNING:root:: 2747672
WARNING:root:DHLSS / 572121984138
WARNING:root:: 2747675
WARNING:root:DHLSS / 572121979109
WARNING:root:: 2747676
WARNING:root:DHLSS / 572121984267
WARNING:root:: 2747678
WARNING:root:DHLSS / 572121976303
WARNING:root:: 2747679
WARNING:root:DHLSS / 572121984087
WARNING:root:: 2747680
WARNING:root:DHLSS / 572121973125
WARNING:root:: 2747681
WARNING:root:DHLSS / 572121986174
WARNING:root:: 2747682
WARNING:root:DHLSS / 572121984245
WARNING:root:: 2747683
WARNING:root:DHLSS / 572121972135
WARNING:root:: 2747684
WARNING:root:DHLSS / 572121977961
WARNING:root:: 2747685
WARNING:root:DHLSS / 572121984122
WARNING:root:: 2747686
WARNING:root:DHLSS / 572121980178
WARNING:root:: 2747687
WARNING:root:DHLSS / 572121970240
WARNING:root:: 2747688
WARNING:root:DHLSS / 572121975559
WARNING:root:: 2747689
WARNING:root:DHLSS / 572121976123
WARNING:root:: 2747690
WARNING:root:DHLSS / 572121972141
WARNING:root:: 2747691
WARNING:root:DHLSS / 572121970868
WARNING:root:: 2747693
WARNING:root:DHLSS / 572121975442
WARNING:root:: 2747694
WARNING:root:DHLSS / 572121975593
WARNING:root:: 2747695
WARNING:root:DHLSS / 572121970874
WARNING:root:: 2747696
WARNING:root:DHLSS / 572121975470
WARNING:root:: 2747697
WARNING:root:DHLSS / 572121975509
WARNING:root:: 2747698
WARNING:root:DHLSS / 572121975571
WARNING:root:: 2747699
WARNING:root:DHLSS / 572121976195
WARNING:root:: 2747701
WARNING:root:DHLSS / 572121975824
WARNING:root:: 2747704
WARNING:root:DHLSS / 572121975997
WARNING:root:: 2747705
WARNING:root:POST / 573689222824
WARNING:root:: 2747706
WARNING:root:DHLSS / 572121973147
WARNING:root:: 2747707
WARNING:root:DHLSS / 572121975004
WARNING:root:: 2747708
WARNING:root:DHLSS / 572121975543
WARNING:root:: 2747711
WARNING:root:DHLSS / 572121976561
WARNING:root:: 2747712
WARNING:root:DHLSS / 572121973361
WARNING:root:: 2747713
WARNING:root:DHLSS / 572121975010
WARNING:root:: 2747714
WARNING:root:DHLSS / 572121975111
WARNING:root:: 2747715
WARNING:root:DHLSS / 572121975981
WARNING:root:: 2747716
WARNING:root:DHLSS / 572121973872
WARNING:root:: 2747718
WARNING:root:DHLSS / 572121978096
WARNING:root:: 2747719
WARNING:root:DHLSS / 572121972371
WARNING:root:: 2747721
WARNING:root:DHLSS / 572121975414
WARNING:root:: 2747722
WARNING:root:DHLSS / 572121971410
WARNING:root:: 2747723
WARNING:root:DHLSS / 572121975420
WARNING:root:: 2747724
WARNING:root:DHLSS / 572121973894
WARNING:root:: 2747725
WARNING:root:DHLSS / 572121976167
WARNING:root:: 2747727
WARNING:root:DHLSS / 572121978131
WARNING:root:: 2747728
WARNING:root:DHLSS / 572121978103
WARNING:root:: 2747729
WARNING:root:DHLSS / 572121973866
WARNING:root:: 2747730
WARNING:root:DHLSS / 572121973838
WARNING:root:: 2747731
WARNING:root:DHLSS / 572121974941
WARNING:root:: 2747732
WARNING:root:DHLSS / 572121973822
WARNING:root:: 2747734
WARNING:root:DHLSS / 572121973800
WARNING:root:: 2747735
WARNING:root:DHLSS / 572121973024
WARNING:root:: 2747736
WARNING:root:DHLSS / 572121975278
WARNING:root:: 2747737
WARNING:root:DHLSS / 572121984992
WARNING:root:: 2747738
WARNING:root:DHLSS / 572121971476
WARNING:root:: 2747739
WARNING:root:DHLSS / 572121976498
WARNING:root:: 2747740
WARNING:root:DHLSS / 572121975234
WARNING:root:: 2747741
WARNING:root:DHLSS / 572121975751
WARNING:root:: 2747742
WARNING:root:DHLSS / 572121975537
WARNING:root:: 2747743
WARNING:root:DHLSS / 572121974777
WARNING:root:: 2747750
WARNING:root:DHLSS / 572121972832
WARNING:root:: 2747751
WARNING:root:DHLSS / 572121975515
WARNING:root:: 2747752
WARNING:root:DHLSS / 572121971173
WARNING:root:: 2747753
WARNING:root:DHLSS / 572121972882
WARNING:root:: 2747754
WARNING:root:DHLSS / 572121972905
WARNING:root:: 2747755
WARNING:root:DHLSS / 572121974727
WARNING:root:: 2747756
WARNING:root:DHLSS / 572121974749
WARNING:root:: 2747757
WARNING:root:DHLSS / 572121974733
WARNING:root:: 2747758
WARNING:root:DHLSS / 572121971820
WARNING:root:: 2747759
WARNING:root:DHLSS / 572121974711
WARNING:root:: 2747760
WARNING:root:DHLSS / 572121978080
WARNING:root:: 2747761
WARNING:root:DHLSS / 572121972854
WARNING:root:: 2747762
WARNING:root:DHLSS / 572121971707
WARNING:root:: 2747764
WARNING:root:DHLSS / 572121974705
WARNING:root:: 2747765
WARNING:root:DHLSS / 572121971684
WARNING:root:: 2747766
WARNING:root:DHLSS / 572121971656
WARNING:root:: 2747767
WARNING:root:DHLSS / 572121975789
WARNING:root:: 2747770
WARNING:root:DHLSS / 572121975587
WARNING:root:: 2747771
WARNING:root:DHLSS / 572121975486
WARNING:root:: 2747772
WARNING:root:DHLSS / 572121971814
WARNING:root:: 2747773
WARNING:root:DHLSS / 572121971577
WARNING:root:: 2747774
WARNING:root:DHLSS / 572121976476
WARNING:root:: 2747775
WARNING:root:DHLSS / 572121975638
WARNING:root:: 2747776
WARNING:root:DHLSS / 572121976505
WARNING:root:: 2747777
WARNING:root:DHLSS / 572121971599
WARNING:root:: 2747778
WARNING:root:DHLSS / 572121976038
WARNING:root:: 2747780
WARNING:root:DHLSS / 572121975672
WARNING:root:: 2747781
WARNING:root:DHLSS / 572121971628
WARNING:root:: 2747782
WARNING:root:DHLSS / 572121971836
WARNING:root:: 2747783
WARNING:root:DHLSS / 572121971280
WARNING:root:: 2747784
WARNING:root:DHLSS / 572121971296
WARNING:root:: 2747785
WARNING:root:DHLSS / 572121971319
WARNING:root:: 2747789
WARNING:root:DHLSS / 572121971347
WARNING:root:: 2747790
WARNING:root:DHLSS / 572121971369
WARNING:root:: 2747792
WARNING:root:DHLSS / 572121971842
WARNING:root:: 2747794
WARNING:root:DHLSS / 572121971915
WARNING:root:: 2747795
WARNING:root:DHLSS / 572121976527
WARNING:root:: 2747796
WARNING:root:DHLSS / 572121971397
WARNING:root:: 2747798
WARNING:root:DHLSS / 572121974913
WARNING:root:: 2747802
WARNING:root:DHLSS / 572121974935
WARNING:root:: 2747803
WARNING:root:DHLSS / 572121976066
WARNING:root:: 2747805
WARNING:root:DHLSS / 572121971921
WARNING:root:: 2747806
WARNING:root:DHLSS / 572121976088
WARNING:root:: 2747807
WARNING:root:DHLSS / 572121970789
WARNING:root:: 2747808
WARNING:root:DHLSS / 572121970795
WARNING:root:: 2747809
WARNING:root:DHLSS / 572121970802
WARNING:root:: 2747810
WARNING:root:DHLSS / 572121978147
WARNING:root:: 2747811
WARNING:root:DHLSS / 572121974828
WARNING:root:: 2747812
WARNING:root:DHLSS / 572121974979
WARNING:root:: 2747813
WARNING:root:DHLSS / 572121975818
WARNING:root:: 2747814
WARNING:root:DHLSS / 572121974957
WARNING:root:: 2747815
WARNING:root:DHLSS / 572121974884
WARNING:root:: 2747817
WARNING:root:DHLSS / 572121976151
WARNING:root:: 2747818
WARNING:root:DHLSS / 572121970846
WARNING:root:: 2747819
WARNING:root:DHLSS / 572121973226
WARNING:root:: 2747820
WARNING:root:DHLSS / 572121970824
WARNING:root:: 2747822
WARNING:root:DHLSS / 572121970852
WARNING:root:: 2747823
WARNING:root:DHLSS / 572121978670
WARNING:root:: 2747824
WARNING:root:DHLSS / 572121974834
WARNING:root:: 2747825
WARNING:root:DHLSS / 572121974660
WARNING:root:: 2747827
WARNING:root:DHLSS / 572121975701
WARNING:root:: 2747830
WARNING:root:DHLSS / 572121973327
WARNING:root:: 2747831
WARNING:root:DHLE1 / 7027995354
WARNING:root:: 2747832
WARNING:root:DHLSS / 572121975408
WARNING:root:: 2747833
WARNING:root:DHLSS / 572121975391
WARNING:root:: 2747835
WARNING:root:DHLSS / 572121976189
WARNING:root:: 2747836
WARNING:root:DHLSS / 572121975723
WARNING:root:: 2747837
WARNING:root:DHLSS / 572121975458
WARNING:root:: 2747838
WARNING:root:DHLSS / 572121975666
WARNING:root:: 2747839
WARNING:root:DHLSS / 572121976139
WARNING:root:: 2747840
WARNING:root:DHLSS / 572121975385
WARNING:root:: 2747841
WARNING:root:DHLSS / 572121975600
WARNING:root:: 2747842
WARNING:root:DHLSS / 572121975622
WARNING:root:: 2747843
WARNING:root:DHLSS / 572121975880
WARNING:root:: 2747844
WARNING:root:DHLSS / 572121972860
WARNING:root:: 2747847
WARNING:root:DHLSS / 572121973399
WARNING:root:: 2747848
WARNING:root:DHLSS / 572121975688
WARNING:root:: 2747849
WARNING:root:DHLSS / 572121974597
WARNING:root:: 2747850
WARNING:root:DHLSS / 572121974626
WARNING:root:: 2747852
WARNING:root:DHLSS / 572121975694
WARNING:root:: 2747853
WARNING:root:DHLSS / 572121974761
WARNING:root:: 2747854
WARNING:root:DHLSS / 572121971189
WARNING:root:: 2747855
WARNING:root:DHLSS / 572121970290
WARNING:root:: 2747859
WARNING:root:DHLSS / 572121974610
WARNING:root:: 2747869
WARNING:root:Nothing found
WARNING:root:: 2747915
WARNING:root:DHLSS / 572121970228
WARNING:root:: 2747917
WARNING:root:DHLSS / 572121985320
WARNING:root:: 2747918
WARNING:root:DHLSS / 572121985055
WARNING:root:: 2747922
WARNING:root:DHLSS / 572121977999
WARNING:root:: 2747923
WARNING:root:Nothing found
WARNING:root:: 2747927
WARNING:root:DHLSS / 572121976325
WARNING:root:: 2747928
WARNING:root:DHLSS / 572121972163
WARNING:root:: 2747930
WARNING:root:DHLSS / 572121985112
WARNING:root:: 2747931
WARNING:root:DHLSS / 572121984548
WARNING:root:: 2747936
WARNING:root:DHLSS / 572121976280
WARNING:root:: 2747939
WARNING:root:DHLSS / 572121970234
WARNING:root:: 2747947
WARNING:root:DHLSS / 572121985033
WARNING:root:: 2747948
WARNING:root:DHLSS / 572121971959
WARNING:root:: 2747955
WARNING:root:DHLSS / 572121972517
WARNING:root:: 2747956
WARNING:root:DHLSS / 572121976274
WARNING:root:: 2747957
WARNING:root:DHLSS / 572121971965
WARNING:root:: 2747959
WARNING:root:POST / 574040009447
WARNING:root:: 2747962
WARNING:root:DHLSS / 572121985099
WARNING:root:: 2747963
WARNING:root:DHLSS / 572121970212
WARNING:root:: 2747967
WARNING:root:DHLE1 / 2439256363
WARNING:root:: 2747970
WARNING:root:DHLSS / 572121971971
WARNING:root:: 2747975
WARNING:root:DHLSS / 572121974648
WARNING:root:: 2747979
WARNING:root:DHLSS / 572121970278
WARNING:root:: 2747980
WARNING:root:DHLSS / 572121972078
WARNING:root:: 2747982
WARNING:root:DHLSS / 572121970262
WARNING:root:: 2747983
WARNING:root:DHLSS / 572121972545
WARNING:root:: 2747984
WARNING:root:DHLSS / 572121977955
WARNING:root:: 2747989
WARNING:root:DHLSS / 572121985465
WARNING:root:: 2748002
WARNING:root:DHLSS / 572121984762
WARNING:root:: 2748003
WARNING:root:DHLSS / 572121972539
WARNING:root:: 2748005
WARNING:root:DHLSS / 572121970256
WARNING:root:: 2748006
WARNING:root:DHLSS / 572121980190
WARNING:root:: 2748007
WARNING:root:DHLSS / 572121970284
WARNING:root:: 2748008
WARNING:root:DHLSS / 572121970307
WARNING:root:: 2748009
WARNING:root:DHLSS / 572121974682
WARNING:root:: 2748010
WARNING:root:DHLSS / 572121977977
WARNING:root:: 2748011
WARNING:root:DHLSS / 572121970313
WARNING:root:: 2748012
WARNING:root:DHLSS / 572121975925
WARNING:root:: 2748013
WARNING:root:DHLSS / 572121975931
WARNING:root:: 2748014
WARNING:root:DHLSS / 572121975953
WARNING:root:: 2748015
WARNING:root:DHLSS / 572121984497
WARNING:root:: 2748016
WARNING:root:DHLSS / 572121972113
WARNING:root:: 2748017
WARNING:root:DHLSS / 572121976022
WARNING:root:: 2748018
WARNING:root:DHLSS / 572121972006
WARNING:root:: 2748019
WARNING:root:DHLSS / 572121970379
WARNING:root:: 2748023
WARNING:root:DHLSS / 572121985774
WARNING:root:: 2748025
WARNING:root:DHLSS / 572121972028
WARNING:root:: 2748027
WARNING:root:DHLSS / 572121984936
WARNING:root:: 2748028
WARNING:root:DHLSS / 572121984885
WARNING:root:: 2748034
WARNING:root:DHLSS / 572121970329
WARNING:root:: 2748035
WARNING:root:DHLSS / 572121970335
WARNING:root:: 2748036
WARNING:root:DHLSS / 572121972040
WARNING:root:: 2748038
WARNING:root:DHLSS / 572121986023
WARNING:root:: 2748039
WARNING:root:DHLSS / 572121970357
WARNING:root:: 2748040
WARNING:root:DHLSS / 572121970341
WARNING:root:: 2748041
WARNING:root:DHLSS / 572121972090
WARNING:root:: 2748042
WARNING:root:DHLSS / 572121980291
WARNING:root:: 2748043
WARNING:root:Nothing found
WARNING:root:: 2748044
WARNING:root:DHLSS / 572121982990
WARNING:root:: 2748045
WARNING:root:DHLSS / 572121979799
WARNING:root:: 2748046
WARNING:root:DHLSS / 572121984633
WARNING:root:: 2748047
WARNING:root:DHLSS / 572121984649
WARNING:root:: 2748049
WARNING:root:DHLSS / 572121972321
WARNING:root:: 2748050
WARNING:root:DHLSS / 572121972359
WARNING:root:: 2748051
WARNING:root:DHLSS / 572121984756
WARNING:root:: 2748052
WARNING:root:DHLSS / 572121985291
WARNING:root:: 2748053
WARNING:root:DHLSS / 572121986051
WARNING:root:: 2748054
WARNING:root:DHLSS / 572121985279
WARNING:root:: 2748055
WARNING:root:DHLSS / 572121972315
WARNING:root:: 2748060
WARNING:root:DHLSS / 572121975969
WARNING:root:: 2748061
WARNING:root:DHLSS / 572121986152
WARNING:root:: 2748062
WARNING:root:DHLSS / 572121986168
WARNING:root:: 2748063
WARNING:root:DHLSS / 572121970363
WARNING:root:: 2748065
WARNING:root:DHLSS / 572121984914
WARNING:root:: 2748066
WARNING:root:DHLSS / 572121984942
WARNING:root:: 2748067
WARNING:root:DHLSS / 572121980308
WARNING:root:: 2748068
WARNING:root:DHLSS / 572121972309
WARNING:root:: 2748069
WARNING:root:DHLSS / 572121972488
WARNING:root:: 2748071
WARNING:root:DHLSS / 572121984986
WARNING:root:: 2748072
WARNING:root:DHLSS / 572121973642
WARNING:root:: 2748073
WARNING:root:DHLSS / 572121972270
WARNING:root:: 2748075
WARNING:root:DHLSS / 572121985005
WARNING:root:: 2748076
WARNING:root:Nothing found
WARNING:root:: 2748077
WARNING:root:DHLSS / 572121970385
WARNING:root:: 2748080
WARNING:root:DHLSS / 572121980459
WARNING:root:: 2748081
WARNING:root:DHLSS / 572121970408
WARNING:root:: 2748082
WARNING:root:DHLSS / 572121970391
WARNING:root:: 2748083
WARNING:root:DHLSS / 572121972674
WARNING:root:: 2748084
WARNING:root:DHLSS / 572121972595
WARNING:root:: 2748086
WARNING:root:DHLSS / 572121983069
WARNING:root:: 2748087
WARNING:root:DHLSS / 572121972444
WARNING:root:: 2748088
WARNING:root:DHLSS / 572121972393
WARNING:root:: 2748089
WARNING:root:DHLSS / 572121972422
WARNING:root:: 2748090
WARNING:root:DHLSS / 572121972365
WARNING:root:: 2748091
WARNING:root:POST / 573689224826
WARNING:root:: 2748096
WARNING:root:POST / 573689222026
WARNING:root:: 2748097
WARNING:root:Nothing found
WARNING:root:: 2748098
WARNING:root:POST / 573689222010
WARNING:root:: 2748099
WARNING:root:POST / 573689222004
WARNING:root:: 2748101
WARNING:root:DHLSS / 572121970414
WARNING:root:: 2748104
WARNING:root:DHLSS / 572121983362
WARNING:root:: 2748106
WARNING:root:POST / 573689224832
WARNING:root:: 2748107
WARNING:root:POST / 573689224680
WARNING:root:: 2748108
WARNING:root:POST / 573689224674
WARNING:root:: 2748109
WARNING:root:DHLSS / 572121979777
WARNING:root:: 2748110
WARNING:root:DHLSS / 572121970436
WARNING:root:: 2748111
WARNING:root:DHLSS / 572121984475
WARNING:root:: 2748112
WARNING:root:DHLSS / 572121972258
WARNING:root:: 2748113
WARNING:root:DHLSS / 572121972220
WARNING:root:: 2748114
WARNING:root:POST / 573689223549
WARNING:root:: 2748115
WARNING:root:DHLSS / 572121986146
WARNING:root:: 2748118
WARNING:root:POST / 573689222509
WARNING:root:: 2748119
WARNING:root:DHLSS / 572121972680
WARNING:root:: 2748121
WARNING:root:DHLSS / 572121980386
WARNING:root:: 2748122
WARNING:root:POST / 573689222701
WARNING:root:: 2748123
WARNING:root:DHLSS / 572121972589
WARNING:root:: 2748124
WARNING:root:POST / 573689222363
WARNING:root:: 2748126
WARNING:root:POST / 573689224810
WARNING:root:: 2748127
WARNING:root:DHLSS / 572121972438
WARNING:root:: 2748129
WARNING:root:DHLSS / 572121972416
WARNING:root:: 2748132
WARNING:root:DHLSS / 572121970458
WARNING:root:: 2748133
WARNING:root:POST / 573689222357
WARNING:root:: 2748135
WARNING:root:DHLSS / 572121983946
WARNING:root:: 2748138
WARNING:root:DHLSS / 572121984021
WARNING:root:: 2748139
WARNING:root:DHLSS / 572121972494
WARNING:root:: 2748141
WARNING:root:DHLSS / 572121976016
WARNING:root:: 2748142
WARNING:root:DHLSS / 572121972719
WARNING:root:: 2748143
WARNING:root:DHLSS / 572121983889
WARNING:root:: 2748144
WARNING:root:POST / 573689223757
WARNING:root:: 2748145
WARNING:root:DHLSS / 572121983918
WARNING:root:: 2748146
WARNING:root:DHLSS / 572121972696
WARNING:root:: 2748147
WARNING:root:DHLSS / 572121970442
WARNING:root:: 2748148
WARNING:root:POST / 573689224494
WARNING:root:: 2748151
WARNING:root:POST / 573689223785
WARNING:root:: 2748152
WARNING:root:POST / 573689224747
WARNING:root:: 2748154
WARNING:root:DHLSS / 572121978002
WARNING:root:: 2748158
WARNING:root:DHLSS / 572121984251
WARNING:root:: 2748159
WARNING:root:DHLSS / 572121982934
WARNING:root:: 2748160
WARNING:root:DHLSS / 572121970420
WARNING:root:: 2748161
WARNING:root:DHLSS / 572121983867
WARNING:root:: 2748162
WARNING:root:DHLSS / 572121983198
WARNING:root:: 2748163
WARNING:root:POST / 573689222739
WARNING:root:: 2748164
WARNING:root:DHLSS / 572121970470
WARNING:root:: 2748165
WARNING:root:DHLSS / 572121970464
WARNING:root:: 2748167
WARNING:root:DHLSS / 572121983996
WARNING:root:: 2748168
WARNING:root:DHLSS / 572121982883
WARNING:root:: 2748169
WARNING:root:DHLSS / 572121984324
WARNING:root:: 2748170
WARNING:root:DHLSS / 572121983334
WARNING:root:: 2748171
WARNING:root:DHLSS / 572121970492
WARNING:root:: 2748175
WARNING:root:POST / 573689223628
WARNING:root:: 2748177
WARNING:root:POST / 573689224472
WARNING:root:: 2748178
WARNING:root:DHLSS / 572121970486
WARNING:root:: 2748179
WARNING:root:DHLSS / 572121977983
WARNING:root:: 2748183
WARNING:root:POST / 573689224400
WARNING:root:: 2748184
WARNING:root:DHLSS / 572121970600
WARNING:root:: 2748185
WARNING:root:POST / 573689224630
WARNING:root:: 2748186
WARNING:root:POST / 573689222723
WARNING:root:: 2748187
WARNING:root:POST / 573689224753
WARNING:root:: 2748188
WARNING:root:DHLSS / 572121983823
WARNING:root:: 2748189
WARNING:root:DHLSS / 572121984071
WARNING:root:: 2748191
WARNING:root:DHLSS / 572121983851
WARNING:root:: 2748192
WARNING:root:DHLSS / 572121976000
WARNING:root:: 2748193
WARNING:root:DHLSS / 572121974014
WARNING:root:: 2748194
WARNING:root:POST / 573689224450
WARNING:root:: 2748196
WARNING:root:POST / 573689221991
WARNING:root:: 2748200
WARNING:root:POST / 573689224466
WARNING:root:: 2748201
WARNING:root:DHLSS / 572121974250
WARNING:root:: 2748202
WARNING:root:DHLSS / 572121974294
WARNING:root:: 2748203
WARNING:root:DHLSS / 572121983974
WARNING:root:: 2748205
WARNING:root:DHLSS / 572121983457
WARNING:root:: 2748206
WARNING:root:POST / 573689224589
WARNING:root:: 2748207
WARNING:root:DHLSS / 572121973995
WARNING:root:: 2748208
WARNING:root:DHLSS / 572121979828
WARNING:root:: 2748209
WARNING:root:DHLSS / 572121984093
WARNING:root:: 2748210
WARNING:root:POST / 573689224703
WARNING:root:: 2748212
WARNING:root:DHLSS / 572121973204
WARNING:root:: 2748214
WARNING:root:POST / 573689224422
WARNING:root:: 2748215
WARNING:root:DHLSS / 572121984166
WARNING:root:: 2748216
WARNING:root:DHLSS / 572121976347
WARNING:root:: 2748217
WARNING:root:DHLSS / 572121971527
WARNING:root:: 2748220
WARNING:root:DHLSS / 572121970616
WARNING:root:: 2748222
WARNING:root:POST / 573689222638
WARNING:root:: 2748223
WARNING:root:DHLSS / 572121983148
WARNING:root:: 2748230
WARNING:root:POST / 574040009431
WARNING:root:: 2748231
WARNING:root:POST / 573689224545
WARNING:root:: 2748233
WARNING:root:POST / 573689222931
WARNING:root:: 2748236
WARNING:root:DHLSS / 572121983930
WARNING:root:: 2748238
WARNING:root:DHLSS / 572121980364
WARNING:root:: 2748239
WARNING:root:POST / 573689224882
WARNING:root:: 2748240
WARNING:root:POST / 573689224646
WARNING:root:: 2748244
WARNING:root:DHLSS / 572121983249
WARNING:root:: 2748245
WARNING:root:DHLSS / 572121983750
WARNING:root:: 2748246
WARNING:root:DHLSS / 572121983283
WARNING:root:: 2748247
WARNING:root:DHLSS / 572121974238
WARNING:root:: 2748248
WARNING:root:DHLSS / 572121975975
WARNING:root:: 2748249
WARNING:root:POST / 573689222622
WARNING:root:: 2748250
WARNING:root:DHLSS / 572121976319
WARNING:root:: 2748251
WARNING:root:DHLSS / 572121985588
WARNING:root:: 2748254
WARNING:root:DHLSS / 572121979862
WARNING:root:: 2748258
WARNING:root:DHLSS / 572121982732
WARNING:root:: 2748259
WARNING:root:POST / 573689223454
WARNING:root:: 2748260
WARNING:root:POST / 573689224696
WARNING:root:: 2748264
WARNING:root:DHLSS / 572121983659
WARNING:root:: 2748265
WARNING:root:DHLSS / 572121973153
WARNING:root:: 2748266
WARNING:root:POST / 573689224488
WARNING:root:: 2748267
WARNING:root:DHLSS / 572121976353
WARNING:root:: 2748268
WARNING:root:DHLSS / 572121983176
WARNING:root:: 2748269
WARNING:root:DHLSS / 572121974569
WARNING:root:: 2748270
WARNING:root:DHLSS / 572121974064
WARNING:root:: 2748272
WARNING:root:DHLSS / 572121982401
WARNING:root:: 2748273
WARNING:root:DHLSS / 572121980077
WARNING:root:: 2748274
WARNING:root:DHLSS / 572121982710
WARNING:root:: 2748275
WARNING:root:DHLSS / 572121982439
WARNING:root:: 2748276
WARNING:root:POST / 573689224567
WARNING:root:: 2748277
WARNING:root:DHLSS / 572121974525
WARNING:root:: 2748278
WARNING:root:DHLSS / 572121974187
WARNING:root:: 2748282
WARNING:root:DHLSS / 572121972731
WARNING:root:: 2748283
WARNING:root:DHLSS / 572121973585
WARNING:root:: 2748285
WARNING:root:POST / 573689224668
WARNING:root:: 2748286
WARNING:root:DHLSS / 572121974137
WARNING:root:: 2748287
WARNING:root:POST / 573689223476
WARNING:root:: 2748288
WARNING:root:DHLSS / 572121973175
WARNING:root:: 2748289
WARNING:root:DHLSS / 572121976296
WARNING:root:: 2748290
WARNING:root:DHLSS / 572121974092
WARNING:root:: 2748291
WARNING:root:DHLSS / 572121974070
WARNING:root:: 2748292
WARNING:root:DHLSS / 572121971066
WARNING:root:: 2748297
WARNING:root:DHLSS / 572121971050
WARNING:root:: 2748298
WARNING:root:DHLSS / 572121974171
WARNING:root:: 2748299
WARNING:root:DHLSS / 572121971044
WARNING:root:: 2748300
WARNING:root:DHLSS / 572121973579
WARNING:root:: 2748301
WARNING:root:DHLSS / 572121971094
WARNING:root:: 2748302
WARNING:root:POST / 573689222060
WARNING:root:: 2748303
WARNING:root:POST / 573689224444
WARNING:root:: 2748304
WARNING:root:DHLSS / 572121974121
WARNING:root:: 2748305
WARNING:root:DHLSS / 572121971145
WARNING:root:: 2748308
WARNING:root:DHLSS / 572121982451
WARNING:root:: 2748309
WARNING:root:DHLSS / 572121974008
WARNING:root:: 2748310
WARNING:root:POST / 573689224624
WARNING:root:: 2748311
WARNING:root:DHLSS / 572121971151
WARNING:root:: 2748313
WARNING:root:DHLSS / 572121974086
WARNING:root:: 2748315
WARNING:root:DHLSS / 572121982502
WARNING:root:: 2748316
WARNING:root:DHLSS / 572121978030
WARNING:root:: 2748319
WARNING:root:DHLSS / 572121982546
WARNING:root:: 2748321
WARNING:root:DHLSS / 572121973349
WARNING:root:: 2748322
WARNING:root:DHLSS / 572121982574
WARNING:root:: 2748323
WARNING:root:DHLSS / 572121973563
WARNING:root:: 2748324
WARNING:root:POST / 573689224618
WARNING:root:: 2748326
WARNING:root:POST / 573689223533
WARNING:root:: 2748328
WARNING:root:DHLSS / 572121973181
WARNING:root:: 2748332
WARNING:root:DHLSS / 572121980184
WARNING:root:: 2748333
WARNING:root:POST / 573689224573
WARNING:root:: 2748335
WARNING:root:POST / 573689223842
WARNING:root:: 2748339
WARNING:root:DHLSS / 572121984116
WARNING:root:: 2748340
WARNING:root:POST / 573689222919
WARNING:root:: 2748341
WARNING:root:POST / 573689224781
WARNING:root:: 2748344
WARNING:root:POST / 573689222436
WARNING:root:: 2748346
WARNING:root:DHLSS / 572121974222
WARNING:root:: 2748347
WARNING:root:DHLSS / 572121978018
WARNING:root:: 2748349
WARNING:root:DHLSS / 572121970587
WARNING:root:: 2748352
WARNING:root:DHLSS / 572121970543
WARNING:root:: 2748355
WARNING:root:POST / 573689223599
WARNING:root:: 2748356
WARNING:root:DHLSS / 572121970537
WARNING:root:: 2748358
WARNING:root:DHLSS / 572121973557
WARNING:root:: 2748359
WARNING:root:DHLSS / 572121983479
WARNING:root:: 2748362
WARNING:root:DHLSS / 572121973406
WARNING:root:: 2748363
WARNING:root:POST / 573689223404
WARNING:root:: 2748364
WARNING:root:DHLSS / 572121973074
WARNING:root:: 2748365
WARNING:root:POST / 573689223820
WARNING:root:: 2748366
WARNING:root:DHLSS / 572121973103
WARNING:root:: 2748367
WARNING:root:POST / 573689226783
WARNING:root:: 2748368
WARNING:root:DHLSS / 572121980336
WARNING:root:: 2748369
WARNING:root:DHLSS / 572121973535
WARNING:root:: 2748370
WARNING:root:DHLSS / 572121973541
WARNING:root:: 2748371
WARNING:root:POST / 573689222048
WARNING:root:: 2748372
WARNING:root:DHLSS / 572121970521
WARNING:root:: 2748373
WARNING:root:POST / 573689224236
WARNING:root:: 2748374
WARNING:root:DHLSS / 572121972523
WARNING:root:: 2748375
WARNING:root:DHLSS / 572121972567
WARNING:root:: 2748376
WARNING:root:POST / 573689222054
WARNING:root:: 2748377
WARNING:root:DHLSS / 572121972551
WARNING:root:: 2748378
WARNING:root:POST / 573689222767
WARNING:root:: 2748381
WARNING:root:DHLSS / 572121970515
WARNING:root:: 2748382
WARNING:root:POST / 573689222032
WARNING:root:: 2748383
WARNING:root:DHLSS / 572121982653
WARNING:root:: 2748387
WARNING:root:DHLSS / 572121970925
WARNING:root:: 2748389
WARNING:root:DHLSS / 572121976369
WARNING:root:: 2748391
WARNING:root:POST / 573689222751
WARNING:root:: 2748392
WARNING:root:DHLSS / 572121970997
WARNING:root:: 2748393
WARNING:root:DHLSS / 572121983564
WARNING:root:: 2748394
WARNING:root:DHLSS / 572121983227
WARNING:root:: 2748395
WARNING:root:DHLSS / 572121973513
WARNING:root:: 2748396
WARNING:root:DHLSS / 572121982186
WARNING:root:: 2748397
WARNING:root:DHLSS / 572121983536
WARNING:root:: 2748398
WARNING:root:POST / 573689222391
WARNING:root:: 2748400
WARNING:root:DHLSS / 572121976426
WARNING:root:: 2748402
WARNING:root:DHLSS / 572121973484
WARNING:root:: 2748403
WARNING:root:DHLSS / 572121973412
WARNING:root:: 2748404
WARNING:root:DHLSS / 572121972624
WARNING:root:: 2748405
WARNING:root:DHLSS / 572121970947
WARNING:root:: 2748406
WARNING:root:DHLSS / 572121970981
WARNING:root:: 2748407
WARNING:root:DHLSS / 572121970969
WARNING:root:: 2748410
WARNING:root:POST / 573689222616
WARNING:root:: 2748411
WARNING:root:DHLSS / 572121976381
WARNING:root:: 2748414
WARNING:root:POST / 573689223505
WARNING:root:: 2748415
WARNING:root:DHLSS / 572121972602
WARNING:root:: 2748416
WARNING:root:DHLSS / 572121973951
WARNING:root:: 2748417
WARNING:root:POST / 573689223858
WARNING:root:: 2748418
WARNING:root:DHLSS / 572121976375
WARNING:root:: 2748419
WARNING:root:Nothing found
WARNING:root:: 2748420
WARNING:root:DHLSS / 572121982467
WARNING:root:: 2748423
WARNING:root:DHLSS / 572121973939
WARNING:root:: 2748425
WARNING:root:DHLSS / 572121981534
WARNING:root:: 2748426
WARNING:root:DHLSS / 572121973759
WARNING:root:: 2748427
WARNING:root:DHLSS / 572121981398
WARNING:root:: 2748428
WARNING:root:POST / 573689222600
WARNING:root:: 2748429
WARNING:root:DHLSS / 572121973923
WARNING:root:: 2748430
WARNING:root:DHLSS / 572121981477
WARNING:root:: 2748431
WARNING:root:POST / 573689223612
WARNING:root:: 2748433
WARNING:root:DHLSS / 572121973771
WARNING:root:: 2748434
WARNING:root:POST / 573689224321
WARNING:root:: 2748435
WARNING:root:DHLSS / 572121970723
WARNING:root:: 2748436
WARNING:root:DHLSS / 572121973901
WARNING:root:: 2748437
WARNING:root:DHLSS / 572121981556
WARNING:root:: 2748438
WARNING:root:POST / 573689224387
WARNING:root:: 2748439
WARNING:root:POST / 573689224551
WARNING:root:: 2748443
WARNING:root:DHLSS / 572121973743
WARNING:root:: 2748445
WARNING:root:DHLSS / 572121973715
WARNING:root:: 2748446
WARNING:root:DHLSS / 572121981499
WARNING:root:: 2748449
WARNING:root:DHLE1 / 2439252093
WARNING:root:: 2748450
WARNING:root:DHLSS / 572121972652
WARNING:root:: 2748451
WARNING:root:DHLSS / 572121976410
WARNING:root:: 2748452
WARNING:root:DHLSS / 572121985853
WARNING:root:: 2748453
WARNING:root:DHLSS / 572121976397
WARNING:root:: 2748454
WARNING:root:DHLSS / 572121973692
WARNING:root:: 2748456
WARNING:root:POST / 573689224286
WARNING:root:: 2748457
WARNING:root:DHLSS / 572121981405
WARNING:root:: 2748458
WARNING:root:POST / 573689222593
WARNING:root:: 2748459
WARNING:root:DHLSS / 572121970565
WARNING:root:: 2748460
WARNING:root:POST / 573689224309
WARNING:root:: 2748461
WARNING:root:POST / 573689223448
WARNING:root:: 2748462
WARNING:root:DHLSS / 572121985415
WARNING:root:2748464 not found
WARNING:root:Nothing found
WARNING:root:2748466 not found
WARNING:root:Nothing found
WARNING:root:: 2748467
WARNING:root:POST / 573689222199
WARNING:root:: 2748468
WARNING:root:POST / 573689224135
WARNING:root:: 2748470
WARNING:root:POST / 573689223662
WARNING:root:: 2748472
WARNING:root:DHLSS / 572121981449
WARNING:root:: 2748473
WARNING:root:DHLSS / 572121972630
WARNING:root:: 2748476
WARNING:root:DHLSS / 572121981455
WARNING:root:: 2748477
WARNING:root:POST / 573689223779
WARNING:root:: 2748480
WARNING:root:POST / 573689223577
WARNING:root:: 2748482
WARNING:root:POST / 573689224258
WARNING:root:: 2748484
WARNING:root:POST / 573689223583
WARNING:root:: 2748485
WARNING:root:DHLSS / 572121978046
WARNING:root:: 2748487
WARNING:root:DHLSS / 572121972618
WARNING:root:: 2748488
WARNING:root:POST / 573689224242
WARNING:root:: 2748490
WARNING:root:DHLSS / 572121972999
WARNING:root:: 2748493
WARNING:root:DHLSS / 572121981376
WARNING:root:: 2748495
WARNING:root:DHLSS / 572121970559
WARNING:root:: 2748496
WARNING:root:DHLSS / 572121972961
WARNING:root:: 2748501
WARNING:root:DHLSS / 572121972927
WARNING:root:: 2748502
WARNING:root:DHLSS / 572121980588
WARNING:root:: 2748503
WARNING:root:POST / 573689223971
WARNING:root:: 2748504
WARNING:root:DHLSS / 572121969928
WARNING:root:: 2748505
WARNING:root:DHLSS / 572121973973
WARNING:root:: 2748507
WARNING:root:DHLSS / 572121972214
WARNING:root:: 2748508
WARNING:root:DHLSS / 572121972191
WARNING:root:: 2748509
WARNING:root:POST / 573689222644
WARNING:root:: 2748510
WARNING:root:DHLSS / 572121972236
WARNING:root:: 2748517
WARNING:root:DHLSS / 572121982798
WARNING:root:: 2748518
WARNING:root:DHLSS / 572121978068
WARNING:root:: 2748521
WARNING:root:DHLSS / 572121983592
WARNING:root:: 2748522
WARNING:root:DHLSS / 572121982293
WARNING:root:: 2748528
WARNING:root:POST / 573689223498
WARNING:root:: 2748530
WARNING:root:POST / 573689223634
WARNING:root:: 2748531
WARNING:root:DHLSS / 572121978074
WARNING:root:: 2748532
WARNING:root:DHLSS / 572121972179
WARNING:root:: 2748533
WARNING:root:DHLSS / 572121981225
WARNING:root:: 2748534
WARNING:root:DHLSS / 572121981461
WARNING:root:: 2748536
WARNING:root:POST / 573689223909
WARNING:root:: 2748537
WARNING:root:DHLSS / 572121970666
WARNING:root:: 2748538
WARNING:root:POST / 573689222650
WARNING:root:: 2748540
WARNING:root:DHLSS / 572121971763
WARNING:root:: 2748542
WARNING:root:DHLSS / 572121970650
WARNING:root:: 2748545
WARNING:root:DHLSS / 572121976268
WARNING:root:: 2748546
WARNING:root:DHLSS / 572121980982
WARNING:root:: 2748549
WARNING:root:DHLSS / 572121970644
WARNING:root:: 2748552
WARNING:root:DHLSS / 572121970638
WARNING:root:: 2748553
WARNING:root:DHLSS / 572121978052
WARNING:root:: 2748554
WARNING:root:DHLSS / 572121970622
WARNING:root:: 2748555
WARNING:root:DHLSS / 572121980112
WARNING:root:: 2748558
WARNING:root:POST / 573689222688
WARNING:root:: 2748559
WARNING:root:DHLSS / 572121971735
WARNING:root:: 2748560
WARNING:root:DHLSS / 572121976448
WARNING:root:: 2748565
WARNING:root:DHLSS / 572121971713
WARNING:root:: 2748566
WARNING:root:DHLSS / 572121980645
WARNING:root:: 2748570
WARNING:root:POST / 573689222565
WARNING:root:: 2748571
WARNING:root:POST / 573689223892
WARNING:root:: 2748573
WARNING:root:DHLSS / 572121980954
WARNING:root:: 2748575
WARNING:root:DHLSS / 572121976460
WARNING:root:: 2748576
WARNING:root:DHLSS / 572121971690
WARNING:root:: 2748577
WARNING:root:DHLSS / 572121971662
WARNING:root:: 2748578
WARNING:root:POST / 573689223864
WARNING:root:: 2748579
WARNING:root:POST / 573689222717
WARNING:root:: 2748581
WARNING:root:DHLSS / 572121974985
WARNING:root:: 2748582
WARNING:root:DHLSS / 572121981073
WARNING:root:: 2748584
WARNING:root:DHLSS / 572121971606
WARNING:root:: 2748587
WARNING:root:DHLSS / 572121974963
WARNING:root:: 2748588
WARNING:root:DHLSS / 572121985443
WARNING:root:: 2748589
WARNING:root:DHLSS / 572121974929
WARNING:root:: 2748590
WARNING:root:DHLSS / 572121974531
WARNING:root:: 2748591
WARNING:root:DHLSS / 572121974480
WARNING:root:: 2748592
WARNING:root:DHLSS / 572121974890
WARNING:root:: 2748593
WARNING:root:DHLSS / 572121985639
WARNING:root:: 2748594
WARNING:root:DHLSS / 572121980421
WARNING:root:: 2748595
WARNING:root:DHLSS / 572121971640
WARNING:root:: 2748596
WARNING:root:POST / 573689223606
WARNING:root:: 2748598
WARNING:root:DHLSS / 572121980932
WARNING:root:: 2748599
WARNING:root:DHLSS / 572121974812
WARNING:root:: 2748600
WARNING:root:DHLSS / 572121985550
WARNING:root:: 2748601
WARNING:root:POST / 573689222571
WARNING:root:: 2748603
WARNING:root:DHLSS / 572121981051
WARNING:root:: 2748605
WARNING:root:POST / 573689222256
WARNING:root:: 2748606
WARNING:root:POST / 573689222228
WARNING:root:: 2748608
WARNING:root:DHLSS / 572121972264
WARNING:root:: 2748609
WARNING:root:DHLSS / 572121981102
WARNING:root:give token
WARNING:root:: 2747348
WARNING:root:POST / 573689223173
WARNING:root:: 2747349
WARNING:root:POST / 573689223167
WARNING:root:: 2747350
WARNING:root:DHLSS / 572121976599
WARNING:root:: 2747353
WARNING:root:DHLSS / 572121986017
WARNING:root:: 2747354
WARNING:root:DHLSS / 572121985998
WARNING:root:: 2747355
WARNING:root:POST / 573689222464
WARNING:root:: 2747357
WARNING:root:DHLSS / 572121973844
WARNING:root:: 2747366
WARNING:root:DHLSS / 572121977056
WARNING:root:: 2747370
WARNING:root:POST / 573689222975
WARNING:root:: 2747371
WARNING:root:DHLSS / 572121980869
WARNING:root:: 2747372
WARNING:root:DHLSS / 572121980897
WARNING:root:: 2747373
WARNING:root:POST / 573689223072
WARNING:root:: 2747375
WARNING:root:DHLSS / 572121977882
WARNING:root:: 2747376
WARNING:root:DHLSS / 572121980910
WARNING:root:: 2747381
WARNING:root:POST / 573689223066
WARNING:root:give token
WARNING:root:: 2747348
WARNING:root:POST / 573689223173
WARNING:root:: 2747349
WARNING:root:POST / 573689223167
WARNING:root:: 2747350
WARNING:root:DHLSS / 572121976599
WARNING:root:: 2747353
WARNING:root:DHLSS / 572121986017
WARNING:root:: 2747354
WARNING:root:DHLSS / 572121985998
WARNING:root:: 2747355
WARNING:root:POST / 573689222464
WARNING:root:: 2747357
WARNING:root:DHLSS / 572121973844
WARNING:root:: 2747366
WARNING:root:DHLSS / 572121977056
WARNING:root:: 2747370
WARNING:root:POST / 573689222975
WARNING:root:: 2747371
WARNING:root:DHLSS / 572121980869
WARNING:root:: 2747372
WARNING:root:DHLSS / 572121980897
WARNING:root:: 2747373
WARNING:root:POST / 573689223072
WARNING:root:: 2747375
WARNING:root:DHLSS / 572121977882
WARNING:root:: 2747376
WARNING:root:DHLSS / 572121980910
WARNING:root:: 2747381
WARNING:root:POST / 573689223066
WARNING:root:: 2747382
WARNING:root:POST / 573689223038
WARNING:root:: 2747383
WARNING:root:DHLSS / 572121980875
WARNING:root:: 2747384
WARNING:root:DHLSS / 572121978765
WARNING:root:: 2747386
WARNING:root:DHLSS / 572121972977
WARNING:root:: 2747387
WARNING:root:DHLSS / 572121977674
WARNING:root:: 2747388
WARNING:root:DHLSS / 572121976735
WARNING:root:: 2747389
WARNING:root:DHLSS / 572121978838
WARNING:root:: 2747390
WARNING:root:POST / 573689223353
WARNING:root:: 2747391
WARNING:root:POST / 573689223189
WARNING:root:give token
WARNING:root:: 2747348
WARNING:root:POST / 573689223173
WARNING:root:: 2747349
WARNING:root:POST / 573689223167
WARNING:root:: 2747350
WARNING:root:DHLSS / 572121976599
WARNING:root:: 2747353
WARNING:root:DHLSS / 572121986017
WARNING:root:give token
WARNING:root:: 2752024
WARNING:root:UPS 1 / 1Z9353566812400220
WARNING:root:: 2752083
WARNING:root:TOFND / 449800001553430014923966
WARNING:root:: 2752087
WARNING:root:UPS 1 / 1Z9353566812400168
WARNING:root:: 2718877
WARNING:root:POST / 573689173734
WARNING:root:: 2726771
WARNING:root:POST / 573689190047
WARNING:root:: 2741468
WARNING:root:DHLSS / 572121948908
WARNING:root:: 2746053
WARNING:root:DHLSS / 572121990236
WARNING:root:: 2746084
WARNING:root:DHLSS / 572121990416
WARNING:root:: 2746418
WARNING:root:DHLSS / 572121990400
WARNING:root:: 2746535
WARNING:root:DHLSS / 572121990393
WARNING:root:: 2746630
WARNING:root:DHLSS / 572121990258
WARNING:root:: 2746727
WARNING:root:POST / 574040009532
WARNING:root:: 2746876
WARNING:root:DHLSS / 572121994381
WARNING:root:: 2747346
WARNING:root:POST / 573689225743
WARNING:root:: 2747527
WARNING:root:DHLSS / 572121994432
WARNING:root:: 2747528
WARNING:root:DHLSS / 572121987710
WARNING:root:: 2747533
WARNING:root:DHLSS / 572121990292
WARNING:root:: 2747535
WARNING:root:DHLSS / 572121990371
WARNING:root:: 2747537
WARNING:root:DHLSS / 572121992446
WARNING:root:: 2747621
WARNING:root:DHLSS / 572121987760
WARNING:root:: 2748367
WARNING:root:POST / 573689226783
WARNING:root:: 2748800
WARNING:root:DHLSS / 572121987580
WARNING:root:: 2748878
WARNING:root:DHLSS / 572121987732
WARNING:root:: 2749028
WARNING:root:DHLSS / 572121987451
WARNING:root:: 2749039
WARNING:root:DHLSS / 572121987372
WARNING:root:: 2749041
WARNING:root:DHLSS / 572121987899
WARNING:root:: 2749043
WARNING:root:DHLSS / 572121988340
WARNING:root:: 2749044
WARNING:root:DHLSS / 572121988198
WARNING:root:: 2749048
WARNING:root:DHLSS / 572121988211
WARNING:root:: 2749049
WARNING:root:DHLSS / 572121988233
WARNING:root:: 2749050
WARNING:root:DHLSS / 572121988227
WARNING:root:: 2749052
WARNING:root:DHLSS / 572121987394
WARNING:root:: 2749124
WARNING:root:DHLSS / 572121987849
WARNING:root:: 2749207
WARNING:root:DHLSS / 572121986887
WARNING:root:: 2749298
WARNING:root:DHLSS / 572121987467
WARNING:root:: 2749311
WARNING:root:POST / 573689227852
WARNING:root:: 2749313
WARNING:root:DHLSS / 572121987934
WARNING:root:: 2749328
WARNING:root:POST / 573689226503
WARNING:root:: 2749329
WARNING:root:POST / 573689226761
WARNING:root:2749331 not found
WARNING:root:Nothing found
WARNING:root:: 2749338
WARNING:root:POST / 573689226698
WARNING:root:: 2749354
WARNING:root:POST / 573689227846
WARNING:root:: 2749373
WARNING:root:POST / 573689226660
WARNING:root:: 2749378
WARNING:root:POST / 573689226547
WARNING:root:: 2749387
WARNING:root:POST / 573689226632
WARNING:root:: 2749389
WARNING:root:POST / 573689226553
WARNING:root:2749390 not found
WARNING:root:Nothing found
WARNING:root:: 2749395
WARNING:root:DHLSS / 572121988283
WARNING:root:2749421 not found
WARNING:root:Nothing found
WARNING:root:: 2749422
WARNING:root:POST / 573689226799
WARNING:root:: 2749426
WARNING:root:POST / 573689226727
WARNING:root:: 2749434
WARNING:root:POST / 573689227789
WARNING:root:: 2749437
WARNING:root:POST / 573689226604
WARNING:root:: 2749438
WARNING:root:POST / 573689226755
WARNING:root:: 2749449
WARNING:root:POST / 573689226468
WARNING:root:: 2749450
WARNING:root:POST / 573689226682
WARNING:root:: 2749469
WARNING:root:POST / 573689226525
WARNING:root:: 2749486
WARNING:root:POST / 573689226452
WARNING:root:: 2749491
WARNING:root:DHLSS / 572121986865
WARNING:root:: 2749497
WARNING:root:POST / 573689226979
WARNING:root:2749505 not found
WARNING:root:Nothing found
WARNING:root:2749511 not found
WARNING:root:Nothing found
WARNING:root:: 2749521
WARNING:root:POST / 573689226963
WARNING:root:: 2749527
WARNING:root:POST / 573689226569
WARNING:root:: 2749528
WARNING:root:POST / 573689226733
WARNING:root:: 2749529
WARNING:root:POST / 573689226597
WARNING:root:: 2749530
WARNING:root:POST / 573689226654
WARNING:root:: 2749536
WARNING:root:DHLSS / 572121986893
WARNING:root:: 2749541
WARNING:root:DHLSS / 572121988621
WARNING:root:: 2749542
WARNING:root:POST / 573689226749
WARNING:root:: 2749543
WARNING:root:DHLSS / 572121986871
WARNING:root:: 2749553
WARNING:root:DHLSS / 572121986657
WARNING:root:: 2749558
WARNING:root:POST / 573689227032
WARNING:root:: 2749559
WARNING:root:POST / 573689226648
WARNING:root:: 2749575
WARNING:root:POST / 573689226676
WARNING:root:: 2749588
WARNING:root:POST / 573689226531
WARNING:root:: 2749628
WARNING:root:POST / 573689226288
WARNING:root:: 2749629
WARNING:root:POST / 573689227802
WARNING:root:: 2749645
WARNING:root:POST / 573689226575
WARNING:root:: 2749678
WARNING:root:POST / 573689226777
WARNING:root:: 2749691
WARNING:root:POST / 573689226610
WARNING:root:: 2749692
WARNING:root:POST / 573689226519
WARNING:root:: 2749695
WARNING:root:POST / 573689226581
WARNING:root:: 2749696
WARNING:root:POST / 573689227818
WARNING:root:: 2749710
WARNING:root:POST / 573689226626
WARNING:root:: 2749725
WARNING:root:POST / 573689226705
WARNING:root:: 2749743
WARNING:root:POST / 573689227795
WARNING:root:: 2749829
WARNING:root:DHLSS / 572121987489
WARNING:root:: 2749853
WARNING:root:DHLSS / 572121990422
WARNING:root:: 2749873
WARNING:root:DHLSS / 572121988479
WARNING:root:: 2749941
WARNING:root:DHLSS / 572121991175
WARNING:root:: 2749942
WARNING:root:DHLSS / 572121991478
WARNING:root:: 2749944
WARNING:root:DHLSS / 572121991181
WARNING:root:: 2749950
WARNING:root:DHLSS / 572121991254
WARNING:root:: 2749955
WARNING:root:DHLSS / 572121991204
WARNING:root:: 2749959
WARNING:root:DHLSS / 572121991513
WARNING:root:: 2749967
WARNING:root:DHLSS / 572121991153
WARNING:root:: 2749971
WARNING:root:DHLSS / 572121991248
WARNING:root:: 2749975
WARNING:root:DHLSS / 572121991434
WARNING:root:: 2749978
WARNING:root:DHLSS / 572121991658
WARNING:root:: 2749979
WARNING:root:DHLSS / 572121991428
WARNING:root:: 2749980
WARNING:root:DHLSS / 572121991406
WARNING:root:: 2749987
WARNING:root:DHLSS / 572121991743
WARNING:root:: 2749988
WARNING:root:DHLSS / 572121990359
WARNING:root:: 2749989
WARNING:root:DHLSS / 572121990343
WARNING:root:: 2749992
WARNING:root:DHLSS / 572121990387
WARNING:root:: 2749996
WARNING:root:DHLSS / 572121991759
WARNING:root:: 2750000
WARNING:root:DHLSS / 572121991490
WARNING:root:: 2750001
WARNING:root:DHLSS / 572121990315
WARNING:root:: 2750004
WARNING:root:DHLSS / 572121991507
WARNING:root:: 2750005
WARNING:root:DHLSS / 572121991456
WARNING:root:: 2750007
WARNING:root:DHLSS / 572121991636
WARNING:root:: 2750008
WARNING:root:DHLSS / 572121991686
WARNING:root:: 2750011
WARNING:root:DHLSS / 572121991664
WARNING:root:: 2750014
WARNING:root:DHLSS / 572121991327
WARNING:root:: 2750016
WARNING:root:DHLSS / 572121991484
WARNING:root:: 2750017
WARNING:root:DHLSS / 572121991125
WARNING:root:: 2750018
WARNING:root:DHLSS / 572121991377
WARNING:root:: 2750023
WARNING:root:DHLSS / 572121991383
WARNING:root:: 2750028
WARNING:root:DHLSS / 572121991412
WARNING:root:: 2750029
WARNING:root:DHLSS / 572121990078
WARNING:root:2750030 not found
WARNING:root:Nothing found
WARNING:root:: 2750031
WARNING:root:DHLSS / 572121991585
WARNING:root:: 2750032
WARNING:root:DHLSS / 572121991620
WARNING:root:: 2750033
WARNING:root:DHLSS / 572121990107
WARNING:root:: 2750034
WARNING:root:DHLSS / 572121991529
WARNING:root:: 2750036
WARNING:root:DHLSS / 572121991147
WARNING:root:: 2750037
WARNING:root:DHLSS / 572121990157
WARNING:root:: 2750038
WARNING:root:DHLSS / 572121991844
WARNING:root:: 2750044
WARNING:root:DHLSS / 572121991692
WARNING:root:: 2750045
WARNING:root:DHLSS / 572121991642
WARNING:root:: 2750046
WARNING:root:DHLSS / 572121991614
WARNING:root:2750050 not found
WARNING:root:Nothing found
WARNING:root:: 2750051
WARNING:root:DHLSS / 572121991670
WARNING:root:: 2750052
WARNING:root:DHLSS / 572121990034
WARNING:root:: 2750054
WARNING:root:DHLSS / 572121991232
WARNING:root:: 2750055
WARNING:root:DHLSS / 572121992143
WARNING:root:: 2750059
WARNING:root:DHLSS / 572121991131
WARNING:root:: 2750068
WARNING:root:DHLSS / 572121992008
WARNING:root:: 2750069
WARNING:root:DHLSS / 572121993060
WARNING:root:: 2750071
WARNING:root:DHLSS / 572121991973
WARNING:root:: 2750073
WARNING:root:DHLSS / 572121991462
WARNING:root:: 2750074
WARNING:root:DHLSS / 572121991800
WARNING:root:: 2750076
WARNING:root:DHLSS / 572121991894
WARNING:root:: 2750079
WARNING:root:POST / 574040009481
WARNING:root:: 2750081
WARNING:root:DHLSS / 572121991557
WARNING:root:: 2750082
WARNING:root:DHLSS / 572121991333
WARNING:root:: 2750084
WARNING:root:DHLSS / 572121991305
WARNING:root:: 2750086
WARNING:root:DHLSS / 572121991579
WARNING:root:: 2750087
WARNING:root:DHLSS / 572121991535
WARNING:root:: 2750088
WARNING:root:DHLSS / 572121990056
WARNING:root:: 2750089
WARNING:root:DHLSS / 572121990113
WARNING:root:: 2750092
WARNING:root:DHLSS / 572121991298
WARNING:root:: 2750095
WARNING:root:DHLSS / 572121991169
WARNING:root:: 2750097
WARNING:root:DHLSS / 572121991276
WARNING:root:: 2750098
WARNING:root:DHLSS / 572121991399
WARNING:root:: 2750100
WARNING:root:DHLSS / 572121990365
WARNING:root:: 2750104
WARNING:root:DHLSS / 572121990141
WARNING:root:: 2750106
WARNING:root:DHLSS / 572121991541
WARNING:root:: 2750107
WARNING:root:DHLSS / 572121991939
WARNING:root:: 2750108
WARNING:root:DHLSS / 572121991361
WARNING:root:: 2750109
WARNING:root:DHLSS / 572121991563
WARNING:root:2750110 not found
WARNING:root:Nothing found
WARNING:root:: 2750111
WARNING:root:DHLSS / 572121991355
WARNING:root:: 2750112
WARNING:root:DHLSS / 572121993739
WARNING:root:: 2750113
WARNING:root:DHLSS / 572121992991
WARNING:root:2750115 not found
WARNING:root:Nothing found
WARNING:root:: 2750117
WARNING:root:DHLSS / 572121994476
WARNING:root:: 2750118
WARNING:root:DHLSS / 572121991210
WARNING:root:2750119 not found
WARNING:root:Nothing found
WARNING:root:2750121 not found
WARNING:root:Nothing found
WARNING:root:: 2750127
WARNING:root:DHLSS / 572121990040
WARNING:root:: 2750128
WARNING:root:DHLSS / 572121991793
WARNING:root:: 2750129
WARNING:root:DHLSS / 572121991282
WARNING:root:: 2750131
WARNING:root:Nothing found
WARNING:root:: 2750134
WARNING:root:DHLSS / 572121991787
WARNING:root:: 2750135
WARNING:root:DHLSS / 572121991771
WARNING:root:: 2750140
WARNING:root:DHLSS / 572121993717
WARNING:root:: 2750141
WARNING:root:DHLSS / 572121995444
WARNING:root:: 2750142
WARNING:root:DHLSS / 572121991765
WARNING:root:: 2750143
WARNING:root:DHLSS / 572121995450
WARNING:root:: 2750145
WARNING:root:DHLSS / 572121991967
WARNING:root:: 2750146
WARNING:root:DHLSS / 572121990084
WARNING:root:: 2750149
WARNING:root:DHLSS / 572121991822
WARNING:root:: 2750152
WARNING:root:DHLSS / 572121991838
WARNING:root:: 2750158
WARNING:root:DHLSS / 572121992036
WARNING:root:: 2750159
WARNING:root:DHLSS / 572121995129
WARNING:root:: 2750162
WARNING:root:DHLSS / 572121992020
WARNING:root:: 2750168
WARNING:root:DHLSS / 572121992042
WARNING:root:: 2750171
WARNING:root:Nothing found
WARNING:root:: 2750173
WARNING:root:DHLSS / 572121991945
WARNING:root:: 2750174
WARNING:root:DHLSS / 572121995488
WARNING:root:: 2750178
WARNING:root:DHLSS / 572121993054
WARNING:root:: 2750179
WARNING:root:DHLSS / 572121991989
WARNING:root:: 2750180
WARNING:root:DHLSS / 572121992711
WARNING:root:: 2750189
WARNING:root:DHLSS / 572121993105
WARNING:root:: 2750193
WARNING:root:DHLSS / 572121992452
WARNING:root:: 2750194
WARNING:root:Nothing found
WARNING:root:: 2750195
WARNING:root:DHLSS / 572121992480
WARNING:root:2750197 not found
WARNING:root:Nothing found
WARNING:root:: 2750199
WARNING:root:DHLSS / 572121993470
WARNING:root:: 2750200
WARNING:root:DHLSS / 572121990062
WARNING:root:: 2750203
WARNING:root:Nothing found
WARNING:root:: 2750204
WARNING:root:DHLSS / 572121992014
WARNING:root:: 2750205
WARNING:root:Nothing found
WARNING:root:: 2750210
WARNING:root:DHLSS / 572121992418
WARNING:root:: 2750215
WARNING:root:DHLSS / 572121991816
WARNING:root:: 2750216
WARNING:root:DHLSS / 572121995309
WARNING:root:: 2750217
WARNING:root:DHLSS / 572121992323
WARNING:root:: 2750221
WARNING:root:POST / 574040009510
WARNING:root:: 2750224
WARNING:root:DHLSS / 572121992109
WARNING:root:: 2750226
WARNING:root:DHLSS / 572121995387
WARNING:root:: 2750228
WARNING:root:DHLSS / 572121991951
WARNING:root:: 2750229
WARNING:root:DHLSS / 572121992193
WARNING:root:: 2750230
WARNING:root:DHLSS / 572121995539
WARNING:root:: 2750234
WARNING:root:DHLSS / 572121990129
WARNING:root:: 2750235
WARNING:root:DHLSS / 572121992115
WARNING:root:: 2750238
WARNING:root:DHLSS / 572121992963
WARNING:root:: 2750239
WARNING:root:DHLSS / 572121990135
WARNING:root:: 2750240
WARNING:root:DHLSS / 572121992929
WARNING:root:: 2750242
WARNING:root:DHLSS / 572121991995
WARNING:root:: 2750244
WARNING:root:DHLSS / 572121992159
WARNING:root:: 2750246
WARNING:root:DHLSS / 572121994303
WARNING:root:: 2750247
WARNING:root:DHLSS / 572121992187
WARNING:root:: 2750248
WARNING:root:DHLSS / 572121992238
WARNING:root:: 2750249
WARNING:root:DHLSS / 572121992200
WARNING:root:: 2750250
WARNING:root:DHLSS / 572121993492
WARNING:root:: 2750253
WARNING:root:DHLSS / 572121990090
WARNING:root:: 2750267
WARNING:root:DHLSS / 572121992171
WARNING:root:: 2750269
WARNING:root:DHLSS / 572121993767
WARNING:root:: 2750270
WARNING:root:DHLSS / 572121993773
WARNING:root:: 2750275
WARNING:root:DHLSS / 572121993464
WARNING:root:: 2750288
WARNING:root:DHLSS / 572121995113
WARNING:root:: 2750290
WARNING:root:DHLSS / 572121991260
WARNING:root:: 2750390
WARNING:root:POST / 573689226345
WARNING:root:: 2750433
WARNING:root:POST / 573689227830
WARNING:root:: 2750582
WARNING:root:DHLSS / 572121994044
WARNING:root:: 2750618
WARNING:root:DHLSS / 572121993408
WARNING:root:: 2750636
WARNING:root:POST / 573689226294
WARNING:root:: 2750663
WARNING:root:DHLSS / 572121993420
WARNING:root:: 2750671
WARNING:root:DHLSS / 572121994987
WARNING:root:: 2750712
WARNING:root:DHLSS / 572121994066
WARNING:root:: 2750715
WARNING:root:DHLSS / 572121993846
WARNING:root:: 2750717
WARNING:root:DHLSS / 572121994022
WARNING:root:: 2750722
WARNING:root:DHLSS / 572121994016
WARNING:root:: 2750732
WARNING:root:DHLSS / 572121993818
WARNING:root:: 2750738
WARNING:root:POST / 573689227874
WARNING:root:: 2750745
WARNING:root:DHLSS / 572121994072
WARNING:root:: 2750859
WARNING:root:POST / 573689227868
WARNING:root:: 2750891
WARNING:root:POST / 573689227880
WARNING:root:: 2750897
WARNING:root:DHLSS / 572121993521
WARNING:root:2750902 not found
WARNING:root:Nothing found
WARNING:root:: 2750917
WARNING:root:DHLSS / 572121989778
WARNING:root:: 2750994
WARNING:root:POST / 573689227414
WARNING:root:: 2751076
WARNING:root:DHLSS / 572121993559
WARNING:root:: 2751080
WARNING:root:DHLSS / 572121993830
WARNING:root:: 2751291
WARNING:root:POST / 573689227082
WARNING:root:: 2751292
WARNING:root:POST / 573689227004
WARNING:root:: 2751299
WARNING:root:POST / 574040009576
WARNING:root:: 2751300
WARNING:root:POST / 574040009526
WARNING:root:: 2751301
WARNING:root:Nothing found
WARNING:root:: 2751305
WARNING:root:DHLSS / 572121992828
WARNING:root:: 2751306
WARNING:root:DHLSS / 572121993149
WARNING:root:: 2751309
WARNING:root:DHLSS / 572121993486
WARNING:root:: 2751312
WARNING:root:DHLSS / 572121993537
WARNING:root:: 2751314
WARNING:root:POST / 574040009504
WARNING:root:: 2751315
WARNING:root:DHLSS / 572121991923
WARNING:root:: 2751318
WARNING:root:DHLSS / 572121991917
WARNING:root:: 2751321
WARNING:root:DHLSS / 572121994319
WARNING:root:2751455 not found
WARNING:root:Nothing found
WARNING:root:give token
WARNING:root:: 2741468
WARNING:root:DHLSS / 572121948908
WARNING:root:: 2747346
WARNING:root:POST / 573689225743
WARNING:root:: 2747527
WARNING:root:DHLSS / 572121994432
WARNING:root:: 2747528
WARNING:root:DHLSS / 572121987710
WARNING:root:: 2747537
WARNING:root:DHLSS / 572121992446
WARNING:root:: 2747621
WARNING:root:DHLSS / 572121987760
WARNING:root:: 2748800
WARNING:root:DHLSS / 572121987580
WARNING:root:: 2748878
WARNING:root:DHLSS / 572121987732
WARNING:root:: 2749028
WARNING:root:DHLSS / 572121987451
WARNING:root:: 2749039
WARNING:root:DHLSS / 572121987372
WARNING:root:: 2749041
WARNING:root:DHLSS / 572121987899
WARNING:root:: 2749043
WARNING:root:DHLSS / 572121988340
WARNING:root:: 2749044
WARNING:root:DHLSS / 572121988198
WARNING:root:: 2749048
WARNING:root:DHLSS / 572121988211
WARNING:root:: 2749049
WARNING:root:DHLSS / 572121988233
WARNING:root:: 2749050
WARNING:root:DHLSS / 572121988227
WARNING:root:: 2749052
WARNING:root:DHLSS / 572121987394
WARNING:root:: 2749124
WARNING:root:DHLSS / 572121987849
WARNING:root:: 2749207
WARNING:root:DHLSS / 572121986887
WARNING:root:: 2749298
WARNING:root:DHLSS / 572121987467
WARNING:root:: 2749311
WARNING:root:POST / 573689227852
WARNING:root:: 2749313
WARNING:root:DHLSS / 572121987934
WARNING:root:2749331 not found
WARNING:root:Nothing found
WARNING:root:: 2749354
WARNING:root:POST / 573689227846
WARNING:root:: 2749390
WARNING:root:POST / 573689228713
WARNING:root:: 2749395
WARNING:root:DHLSS / 572121988283
WARNING:root:: 2749421
WARNING:root:POST / 573689228707
WARNING:root:: 2749434
WARNING:root:POST / 573689227789
WARNING:root:: 2749491
WARNING:root:DHLSS / 572121986865
WARNING:root:: 2749505
WARNING:root:POST / 573689228735
WARNING:root:: 2749511
WARNING:root:POST / 573689228763
WARNING:root:: 2749536
WARNING:root:DHLSS / 572121986893
WARNING:root:: 2749541
WARNING:root:DHLSS / 572121988621
WARNING:root:: 2749543
WARNING:root:DHLSS / 572121986871
WARNING:root:: 2749553
WARNING:root:DHLSS / 572121986657
WARNING:root:: 2749558
WARNING:root:POST / 573689227032
WARNING:root:: 2749629
WARNING:root:POST / 573689227802
WARNING:root:: 2749696
WARNING:root:POST / 573689227818
WARNING:root:: 2749743
WARNING:root:POST / 573689227795
WARNING:root:: 2749829
WARNING:root:DHLSS / 572121987489
WARNING:root:: 2749873
WARNING:root:DHLSS / 572121988479
WARNING:root:2750030 not found
WARNING:root:Nothing found
WARNING:root:2750050 not found
WARNING:root:Nothing found
WARNING:root:: 2750069
WARNING:root:DHLSS / 572121993060
WARNING:root:: 2750107
WARNING:root:DHLSS / 572121991939
WARNING:root:2750110 not found
WARNING:root:Nothing found
WARNING:root:: 2750112
WARNING:root:DHLSS / 572121993739
WARNING:root:: 2750113
WARNING:root:DHLSS / 572121992991
WARNING:root:2750115 not found
WARNING:root:Nothing found
WARNING:root:: 2750117
WARNING:root:DHLSS / 572121994476
WARNING:root:2750119 not found
WARNING:root:Nothing found
WARNING:root:2750121 not found
WARNING:root:Nothing found
WARNING:root:: 2750131
WARNING:root:Nothing found
WARNING:root:: 2750140
WARNING:root:DHLSS / 572121993717
WARNING:root:: 2750141
WARNING:root:DHLSS / 572121995444
WARNING:root:: 2750143
WARNING:root:DHLSS / 572121995450
WARNING:root:: 2750149
WARNING:root:DHLSS / 572121991822
WARNING:root:: 2750159
WARNING:root:DHLSS / 572121995129
WARNING:root:: 2750171
WARNING:root:Nothing found
WARNING:root:: 2750174
WARNING:root:DHLSS / 572121995488
WARNING:root:: 2750180
WARNING:root:DHLSS / 572121992711
WARNING:root:2750197 not found
WARNING:root:Nothing found
WARNING:root:: 2750199
WARNING:root:DHLSS / 572121993470
WARNING:root:: 2750203
WARNING:root:Nothing found
WARNING:root:: 2750205
WARNING:root:Nothing found
WARNING:root:: 2750216
WARNING:root:DHLSS / 572121995309
WARNING:root:: 2750230
WARNING:root:DHLSS / 572121995539
WARNING:root:: 2750246
WARNING:root:DHLSS / 572121994303
WARNING:root:: 2750269
WARNING:root:DHLSS / 572121993767
WARNING:root:: 2750288
WARNING:root:DHLSS / 572121995113
WARNING:root:: 2750433
WARNING:root:POST / 573689227830
WARNING:root:: 2750582
WARNING:root:DHLSS / 572121994044
WARNING:root:: 2750588
WARNING:root:DHLSS / 572121988097
WARNING:root:2750597 not found
WARNING:root:Nothing found
WARNING:root:2750600 not found
WARNING:root:Nothing found
WARNING:root:2750602 not found
WARNING:root:Nothing found
WARNING:root:2750603 not found
WARNING:root:Nothing found
WARNING:root:2750604 not found
WARNING:root:Nothing found
WARNING:root:2750606 not found
WARNING:root:Nothing found
WARNING:root:2750609 not found
WARNING:root:Nothing found
WARNING:root:2750610 not found
WARNING:root:Nothing found
WARNING:root:2750611 not found
WARNING:root:Nothing found
WARNING:root:2750613 not found
WARNING:root:Nothing found
WARNING:root:: 2750615
WARNING:root:DHLSS / 572121988081
WARNING:root:: 2750616
WARNING:root:DHLSS / 572121982237
WARNING:root:2750617 not found
WARNING:root:Nothing found
WARNING:root:: 2750618
WARNING:root:DHLSS / 572121993408
WARNING:root:: 2750621
WARNING:root:DHLSS / 572121988104
WARNING:root:2750622 not found
WARNING:root:Nothing found
WARNING:root:: 2750663
WARNING:root:DHLSS / 572121993420
WARNING:root:: 2750671
WARNING:root:DHLSS / 572121994987
WARNING:root:: 2750712
WARNING:root:DHLSS / 572121994066
WARNING:root:: 2750715
WARNING:root:DHLSS / 572121993846
WARNING:root:: 2750717
WARNING:root:DHLSS / 572121994022
WARNING:root:: 2750722
WARNING:root:DHLSS / 572121994016
WARNING:root:: 2750732
WARNING:root:DHLSS / 572121993818
WARNING:root:: 2750738
WARNING:root:POST / 573689227874
WARNING:root:: 2750745
WARNING:root:DHLSS / 572121994072
WARNING:root:: 2750859
WARNING:root:POST / 573689227868
WARNING:root:2750862 not found
WARNING:root:Nothing found
WARNING:root:: 2750866
WARNING:root:DHLSS / 572121989548
WARNING:root:2750867 not found
WARNING:root:Nothing found
WARNING:root:: 2750874
WARNING:root:DHLSS / 572121982271
WARNING:root:: 2750875
WARNING:root:DHLSS / 572121989122
WARNING:root:: 2750876
WARNING:root:DHLSS / 572121989116
WARNING:root:: 2750881
WARNING:root:DHLSS / 572121982265
WARNING:root:2750885 not found
WARNING:root:Nothing found
WARNING:root:2750888 not found
WARNING:root:Nothing found
WARNING:root:: 2750891
WARNING:root:POST / 573689227880
WARNING:root:: 2750897
WARNING:root:DHLSS / 572121993521
WARNING:root:: 2750898
WARNING:root:DHLSS / 572121989093
WARNING:root:2750902 not found
WARNING:root:Nothing found
WARNING:root:: 2750905
WARNING:root:DHLSS / 572121982861
WARNING:root:2750906 not found
WARNING:root:Nothing found
WARNING:root:2750907 not found
WARNING:root:Nothing found
WARNING:root:: 2750911
WARNING:root:DHLSS / 572121982322
WARNING:root:: 2750914
WARNING:root:DHLSS / 572121982855
WARNING:root:2750915 not found
WARNING:root:Nothing found
WARNING:root:: 2750917
WARNING:root:DHLSS / 572121989778
WARNING:root:2750919 not found
WARNING:root:Nothing found
WARNING:root:2750924 not found
WARNING:root:Nothing found
WARNING:root:: 2751076
WARNING:root:DHLSS / 572121993559
WARNING:root:: 2751080
WARNING:root:DHLSS / 572121993830
WARNING:root:: 2751321
WARNING:root:DHLSS / 572121994319
WARNING:root:: 2751455
WARNING:root:Nothing found
WARNING:root:: 2751468
WARNING:root:Nothing found
WARNING:root:: 2751477
WARNING:root:Nothing found
WARNING:root:: 2751535
WARNING:root:Nothing found
WARNING:root:: 2751543
WARNING:root:Nothing found
WARNING:root:: 2751544
WARNING:root:Nothing found
WARNING:root:: 2751545
WARNING:root:Nothing found
WARNING:root:: 2751547
WARNING:root:Nothing found
WARNING:root:: 2751549
WARNING:root:Nothing found
WARNING:root:: 2751551
WARNING:root:Nothing found
WARNING:root:: 2751555
WARNING:root:POST / 573689228628
WARNING:root:: 2751556
WARNING:root:Nothing found
WARNING:root:: 2751565
WARNING:root:Nothing found
WARNING:root:: 2751568
WARNING:root:Nothing found
WARNING:root:: 2751570
WARNING:root:Nothing found
WARNING:root:: 2751575
WARNING:root:Nothing found
WARNING:root:: 2751577
WARNING:root:POST / 573689228375
WARNING:root:: 2751578
WARNING:root:Nothing found
WARNING:root:: 2751580
WARNING:root:Nothing found
WARNING:root:: 2751583
WARNING:root:POST / 573689228612
WARNING:root:: 2751584
WARNING:root:POST / 573689228561
WARNING:root:: 2751587
WARNING:root:POST / 573689228527
WARNING:root:: 2751589
WARNING:root:POST / 573689228886
WARNING:root:: 2751596
WARNING:root:Nothing found
WARNING:root:: 2751600
WARNING:root:Nothing found
WARNING:root:: 2751603
WARNING:root:POST / 573689227773
WARNING:root:: 2751605
WARNING:root:POST / 573689228410
WARNING:root:: 2751606
WARNING:root:Nothing found
WARNING:root:: 2751607
WARNING:root:Nothing found
WARNING:root:: 2751609
WARNING:root:Nothing found
WARNING:root:: 2751614
WARNING:root:Nothing found
WARNING:root:: 2751616
WARNING:root:POST / 573689228369
WARNING:root:: 2751619
WARNING:root:Nothing found
WARNING:root:: 2751630
WARNING:root:Nothing found
WARNING:root:: 2751636
WARNING:root:Nothing found
WARNING:root:: 2751638
WARNING:root:Nothing found
WARNING:root:: 2751643
WARNING:root:POST / 574040009582
WARNING:root:: 2751644
WARNING:root:POST / 573689227767
WARNING:root:: 2751645
WARNING:root:POST / 573689228864
WARNING:root:: 2751648
WARNING:root:Nothing found
WARNING:root:: 2751649
WARNING:root:Nothing found
WARNING:root:: 2751654
WARNING:root:Nothing found
WARNING:root:: 2751662
WARNING:root:POST / 573689228870
WARNING:root:: 2751663
WARNING:root:Nothing found
WARNING:root:: 2751664
WARNING:root:Nothing found
WARNING:root:: 2751669
WARNING:root:POST / 573689228505
WARNING:root:: 2751671
WARNING:root:POST / 573689227751
WARNING:root:: 2751673
WARNING:root:Nothing found
WARNING:root:: 2751679
WARNING:root:Nothing found
WARNING:root:: 2751682
WARNING:root:Nothing found
WARNING:root:: 2751683
WARNING:root:POST / 573689227925
WARNING:root:: 2751686
WARNING:root:Nothing found
WARNING:root:: 2751688
WARNING:root:Nothing found
WARNING:root:: 2751689
WARNING:root:POST / 573689227931
WARNING:root:: 2751690
WARNING:root:Nothing found
WARNING:root:: 2751691
WARNING:root:Nothing found
WARNING:root:: 2751699
WARNING:root:POST / 573689227919
WARNING:root:: 2751713
WARNING:root:DBP / 572121601651
WARNING:root:: 2751719
WARNING:root:Nothing found
WARNING:root:: 2751721
WARNING:root:Nothing found
WARNING:root:: 2751722
WARNING:root:Nothing found
WARNING:root:: 2751724
WARNING:root:DHLSS / 572121994218
WARNING:root:: 2751725
WARNING:root:Nothing found
WARNING:root:: 2751730
WARNING:root:POST / 573689228246
WARNING:root:: 2751731
WARNING:root:Nothing found
WARNING:root:: 2751733
WARNING:root:Nothing found
WARNING:root:: 2751735
WARNING:root:Nothing found
WARNING:root:: 2751738
WARNING:root:Nothing found
WARNING:root:: 2751742
WARNING:root:Nothing found
WARNING:root:: 2751752
WARNING:root:DHLSS / 572121993228
WARNING:root:: 2751757
WARNING:root:POST / 573689228448
WARNING:root:: 2751759
WARNING:root:DHLSS / 572121993262
WARNING:root:: 2751764
WARNING:root:POST / 573689227054
WARNING:root:: 2751766
WARNING:root:Nothing found
WARNING:root:: 2751769
WARNING:root:Nothing found
WARNING:root:: 2751770
WARNING:root:Nothing found
WARNING:root:: 2751771
WARNING:root:Nothing found
WARNING:root:: 2751773
WARNING:root:Nothing found
WARNING:root:: 2751775
WARNING:root:POST / 573689228173
WARNING:root:: 2751776
WARNING:root:POST / 573689228533
WARNING:root:: 2751781
WARNING:root:Nothing found
WARNING:root:: 2751784
WARNING:root:DHLSS / 572121994195
WARNING:root:: 2751786
WARNING:root:Nothing found
WARNING:root:2751787 not found
WARNING:root:Nothing found
WARNING:root:: 2751789
WARNING:root:Nothing found
WARNING:root:: 2751790
WARNING:root:Nothing found
WARNING:root:: 2751791
WARNING:root:DHLSS / 572121601796
WARNING:root:: 2751793
WARNING:root:DHLSS / 572121601689
WARNING:root:: 2751794
WARNING:root:POST / 573689227290
WARNING:root:: 2751795
WARNING:root:Nothing found
WARNING:root:: 2751796
WARNING:root:Nothing found
WARNING:root:: 2751797
WARNING:root:DHLSS / 572121993183
WARNING:root:2751798 not found
WARNING:root:Nothing found
WARNING:root:: 2751799
WARNING:root:Nothing found
WARNING:root:2751800 not found
WARNING:root:Nothing found
WARNING:root:: 2751805
WARNING:root:Nothing found
WARNING:root:: 2751806
WARNING:root:Nothing found
WARNING:root:: 2751807
WARNING:root:DHLSS / 572121993694
WARNING:root:: 2751812
WARNING:root:Nothing found
WARNING:root:: 2751815
WARNING:root:DHLSS / 572121994785
WARNING:root:: 2751816
WARNING:root:Nothing found
WARNING:root:: 2751818
WARNING:root:DHLSS / 572121601730
WARNING:root:: 2751819
WARNING:root:POST / 573689228195
WARNING:root:: 2751820
WARNING:root:Nothing found
WARNING:root:: 2751821
WARNING:root:POST / 573689228044
WARNING:root:: 2751822
WARNING:root:Nothing found
WARNING:root:: 2751825
WARNING:root:POST / 573689228050
WARNING:root:: 2751827
WARNING:root:Nothing found
WARNING:root:: 2751828
WARNING:root:DHLSS / 572121994561
WARNING:root:: 2751834
WARNING:root:DHLSS / 572121994763
WARNING:root:: 2751836
WARNING:root:DHLSS / 572121994757
WARNING:root:: 2751838
WARNING:root:Nothing found
WARNING:root:: 2751843
WARNING:root:DHLSS / 572121994820
WARNING:root:: 2751847
WARNING:root:Nothing found
WARNING:root:: 2751849
WARNING:root:DHLSS / 572121994915
WARNING:root:: 2751853
WARNING:root:Nothing found
WARNING:root:: 2751854
WARNING:root:Nothing found
WARNING:root:: 2751856
WARNING:root:Nothing found
WARNING:root:: 2751857
WARNING:root:Nothing found
WARNING:root:: 2751858
WARNING:root:Nothing found
WARNING:root:: 2751859
WARNING:root:Nothing found
WARNING:root:: 2751861
WARNING:root:Nothing found
WARNING:root:: 2751862
WARNING:root:DHLSS / 572121994892
WARNING:root:: 2751865
WARNING:root:DHLSS / 572121994252
WARNING:root:: 2751866
WARNING:root:Nothing found
WARNING:root:2751867 not found
WARNING:root:Nothing found
WARNING:root:: 2751869
WARNING:root:Nothing found
WARNING:root:: 2751870
WARNING:root:Nothing found
WARNING:root:: 2751872
WARNING:root:POST / 574040009605
WARNING:root:2751878 not found
WARNING:root:Nothing found
WARNING:root:: 2751879
WARNING:root:Nothing found
WARNING:root:: 2751883
WARNING:root:Nothing found
WARNING:root:: 2751884
WARNING:root:Nothing found
WARNING:root:: 2751885
WARNING:root:Nothing found
WARNING:root:: 2751889
WARNING:root:Nothing found
WARNING:root:: 2751890
WARNING:root:DHLSS / 572121993666
WARNING:root:: 2751891
WARNING:root:Nothing found
WARNING:root:: 2751892
WARNING:root:POST / 573689228038
WARNING:root:: 2751894
WARNING:root:DHLSS / 572121994268
WARNING:root:2751896 not found
WARNING:root:Nothing found
WARNING:root:: 2751897
WARNING:root:DHLSS / 572121993931
WARNING:root:: 2751900
WARNING:root:DHLSS / 572121996169
WARNING:root:: 2751905
WARNING:root:POST / 573689228189
WARNING:root:: 2751906
WARNING:root:POST / 573689228274
WARNING:root:: 2751913
WARNING:root:POST / 573689228202
WARNING:root:: 2751914
WARNING:root:Nothing found
WARNING:root:: 2751918
WARNING:root:POST / 573689228167
WARNING:root:: 2751921
WARNING:root:DHLSS / 572121998694
WARNING:root:: 2751924
WARNING:root:DHLSS / 572121997828
WARNING:root:2751925 not found
WARNING:root:Nothing found
WARNING:root:: 2751927
WARNING:root:DHLSS / 572121994331
WARNING:root:: 2751929
WARNING:root:DHLSS / 572121993751
WARNING:root:: 2751931
WARNING:root:DHLSS / 572121993155
WARNING:root:: 2751933
WARNING:root:DHLSS / 572121999763
WARNING:root:: 2751934
WARNING:root:DHLSS / 572121999729
WARNING:root:: 2751935
WARNING:root:DHLSS / 572121997711
WARNING:root:: 2751937
WARNING:root:DHLSS / 572121998795
WARNING:root:: 2751940
WARNING:root:DHLSS / 572121999713
WARNING:root:: 2751941
WARNING:root:Nothing found
WARNING:root:: 2751942
WARNING:root:DHLSS / 572121997935
WARNING:root:: 2751944
WARNING:root:DHLSS / 572121998931
WARNING:root:: 2751945
WARNING:root:POST / 573689228280
WARNING:root:: 2751948
WARNING:root:DHLSS / 572121997907
WARNING:root:: 2751949
WARNING:root:DHLSS / 572121997317
WARNING:root:: 2751955
WARNING:root:DHLSS / 572121999741
WARNING:root:: 2751960
WARNING:root:DHLSS / 572121998919
WARNING:root:: 2751963
WARNING:root:DHLSS / 572121999735
WARNING:root:: 2751965
WARNING:root:DHLSS / 572121997474
WARNING:root:: 2751966
WARNING:root:DHLSS / 572121997985
WARNING:root:: 2751968
WARNING:root:POST / 573689228066
WARNING:root:: 2751970
WARNING:root:Nothing found
WARNING:root:: 2751971
WARNING:root:DHLSS / 572121996709
WARNING:root:: 2751973
WARNING:root:DHLSS / 572121993880
WARNING:root:: 2751975
WARNING:root:Nothing found
WARNING:root:: 2751979
WARNING:root:Nothing found
WARNING:root:: 2751980
WARNING:root:POST / 573689228252
WARNING:root:: 2751981
WARNING:root:POST / 573689228319
WARNING:root:: 2751982
WARNING:root:DHLSS / 572121994741
WARNING:root:: 2751983
WARNING:root:Nothing found
WARNING:root:: 2751985
WARNING:root:POST / 573689228151
WARNING:root:: 2751988
WARNING:root:DHLSS / 572121993240
WARNING:root:: 2751992
WARNING:root:DHLSS / 572121993082
WARNING:root:: 2751993
WARNING:root:Nothing found
WARNING:root:: 2751994
WARNING:root:POST / 573689228022
WARNING:root:: 2751995
WARNING:root:DHLSS / 572121998969
WARNING:root:: 2751997
WARNING:root:DHLSS / 572121993515
WARNING:root:2752000 not found
WARNING:root:Nothing found
WARNING:root:: 2752001
WARNING:root:POST / 573689227903
WARNING:root:: 2752003
WARNING:root:Nothing found
WARNING:root:: 2752008
WARNING:root:DHLSS / 572121998723
WARNING:root:: 2752009
WARNING:root:Nothing found
WARNING:root:: 2752012
WARNING:root:POST / 573689228331
WARNING:root:: 2752015
WARNING:root:POST / 573689227975
WARNING:root:: 2752018
WARNING:root:DHLSS / 572121997749
WARNING:root:: 2752023
WARNING:root:DHLSS / 572121997856
WARNING:root:: 2752025
WARNING:root:DHLSS / 572121997783
WARNING:root:: 2752027
WARNING:root:POST / 573689227127
WARNING:root:: 2752028
WARNING:root:POST / 573689228303
WARNING:root:: 2752029
WARNING:root:POST / 573689228016
WARNING:root:: 2752031
WARNING:root:DHLSS / 572121994123
WARNING:root:: 2752033
WARNING:root:DHLSS / 572121994094
WARNING:root:: 2752036
WARNING:root:DHLSS / 572121997682
WARNING:root:: 2752038
WARNING:root:DHLSS / 572121997339
WARNING:root:: 2752040
WARNING:root:DHLSS / 572121994808
WARNING:root:: 2752042
WARNING:root:DHLSS / 572121992761
WARNING:root:: 2752043
WARNING:root:DHLSS / 572121997452
WARNING:root:: 2752046
WARNING:root:Nothing found
WARNING:root:: 2752047
WARNING:root:POST / 573689228779
WARNING:root:: 2752048
WARNING:root:DHLSS / 572121998981
WARNING:root:: 2752052
WARNING:root:Nothing found
WARNING:root:: 2752053
WARNING:root:Nothing found
WARNING:root:: 2752054
WARNING:root:Nothing found
WARNING:root:: 2752055
WARNING:root:Nothing found
WARNING:root:: 2752057
WARNING:root:POST / 573689227947
WARNING:root:: 2752058
WARNING:root:DHLSS / 572121998997
WARNING:root:: 2752059
WARNING:root:Nothing found
WARNING:root:: 2752064
WARNING:root:POST / 573689228268
WARNING:root:: 2752065
WARNING:root:DHLSS / 572121993111
WARNING:root:: 2752066
WARNING:root:POST / 573689227981
WARNING:root:: 2752067
WARNING:root:POST / 573689227307
WARNING:root:: 2752068
WARNING:root:Nothing found
WARNING:root:: 2752070
WARNING:root:DHLSS / 572121993127
WARNING:root:: 2752072
WARNING:root:DHLSS / 572121993543
WARNING:root:: 2752073
WARNING:root:POST / 573689227335
WARNING:root:: 2752074
WARNING:root:Nothing found
WARNING:root:: 2752075
WARNING:root:DHLSS / 572121993587
WARNING:root:: 2752076
WARNING:root:Nothing found
WARNING:root:: 2752079
WARNING:root:DHLSS / 572121997575
WARNING:root:: 2752081
WARNING:root:Nothing found
WARNING:root:: 2752088
WARNING:root:DHLSS / 572121997525
WARNING:root:: 2752090
WARNING:root:Nothing found
WARNING:root:: 2752091
WARNING:root:DHLSS / 572121997648
WARNING:root:: 2752094
WARNING:root:DHLSS / 572121993622
WARNING:root:: 2752096
WARNING:root:POST / 573689227436
WARNING:root:: 2752099
WARNING:root:DHLSS / 572121997597
WARNING:root:: 2752100
WARNING:root:DHLSS / 683343001020
WARNING:root:: 2752101
WARNING:root:POST / 573689227420
WARNING:root:: 2752102
WARNING:root:POST / 573689227997
WARNING:root:: 2752103
WARNING:root:POST / 573689227391
WARNING:root:: 2752104
WARNING:root:POST / 573689228325
WARNING:root:: 2752105
WARNING:root:DHLSS / 572121993925
WARNING:root:2752109 not found
WARNING:root:Nothing found
WARNING:root:: 2752114
WARNING:root:POST / 573689227896
WARNING:root:: 2752115
WARNING:root:DHLSS / 572121995365
WARNING:root:: 2752116
WARNING:root:DHLSS / 572121993919
WARNING:root:: 2752117
WARNING:root:POST / 573689227155
WARNING:root:: 2752118
WARNING:root:DHLSS / 572121993161
WARNING:root:: 2752119
WARNING:root:POST / 573689227357
WARNING:root:: 2752120
WARNING:root:POST / 573689227098
WARNING:root:: 2752127
WARNING:root:POST / 573689227824
WARNING:root:: 2752128
WARNING:root:DHLSS / 572121993644
WARNING:root:: 2752131
WARNING:root:Nothing found
WARNING:root:: 2752133
WARNING:root:Nothing found
WARNING:root:: 2752134
WARNING:root:Nothing found
WARNING:root:: 2752138
WARNING:root:Nothing found
WARNING:root:: 2752139
WARNING:root:DHLSS / 572121993098
WARNING:root:: 2752140
WARNING:root:Nothing found
WARNING:root:: 2752142
WARNING:root:DHLSS / 683343000692
WARNING:root:: 2752145
WARNING:root:POST / 573689227379
WARNING:root:: 2752155
WARNING:root:DHLSS / 572121993385
WARNING:root:: 2752158
WARNING:root:DHLSS / 572121993076
WARNING:root:: 2752159
WARNING:root:DHLSS / 572121995321
WARNING:root:: 2752160
WARNING:root:POST / 573689227385
WARNING:root:: 2752161
WARNING:root:Nothing found
WARNING:root:: 2752162
WARNING:root:DHLSS / 572121993802
WARNING:root:: 2752164
WARNING:root:POST / 573689227177
WARNING:root:: 2752167
WARNING:root:POST / 573689227341
WARNING:root:: 2752168
WARNING:root:DHLSS / 572121995242
WARNING:root:: 2752169
WARNING:root:POST / 573689227206
WARNING:root:: 2752172
WARNING:root:Nothing found
WARNING:root:: 2752173
WARNING:root:DHLSS / 572121995258
WARNING:root:: 2752174
WARNING:root:Nothing found
WARNING:root:: 2752175
WARNING:root:Nothing found
WARNING:root:: 2752176
WARNING:root:POST / 573689227183
WARNING:root:: 2752179
WARNING:root:Nothing found
WARNING:root:: 2752180
WARNING:root:POST / 573689227408
WARNING:root:: 2752184
WARNING:root:POST / 573689227133
WARNING:root:: 2752185
WARNING:root:DHLSS / 572121995286
WARNING:root:: 2752186
WARNING:root:DHLSS / 572121995264
WARNING:root:: 2752187
WARNING:root:DHLSS / 572121995135
WARNING:root:: 2752190
WARNING:root:POST / 573689227105
WARNING:root:: 2752192
WARNING:root:DHLSS / 572121995141
WARNING:root:: 2752193
WARNING:root:DHLSS / 572121995191
WARNING:root:: 2752197
WARNING:root:DHLSS / 572121995185
WARNING:root:: 2752198
WARNING:root:DHLSS / 572121993593
WARNING:root:: 2752199
WARNING:root:DHLSS / 572121993688
WARNING:root:: 2752200
WARNING:root:DHLSS / 572121993638
WARNING:root:: 2752204
WARNING:root:POST / 573689227076
WARNING:root:: 2752205
WARNING:root:Nothing found
WARNING:root:: 2752206
WARNING:root:DHLSS / 572121993650
WARNING:root:: 2752210
WARNING:root:DHLSS / 572121993903
WARNING:root:: 2752211
WARNING:root:DHLSS / 572121993745
WARNING:root:: 2752212
WARNING:root:DHLSS / 572121992749
WARNING:root:: 2752213
WARNING:root:DHLSS / 572121993600
WARNING:root:: 2752217
WARNING:root:POST / 573689227161
WARNING:root:: 2752218
WARNING:root:POST / 573689227111
WARNING:root:: 2752224
WARNING:root:DHLSS / 572121993701
WARNING:root:: 2752229
WARNING:root:POST / 573689227199
WARNING:root:: 2752230
WARNING:root:DHLSS / 572121993616
WARNING:root:: 2752232
WARNING:root:Nothing found
WARNING:root:: 2752233
WARNING:root:DHLSS / 572121993048
WARNING:root:: 2752235
WARNING:root:DHLSS / 572121999022
WARNING:root:: 2752236
WARNING:root:DHLSS / 572121995270
WARNING:root:: 2752238
WARNING:root:POST / 573689227149
WARNING:root:: 2752241
WARNING:root:POST / 573689227256
WARNING:root:: 2752244
WARNING:root:DHLSS / 572121995292
WARNING:root:: 2752245
WARNING:root:DHLSS / 572121998975
WARNING:root:: 2752246
WARNING:root:POST / 573689228353
WARNING:root:: 2752249
WARNING:root:DHLSS / 572121995034
WARNING:root:: 2752250
WARNING:root:DHLSS / 572121994842
WARNING:root:: 2752252
WARNING:root:DHLSS / 572121993026
WARNING:root:: 2752253
WARNING:root:DHLSS / 572121993284
WARNING:root:: 2752254
WARNING:root:DHLSS / 572121995028
WARNING:root:: 2752255
WARNING:root:DHLSS / 572121994909
WARNING:root:: 2752256
WARNING:root:DHLSS / 572121994230
WARNING:root:: 2752259
WARNING:root:DHLSS / 572121993565
WARNING:root:: 2752260
WARNING:root:Nothing found
WARNING:root:: 2752261
WARNING:root:DHLSS / 572121995062
WARNING:root:: 2752264
WARNING:root:POST / 573689227212
WARNING:root:: 2752266
WARNING:root:POST / 573689227278
WARNING:root:: 2752269
WARNING:root:POST / 573689227228
WARNING:root:: 2752276
WARNING:root:DHLSS / 572121995371
WARNING:root:: 2752284
WARNING:root:POST / 573689227240
WARNING:root:: 2752286
WARNING:root:DHLSS / 572121995078
WARNING:root:: 2752287
WARNING:root:DHLSS / 572121995179
WARNING:root:: 2752288
WARNING:root:DHLSS / 572121995056
WARNING:root:: 2752289
WARNING:root:DHLSS / 572121994814
WARNING:root:: 2752298
WARNING:root:DHLSS / 572121994426
WARNING:root:: 2752299
WARNING:root:DHLSS / 572121994375
WARNING:root:: 2752300
WARNING:root:DHLSS / 572121994038
WARNING:root:: 2752304
WARNING:root:DHLSS / 572121995343
WARNING:root:: 2752306
WARNING:root:DHLSS / 572121994482
WARNING:root:: 2752316
WARNING:root:DHLSS / 572121993795
WARNING:root:: 2752324
WARNING:root:DHLSS / 572121994088
WARNING:root:: 2752327
WARNING:root:DHLSS / 572121994511
WARNING:root:2752328 not found
WARNING:root:Nothing found
WARNING:root:: 2752334
WARNING:root:DHLSS / 572121994189
WARNING:root:: 2752338
WARNING:root:DHLSS / 572121994202
WARNING:root:: 2752340
WARNING:root:DHLSS / 572121993789
WARNING:root:: 2752341
WARNING:root:DHLSS / 572121994836
WARNING:root:: 2752344
WARNING:root:DHLSS / 572121993852
WARNING:root:: 2752346
WARNING:root:DHLSS / 572121994050
WARNING:root:: 2752347
WARNING:root:DHLSS / 572121993004
WARNING:root:: 2752348
WARNING:root:DHLSS / 572121993824
WARNING:root:: 2752353
WARNING:root:DHLSS / 572121995163
WARNING:root:: 2752354
WARNING:root:DHLSS / 572121994369
WARNING:root:: 2752355
WARNING:root:DHLSS / 572121994410
WARNING:root:: 2752357
WARNING:root:DHLSS / 572121994858
WARNING:root:: 2752359
WARNING:root:DHLSS / 572121994864
WARNING:root:: 2752361
WARNING:root:Nothing found
WARNING:root:: 2752363
WARNING:root:Nothing found
WARNING:root:: 2752365
WARNING:root:DHLSS / 572121995040
WARNING:root:: 2752366
WARNING:root:DHLSS / 572121994404
WARNING:root:: 2752369
WARNING:root:DHLSS / 572121994325
WARNING:root:: 2752371
WARNING:root:DHLSS / 572121992395
WARNING:root:: 2752372
WARNING:root:DHLSS / 572121992985
WARNING:root:: 2752373
WARNING:root:DHLSS / 572121995359
WARNING:root:: 2752374
WARNING:root:DHLSS / 572121992553
WARNING:root:: 2752376
WARNING:root:DHLSS / 572121992676
WARNING:root:: 2752377
WARNING:root:DHLSS / 572121992733
WARNING:root:: 2752380
WARNING:root:DHLSS / 572121993723
WARNING:root:: 2752383
WARNING:root:DHLSS / 572121992783
WARNING:root:: 2752384
WARNING:root:DHLSS / 572121993896
WARNING:root:: 2752385
WARNING:root:Nothing found
WARNING:root:: 2752387
WARNING:root:DHLSS / 572121992660
WARNING:root:: 2752388
WARNING:root:DHLSS / 572121992424
WARNING:root:: 2752391
WARNING:root:DHLSS / 572121993672
WARNING:root:: 2752393
WARNING:root:DHLSS / 572121993391
WARNING:root:: 2752399
WARNING:root:DHLSS / 572121992941
WARNING:root:: 2752400
WARNING:root:DHLSS / 572121994145
WARNING:root:: 2752402
WARNING:root:DHLSS / 572121993313
WARNING:root:: 2752403
WARNING:root:DHLSS / 572121992727
WARNING:root:: 2752404
WARNING:root:DHLSS / 572121993256
WARNING:root:: 2752406
WARNING:root:DHLSS / 572121993177
WARNING:root:: 2752407
WARNING:root:DHLSS / 572121992389
WARNING:root:: 2752410
WARNING:root:DHLSS / 572121994296
WARNING:root:: 2752411
WARNING:root:DHLSS / 572121992979
WARNING:root:: 2752413
WARNING:root:DHLSS / 572121992806
WARNING:root:: 2752416
WARNING:root:DHLSS / 572121994117
WARNING:root:: 2752423
WARNING:root:DHLSS / 572121995214
WARNING:root:: 2752425
WARNING:root:DHLSS / 572121995208
WARNING:root:: 2752427
WARNING:root:DHLSS / 572121993032
WARNING:root:: 2752428
WARNING:root:DHLSS / 572121994921
WARNING:root:: 2752429
WARNING:root:DHLSS / 572121993290
WARNING:root:: 2752430
WARNING:root:DHLSS / 572121993414
WARNING:root:: 2752431
WARNING:root:DHLSS / 572121993234
WARNING:root:: 2752432
WARNING:root:DHLSS / 572121995551
WARNING:root:: 2752436
WARNING:root:DHLSS / 572121993212
WARNING:root:: 2752437
WARNING:root:DHLSS / 572121993571
WARNING:root:: 2752438
WARNING:root:Nothing found
WARNING:root:: 2752442
WARNING:root:DHLSS / 572121993363
WARNING:root:: 2752443
WARNING:root:DHLSS / 572121993436
WARNING:root:: 2752446
WARNING:root:DHLSS / 572121995545
WARNING:root:: 2752447
WARNING:root:DHLSS / 572121994347
WARNING:root:: 2752449
WARNING:root:DHLSS / 572121994139
WARNING:root:: 2752451
WARNING:root:DHLSS / 572121994577
WARNING:root:: 2752453
WARNING:root:DHLSS / 572121995472
WARNING:root:: 2752456
WARNING:root:Nothing found
WARNING:root:: 2752457
WARNING:root:DHLSS / 572121993278
WARNING:root:: 2752458
WARNING:root:DHLSS / 572121993975
WARNING:root:: 2752459
WARNING:root:DHLSS / 572121994353
WARNING:root:: 2752460
WARNING:root:Nothing found
WARNING:root:: 2752461
WARNING:root:Nothing found
WARNING:root:: 2752462
WARNING:root:DHLSS / 572121992862
WARNING:root:: 2752463
WARNING:root:DHLSS / 572121992907
WARNING:root:: 2752464
WARNING:root:Nothing found
WARNING:root:: 2752465
WARNING:root:DHLSS / 572121994937
WARNING:root:: 2752466
WARNING:root:DHLSS / 572121995466
WARNING:root:: 2752467
WARNING:root:Nothing found
WARNING:root:: 2752469
WARNING:root:DHLSS / 572121994280
WARNING:root:: 2752472
WARNING:root:DHLSS / 572121994397
WARNING:root:: 2752475
WARNING:root:DHLSS / 572121994246
WARNING:root:: 2752476
WARNING:root:DHLSS / 572121995236
WARNING:root:: 2752477
WARNING:root:DHLSS / 572121993442
WARNING:root:: 2752479
WARNING:root:DHLSS / 572121992840
WARNING:root:: 2752480
WARNING:root:Nothing found
WARNING:root:2752483 not found
WARNING:root:Nothing found
WARNING:root:: 2752484
WARNING:root:DHLSS / 572121995220
WARNING:root:: 2752486
WARNING:root:Nothing found
WARNING:root:: 2752488
WARNING:root:DHLSS / 572121993199
WARNING:root:: 2752490
WARNING:root:Nothing found
WARNING:root:: 2752492
WARNING:root:DHLSS / 572121993947
WARNING:root:: 2752494
WARNING:root:DHLSS / 572121995848
WARNING:root:: 2752495
WARNING:root:DHLSS / 572121992957
WARNING:root:: 2752497
WARNING:root:Nothing found
WARNING:root:: 2752498
WARNING:root:DHLSS / 572121992705
WARNING:root:: 2752503
WARNING:root:Nothing found
WARNING:root:: 2752505
WARNING:root:Nothing found
WARNING:root:: 2752507
WARNING:root:DHLSS / 683343000872
WARNING:root:: 2752508
WARNING:root:Nothing found
WARNING:root:: 2752509
WARNING:root:Nothing found
WARNING:root:: 2752510
WARNING:root:Nothing found
WARNING:root:: 2752515
WARNING:root:DHLSS / 683343000642
WARNING:root:2752516 not found
WARNING:root:Nothing found
WARNING:root:: 2752519
WARNING:root:DHLSS / 572121993379
WARNING:root:2752521 not found
WARNING:root:Nothing found
WARNING:root:: 2752523
WARNING:root:DHLSS / 572121993341
WARNING:root:2752525 not found
WARNING:root:Nothing found
WARNING:root:2752526 not found
WARNING:root:Nothing found
WARNING:root:: 2752529
WARNING:root:Nothing found
WARNING:root:2752530 not found
WARNING:root:Nothing found
WARNING:root:: 2752531
WARNING:root:DHLSS / 683343001317
WARNING:root:: 2752533
WARNING:root:Nothing found
WARNING:root:2752534 not found
WARNING:root:Nothing found
WARNING:root:: 2752535
WARNING:root:DHLSS / 683343000743
WARNING:root:: 2752543
WARNING:root:Nothing found
WARNING:root:: 2752544
WARNING:root:DHLSS / 683343000765
WARNING:root:: 2752547
WARNING:root:Nothing found
WARNING:root:: 2752549
WARNING:root:DHLSS / 683343000771
WARNING:root:: 2752550
WARNING:root:DHLSS / 683343000800
WARNING:root:: 2752551
WARNING:root:DHLSS / 683343001137
WARNING:root:: 2752554
WARNING:root:Nothing found
WARNING:root:: 2752555
WARNING:root:DHLSS / 683343000709
WARNING:root:: 2752556
WARNING:root:DHLSS / 683343001193
WARNING:root:: 2752558
WARNING:root:DHLSS / 683343001070
WARNING:root:: 2752559
WARNING:root:DHLSS / 683343001373
WARNING:root:: 2752563
WARNING:root:DHLSS / 683343000822
WARNING:root:: 2752564
WARNING:root:DHLSS / 572121993953
WARNING:root:: 2752567
WARNING:root:DHLE1 / 2150259716
WARNING:root:: 2752568
WARNING:root:Nothing found
WARNING:root:: 2752569
WARNING:root:DHLSS / 683343001711
WARNING:root:: 2752570
WARNING:root:DHLSS / 683343001418
WARNING:root:: 2752572
WARNING:root:Nothing found
WARNING:root:: 2752573
WARNING:root:Nothing found
WARNING:root:: 2752574
WARNING:root:DHLSS / 683343001755
WARNING:root:: 2752575
WARNING:root:DHLSS / 572121994224
WARNING:root:: 2752576
WARNING:root:Nothing found
WARNING:root:: 2752577
WARNING:root:Nothing found
WARNING:root:: 2752578
WARNING:root:DHLSS / 683343001294
WARNING:root:: 2752579
WARNING:root:DHLSS / 572121993329
WARNING:root:: 2752581
WARNING:root:DHLSS / 683343001761
WARNING:root:: 2752582
WARNING:root:DHLSS / 572121993969
WARNING:root:: 2752583
WARNING:root:DHLSS / 572121993206
WARNING:root:2752585 not found
WARNING:root:Nothing found
WARNING:root:2752586 not found
WARNING:root:Nothing found
WARNING:root:: 2752587
WARNING:root:Nothing found
WARNING:root:: 2752588
WARNING:root:Nothing found
WARNING:root:: 2752590
WARNING:root:DHLSS / 572121992755
WARNING:root:: 2752591
WARNING:root:Nothing found
WARNING:root:: 2752592
WARNING:root:Nothing found
WARNING:root:: 2752594
WARNING:root:Nothing found
WARNING:root:: 2752595
WARNING:root:Nothing found
WARNING:root:: 2752597
WARNING:root:Nothing found
WARNING:root:: 2752598
WARNING:root:DHLSS / 683343001238
WARNING:root:: 2752599
WARNING:root:Nothing found
WARNING:root:: 2752600
WARNING:root:DBP / 572121601960
WARNING:root:: 2752603
WARNING:root:DHLSS / 683343001935
WARNING:root:: 2752606
WARNING:root:POST / 573689229135
WARNING:root:: 2752613
WARNING:root:DBP / 572121601932
WARNING:root:: 2752614
WARNING:root:Nothing found
WARNING:root:2752623 not found
WARNING:root:Nothing found
WARNING:root:: 2752624
WARNING:root:DHLSS / 683343001503
WARNING:root:: 2752628
WARNING:root:Nothing found
WARNING:root:: 2752631
WARNING:root:DBP / 572121601667
WARNING:root:: 2752632
WARNING:root:POST / 573689228814
WARNING:root:2752635 not found
WARNING:root:Nothing found
WARNING:root:: 2752645
WARNING:root:Nothing found
WARNING:root:: 2752646
WARNING:root:POST / 573689228634
WARNING:root:2752647 not found
WARNING:root:Nothing found
WARNING:root:: 2752652
WARNING:root:Nothing found
WARNING:root:: 2752653
WARNING:root:Nothing found
WARNING:root:: 2752654
WARNING:root:Nothing found
WARNING:root:: 2752657
WARNING:root:POST / 573689229056
WARNING:root:: 2752659
WARNING:root:Nothing found
WARNING:root:: 2752660
WARNING:root:POST / 573689229107
WARNING:root:: 2752661
WARNING:root:POST / 573689229062
WARNING:root:: 2752662
WARNING:root:DHLSS / 683343000759
WARNING:root:: 2752666
WARNING:root:Nothing found
WARNING:root:: 2752667
WARNING:root:Nothing found
WARNING:root:2752668 not found
WARNING:root:Nothing found
WARNING:root:: 2752670
WARNING:root:POST / 573689229078
WARNING:root:: 2752672
WARNING:root:DHLSS / 683343000670
WARNING:root:: 2752674
WARNING:root:Nothing found
WARNING:root:: 2752676
WARNING:root:POST / 573689228606
WARNING:root:: 2752678
WARNING:root:DHLSS / 683343000721
WARNING:root:: 2752679
WARNING:root:DHLSS / 683343000989
WARNING:root:: 2752680
WARNING:root:DHLSS / 572121993335
WARNING:root:: 2752684
WARNING:root:POST / 573689229084
WARNING:root:: 2752687
WARNING:root:POST / 573689228808
WARNING:root:: 2752688
WARNING:root:POST / 573689229129
WARNING:root:: 2752689
WARNING:root:POST / 573689228583
WARNING:root:: 2752691
WARNING:root:POST / 573689229090
WARNING:root:: 2752692
WARNING:root:POST / 573689229113
WARNING:root:: 2752696
WARNING:root:DHLSS / 683343000838
WARNING:root:: 2752697
WARNING:root:Nothing found
WARNING:root:: 2752698
WARNING:root:Nothing found
WARNING:root:: 2752699
WARNING:root:POST / 573689228599
WARNING:root:: 2752700
WARNING:root:Nothing found
WARNING:root:: 2752703
WARNING:root:Nothing found
WARNING:root:: 2752704
WARNING:root:DHLSS / 683343001913
WARNING:root:: 2752705
WARNING:root:POST / 573689228909
WARNING:root:: 2752706
WARNING:root:Nothing found
WARNING:root:: 2752714
WARNING:root:Nothing found
WARNING:root:: 2752718
WARNING:root:DBP / 572121601897
WARNING:root:: 2752721
WARNING:root:POST / 573689227587
WARNING:root:: 2752722
WARNING:root:Nothing found
WARNING:root:: 2752723
WARNING:root:POST / 573689228915
WARNING:root:: 2752724
WARNING:root:POST / 573689228858
WARNING:root:: 2752725
WARNING:root:Nothing found
WARNING:root:: 2752727
WARNING:root:Nothing found
WARNING:root:: 2752733
WARNING:root:POST / 573689229034
WARNING:root:: 2752734
WARNING:root:POST / 573689228836
WARNING:root:: 2752735
WARNING:root:DHLSS / 683343001339
WARNING:root:: 2752737
WARNING:root:Nothing found
WARNING:root:: 2752739
WARNING:root:POST / 573689229012
WARNING:root:: 2752740
WARNING:root:Nothing found
WARNING:root:: 2752742
WARNING:root:Nothing found
WARNING:root:: 2752745
WARNING:root:Nothing found
WARNING:root:: 2752746
WARNING:root:DHLSS / 572121994555
WARNING:root:: 2752748
WARNING:root:Nothing found
WARNING:root:: 2752750
WARNING:root:Nothing found
WARNING:root:: 2752752
WARNING:root:DHLSS / 683343001058
WARNING:root:: 2752753
WARNING:root:POST / 573689228921
WARNING:root:: 2752754
WARNING:root:POST / 573689227953
WARNING:root:2752755 not found
WARNING:root:Nothing found
WARNING:root:2752756 not found
WARNING:root:Nothing found
WARNING:root:: 2752757
WARNING:root:POST / 573689228791
WARNING:root:: 2752758
WARNING:root:Nothing found
WARNING:root:: 2752759
WARNING:root:POST / 573689229028
WARNING:root:2752764 not found
WARNING:root:Nothing found
WARNING:root:2752766 not found
WARNING:root:Nothing found
WARNING:root:2752771 not found
WARNING:root:Nothing found
WARNING:root:2752773 not found
WARNING:root:Nothing found
WARNING:root:2752774 not found
WARNING:root:Nothing found
WARNING:root:2752776 not found
WARNING:root:Nothing found
WARNING:root:: 2752777
WARNING:root:Nothing found
WARNING:root:: 2752779
WARNING:root:DHLSS / 683343002076
WARNING:root:: 2752780
WARNING:root:Nothing found
WARNING:root:2752781 not found
WARNING:root:Nothing found
WARNING:root:2752783 not found
WARNING:root:Nothing found
WARNING:root:: 2752786
WARNING:root:DHLSS / 683343001452
WARNING:root:: 2752787
WARNING:root:DHLSS / 683343002054
WARNING:root:2752788 not found
WARNING:root:Nothing found
WARNING:root:2752794 not found
WARNING:root:Nothing found
WARNING:root:: 2752795
WARNING:root:Nothing found
WARNING:root:2752796 not found
WARNING:root:Nothing found
WARNING:root:2752800 not found
WARNING:root:Nothing found
WARNING:root:2752801 not found
WARNING:root:Nothing found
WARNING:root:2752802 not found
WARNING:root:Nothing found
WARNING:root:: 2752803
WARNING:root:Nothing found
WARNING:root:: 2752805
WARNING:root:Nothing found
WARNING:root:: 2752806
WARNING:root:DHLSS / 683343001890
WARNING:root:: 2752809
WARNING:root:DHLSS / 683343000850
WARNING:root:: 2752810
WARNING:root:DHLSS / 572121992496
WARNING:root:: 2752811
WARNING:root:DHLSS / 683343001705
WARNING:root:: 2752812
WARNING:root:DHLSS / 572121601768
WARNING:root:2752814 not found
WARNING:root:Nothing found
WARNING:root:2752815 not found
WARNING:root:Nothing found
WARNING:root:: 2752817
WARNING:root:Nothing found
WARNING:root:2752822 not found
WARNING:root:Nothing found
WARNING:root:2752823 not found
WARNING:root:Nothing found
WARNING:root:: 2752824
WARNING:root:DHLSS / 572121996046
WARNING:root:: 2752825
WARNING:root:POST / 573689228892
WARNING:root:2752826 not found
WARNING:root:Nothing found
WARNING:root:: 2752828
WARNING:root:DHLSS / 572121999511
WARNING:root:2752829 not found
WARNING:root:Nothing found
WARNING:root:2752830 not found
WARNING:root:Nothing found
WARNING:root:2752832 not found
WARNING:root:Nothing found
WARNING:root:2752834 not found
WARNING:root:Nothing found
WARNING:root:2752836 not found
WARNING:root:Nothing found
WARNING:root:2752837 not found
WARNING:root:Nothing found
WARNING:root:2752838 not found
WARNING:root:Nothing found
WARNING:root:: 2752840
WARNING:root:DHLSS / 572121996052
WARNING:root:2752841 not found
WARNING:root:Nothing found
WARNING:root:2752842 not found
WARNING:root:Nothing found
WARNING:root:2752843 not found
WARNING:root:Nothing found
WARNING:root:: 2752844
WARNING:root:POST / 573689229141
WARNING:root:2752846 not found
WARNING:root:Nothing found
WARNING:root:2752847 not found
WARNING:root:Nothing found
WARNING:root:2752848 not found
WARNING:root:Nothing found
WARNING:root:: 2752852
WARNING:root:DHLSS / 572121999533
WARNING:root:2752854 not found
WARNING:root:Nothing found
WARNING:root:2752855 not found
WARNING:root:Nothing found
WARNING:root:2752856 not found
WARNING:root:Nothing found
WARNING:root:2752857 not found
WARNING:root:Nothing found
WARNING:root:2752858 not found
WARNING:root:Nothing found
WARNING:root:2752859 not found
WARNING:root:Nothing found
WARNING:root:: 2752860
WARNING:root:DHLSS / 572121999527
WARNING:root:: 2752861
WARNING:root:DHLSS / 572121996535
WARNING:root:2752865 not found
WARNING:root:Nothing found
WARNING:root:: 2752867
WARNING:root:DHLSS / 572121998717
WARNING:root:: 2752868
WARNING:root:DHLSS / 572121996529
WARNING:root:2752871 not found
WARNING:root:Nothing found
WARNING:root:2752872 not found
WARNING:root:Nothing found
WARNING:root:: 2752874
WARNING:root:DHLSS / 572121999460
WARNING:root:: 2752875
WARNING:root:POST / 573689228224
WARNING:root:2752876 not found
WARNING:root:Nothing found
WARNING:root:2752878 not found
WARNING:root:Nothing found
WARNING:root:: 2752880
WARNING:root:Nothing found
WARNING:root:2752881 not found
WARNING:root:Nothing found
WARNING:root:: 2752882
WARNING:root:POST / 573689228404
WARNING:root:: 2752883
WARNING:root:DHLSS / 572121998818
WARNING:root:: 2752884
WARNING:root:DHLSS / 572121995494
WARNING:root:: 2752886
WARNING:root:DHLSS / 572121998824
WARNING:root:: 2752888
WARNING:root:DHLSS / 572121999482
WARNING:root:: 2752889
WARNING:root:DHLSS / 572121999921
WARNING:root:: 2752892
WARNING:root:Nothing found
WARNING:root:: 2752893
WARNING:root:POST / 573689228454
WARNING:root:: 2752894
WARNING:root:DHLSS / 683343000923
WARNING:root:: 2752895
WARNING:root:DHLSS / 572121999505
WARNING:root:: 2752896
WARNING:root:DHLSS / 683343000951
WARNING:root:: 2752898
WARNING:root:DHLSS / 572121996103
WARNING:root:2752899 not found
WARNING:root:Nothing found
WARNING:root:2752900 not found
WARNING:root:Nothing found
WARNING:root:: 2752901
WARNING:root:DHLSS / 572121996412
WARNING:root:: 2752902
WARNING:root:Nothing found
WARNING:root:2752906 not found
WARNING:root:Nothing found
WARNING:root:2752907 not found
WARNING:root:Nothing found
WARNING:root:: 2752908
WARNING:root:DHLSS / 572121996456
WARNING:root:: 2752909
WARNING:root:POST / 573689228476
WARNING:root:2752910 not found
WARNING:root:Nothing found
WARNING:root:: 2752913
WARNING:root:POST / 573689228397
WARNING:root:2752914 not found
WARNING:root:Nothing found
WARNING:root:2752916 not found
WARNING:root:Nothing found
WARNING:root:: 2752917
WARNING:root:DHLSS / 572121994460
WARNING:root:: 2752920
WARNING:root:POST / 573689228555
WARNING:root:: 2752921
WARNING:root:POST / 573689228498
WARNING:root:: 2752922
WARNING:root:POST / 573689229214
WARNING:root:2752923 not found
WARNING:root:Nothing found
WARNING:root:: 2752924
WARNING:root:Nothing found
WARNING:root:: 2752926
WARNING:root:POST / 573689228381
WARNING:root:2752927 not found
WARNING:root:Nothing found
WARNING:root:: 2752930
WARNING:root:DHLSS / 572121994498
WARNING:root:2752931 not found
WARNING:root:Nothing found
WARNING:root:: 2752932
WARNING:root:DHLSS / 683343001367
WARNING:root:2752934 not found
WARNING:root:Nothing found
WARNING:root:: 2752935
WARNING:root:POST / 573689228684
WARNING:root:: 2752937
WARNING:root:POST / 573689227026
WARNING:root:: 2752940
WARNING:root:Nothing found
WARNING:root:: 2752941
WARNING:root:DHLSS / 572121994690
WARNING:root:: 2752942
WARNING:root:DHLSS / 572121994707
WARNING:root:2752943 not found
WARNING:root:Nothing found
WARNING:root:2752944 not found
WARNING:root:Nothing found
WARNING:root:: 2752948
WARNING:root:DHLSS / 572121998600
WARNING:root:: 2752949
WARNING:root:DHLSS / 572121992575
WARNING:root:: 2752951
WARNING:root:POST / 573689229208
WARNING:root:: 2752952
WARNING:root:DBP / 572121601825
WARNING:root:: 2752955
WARNING:root:DHLSS / 572121994167
WARNING:root:: 2752956
WARNING:root:DHLSS / 572121993981
WARNING:root:: 2752957
WARNING:root:POST / 573689228842
WARNING:root:: 2752958
WARNING:root:POST / 573689228820
WARNING:root:: 2752962
WARNING:root:DHLSS / 572121993307
WARNING:root:: 2752963
WARNING:root:POST / 573689228460
WARNING:root:: 2752964
WARNING:root:DHLSS / 683343000787
WARNING:root:: 2752970
WARNING:root:DHLSS / 683343001496
WARNING:root:: 2752971
WARNING:root:DHLSS / 683343002133
WARNING:root:: 2752972
WARNING:root:DHLSS / 683343000737
WARNING:root:: 2752976
WARNING:root:DHLSS / 683343002060
WARNING:root:: 2752979
WARNING:root:DHLSS / 683343001301
WARNING:root:: 2752980
WARNING:root:DHLSS / 683343001682
WARNING:root:: 2752982
WARNING:root:DHLSS / 572121994000
WARNING:root:: 2752983
WARNING:root:DHLSS / 572121993997
WARNING:root:: 2752985
WARNING:root:POST / 573689229040
WARNING:root:: 2752987
WARNING:root:POST / 573689228678
WARNING:root:: 2752989
WARNING:root:Nothing found
WARNING:root:: 2752990
WARNING:root:DHLSS / 683343001288
WARNING:root:: 2752991
WARNING:root:Nothing found
WARNING:root:: 2752993
WARNING:root:DHLSS / 572121993868
WARNING:root:: 2752997
WARNING:root:DHLSS / 572121992698
WARNING:root:: 2752999
WARNING:root:DHLSS / 572121992610
WARNING:root:: 2753001
WARNING:root:DBP / 572121601831
WARNING:root:: 2753002
WARNING:root:POST / 573689228785
WARNING:root:: 2753004
WARNING:root:POST / 573689228511
WARNING:root:: 2753007
WARNING:root:DHLSS / 683343000973
WARNING:root:: 2753010
WARNING:root:Nothing found
WARNING:urllib3.connectionpool:Retrying (Retry(total=2, connect=None, read=None, redirect=None, status=None)) after connection broken by 'NewConnectionError('<urllib3.connection.HTTPConnection object at 0x0000026F9F568548>: Failed to establish a new connection: [WinError 10061] No connection could be made because the target machine actively refused it')': /session/067dd5e602a5e47e4af60ad5c62fed01/element
WARNING:root:give token
WARNING:root:: 2749331
WARNING:root:POST / 573689229422
WARNING:root:2750597 not found
WARNING:root:Nothing found
WARNING:root:2750600 not found
WARNING:root:Nothing found
WARNING:root:2750602 not found
WARNING:root:Nothing found
WARNING:root:2750603 not found
WARNING:root:Nothing found
WARNING:root:2750604 not found
WARNING:root:Nothing found
WARNING:root:2750606 not found
WARNING:root:Nothing found
WARNING:root:2750609 not found
WARNING:root:Nothing found
WARNING:root:2750610 not found
WARNING:root:Nothing found
WARNING:root:2750611 not found
WARNING:root:Nothing found
WARNING:root:2750613 not found
WARNING:root:Nothing found
WARNING:root:2750617 not found
WARNING:root:Nothing found
WARNING:root:2750622 not found
WARNING:root:Nothing found
WARNING:root:: 2750663
WARNING:root:DHLSS / 572121993420
WARNING:root:: 2750862
WARNING:root:DHLSS / 683343012948
WARNING:root:: 2750867
WARNING:root:DHLSS / 683343013231
WARNING:root:: 2750885
WARNING:root:DHLSS / 683343013411
WARNING:root:: 2750888
WARNING:root:DHLSS / 683343013405
WARNING:root:: 2750902
WARNING:root:DHLSS / 683343010918
WARNING:root:: 2750906
WARNING:root:DHLSS / 683343013304
WARNING:root:: 2750907
WARNING:root:DHLSS / 683343013017
WARNING:root:: 2750915
WARNING:root:DHLSS / 683343012780
WARNING:root:: 2750919
WARNING:root:DHLSS / 683343013433
WARNING:root:: 2750924
WARNING:root:DHLSS / 683343013427
WARNING:root:: 2753192
WARNING:root:DHLSS / 683343004731
WARNING:root:2753206 not found
WARNING:root:Nothing found
WARNING:root:: 2753208
WARNING:root:DHLSS / 683343002492
WARNING:root:: 2753212
WARNING:root:DHLSS / 683343004551
WARNING:root:: 2753213
WARNING:root:DHLSS / 683343004517
WARNING:root:: 2753215
WARNING:root:DHLSS / 683343008814
WARNING:root:: 2753216
WARNING:root:DHLSS / 683343009359
WARNING:root:: 2753218
WARNING:root:DHLSS / 683343004999
WARNING:root:: 2753219
WARNING:root:DHLSS / 683343002981
WARNING:root:: 2753220
WARNING:root:DHLSS / 683343005585
WARNING:root:: 2753228
WARNING:root:DHLSS / 683343004898
WARNING:root:: 2753229
WARNING:root:DHLSS / 683343004876
WARNING:root:: 2753230
WARNING:root:DHLSS / 683343004832
WARNING:root:: 2753232
WARNING:root:DHLSS / 683343007824
WARNING:root:: 2753233
WARNING:root:DHLSS / 683343004854
WARNING:root:: 2753235
WARNING:root:DHLSS / 683343004955
WARNING:root:: 2753238
WARNING:root:DHLSS / 683343004977
WARNING:root:: 2753241
WARNING:root:DHLSS / 683343009387
WARNING:root:: 2753242
WARNING:root:DHLSS / 683343005018
WARNING:root:: 2753248
WARNING:root:DHLSS / 683343002874
WARNING:root:: 2753251
WARNING:root:DHLSS / 683343002565
WARNING:root:: 2753253
WARNING:root:DHLSS / 683343004141
WARNING:root:: 2753257
WARNING:root:DHLSS / 683343005232
WARNING:root:: 2753260
WARNING:root:DHLSS / 683343002969
WARNING:root:: 2753264
WARNING:root:DHLSS / 683343004315
WARNING:root:: 2753274
WARNING:root:DHLSS / 683343003836
WARNING:root:: 2753278
WARNING:root:DHLSS / 683343003000
WARNING:root:: 2753286
WARNING:root:DHLSS / 683343002600
WARNING:root:: 2753287
WARNING:root:DHLSS / 683343003044
WARNING:root:: 2753288
WARNING:root:DHLSS / 683343005490
WARNING:root:: 2753290
WARNING:root:DHLSS / 683343004472
WARNING:root:: 2753291
WARNING:root:DHLSS / 683343004668
WARNING:root:2753294 not found
WARNING:root:Nothing found
WARNING:root:: 2753295
WARNING:root:DHLSS / 683343004882
WARNING:root:: 2753297
WARNING:root:DHLSS / 683343002436
WARNING:root:: 2753298
WARNING:root:POST / 574040009611
WARNING:root:: 2753300
WARNING:root:DHLSS / 683343002773
WARNING:root:: 2753301
WARNING:root:DHLSS / 683343002818
WARNING:root:: 2753302
WARNING:root:DHLSS / 683343005513
WARNING:root:: 2753303
WARNING:root:DHLSS / 683343003353
WARNING:root:: 2753305
WARNING:root:DHLSS / 683343004191
WARNING:root:: 2753306
WARNING:root:DHLSS / 683343003870
WARNING:root:: 2753307
WARNING:root:DHLSS / 683343005327
WARNING:root:: 2753313
WARNING:root:DHLSS / 683343005462
WARNING:root:: 2753314
WARNING:root:DHLSS / 683343006569
WARNING:root:: 2753318
WARNING:root:DHLSS / 683343005440
WARNING:root:: 2753319
WARNING:root:DHLSS / 683343006840
WARNING:root:: 2753320
WARNING:root:DHLSS / 683343005434
WARNING:root:: 2753322
WARNING:root:DHLSS / 683343004135
WARNING:root:: 2753323
WARNING:root:DHLSS / 683343005383
WARNING:root:: 2753324
WARNING:root:DHLSS / 683343005478
WARNING:root:: 2753326
WARNING:root:DHLSS / 683343006222
WARNING:root:: 2753329
WARNING:root:DHLSS / 683343005563
WARNING:root:: 2753332
WARNING:root:DHLSS / 683343006389
WARNING:root:: 2753338
WARNING:root:DHLSS / 683343005282
WARNING:root:: 2753339
WARNING:root:DHLSS / 683343005355
WARNING:root:: 2753344
WARNING:root:DHLSS / 683343005361
WARNING:root:: 2753349
WARNING:root:DHLSS / 683343005333
WARNING:root:: 2753350
WARNING:root:DHLSS / 683343009630
WARNING:root:: 2753351
WARNING:root:DHLSS / 683343005939
WARNING:root:: 2753353
WARNING:root:DHLSS / 683343010924
WARNING:root:: 2753359
WARNING:root:DHLSS / 683343004129
WARNING:root:: 2753364
WARNING:root:DHLSS / 683343007600
WARNING:root:: 2753365
WARNING:root:DHLSS / 683343006109
WARNING:root:: 2753367
WARNING:root:DHLSS / 683343004107
WARNING:root:: 2753368
WARNING:root:DHLSS / 683343009141
WARNING:root:: 2753369
WARNING:root:DHLSS / 683343004719
WARNING:root:: 2753378
WARNING:root:DHLSS / 683343004488
WARNING:root:: 2753379
WARNING:root:DHLSS / 683343009674
WARNING:root:: 2753380
WARNING:root:DHLSS / 683343005945
WARNING:root:: 2753382
WARNING:root:DHLSS / 683343006294
WARNING:root:: 2753383
WARNING:root:DHLSS / 683343006446
WARNING:root:: 2753384
WARNING:root:DHLSS / 683343004450
WARNING:root:: 2753386
WARNING:root:DHLSS / 683343006430
WARNING:root:: 2753387
WARNING:root:DHLSS / 683343005901
WARNING:root:: 2753388
WARNING:root:DHLSS / 683343006070
WARNING:root:: 2753390
WARNING:root:DHLSS / 683343004652
WARNING:root:: 2753391
WARNING:root:DHLSS / 683343004090
WARNING:root:: 2753392
WARNING:root:DHLSS / 683343006020
WARNING:root:: 2753393
WARNING:root:DHLSS / 683343004501
WARNING:root:: 2753395
WARNING:root:DHLSS / 683343004618
WARNING:root:: 2753396
WARNING:root:DHLSS / 683343004337
WARNING:root:: 2753400
WARNING:root:DHLSS / 683343004466
WARNING:root:: 2753403
WARNING:root:DHLSS / 683343008785
WARNING:root:: 2753404
WARNING:root:DHLSS / 683343006200
WARNING:root:2753406 not found
WARNING:root:Nothing found
WARNING:root:: 2753410
WARNING:root:DHLSS / 683343005894
WARNING:root:: 2753411
WARNING:root:DHLSS / 683343008808
WARNING:root:2753413 not found
WARNING:root:Nothing found
WARNING:root:2753418 not found
WARNING:root:Nothing found
WARNING:root:: 2753420
WARNING:root:DHLSS / 683343004630
WARNING:root:: 2753423
WARNING:root:DHLSS / 683343004624
WARNING:root:: 2753428
WARNING:root:DHLSS / 683343005951
WARNING:root:: 2753439
WARNING:root:DHLSS / 683343006036
WARNING:root:2753440 not found
WARNING:root:Nothing found
WARNING:root:: 2753441
WARNING:root:DHLSS / 683343004545
WARNING:root:: 2753443
WARNING:root:DHLSS / 683343006187
WARNING:root:: 2753445
WARNING:root:DHLSS / 683343005866
WARNING:root:: 2753451
WARNING:root:DHLSS / 683343004797
WARNING:root:: 2753452
WARNING:root:DHLSS / 683343004595
WARNING:root:: 2753453
WARNING:root:DHLSS / 683343004810
WARNING:root:: 2753454
WARNING:root:DHLSS / 683343006064
WARNING:root:2753455 not found
WARNING:root:Nothing found
WARNING:root:: 2753457
WARNING:root:DHLSS / 683343008791
WARNING:root:: 2753458
WARNING:root:DHLSS / 683343004084
WARNING:root:: 2753459
WARNING:root:DHLSS / 683343006468
WARNING:root:: 2753461
WARNING:root:DHLSS / 683343003858
WARNING:root:: 2753468
WARNING:root:DHLSS / 683343004309
WARNING:root:: 2753473
WARNING:root:DHLSS / 683343004078
WARNING:root:: 2753474
WARNING:root:DHLSS / 683343003842
WARNING:root:: 2753475
WARNING:root:DHLSS / 683343004270
WARNING:root:: 2753479
WARNING:root:DHLSS / 683343004208
WARNING:root:: 2753488
WARNING:root:DHLSS / 683343004400
WARNING:root:: 2753492
WARNING:root:DHLSS / 683343005800
WARNING:root:: 2753502
WARNING:root:DHLSS / 683343004343
WARNING:root:: 2753508
WARNING:root:DHLSS / 683343004062
WARNING:root:: 2753513
WARNING:root:DHLSS / 683343002521
WARNING:root:: 2753516
WARNING:root:DHLSS / 683343004292
WARNING:root:: 2753517
WARNING:root:DHLSS / 683343003319
WARNING:root:: 2753520
WARNING:root:DHLSS / 683343004321
WARNING:root:: 2753521
WARNING:root:DHLSS / 683343004393
WARNING:root:: 2753522
WARNING:root:DHLSS / 683343004371
WARNING:root:: 2753523
WARNING:root:DHLSS / 683343003246
WARNING:root:: 2753525
WARNING:root:DHLSS / 683343004034
WARNING:root:: 2753526
WARNING:root:DHLSS / 683343003101
WARNING:root:: 2753528
WARNING:root:DHLSS / 683343006266
WARNING:root:: 2753529
WARNING:root:DHLSS / 683343004753
WARNING:root:: 2753533
WARNING:root:DHLSS / 683343004523
WARNING:root:: 2753534
WARNING:root:DHLSS / 683343004422
WARNING:root:: 2753535
WARNING:root:DHLSS / 683343004359
WARNING:root:: 2753536
WARNING:root:DHLSS / 683343010902
WARNING:root:: 2753538
WARNING:root:DHLSS / 683343004056
WARNING:root:: 2753540
WARNING:root:DHLSS / 683343004848
WARNING:root:: 2753546
WARNING:root:DHLSS / 683343006238
WARNING:root:: 2753547
WARNING:root:DHLSS / 683343006503
WARNING:root:: 2753549
WARNING:root:DHLSS / 683343004573
WARNING:root:: 2753551
WARNING:root:DHLSS / 683343006749
WARNING:root:: 2753552
WARNING:root:DHLSS / 683343003937
WARNING:root:: 2753558
WARNING:root:DHLSS / 683343004696
WARNING:root:: 2753560
WARNING:root:DHLSS / 683343004220
WARNING:root:: 2753564
WARNING:root:DHLSS / 683343004214
WARNING:root:: 2753565
WARNING:root:DHLSS / 683343004444
WARNING:root:: 2753567
WARNING:root:DHLSS / 683343004012
WARNING:root:: 2753568
WARNING:root:DHLSS / 683343005917
WARNING:root:: 2753571
WARNING:root:DHLSS / 683343004264
WARNING:root:: 2753573
WARNING:root:DHLSS / 683343004242
WARNING:root:: 2753575
WARNING:root:DHLSS / 683343003987
WARNING:root:: 2753578
WARNING:root:DHLSS / 683343004258
WARNING:root:: 2753579
WARNING:root:DHLSS / 683343004179
WARNING:root:: 2753580
WARNING:root:DHLSS / 683343004567
WARNING:root:: 2753582
WARNING:root:DHLSS / 683343004157
WARNING:root:: 2753583
WARNING:root:DHLSS / 683343004438
WARNING:root:: 2753584
WARNING:root:DHLSS / 683343006165
WARNING:root:: 2753589
WARNING:root:DHLSS / 683343003971
WARNING:root:: 2753590
WARNING:root:DHLSS / 683343005995
WARNING:root:: 2753592
WARNING:root:DHLSS / 683343003965
WARNING:root:: 2753594
WARNING:root:DHLSS / 683343005967
WARNING:root:: 2753598
WARNING:root:DHLSS / 683343006058
WARNING:root:: 2753600
WARNING:root:DHLSS / 683343003959
WARNING:root:: 2753606
WARNING:root:DHLSS / 683343007436
WARNING:root:: 2753618
WARNING:root:DHLSS / 683343006581
WARNING:root:: 2753620
WARNING:root:DHLSS / 683343006216
WARNING:root:: 2753638
WARNING:root:DHLSS / 683343006317
WARNING:root:: 2753639
WARNING:root:DHLSS / 683343007616
WARNING:root:: 2753669
WARNING:root:DHLSS / 683343003943
WARNING:root:: 2753673
WARNING:root:DHLSS / 683343006086
WARNING:root:: 2753674
WARNING:root:DHLSS / 683343006812
WARNING:root:: 2753677
WARNING:root:DHLSS / 683343006159
WARNING:root:2753678 not found
WARNING:root:Nothing found
WARNING:root:2753679 not found
WARNING:root:Nothing found
WARNING:root:2753687 not found
WARNING:root:Nothing found
WARNING:root:: 2753689
WARNING:root:DHLSS / 683343006042
WARNING:root:: 2753692
WARNING:root:DHLSS / 683343003921
WARNING:root:: 2753693
WARNING:root:DHLSS / 683343005608
WARNING:root:2753694 not found
WARNING:root:Nothing found
WARNING:root:2753696 not found
WARNING:root:Nothing found
WARNING:root:: 2753699
WARNING:root:DHLSS / 683343005614
WARNING:root:: 2753704
WARNING:root:Nothing found
WARNING:root:2753707 not found
WARNING:root:Nothing found
WARNING:root:: 2753708
WARNING:root:DHLSS / 683343006244
WARNING:root:: 2753711
WARNING:root:POST / 573689230104
WARNING:root:2753713 not found
WARNING:root:Nothing found
WARNING:root:2753714 not found
WARNING:root:Nothing found
WARNING:root:: 2753720
WARNING:root:DHLSS / 683343005737
WARNING:root:: 2753726
WARNING:root:POST / 573689230306
WARNING:root:: 2753732
WARNING:root:POST / 573689229573
WARNING:root:: 2753737
WARNING:root:POST / 573689230110
WARNING:root:2753738 not found
WARNING:root:Nothing found
WARNING:root:: 2753742
WARNING:root:Nothing found
WARNING:root:: 2753748
WARNING:root:DHLSS / 683343001812
WARNING:root:: 2753752
WARNING:root:DHLSS / 683343001474
WARNING:root:: 2753754
WARNING:root:DHLSS / 683343005377
WARNING:root:: 2753756
WARNING:root:DHLSS / 683343005692
WARNING:root:: 2753762
WARNING:root:DHLSS / 683343009450
WARNING:root:: 2753763
WARNING:root:DHLSS / 683343001121
WARNING:root:: 2753764
WARNING:root:DHLSS / 683343009400
WARNING:root:: 2753766
WARNING:root:DHLSS / 683343005260
WARNING:root:: 2753777
WARNING:root:DHLSS / 683343005793
WARNING:root:: 2753778
WARNING:root:DHLSS / 683343005620
WARNING:root:: 2753779
WARNING:root:POST / 573689229804
WARNING:root:: 2753787
WARNING:root:POST / 573689231223
WARNING:root:: 2753790
WARNING:root:DHLSS / 683343001862
WARNING:root:: 2753791
WARNING:root:DHLSS / 683343005765
WARNING:root:: 2753793
WARNING:root:DHLSS / 683343005822
WARNING:root:: 2753796
WARNING:root:POST / 573689229905
WARNING:root:: 2753799
WARNING:root:DHLSS / 683343005428
WARNING:root:: 2753800
WARNING:root:DHLSS / 683343006092
WARNING:root:: 2753801
WARNING:root:DHLSS / 683343005591
WARNING:root:: 2753802
WARNING:root:DHLSS / 683343009438
WARNING:root:: 2753803
WARNING:root:POST / 573689231116
WARNING:root:: 2753806
WARNING:root:POST / 574040009655
WARNING:root:: 2753807
WARNING:root:POST / 573689231059
WARNING:root:: 2753808
WARNING:root:POST / 573689229753
WARNING:root:: 2753813
WARNING:root:POST / 573689229292
WARNING:root:: 2753822
WARNING:root:DHLSS / 683343006654
WARNING:root:: 2753831
WARNING:root:POST / 573689229769
WARNING:root:: 2753836
WARNING:root:DHLSS / 683343005664
WARNING:root:: 2753837
WARNING:root:DHLSS / 683343005412
WARNING:root:: 2753838
WARNING:root:POST / 574040009633
WARNING:root:: 2753840
WARNING:root:POST / 573689230019
WARNING:root:: 2753848
WARNING:root:POST / 573689229680
WARNING:root:: 2753850
WARNING:root:DHLSS / 683343006373
WARNING:root:: 2753855
WARNING:root:POST / 573689229006
WARNING:root:: 2753861
WARNING:root:POST / 573689228959
WARNING:root:: 2753866
WARNING:root:POST / 573689229731
WARNING:root:: 2753871
WARNING:root:POST / 573689231138
WARNING:root:: 2753873
WARNING:root:DHLSS / 683343005399
WARNING:root:: 2753874
WARNING:root:POST / 573689231093
WARNING:root:: 2753875
WARNING:root:POST / 573689229668
WARNING:root:: 2753880
WARNING:root:POST / 573689229696
WARNING:root:2753885 not found
WARNING:root:Nothing found
WARNING:root:: 2753887
WARNING:root:POST / 573689229652
WARNING:root:: 2753888
WARNING:root:DHLSS / 683343005305
WARNING:root:2753892 not found
WARNING:root:Nothing found
WARNING:root:: 2753895
WARNING:root:DHLSS / 683343006143
WARNING:root:: 2753899
WARNING:root:POST / 573689229309
WARNING:root:: 2753907
WARNING:root:POST / 573689229321
WARNING:root:: 2753909
WARNING:root:POST / 573689229315
WARNING:root:: 2753910
WARNING:root:POST / 573689229624
WARNING:root:: 2753912
WARNING:root:DHLSS / 683343005721
WARNING:root:2753916 not found
WARNING:root:Nothing found
WARNING:root:: 2753917
WARNING:root:POST / 573689229545
WARNING:root:2753919 not found
WARNING:root:Nothing found
WARNING:root:: 2753924
WARNING:root:DHLSS / 683343009236
WARNING:root:: 2753928
WARNING:root:DHLSS / 683343009804
WARNING:root:2753930 not found
WARNING:root:Nothing found
WARNING:root:: 2753939
WARNING:root:Nothing found
WARNING:root:: 2753940
WARNING:root:DHLSS / 683343010249
WARNING:root:: 2753941
WARNING:root:POST / 573689229337
WARNING:root:: 2753942
WARNING:root:POST / 573689229999
WARNING:root:: 2753943
WARNING:root:POST / 573689229775
WARNING:root:: 2753947
WARNING:root:DHLSS / 683343005349
WARNING:root:2753950 not found
WARNING:root:Nothing found
WARNING:root:: 2753952
WARNING:root:DHLSS / 683343004927
WARNING:root:: 2753954
WARNING:root:DHLSS / 683343005030
WARNING:root:: 2753955
WARNING:root:DHLSS / 683343005759
WARNING:root:: 2753957
WARNING:root:DHLSS / 683343005850
WARNING:root:: 2753958
WARNING:root:DHLSS / 683343004961
WARNING:root:: 2753968
WARNING:root:DHLSS / 683343004589
WARNING:root:: 2753972
WARNING:root:DHLSS / 683343004602
WARNING:root:: 2753978
WARNING:root:POST / 573689229551
WARNING:root:2753980 not found
WARNING:root:Nothing found
WARNING:root:: 2753982
WARNING:root:POST / 573689229719
WARNING:root:: 2753988
WARNING:root:DHLSS / 683343003808
WARNING:root:: 2753990
WARNING:root:POST / 573689228943
WARNING:root:2753994 not found
WARNING:root:Nothing found
WARNING:root:: 2753997
WARNING:root:POST / 573689228965
WARNING:root:: 2754000
WARNING:root:DHLSS / 683343005888
WARNING:root:: 2754002
WARNING:root:POST / 573689228987
WARNING:root:: 2754004
WARNING:root:DHLSS / 683343005844
WARNING:root:: 2754010
WARNING:root:POST / 573689229602
WARNING:root:2754014 not found
WARNING:root:Nothing found
WARNING:root:: 2754018
WARNING:root:POST / 573689229567
WARNING:root:2754020 not found
WARNING:root:Nothing found
WARNING:root:: 2754022
WARNING:root:POST / 573689229595
WARNING:root:: 2754023
WARNING:root:POST / 573689229860
WARNING:root:: 2754026
WARNING:root:POST / 573689228993
WARNING:root:: 2754029
WARNING:root:DHLSS / 683343005068
WARNING:root:: 2754032
WARNING:root:POST / 573689229854
WARNING:root:: 2754034
WARNING:root:POST / 573689229343
WARNING:root:: 2754035
WARNING:root:POST / 573689229494
WARNING:root:: 2754036
WARNING:root:DHLSS / 683343005743
WARNING:root:: 2754039
WARNING:root:DHLSS / 683343005715
WARNING:root:: 2754040
WARNING:root:DHLSS / 683343005816
WARNING:root:2754048 not found
WARNING:root:Nothing found
WARNING:root:: 2754050
WARNING:root:DHLSS / 683343005276
WARNING:root:: 2754051
WARNING:root:DHLSS / 683343003820
WARNING:root:2754054 not found
WARNING:root:Nothing found
WARNING:root:: 2754058
WARNING:root:DHLSS / 683343004646
WARNING:root:: 2754061
WARNING:root:POST / 573689229898
WARNING:root:: 2754065
WARNING:root:DHLSS / 683343004365
WARNING:root:: 2754067
WARNING:root:POST / 573689229618
WARNING:root:: 2754068
WARNING:root:POST / 573689229826
WARNING:root:: 2754072
WARNING:root:POST / 573689229589
WARNING:root:: 2754075
WARNING:root:DHLSS / 683343004775
WARNING:root:: 2754081
WARNING:root:DHLSS / 683343004416
WARNING:root:2754082 not found
WARNING:root:Nothing found
WARNING:root:: 2754086
WARNING:root:POST / 573689229832
WARNING:root:: 2754088
WARNING:root:POST / 573689229747
WARNING:root:: 2754089
WARNING:root:POST / 573689228937
WARNING:root:: 2754090
WARNING:root:DHLSS / 683343004387
WARNING:root:: 2754100
WARNING:root:POST / 573689229517
WARNING:root:: 2754101
WARNING:root:DHLSS / 683343004539
WARNING:root:: 2754102
WARNING:root:POST / 573689231009
WARNING:root:: 2754105
WARNING:root:POST / 573689230980
WARNING:root:2754113 not found
WARNING:root:Nothing found
WARNING:root:: 2754117
WARNING:root:POST / 573689230390
WARNING:root:: 2754121
WARNING:root:POST / 573689230378
WARNING:root:: 2754123
WARNING:root:DHLSS / 683343005080
WARNING:root:: 2754124
WARNING:root:POST / 573689229703
WARNING:root:: 2754126
WARNING:root:DHLSS / 683343005024
WARNING:root:: 2754129
WARNING:root:POST / 573689230356
WARNING:root:: 2754130
WARNING:root:POST / 574040009627
WARNING:root:: 2754131
WARNING:root:POST / 573689229501
WARNING:root:: 2754133
WARNING:root:DHLSS / 683343005125
WARNING:root:: 2754137
WARNING:root:POST / 573689230312
WARNING:root:2754141 not found
WARNING:root:Nothing found
WARNING:root:: 2754142
WARNING:root:POST / 573689230277
WARNING:root:: 2754146
WARNING:root:POST / 573689230328
WARNING:root:: 2754155
WARNING:root:DHLSS / 683343004949
WARNING:root:: 2754161
WARNING:root:DHLSS / 683343003864
WARNING:root:: 2754163
WARNING:root:DHLSS / 683343005002
WARNING:root:: 2754168
WARNING:root:POST / 573689229927
WARNING:root:2754172 not found
WARNING:root:Nothing found
WARNING:root:: 2754173
WARNING:root:POST / 573689231087
WARNING:root:: 2754176
WARNING:root:POST / 573689231071
WARNING:root:: 2754179
WARNING:root:POST / 573689229630
WARNING:root:2754183 not found
WARNING:root:Nothing found
WARNING:root:: 2754186
WARNING:root:DHLSS / 683343006250
WARNING:root:: 2754192
WARNING:root:POST / 573689228971
WARNING:root:2754194 not found
WARNING:root:Nothing found
WARNING:root:: 2754199
WARNING:root:POST / 573689229911
WARNING:root:: 2754201
WARNING:root:DHLSS / 683343003909
WARNING:root:: 2754202
WARNING:root:DHLSS / 683343005838
WARNING:root:: 2754210
WARNING:root:POST / 573689229933
WARNING:root:: 2754211
WARNING:root:POST / 573689229961
WARNING:root:2754214 not found
WARNING:root:Nothing found
WARNING:root:: 2754218
WARNING:root:POST / 573689230255
WARNING:root:: 2754219
WARNING:root:POST / 573689230075
WARNING:root:: 2754221
WARNING:root:DHLSS / 683343005670
WARNING:root:: 2754222
WARNING:root:POST / 573689230249
WARNING:root:: 2754223
WARNING:root:DHLSS / 683343005658
WARNING:root:: 2754230
WARNING:root:POST / 573689230261
WARNING:root:: 2754237
WARNING:root:POST / 573689231065
WARNING:root:2754243 not found
WARNING:root:Nothing found
WARNING:root:: 2754244
WARNING:root:DHLSS / 683343005311
WARNING:root:2754248 not found
WARNING:root:Nothing found
WARNING:root:: 2754251
WARNING:root:DHLSS / 683343005298
WARNING:root:: 2754254
WARNING:root:DHLSS / 683343005046
WARNING:root:: 2754256
WARNING:root:POST / 573689229955
WARNING:root:: 2754258
WARNING:root:POST / 573689229359
WARNING:root:: 2754259
WARNING:root:POST / 573689230025
WARNING:root:: 2754264
WARNING:root:POST / 573689230031
WARNING:root:: 2754265
WARNING:root:POST / 573689230233
WARNING:root:: 2754267
WARNING:root:DHLSS / 683343006008
WARNING:root:: 2754268
WARNING:root:POST / 573689228741
WARNING:root:: 2754275
WARNING:root:DHLSS / 683343003915
WARNING:root:: 2754277
WARNING:root:POST / 574040009677
WARNING:root:: 2754279
WARNING:root:POST / 573689230227
WARNING:root:: 2754282
WARNING:root:DHLSS / 683343005973
WARNING:root:: 2754283
WARNING:root:DHLSS / 683343005989
WARNING:root:: 2754286
WARNING:root:POST / 573689230047
WARNING:root:: 2754290
WARNING:root:DHLSS / 683343005923
WARNING:root:: 2754291
WARNING:root:POST / 573689228729
WARNING:root:: 2754293
WARNING:root:DHLSS / 683343006014
WARNING:root:: 2754296
WARNING:root:POST / 574040009683
WARNING:root:: 2754299
WARNING:root:DHLSS / 683343005507
WARNING:root:: 2754304
WARNING:root:POST / 573689230003
WARNING:root:: 2754306
WARNING:root:DHLSS / 683343005484
WARNING:root:: 2754307
WARNING:root:DHLSS / 683343005529
WARNING:root:: 2754308
WARNING:root:POST / 574040009649
WARNING:root:: 2754311
WARNING:root:DHLSS / 683343005204
WARNING:root:: 2754316
WARNING:root:DHLSS / 683343005771
WARNING:root:: 2754320
WARNING:root:DHLSS / 683343005541
WARNING:root:: 2754324
WARNING:root:DHLSS / 683343005181
WARNING:root:: 2754326
WARNING:root:DHLSS / 683343005557
WARNING:root:: 2754328
WARNING:root:DHLSS / 683343005197
WARNING:root:: 2754332
WARNING:root:DHLSS / 683343005169
WARNING:root:: 2754334
WARNING:root:DHLSS / 683343005406
WARNING:root:: 2754340
WARNING:root:DHLSS / 683343005131
WARNING:root:: 2754343
WARNING:root:DHLSS / 683343005175
WARNING:root:: 2754344
WARNING:root:POST / 573689230160
WARNING:root:2754355 not found
WARNING:root:Nothing found
WARNING:root:: 2754357
WARNING:root:POST / 573689231419
WARNING:root:2754359 not found
WARNING:root:Nothing found
WARNING:root:: 2754362
WARNING:root:DHLSS / 683343006115
WARNING:root:: 2754364
WARNING:root:DHLSS / 683343005636
WARNING:root:: 2754370
WARNING:root:DHLSS / 683343005254
WARNING:root:: 2754371
WARNING:root:DHLSS / 683343006171
WARNING:root:: 2754373
WARNING:root:POST / 574040009661
WARNING:root:: 2754380
WARNING:root:DHLSS / 683343005642
WARNING:root:: 2754383
WARNING:root:DHLSS / 683343005787
WARNING:root:: 2754385
WARNING:root:DHLSS / 683343005709
WARNING:root:2754388 not found
WARNING:root:Nothing found
WARNING:root:: 2754390
WARNING:root:DHLSS / 683343008741
WARNING:root:: 2754391
WARNING:root:DHLSS / 683343008757
WARNING:root:: 2754394
WARNING:root:Nothing found
WARNING:root:: 2754395
WARNING:root:DHLSS / 683343008842
WARNING:root:: 2754399
WARNING:root:DHLSS / 683343008959
WARNING:root:: 2754402
WARNING:root:DHLSS / 683343008858
WARNING:root:2754403 not found
WARNING:root:Nothing found
WARNING:root:: 2754409
WARNING:root:DHLSS / 683343008836
WARNING:root:: 2754412
WARNING:root:DHLSS / 683343008779
WARNING:root:: 2754420
WARNING:root:POST / 574040009706
WARNING:root:: 2754428
WARNING:root:DHLSS / 683343008965
WARNING:root:: 2754433
WARNING:root:DHLSS / 683343009040
WARNING:root:2754434 not found
WARNING:root:Nothing found
WARNING:root:: 2754435
WARNING:root:DHLSS / 683343008886
WARNING:root:: 2754436
WARNING:root:DHLSS / 683343008864
WARNING:root:2754437 not found
WARNING:root:Nothing found
WARNING:root:: 2754438
WARNING:root:DHLSS / 683343008909
WARNING:root:: 2754441
WARNING:root:POST / 574040009712
WARNING:root:: 2754448
WARNING:root:DHLSS / 683343008870
WARNING:root:: 2754451
WARNING:root:DHLSS / 683343009012
WARNING:root:: 2754453
WARNING:root:DHLSS / 683343008915
WARNING:root:2754459 not found
WARNING:root:Nothing found
WARNING:root:2754460 not found
WARNING:root:Nothing found
WARNING:root:: 2754461
WARNING:root:DHLSS / 683343008892
WARNING:root:: 2754465
WARNING:root:DHLSS / 683343008921
WARNING:root:: 2754467
WARNING:root:DHLSS / 683343013590
WARNING:root:: 2754469
WARNING:root:Nothing found
WARNING:root:: 2754526
WARNING:root:Nothing found
WARNING:root:: 2754564
WARNING:root:DHLSS / 683343013994
WARNING:root:: 2754567
WARNING:root:DHLSS / 572121601702
WARNING:root:: 2754568
WARNING:root:Nothing found
WARNING:root:give token
WARNING:root:: 2749685
WARNING:root:POST / 573689230441
WARNING:root:: 2749686
WARNING:root:POST / 573689230413
WARNING:root:: 2749687
WARNING:root:POST / 573689230429
WARNING:root:: 2750078
WARNING:root:POST / 573689232910
WARNING:root:: 2750080
WARNING:root:POST / 573689232998
WARNING:root:: 2750213
WARNING:root:POST / 573689232241
WARNING:root:: 2750231
WARNING:root:POST / 573689233017
WARNING:root:: 2750308
WARNING:root:POST / 573689233001
WARNING:root:: 2750312
WARNING:root:DHLSS / 683343018714
WARNING:root:: 2750399
WARNING:root:POST / 573689232982
WARNING:root:: 2750418
WARNING:root:POST / 573689232358
WARNING:root:: 2750424
WARNING:root:POST / 573689232768
WARNING:root:: 2750455
WARNING:root:POST / 573689232320
WARNING:root:: 2750467
WARNING:root:POST / 573689232904
WARNING:root:: 2750591
WARNING:root:POST / 573689232235
WARNING:root:: 2750607
WARNING:root:POST / 573689232588
WARNING:root:: 2750608
WARNING:root:POST / 573689232897
WARNING:root:: 2750614
WARNING:root:DHLSS / 683343024121
WARNING:root:: 2750619
WARNING:root:DHLSS / 683343024143
WARNING:root:: 2750620
WARNING:root:DHLSS / 683343024519
WARNING:root:: 2750623
WARNING:root:DHLSS / 683343019625
WARNING:root:: 2750624
WARNING:root:Nothing found
WARNING:root:: 2750625
WARNING:root:DHLSS / 683343024165
WARNING:root:: 2750626
WARNING:root:DHLSS / 683343019697
WARNING:root:: 2750627
WARNING:root:POST / 573689233039
WARNING:root:: 2750628
WARNING:root:DHLSS / 683343024238
WARNING:root:: 2750629
WARNING:root:DHLSS / 683343019619
WARNING:root:: 2750631
WARNING:root:DHLSS / 683343024266
WARNING:root:: 2750632
WARNING:root:Nothing found
WARNING:root:: 2750634
WARNING:root:DHLSS / 683343019580
WARNING:root:: 2750635
WARNING:root:DHLSS / 683343020515
WARNING:root:: 2750637
WARNING:root:POST / 573689232308
WARNING:root:: 2750638
WARNING:root:DHLSS / 683343024159
WARNING:root:: 2750639
WARNING:root:DHLSS / 683343024575
WARNING:root:: 2750640
WARNING:root:DHLSS / 683343024531
WARNING:root:: 2750641
WARNING:root:DHLSS / 683343021319
WARNING:root:: 2750642
WARNING:root:DHLSS / 683343021347
WARNING:root:: 2750643
WARNING:root:DHLSS / 683343024834
WARNING:root:: 2750644
WARNING:root:DHLSS / 683343021498
WARNING:root:: 2750645
WARNING:root:DHLSS / 683343021369
WARNING:root:: 2750646
WARNING:root:DHLSS / 683343024676
WARNING:root:: 2750648
WARNING:root:DHLSS / 683343024468
WARNING:root:: 2750649
WARNING:root:DHLSS / 683343024727
WARNING:root:: 2750650
WARNING:root:DHLSS / 683343024474
WARNING:root:: 2750651
WARNING:root:DHLSS / 683343021353
WARNING:root:: 2750652
WARNING:root:DHLSS / 683343023620
WARNING:root:: 2750653
WARNING:root:DHLSS / 683343019906
WARNING:root:: 2750754
WARNING:root:DHLSS / 683343003016
WARNING:root:: 2750755
WARNING:root:POST / 573689232392
WARNING:root:: 2750760
WARNING:root:DHLSS / 683343024935
WARNING:root:: 2750766
WARNING:root:DHLSS / 683343024525
WARNING:root:: 2750831
WARNING:root:DHLSS / 683343018736
WARNING:root:: 2750926
WARNING:root:DHLSS / 683343012982
WARNING:root:: 2750927
WARNING:root:DHLSS / 683343019518
WARNING:root:: 2750931
WARNING:root:DHLSS / 683343012954
WARNING:root:: 2750932
WARNING:root:DHLSS / 683343013039
WARNING:root:: 2750934
WARNING:root:DHLSS / 683343012695
WARNING:root:: 2750945
WARNING:root:DHLSS / 683343000636
WARNING:root:: 2750949
WARNING:root:Nothing found
WARNING:root:: 2750950
WARNING:root:DHLSS / 683343001907
WARNING:root:: 2750951
WARNING:root:DHLSS / 683343001569
WARNING:root:: 2750954
WARNING:root:DHLSS / 683343012673
WARNING:root:: 2750974
WARNING:root:DHLSS / 683343019007
WARNING:root:: 2751002
WARNING:root:DHLSS / 683343002278
WARNING:root:: 2751006
WARNING:root:DHLSS / 683343018950
WARNING:root:: 2751009
WARNING:root:DHLSS / 683343001424
WARNING:root:: 2751026
WARNING:root:DHLSS / 683343018562
WARNING:root:: 2751029
WARNING:root:DHLSS / 683343019192
WARNING:root:: 2751034
WARNING:root:DHLSS / 683343012926
WARNING:root:: 2751045
WARNING:root:DHLSS / 683343002329
WARNING:root:: 2751046
WARNING:root:DHLSS / 683343012645
WARNING:root:: 2751049
WARNING:root:DHLSS / 683343012651
WARNING:root:: 2751050
WARNING:root:DHLSS / 683343001941
WARNING:root:: 2751051
WARNING:root:DHLSS / 683343012617
WARNING:root:: 2751052
WARNING:root:DHLSS / 683343019300
WARNING:root:: 2751062
WARNING:root:POST / 573689232409
WARNING:root:: 2751720
WARNING:root:POST / 573689232336
WARNING:root:: 2751747
WARNING:root:DHLSS / 683343018540
WARNING:root:: 2751763
WARNING:root:DHLSS / 683343019748
WARNING:root:: 2751901
WARNING:root:POST / 573689232617
WARNING:root:: 2751958
WARNING:root:POST / 573689232673
WARNING:root:: 2751978
WARNING:root:DHLSS / 683343019259
WARNING:root:: 2752342
WARNING:root:DHLSS / 683343019445
WARNING:root:: 2752804
WARNING:root:POST / 573689232500
WARNING:root:: 2752827
WARNING:root:DHLSS / 683343020004
WARNING:root:: 2752831
WARNING:root:POST / 573689232572
WARNING:root:: 2752863
WARNING:root:POST / 573689232516
WARNING:root:: 2752938
WARNING:root:POST / 573689230211
WARNING:root:: 2752967
WARNING:root:POST / 573689232550
WARNING:root:: 2752969
WARNING:root:POST / 573689232651
WARNING:root:: 2753008
WARNING:root:DHLSS / 683343019120
WARNING:root:: 2753013
WARNING:root:POST / 573689232471
WARNING:root:: 2753049
WARNING:root:DHLSS / 683343019669
WARNING:root:: 2753139
WARNING:root:DHLSS / 683343020111
WARNING:root:: 2753192
WARNING:root:DHLSS / 683343004731
WARNING:root:: 2753206
WARNING:root:DHLSS / 683343019136
WARNING:root:: 2753208
WARNING:root:DHLSS / 683343002492
WARNING:root:: 2753212
WARNING:root:DHLSS / 683343004551
WARNING:root:: 2753213
WARNING:root:DHLSS / 683343004517
WARNING:root:: 2753215
WARNING:root:DHLSS / 683343008814
WARNING:root:: 2753216
WARNING:root:DHLSS / 683343009359
WARNING:root:: 2753218
WARNING:root:DHLSS / 683343004999
WARNING:root:: 2753219
WARNING:root:DHLSS / 683343002981
WARNING:root:: 2753220
WARNING:root:DHLSS / 683343005585
WARNING:root:: 2753228
WARNING:root:DHLSS / 683343004898
WARNING:root:: 2753229
WARNING:root:DHLSS / 683343004876
WARNING:root:: 2753230
WARNING:root:DHLSS / 683343004832
WARNING:root:: 2753232
WARNING:root:DHLSS / 683343007824
WARNING:root:: 2753233
WARNING:root:DHLSS / 683343004854
WARNING:root:: 2753235
WARNING:root:DHLSS / 683343004955
WARNING:root:: 2753238
WARNING:root:DHLSS / 683343004977
WARNING:root:: 2753241
WARNING:root:DHLSS / 683343009387
WARNING:root:: 2753242
WARNING:root:DHLSS / 683343005018
WARNING:root:: 2753248
WARNING:root:DHLSS / 683343002874
WARNING:root:2753251 not found
WARNING:root:Nothing found
WARNING:root:: 2753253
WARNING:root:DHLSS / 683343004141
WARNING:root:: 2753257
WARNING:root:DHLSS / 683343005232
WARNING:root:2753260 not found
WARNING:root:Nothing found
WARNING:root:: 2753264
WARNING:root:DHLSS / 683343004315
WARNING:root:: 2753274
WARNING:root:DHLSS / 683343003836
WARNING:root:: 2753278
WARNING:root:DHLSS / 683343003000
WARNING:root:2753286 not found
WARNING:root:Nothing found
WARNING:root:: 2753287
WARNING:root:DHLSS / 683343003044
WARNING:root:: 2753288
WARNING:root:DHLSS / 683343005490
WARNING:root:: 2753290
WARNING:root:DHLSS / 683343004472
WARNING:root:: 2753291
WARNING:root:DHLSS / 683343004668
WARNING:root:: 2753294
WARNING:root:DHLSS / 683343019978
WARNING:root:: 2753295
WARNING:root:DHLSS / 683343004882
WARNING:root:: 2753297
WARNING:root:DHLSS / 683343002436
WARNING:root:: 2753298
WARNING:root:POST / 574040009611
WARNING:root:: 2753300
WARNING:root:DHLSS / 683343002773
WARNING:root:: 2753301
WARNING:root:DHLSS / 683343002818
WARNING:root:: 2753302
WARNING:root:DHLSS / 683343005513
WARNING:root:: 2753303
WARNING:root:DHLSS / 683343003353
WARNING:root:: 2753305
WARNING:root:DHLSS / 683343004191
WARNING:root:: 2753306
WARNING:root:DHLSS / 683343003870
WARNING:root:: 2753307
WARNING:root:DHLSS / 683343005327
WARNING:root:: 2753313
WARNING:root:DHLSS / 683343005462
WARNING:root:: 2753314
WARNING:root:DHLSS / 683343006569
WARNING:root:: 2753318
WARNING:root:DHLSS / 683343005440
WARNING:root:: 2753319
WARNING:root:DHLSS / 683343006840
WARNING:root:: 2753320
WARNING:root:DHLSS / 683343005434
WARNING:root:: 2753322
WARNING:root:DHLSS / 683343004135
WARNING:root:: 2753323
WARNING:root:DHLSS / 683343005383
WARNING:root:: 2753324
WARNING:root:DHLSS / 683343005478
WARNING:root:: 2753326
WARNING:root:DHLSS / 683343006222
WARNING:root:: 2753329
WARNING:root:DHLSS / 683343005563
WARNING:root:: 2753332
WARNING:root:DHLSS / 683343006389
WARNING:root:: 2753338
WARNING:root:DHLSS / 683343005282
WARNING:root:: 2753339
WARNING:root:DHLSS / 683343005355
WARNING:root:: 2753344
WARNING:root:DHLSS / 683343005361
WARNING:root:: 2753349
WARNING:root:DHLSS / 683343005333
WARNING:root:: 2753350
WARNING:root:DHLSS / 683343009630
WARNING:root:: 2753351
WARNING:root:DHLSS / 683343005939
WARNING:root:: 2753353
WARNING:root:DHLSS / 683343010924
WARNING:root:: 2753359
WARNING:root:DHLSS / 683343004129
WARNING:root:: 2753364
WARNING:root:DHLSS / 683343007600
WARNING:root:: 2753365
WARNING:root:DHLSS / 683343006109
WARNING:root:: 2753367
WARNING:root:DHLSS / 683343004107
WARNING:root:: 2753368
WARNING:root:DHLSS / 683343009141
WARNING:root:: 2753369
WARNING:root:DHLSS / 683343004719
WARNING:root:: 2753378
WARNING:root:DHLSS / 683343004488
WARNING:root:: 2753379
WARNING:root:DHLSS / 683343009674
WARNING:root:: 2753380
WARNING:root:DHLSS / 683343005945
WARNING:root:: 2753382
WARNING:root:DHLSS / 683343006294
WARNING:root:: 2753383
WARNING:root:DHLSS / 683343006446
WARNING:root:: 2753384
WARNING:root:DHLSS / 683343004450
WARNING:root:: 2753386
WARNING:root:DHLSS / 683343006430
WARNING:root:: 2753387
WARNING:root:DHLSS / 683343005901
WARNING:root:: 2753388
WARNING:root:DHLSS / 683343006070
WARNING:root:: 2753390
WARNING:root:DHLSS / 683343004652
WARNING:root:: 2753391
WARNING:root:DHLSS / 683343004090
WARNING:root:: 2753392
WARNING:root:DHLSS / 683343006020
WARNING:root:: 2753393
WARNING:root:DHLSS / 683343004501
WARNING:root:: 2753395
WARNING:root:DHLSS / 683343004618
WARNING:root:: 2753396
WARNING:root:DHLSS / 683343004337
WARNING:root:: 2753400
WARNING:root:DHLSS / 683343004466
WARNING:root:: 2753403
WARNING:root:DHLSS / 683343008785
WARNING:root:: 2753404
WARNING:root:DHLSS / 683343006200
WARNING:root:: 2753406
WARNING:root:DHLSS / 683343019265
WARNING:root:: 2753410
WARNING:root:DHLSS / 683343005894
WARNING:root:: 2753411
WARNING:root:DHLSS / 683343008808
WARNING:root:: 2753413
WARNING:root:DHLSS / 683343019237
WARNING:root:: 2753418
WARNING:root:DHLSS / 683343019164
WARNING:root:: 2753420
WARNING:root:DHLSS / 683343004630
WARNING:root:: 2753423
WARNING:root:DHLSS / 683343004624
WARNING:root:: 2753428
WARNING:root:DHLSS / 683343005951
WARNING:root:: 2753439
WARNING:root:DHLSS / 683343006036
WARNING:root:: 2753440
WARNING:root:DHLSS / 683343018360
WARNING:root:: 2753441
WARNING:root:DHLSS / 683343004545
WARNING:root:: 2753443
WARNING:root:DHLSS / 683343006187
WARNING:root:: 2753445
WARNING:root:DHLSS / 683343005866
WARNING:root:: 2753451
WARNING:root:DHLSS / 683343004797
WARNING:root:: 2753452
WARNING:root:DHLSS / 683343004595
WARNING:root:: 2753453
WARNING:root:DHLSS / 683343004810
WARNING:root:: 2753454
WARNING:root:DHLSS / 683343006064
WARNING:root:: 2753455
WARNING:root:DHLSS / 683343019552
WARNING:root:: 2753457
WARNING:root:DHLSS / 683343008791
WARNING:root:: 2753458
WARNING:root:DHLSS / 683343004084
WARNING:root:: 2753459
WARNING:root:DHLSS / 683343006468
WARNING:root:: 2753461
WARNING:root:DHLSS / 683343003858
WARNING:root:: 2753468
WARNING:root:DHLSS / 683343004309
WARNING:root:: 2753473
WARNING:root:DHLSS / 683343004078
WARNING:root:: 2753474
WARNING:root:DHLSS / 683343003842
WARNING:root:: 2753475
WARNING:root:DHLSS / 683343004270
WARNING:root:: 2753479
WARNING:root:DHLSS / 683343004208
WARNING:root:: 2753488
WARNING:root:DHLSS / 683343004400
WARNING:root:: 2753492
WARNING:root:DHLSS / 683343005800
WARNING:root:: 2753502
WARNING:root:DHLSS / 683343004343
WARNING:root:: 2753508
WARNING:root:DHLSS / 683343004062
WARNING:root:: 2753513
WARNING:root:DHLSS / 683343002521
WARNING:root:: 2753516
WARNING:root:DHLSS / 683343004292
WARNING:root:: 2753517
WARNING:root:DHLSS / 683343003319
WARNING:root:: 2753520
WARNING:root:DHLSS / 683343004321
WARNING:root:: 2753521
WARNING:root:DHLSS / 683343004393
WARNING:root:: 2753522
WARNING:root:DHLSS / 683343004371
WARNING:root:: 2753523
WARNING:root:DHLSS / 683343003246
WARNING:root:: 2753525
WARNING:root:DHLSS / 683343004034
WARNING:root:: 2753526
WARNING:root:DHLSS / 683343003101
WARNING:root:: 2753528
WARNING:root:DHLSS / 683343006266
WARNING:root:: 2753529
WARNING:root:DHLSS / 683343004753
WARNING:root:: 2753533
WARNING:root:DHLSS / 683343004523
WARNING:root:: 2753534
WARNING:root:DHLSS / 683343004422
WARNING:root:: 2753535
WARNING:root:DHLSS / 683343004359
WARNING:root:: 2753536
WARNING:root:DHLSS / 683343010902
WARNING:root:: 2753538
WARNING:root:DHLSS / 683343004056
WARNING:root:: 2753540
WARNING:root:DHLSS / 683343004848
WARNING:root:: 2753546
WARNING:root:DHLSS / 683343006238
WARNING:root:: 2753547
WARNING:root:DHLSS / 683343006503
WARNING:root:: 2753549
WARNING:root:DHLSS / 683343004573
WARNING:root:: 2753551
WARNING:root:DHLSS / 683343006749
WARNING:root:: 2753552
WARNING:root:DHLSS / 683343003937
WARNING:root:: 2753558
WARNING:root:DHLSS / 683343004696
WARNING:root:: 2753560
WARNING:root:DHLSS / 683343004220
WARNING:root:: 2753564
WARNING:root:DHLSS / 683343004214
WARNING:root:: 2753565
WARNING:root:DHLSS / 683343004444
WARNING:root:: 2753567
WARNING:root:DHLSS / 683343004012
WARNING:root:: 2753568
WARNING:root:DHLSS / 683343005917
WARNING:root:: 2753571
WARNING:root:DHLSS / 683343004264
WARNING:root:: 2753573
WARNING:root:DHLSS / 683343004242
WARNING:root:: 2753575
WARNING:root:DHLSS / 683343003987
WARNING:root:: 2753578
WARNING:root:DHLSS / 683343004258
WARNING:root:: 2753579
WARNING:root:DHLSS / 683343004179
WARNING:root:: 2753580
WARNING:root:DHLSS / 683343004567
WARNING:root:: 2753582
WARNING:root:DHLSS / 683343004157
WARNING:root:: 2753583
WARNING:root:DHLSS / 683343004438
WARNING:root:: 2753584
WARNING:root:DHLSS / 683343006165
WARNING:root:: 2753589
WARNING:root:DHLSS / 683343003971
WARNING:root:: 2753590
WARNING:root:DHLSS / 683343005995
WARNING:root:: 2753592
WARNING:root:DHLSS / 683343003965
WARNING:root:: 2753594
WARNING:root:DHLSS / 683343005967
WARNING:root:: 2753598
WARNING:root:DHLSS / 683343006058
WARNING:root:: 2753600
WARNING:root:DHLSS / 683343003959
WARNING:root:: 2753606
WARNING:root:DHLSS / 683343007436
WARNING:root:: 2753618
WARNING:root:DHLSS / 683343006581
WARNING:root:: 2753620
WARNING:root:DHLSS / 683343006216
WARNING:root:: 2753638
WARNING:root:DHLSS / 683343006317
WARNING:root:: 2753639
WARNING:root:DHLSS / 683343007616
WARNING:root:: 2753669
WARNING:root:DHLSS / 683343003943
WARNING:root:: 2753673
WARNING:root:DHLSS / 683343006086
WARNING:root:: 2753674
WARNING:root:DHLSS / 683343006812
WARNING:root:: 2753677
WARNING:root:DHLSS / 683343006159
WARNING:root:: 2753678
WARNING:root:DHLSS / 683343018871
WARNING:root:: 2753679
WARNING:root:DHLSS / 683343018916
WARNING:root:: 2753687
WARNING:root:DHLSS / 683343020666
WARNING:root:: 2753689
WARNING:root:DHLSS / 683343006042
WARNING:root:: 2753692
WARNING:root:DHLSS / 683343003921
WARNING:root:: 2753693
WARNING:root:DHLSS / 683343005608
WARNING:root:: 2753694
WARNING:root:DHLSS / 683343018859
WARNING:root:: 2753696
WARNING:root:DHLSS / 683343019114
WARNING:root:: 2753699
WARNING:root:DHLSS / 683343005614
WARNING:root:: 2753704
WARNING:root:Nothing found
WARNING:root:: 2753707
WARNING:root:DHLSS / 683343018657
WARNING:root:: 2753708
WARNING:root:DHLSS / 683343006244
WARNING:root:: 2753711
WARNING:root:POST / 573689230104
WARNING:root:: 2753713
WARNING:root:DHLSS / 683343020638
WARNING:root:: 2753714
WARNING:root:DHLSS / 683343021218
WARNING:root:: 2753720
WARNING:root:DHLSS / 683343005737
WARNING:root:: 2753726
WARNING:root:POST / 573689230306
WARNING:root:: 2753732
WARNING:root:POST / 573689229573
WARNING:root:: 2753737
WARNING:root:POST / 573689230110
WARNING:root:: 2753738
WARNING:root:DHLSS / 683343019170
WARNING:root:: 2753742
WARNING:root:Nothing found
WARNING:root:: 2753754
WARNING:root:DHLSS / 683343005377
WARNING:root:: 2753756
WARNING:root:DHLSS / 683343005692
WARNING:root:: 2753762
WARNING:root:DHLSS / 683343009450
WARNING:root:: 2753764
WARNING:root:DHLSS / 683343009400
WARNING:root:: 2753766
WARNING:root:DHLSS / 683343005260
WARNING:root:: 2753777
WARNING:root:DHLSS / 683343005793
WARNING:root:: 2753778
WARNING:root:DHLSS / 683343005620
WARNING:root:: 2753779
WARNING:root:POST / 573689229804
WARNING:root:: 2753787
WARNING:root:POST / 573689231223
WARNING:root:: 2753791
WARNING:root:DHLSS / 683343005765
WARNING:root:: 2753793
WARNING:root:DHLSS / 683343005822
WARNING:root:: 2753796
WARNING:root:POST / 573689229905
WARNING:root:: 2753799
WARNING:root:DHLSS / 683343005428
WARNING:root:: 2753800
WARNING:root:DHLSS / 683343006092
WARNING:root:: 2753801
WARNING:root:DHLSS / 683343005591
WARNING:root:: 2753802
WARNING:root:DHLSS / 683343009438
WARNING:root:: 2753803
WARNING:root:POST / 573689231116
WARNING:root:: 2753806
WARNING:root:POST / 574040009655
WARNING:root:: 2753807
WARNING:root:POST / 573689231059
WARNING:root:: 2753808
WARNING:root:POST / 573689229753
WARNING:root:: 2753813
WARNING:root:POST / 573689229292
WARNING:root:: 2753822
WARNING:root:DHLSS / 683343006654
WARNING:root:: 2753831
WARNING:root:POST / 573689229769
WARNING:root:: 2753836
WARNING:root:DHLSS / 683343005664
WARNING:root:: 2753837
WARNING:root:DHLSS / 683343005412
WARNING:root:: 2753838
WARNING:root:POST / 574040009633
WARNING:root:: 2753840
WARNING:root:POST / 573689230019
WARNING:root:: 2753848
WARNING:root:POST / 573689229680
WARNING:root:: 2753850
WARNING:root:DHLSS / 683343006373
WARNING:root:: 2753866
WARNING:root:POST / 573689229731
WARNING:root:: 2753871
WARNING:root:POST / 573689231138
WARNING:root:: 2753873
WARNING:root:DHLSS / 683343005399
WARNING:root:: 2753874
WARNING:root:POST / 573689231093
WARNING:root:: 2753875
WARNING:root:POST / 573689229668
WARNING:root:: 2753880
WARNING:root:POST / 573689229696
WARNING:root:: 2753885
WARNING:root:POST / 573689232459
WARNING:root:: 2753887
WARNING:root:POST / 573689229652
WARNING:root:: 2753888
WARNING:root:DHLSS / 683343005305
WARNING:root:: 2753892
WARNING:root:POST / 573689232443
WARNING:root:: 2753895
WARNING:root:DHLSS / 683343006143
WARNING:root:: 2753899
WARNING:root:POST / 573689229309
WARNING:root:: 2753907
WARNING:root:POST / 573689229321
WARNING:root:: 2753909
WARNING:root:POST / 573689229315
WARNING:root:: 2753910
WARNING:root:POST / 573689229624
WARNING:root:: 2753912
WARNING:root:DHLSS / 683343005721
WARNING:root:: 2753916
WARNING:root:POST / 573689232746
WARNING:root:: 2753917
WARNING:root:POST / 573689229545
WARNING:root:: 2753919
WARNING:root:POST / 573689232140
WARNING:root:: 2753924
WARNING:root:DHLSS / 683343009236
WARNING:root:: 2753928
WARNING:root:DHLSS / 683343009804
WARNING:root:: 2753930
WARNING:root:DHLSS / 683343018528
WARNING:root:: 2753939
WARNING:root:Nothing found
WARNING:root:: 2753940
WARNING:root:DHLSS / 683343010249
WARNING:root:: 2753941
WARNING:root:POST / 573689229337
WARNING:root:: 2753942
WARNING:root:POST / 573689229999
WARNING:root:: 2753943
WARNING:root:POST / 573689229775
WARNING:root:: 2753947
WARNING:root:DHLSS / 683343005349
WARNING:root:: 2753950
WARNING:root:DHLSS / 683343019271
WARNING:root:: 2753952
WARNING:root:DHLSS / 683343004927
WARNING:root:: 2753954
WARNING:root:DHLSS / 683343005030
WARNING:root:: 2753955
WARNING:root:DHLSS / 683343005759
WARNING:root:: 2753957
WARNING:root:DHLSS / 683343005850
WARNING:root:: 2753958
WARNING:root:DHLSS / 683343004961
WARNING:root:: 2753968
WARNING:root:DHLSS / 683343004589
WARNING:root:: 2753972
WARNING:root:DHLSS / 683343004602
WARNING:root:: 2753978
WARNING:root:POST / 573689229551
WARNING:root:: 2753980
WARNING:root:DHLSS / 683343018556
WARNING:root:: 2753982
WARNING:root:POST / 573689229719
WARNING:root:: 2753988
WARNING:root:DHLSS / 683343003808
WARNING:root:: 2753994
WARNING:root:Nothing found
WARNING:root:: 2754000
WARNING:root:DHLSS / 683343005888
WARNING:root:: 2754004
WARNING:root:DHLSS / 683343005844
WARNING:root:: 2754010
WARNING:root:POST / 573689229602
WARNING:root:: 2754014
WARNING:root:POST / 573689232279
WARNING:root:: 2754018
WARNING:root:POST / 573689229567
WARNING:root:: 2754020
WARNING:root:DHLSS / 683343019631
WARNING:root:: 2754022
WARNING:root:POST / 573689229595
WARNING:root:: 2754023
WARNING:root:POST / 573689229860
WARNING:root:: 2754029
WARNING:root:DHLSS / 683343005068
WARNING:root:: 2754032
WARNING:root:POST / 573689229854
WARNING:root:: 2754034
WARNING:root:POST / 573689229343
WARNING:root:: 2754035
WARNING:root:POST / 573689229494
WARNING:root:: 2754036
WARNING:root:DHLSS / 683343005743
WARNING:root:: 2754039
WARNING:root:DHLSS / 683343005715
WARNING:root:: 2754040
WARNING:root:DHLSS / 683343005816
WARNING:root:: 2754048
WARNING:root:POST / 573689232566
WARNING:root:: 2754050
WARNING:root:DHLSS / 683343005276
WARNING:root:: 2754051
WARNING:root:DHLSS / 683343003820
WARNING:root:: 2754054
WARNING:root:DHLSS / 683343018376
WARNING:root:: 2754058
WARNING:root:DHLSS / 683343004646
WARNING:root:: 2754061
WARNING:root:POST / 573689229898
WARNING:root:: 2754065
WARNING:root:DHLSS / 683343004365
WARNING:root:: 2754067
WARNING:root:POST / 573689229618
WARNING:root:: 2754068
WARNING:root:POST / 573689229826
WARNING:root:: 2754072
WARNING:root:POST / 573689229589
WARNING:root:: 2754075
WARNING:root:DHLSS / 683343004775
WARNING:root:2754079 not found
WARNING:root:Nothing found
WARNING:root:: 2754081
WARNING:root:DHLSS / 683343004416
WARNING:root:: 2754082
WARNING:root:POST / 573689232645
WARNING:root:: 2754086
WARNING:root:POST / 573689229832
WARNING:root:: 2754088
WARNING:root:POST / 573689229747
WARNING:root:: 2754090
WARNING:root:DHLSS / 683343004387
WARNING:root:: 2754100
WARNING:root:POST / 573689229517
WARNING:root:: 2754101
WARNING:root:DHLSS / 683343004539
WARNING:root:: 2754102
WARNING:root:POST / 573689231009
WARNING:root:: 2754105
WARNING:root:POST / 573689230980
WARNING:root:: 2754113
WARNING:root:DHLSS / 683343019142
WARNING:root:: 2754117
WARNING:root:POST / 573689230390
WARNING:root:: 2754121
WARNING:root:POST / 573689230378
WARNING:root:: 2754123
WARNING:root:DHLSS / 683343005080
WARNING:root:: 2754124
WARNING:root:POST / 573689229703
WARNING:root:: 2754126
WARNING:root:DHLSS / 683343005024
WARNING:root:: 2754129
WARNING:root:POST / 573689230356
WARNING:root:: 2754130
WARNING:root:POST / 574040009627
WARNING:root:: 2754131
WARNING:root:POST / 573689229501
WARNING:root:: 2754133
WARNING:root:DHLSS / 683343005125
WARNING:root:: 2754137
WARNING:root:POST / 573689230312
WARNING:root:: 2754141
WARNING:root:POST / 573689232594
WARNING:root:: 2754142
WARNING:root:POST / 573689230277
WARNING:root:: 2754146
WARNING:root:POST / 573689230328
WARNING:root:: 2754155
WARNING:root:DHLSS / 683343004949
WARNING:root:: 2754161
WARNING:root:DHLSS / 683343003864
WARNING:root:: 2754163
WARNING:root:DHLSS / 683343005002
WARNING:root:: 2754168
WARNING:root:POST / 573689229927
WARNING:root:: 2754172
WARNING:root:POST / 573689232364
WARNING:root:: 2754173
WARNING:root:POST / 573689231087
WARNING:root:: 2754176
WARNING:root:POST / 573689231071
WARNING:root:: 2754179
WARNING:root:POST / 573689229630
WARNING:root:: 2754183
WARNING:root:DHLSS / 683343020379
WARNING:root:: 2754186
WARNING:root:DHLSS / 683343006250
WARNING:root:: 2754194
WARNING:root:POST / 573689232538
WARNING:root:: 2754199
WARNING:root:POST / 573689229911
WARNING:root:: 2754201
WARNING:root:DHLSS / 683343003909
WARNING:root:: 2754202
WARNING:root:DHLSS / 683343005838
WARNING:root:: 2754210
WARNING:root:POST / 573689229933
WARNING:root:: 2754211
WARNING:root:POST / 573689229961
WARNING:root:: 2754214
WARNING:root:POST / 573689232522
WARNING:root:: 2754218
WARNING:root:POST / 573689230255
WARNING:root:: 2754219
WARNING:root:POST / 573689230075
WARNING:root:: 2754221
WARNING:root:DHLSS / 683343005670
WARNING:root:: 2754222
WARNING:root:POST / 573689230249
WARNING:root:: 2754223
WARNING:root:DHLSS / 683343005658
WARNING:root:: 2754230
WARNING:root:POST / 573689230261
WARNING:root:: 2754237
WARNING:root:POST / 573689231065
WARNING:root:: 2754243
WARNING:root:POST / 573689232544
WARNING:root:: 2754244
WARNING:root:DHLSS / 683343005311
WARNING:root:: 2754248
WARNING:root:POST / 573689232639
WARNING:root:: 2754251
WARNING:root:DHLSS / 683343005298
WARNING:root:: 2754254
WARNING:root:DHLSS / 683343005046
WARNING:root:: 2754256
WARNING:root:POST / 573689229955
WARNING:root:: 2754258
WARNING:root:POST / 573689229359
WARNING:root:: 2754259
WARNING:root:POST / 573689230025
WARNING:root:: 2754264
WARNING:root:POST / 573689230031
WARNING:root:: 2754265
WARNING:root:POST / 573689230233
WARNING:root:: 2754267
WARNING:root:DHLSS / 683343006008
WARNING:root:: 2754275
WARNING:root:DHLSS / 683343003915
WARNING:root:: 2754277
WARNING:root:POST / 574040009677
WARNING:root:: 2754279
WARNING:root:POST / 573689230227
WARNING:root:: 2754282
WARNING:root:DHLSS / 683343005973
WARNING:root:: 2754283
WARNING:root:DHLSS / 683343005989
WARNING:root:: 2754286
WARNING:root:POST / 573689230047
WARNING:root:: 2754290
WARNING:root:DHLSS / 683343005923
WARNING:root:: 2754293
WARNING:root:DHLSS / 683343006014
WARNING:root:: 2754296
WARNING:root:POST / 574040009683
WARNING:root:: 2754299
WARNING:root:DHLSS / 683343005507
WARNING:root:: 2754304
WARNING:root:POST / 573689230003
WARNING:root:: 2754306
WARNING:root:DHLSS / 683343005484
WARNING:root:: 2754307
WARNING:root:DHLSS / 683343005529
WARNING:root:: 2754308
WARNING:root:POST / 574040009649
WARNING:root:: 2754311
WARNING:root:DHLSS / 683343005204
WARNING:root:: 2754316
WARNING:root:DHLSS / 683343005771
WARNING:root:: 2754320
WARNING:root:DHLSS / 683343005541
WARNING:root:: 2754324
WARNING:root:DHLSS / 683343005181
WARNING:root:: 2754326
WARNING:root:DHLSS / 683343005557
WARNING:root:: 2754328
WARNING:root:DHLSS / 683343005197
WARNING:root:: 2754332
WARNING:root:DHLSS / 683343005169
WARNING:root:: 2754334
WARNING:root:DHLSS / 683343005406
WARNING:root:: 2754340
WARNING:root:DHLSS / 683343005131
WARNING:root:: 2754343
WARNING:root:DHLSS / 683343005175
WARNING:root:: 2754344
WARNING:root:POST / 573689230160
WARNING:root:: 2754355
WARNING:root:DHLSS / 683343019603
WARNING:root:: 2754357
WARNING:root:POST / 573689231419
WARNING:root:: 2754359
WARNING:root:DHLSS / 683343019675
WARNING:root:: 2754362
WARNING:root:DHLSS / 683343006115
WARNING:root:: 2754364
WARNING:root:DHLSS / 683343005636
WARNING:root:: 2754370
WARNING:root:DHLSS / 683343005254
WARNING:root:: 2754371
WARNING:root:DHLSS / 683343006171
WARNING:root:: 2754373
WARNING:root:POST / 574040009661
WARNING:root:: 2754380
WARNING:root:DHLSS / 683343005642
WARNING:root:: 2754383
WARNING:root:DHLSS / 683343005787
WARNING:root:: 2754385
WARNING:root:DHLSS / 683343005709
WARNING:root:: 2754388
WARNING:root:DHLSS / 683343019877
WARNING:root:: 2754390
WARNING:root:DHLSS / 683343008741
WARNING:root:: 2754391
WARNING:root:DHLSS / 683343008757
WARNING:root:: 2754394
WARNING:root:DHLSS / 683343014580
WARNING:root:: 2754395
WARNING:root:DHLSS / 683343008842
WARNING:root:: 2754399
WARNING:root:DHLSS / 683343008959
WARNING:root:: 2754402
WARNING:root:DHLSS / 683343008858
WARNING:root:: 2754403
WARNING:root:DHLSS / 683343019524
WARNING:root:: 2754409
WARNING:root:DHLSS / 683343008836
WARNING:root:: 2754412
WARNING:root:DHLSS / 683343008779
WARNING:root:: 2754420
WARNING:root:POST / 574040009706
WARNING:root:: 2754428
WARNING:root:DHLSS / 683343008965
WARNING:root:: 2754433
WARNING:root:DHLSS / 683343009040
WARNING:root:: 2754434
WARNING:root:DHLSS / 683343018764
WARNING:root:: 2754435
WARNING:root:DHLSS / 683343008886
WARNING:root:: 2754436
WARNING:root:DHLSS / 683343008864
WARNING:root:: 2754437
WARNING:root:DHLSS / 683343018893
WARNING:root:: 2754438
WARNING:root:DHLSS / 683343008909
WARNING:root:: 2754441
WARNING:root:POST / 574040009712
WARNING:root:: 2754448
WARNING:root:DHLSS / 683343008870
WARNING:root:: 2754451
WARNING:root:DHLSS / 683343009012
WARNING:root:: 2754453
WARNING:root:DHLSS / 683343008915
WARNING:root:: 2754459
WARNING:root:DHLSS / 683343018613
WARNING:root:: 2754460
WARNING:root:DHLSS / 683343019063
WARNING:root:: 2754461
WARNING:root:DHLSS / 683343008892
WARNING:root:: 2754465
WARNING:root:DHLSS / 683343008921
WARNING:root:: 2754467
WARNING:root:DHLSS / 683343013590
WARNING:root:: 2754469
WARNING:root:DHLSS / 683343014653
WARNING:root:: 2754526
WARNING:root:DHLSS / 683343014625
WARNING:root:: 2754564
WARNING:root:DHLSS / 683343013994
WARNING:root:: 2754568
WARNING:root:DHLSS / 683343018590
WARNING:root:give token
WARNING:root:give token
WARNING:root:give token
WARNING:root:give token
WARNING:root:give token
WARNING:root:: 2738177
WARNING:root:TOFND / 449800001551770014951597
WARNING:root:: 2757999
WARNING:root:POST / 906495760253
WARNING:root:: 2758615
WARNING:root:UPS 1 / 1Z9353566812401827
WARNING:root:: 2759196
WARNING:root:DBP / 906495767615
WARNING:root:: 2761645
WARNING:root:TOFND / 449800001585660014929690
WARNING:root:: 2759082
WARNING:root:TOFND / 449800001577530014955566
WARNING:root:: 2759758
WARNING:root:POST / 906495769730
WARNING:root:: 2761677
WARNING:root:DBP / 906495773347
WARNING:root:: 2758763
WARNING:root:DPD / 001635601905003287871101276D
WARNING:root:2737349 not found
WARNING:root:Nothing found
WARNING:root:: 2759913
WARNING:root:TOFND / 449800001580520014997353
WARNING:root:: 2758471
WARNING:root:DBP / 906495767766
WARNING:root:: 2759744
WARNING:root:TOFND / 449800001580490014935510
WARNING:root:: 2758998
WARNING:root:TOF / 449800001576070014935075
WARNING:root:2739400 not found
WARNING:root:Nothing found
WARNING:root:: 2761215
WARNING:root:POST / 906495773404
WARNING:root:give token
WARNING:root:DHLSS / 572121916515
WARNING:root:POST / 573689203828
WARNING:root:DHLSS / 572121920605
WARNING:root:POST / 573689204284
WARNING:root:DHLSS / 572121919535
WARNING:root:Nothing found
WARNING:root:DHLSS / 572121933272
WARNING:root:DHLSS / 572121920879
WARNING:root:Nothing found
WARNING:root:DHLSS / 572121934010
WARNING:root:DHLSS / 572121929249
WARNING:root:DHLSS / 572121935088
WARNING:root:Nothing found
WARNING:root:DHLSS / 572121947609
WARNING:root:Nothing found
WARNING:root:DHLSS / 572121936078
WARNING:root:DHLSS / 572121936090
WARNING:root:DHLSS / 572121936084
WARNING:root:Nothing found
WARNING:root:Nothing found
WARNING:root:DHLSS / 572121930965
WARNING:root:Nothing found
WARNING:root:Nothing found
WARNING:root:Nothing found
WARNING:root:DHLSS / 572121949522
WARNING:root:DHLSS / 572121950507
WARNING:root:DHLSS / 572121948087
WARNING:root:DHLSS / 572121949409
WARNING:root:POST / 573689215944
WARNING:root:DHLSS / 572121951266
WARNING:root:Nothing found
WARNING:root:give token
WARNING:root:DHLSS / 572121951862
WARNING:root:Nothing found
WARNING:root:Nothing found
WARNING:root:Nothing found
WARNING:root:Nothing found
WARNING:root:Nothing found
WARNING:root:Nothing found
WARNING:root:Nothing found
WARNING:root:Nothing found
WARNING:root:Nothing found
WARNING:root:DHLSS / 572121951878
WARNING:root:Nothing found
WARNING:root:Nothing found
WARNING:root:Nothing found
WARNING:root:Nothing found
WARNING:root:Nothing found
WARNING:root:Nothing found
WARNING:root:Nothing found
WARNING:root:Nothing found
WARNING:root:Nothing found
WARNING:root:Nothing found
WARNING:root:Nothing found
WARNING:root:Nothing found
WARNING:root:Nothing found
WARNING:root:Nothing found
WARNING:root:Nothing found
WARNING:root:Nothing found
WARNING:root:Nothing found
WARNING:root:Nothing found
WARNING:root:Nothing found
WARNING:root:Nothing found
WARNING:root:Nothing found
WARNING:root:Nothing found
WARNING:root:Nothing found
WARNING:root:Nothing found
WARNING:root:Nothing found
WARNING:root:Nothing found
WARNING:root:Nothing found
WARNING:root:UPSES / FREMD-0426968
WARNING:root:Nothing found
WARNING:root:Nothing found
WARNING:root:Nothing found
WARNING:root:Nothing found
WARNING:root:Nothing found
WARNING:root:Nothing found
WARNING:root:Nothing found
WARNING:root:Nothing found
WARNING:root:Nothing found
WARNING:root:Nothing found
WARNING:root:Nothing found
WARNING:root:Nothing found
WARNING:root:Nothing found
WARNING:root:Nothing found
WARNING:root:POST / 573689218655
WARNING:root:Nothing found
WARNING:root:DHLSS / 572121955664
WARNING:root:DHLSS / 572121958599
WARNING:root:Nothing found
WARNING:root:DHLSS / 572121957931
WARNING:root:DHLSS / 572121959602
WARNING:root:DHLSS / 572121960356
WARNING:root:Nothing found
WARNING:root:DHLSS / 572121961043
WARNING:root:Nothing found
WARNING:root:DHLSS / 572121959961
WARNING:root:Nothing found
WARNING:root:DHLSS / 572121986001
WARNING:root:DHLSS / 572121984908
WARNING:root:Nothing found
WARNING:root:Nothing found
WARNING:root:DHLSS / 572121984835
WARNING:root:DHLSS / 572121984829
WARNING:root:DHLSS / 572121995961
WARNING:root:DHLSS / 572121995977
WARNING:root:DHLSS / 683343024171
WARNING:root:DHLSS / 683343024288
WARNING:root:DHLSS / 683343019653
WARNING:root:DHLSS / 57212100301
WARNING:root:Nothing found
WARNING:root:DHLSS / 57212100592
WARNING:root:POST / 573689227745
WARNING:root:POST / 573689227638
WARNING:root:POST / 573689227723
WARNING:root:POST / 573689227739
WARNING:root:POST / 573689227672
WARNING:root:POST / 573689227717
WARNING:root:POST / 573689227701
WARNING:root:POST / 573689227688
WARNING:root:POST / 573689227644
WARNING:root:POST / 573689227650
WARNING:root:POST / 573689227492
WARNING:root:POST / 573689227509
WARNING:root:DHLSS / 572121995955
WARNING:root:DHLSS / 572121995983
WARNING:root:POST / 573689227515
WARNING:root:POST / 573689227666
WARNING:root:DHLSS / 572121995854
WARNING:root:POST / 573689227694
WARNING:root:POST / 573689227593
WARNING:root:POST / 573689227486
WARNING:root:POST / 573689227622
WARNING:root:POST / 573689227600
WARNING:root:POST / 573689227616
WARNING:root:DHLSS / 57212100227
WARNING:root:DHLSS / 572121995949
WARNING:root:DHLSS / 572121995999
WARNING:root:DHLSS / 572121995860
WARNING:root:DHLSS / 572121995876
WARNING:root:DHLSS / 572121995882
WARNING:root:DHLSS / 572121995898
WARNING:root:DHLSS / 572121995905
WARNING:root:DHLSS / 572121995911
WARNING:root:DHLSS / 572121995826
WARNING:root:DHLSS / 572121995832
WARNING:root:DHLSS / 572121996002
WARNING:root:DHLSS / 572121995804
WARNING:root:DHLSS / 572121995797
WARNING:root:DHLSS / 572121995753
WARNING:root:DHLSS / 572121995769
WARNING:root:Nothing found
WARNING:root:DHLSS / 572121995810
WARNING:root:DHLSS / 572121995725
WARNING:root:DHLSS / 572121995731
WARNING:root:DHLSS / 572121995747
WARNING:root:DHLSS / 572121995719
WARNING:root:DHLSS / 572121995703
WARNING:root:DHLSS / 572121995775
WARNING:root:DHLSS / 572121995674
WARNING:root:DHLSS / 572121995933
WARNING:root:POST / 573689227543
WARNING:root:POST / 573689227559
WARNING:root:POST / 573689227470
WARNING:root:DHLSS / 572121995668
WARNING:root:POST / 573689227571
WARNING:root:POST / 573689227537
WARNING:root:POST / 573689227464
WARNING:root:DHLSS / 572121995680
WARNING:root:DHLSS / 572121995696
WARNING:root:DHLSS / 57212100525
WARNING:root:DHLSS / 57212100496
WARNING:root:DHLSS / 57212100536
WARNING:root:DHLSS / 57212100609
WARNING:root:DHLSS / 572121996232
WARNING:root:DHLSS / 572121996305
WARNING:root:DHLSS / 572121996204
WARNING:root:DHLSS / 572121996254
WARNING:root:DHLSS / 572121996282
WARNING:root:DHLSS / 572121996248
WARNING:root:DHLSS / 572121996327
WARNING:root:DHLSS / 572121996333
WARNING:root:DHLSS / 572121996311
WARNING:root:DHLSS / 683343009517
WARNING:root:DHLSS / 572121996260
WARNING:root:DHLSS / 683343009466
WARNING:root:DHLSS / 572121996210
WARNING:root:DHLSS / 572121996276
WARNING:root:DHLSS / 683343009286
WARNING:root:DHLSS / 683343014041
WARNING:root:DHLSS / 683343019568
WARNING:root:DHLSS / 683343024604
WARNING:root:DHLSS / 683343024907
WARNING:root:DHLSS / 683343024884
WARNING:root:DHLSS / 683343020391
WARNING:root:DHLSS / 683343024991
WARNING:root:DHLSS / 683343024373
WARNING:root:DHLSS / 683343025010
WARNING:root:DHLSS / 683343025054
WARNING:root:DHLSS / 683343024941
WARNING:root:DHLSS / 683343025032
WARNING:root:Nothing found
WARNING:root:DHLSS / 683343025098
WARNING:root:DHLSS / 683343025048
WARNING:root:DHLSS / 683343025060
WARNING:root:DHLSS / 683343025082
WARNING:root:Nothing found
WARNING:root:DHLSS / 683343024963
WARNING:root:DHLSS / 683343024913
WARNING:root:DHLSS / 683343024985
WARNING:root:DHLSS / 683343010996
WARNING:root:DHLSS / 683343024979
WARNING:root:Nothing found
WARNING:root:Nothing found
WARNING:root:Nothing found
WARNING:root:Nothing found
WARNING:root:Nothing found
WARNING:root:Nothing found
WARNING:root:Nothing found
WARNING:root:Nothing found
WARNING:root:Nothing found
WARNING:root:DHLSS / 683343024272
WARNING:root:DHLSS / 683343009472
WARNING:root:DHLSS / 683343016790
WARNING:root:DHLSS / 683343016857
WARNING:root:DHLSS / 683343007414
WARNING:root:DHLSS / 683343010069
WARNING:root:DHLSS / 683343010081
WARNING:root:DHLSS / 683343011914
WARNING:root:Nothing found
WARNING:root:DHLSS / 683343006777
WARNING:root:DHLSS / 683343020622
WARNING:root:DHLSS / 683343020846
WARNING:root:DHLSS / 683343009337
WARNING:root:DHLSS / 683343020975
WARNING:root:DHLSS / 683343020969
WARNING:root:DHLSS / 683343009652
WARNING:root:DHLSS / 683343017213
WARNING:root:DHLSS / 683343009488
WARNING:root:DHLSS / 683343009321
WARNING:root:DHLSS / 683343016958
WARNING:root:Nothing found
WARNING:root:Nothing found
WARNING:root:Nothing found
WARNING:root:Nothing found
WARNING:root:Nothing found
WARNING:root:Nothing found
WARNING:root:Nothing found
WARNING:root:Nothing found
WARNING:root:Nothing found
WARNING:root:Nothing found
WARNING:root:Nothing found
WARNING:root:Nothing found
WARNING:root:Nothing found
WARNING:root:Nothing found
WARNING:root:Nothing found
WARNING:root:give token
WARNING:root:give token
WARNING:root:2765848 not found
WARNING:root:Nothing found
WARNING:root:2765733 not found
WARNING:root:Nothing found
WARNING:root:2765637 not found
WARNING:root:Nothing found
WARNING:root:2764006 not found
WARNING:root:Nothing found
WARNING:root:2764005 not found
WARNING:root:Nothing found
WARNING:root:2764002 not found
WARNING:root:Nothing found
WARNING:root:2764001 not found
WARNING:root:Nothing found
WARNING:root:2763927 not found
WARNING:root:Nothing found
WARNING:root:2763914 not found
WARNING:root:Nothing found
WARNING:root:2763913 not found
WARNING:root:Nothing found
WARNING:root:2763912 not found
WARNING:root:Nothing found
WARNING:root:2763908 not found
WARNING:root:Nothing found
WARNING:root:2763900 not found
WARNING:root:Nothing found
WARNING:root:2763898 not found
WARNING:root:Nothing found
WARNING:root:2763897 not found
WARNING:root:Nothing found
WARNING:root:2763896 not found
WARNING:root:Nothing found
WARNING:root:2763894 not found
WARNING:root:Nothing found
WARNING:root:2763893 not found
WARNING:root:Nothing found
WARNING:root:2763891 not found
WARNING:root:Nothing found
WARNING:root:2763890 not found
WARNING:root:Nothing found
WARNING:root:2763889 not found
WARNING:root:Nothing found
WARNING:root:: 2763886
WARNING:root:DHLSS / 683343050647
WARNING:root:: 2763873
WARNING:root:DHLSS / 683343050603
WARNING:root:2763866 not found
WARNING:root:Nothing found
WARNING:root:2763856 not found
WARNING:root:Nothing found
WARNING:root:: 2763482
WARNING:root:DHLSS / 683343049791
WARNING:root:2763182 not found
WARNING:root:Nothing found
WARNING:root:: 2763113
WARNING:root:DHLSS / 683343048723
WARNING:root:2761651 not found
WARNING:root:Nothing found
WARNING:root:: 2761120
WARNING:root:POST / 574040009863
WARNING:root:: 2750637
WARNING:root:POST / 573689232308
WARNING:root:: 2749687
WARNING:root:POST / 573689230429
WARNING:root:: 2749686
WARNING:root:POST / 573689230413
WARNING:root:: 2749685
WARNING:root:POST / 573689230441
WARNING:root:2749554 not found
WARNING:root:Nothing found
WARNING:root:: 2726771
WARNING:root:POST / 573689190047
WARNING:root:: 2718877
WARNING:root:POST / 573689173734
WARNING:root:give token
WARNING:root:2764005 not found
WARNING:root:Nothing found
WARNING:root:2763914 not found
WARNING:root:Nothing found
WARNING:root:2763896 not found
WARNING:root:Nothing found
WARNING:root:: 2763886
WARNING:root:DHLSS / 683343050647
WARNING:root:: 2763873
WARNING:root:DHLSS / 683343050603
WARNING:root:2763856 not found
WARNING:root:Nothing found
WARNING:root:2763716 not found
WARNING:root:Nothing found
WARNING:root:: 2763482
WARNING:root:DHLSS / 683343049791
WARNING:root:2763182 not found
WARNING:root:Nothing found
WARNING:root:: 2763113
WARNING:root:DHLSS / 683343048723
WARNING:root:: 2761120
WARNING:root:POST / 574040009863
WARNING:root:2752741 not found
WARNING:root:Nothing found
WARNING:root:: 2750637
WARNING:root:POST / 573689232308
WARNING:root:: 2749687
WARNING:root:POST / 573689230429
WARNING:root:: 2749686
WARNING:root:POST / 573689230413
WARNING:root:: 2749685
WARNING:root:POST / 573689230441
WARNING:root:2749554 not found
WARNING:root:Nothing found
WARNING:root:2745776 not found
WARNING:root:Nothing found
WARNING:root:2745776 not found
WARNING:root:Nothing found
WARNING:root:2745776 not found
WARNING:root:Nothing found
WARNING:root:: 2726771
WARNING:root:POST / 573689190047
WARNING:root:: 2718877
WARNING:root:POST / 573689173734
WARNING:root:give token
WARNING:root:2767594 not found
WARNING:root:Nothing found
WARNING:root:2767437 not found
WARNING:root:Nothing found
WARNING:root:2767110 not found
WARNING:root:Nothing found
WARNING:root:2767075 not found
WARNING:root:Nothing found
WARNING:root:2767074 not found
WARNING:root:Nothing found
WARNING:root:2767052 not found
WARNING:root:Nothing found
WARNING:root:2767051 not found
WARNING:root:Nothing found
WARNING:root:2767050 not found
WARNING:root:Nothing found
WARNING:root:2767049 not found
WARNING:root:Nothing found
WARNING:root:2767048 not found
WARNING:root:Nothing found
WARNING:root:2767046 not found
WARNING:root:Nothing found
WARNING:root:2767044 not found
WARNING:root:Nothing found
WARNING:root:2767043 not found
WARNING:root:Nothing found
WARNING:root:2767033 not found
WARNING:root:Nothing found
WARNING:root:2767031 not found
WARNING:root:Nothing found
WARNING:root:2767030 not found
WARNING:root:Nothing found
WARNING:root:2767029 not found
WARNING:root:Nothing found
WARNING:root:2767028 not found
WARNING:root:Nothing found
WARNING:root:2767027 not found
WARNING:root:Nothing found
WARNING:root:2767026 not found
WARNING:root:Nothing found
WARNING:root:2767025 not found
WARNING:root:Nothing found
WARNING:root:2767022 not found
WARNING:root:Nothing found
WARNING:root:2767021 not found
WARNING:root:Nothing found
WARNING:root:2767020 not found
WARNING:root:Nothing found
WARNING:root:2767015 not found
WARNING:root:Nothing found
WARNING:root:2767014 not found
WARNING:root:Nothing found
WARNING:root:2767013 not found
WARNING:root:Nothing found
WARNING:root:2767011 not found
WARNING:root:Nothing found
WARNING:root:2767010 not found
WARNING:root:Nothing found
WARNING:root:2767009 not found
WARNING:root:Nothing found
WARNING:root:2767008 not found
WARNING:root:Nothing found
WARNING:root:2767007 not found
WARNING:root:Nothing found
WARNING:root:2767006 not found
WARNING:root:Nothing found
WARNING:root:2767005 not found
WARNING:root:Nothing found
WARNING:root:2767004 not found
WARNING:root:Nothing found
WARNING:root:2767003 not found
WARNING:root:Nothing found
WARNING:root:2767001 not found
WARNING:root:Nothing found
WARNING:root:2767000 not found
WARNING:root:Nothing found
WARNING:root:2766997 not found
WARNING:root:Nothing found
WARNING:root:2766998 not found
WARNING:root:Nothing found
WARNING:root:2766995 not found
WARNING:root:Nothing found
WARNING:root:2766994 not found
WARNING:root:Nothing found
WARNING:root:2766993 not found
WARNING:root:Nothing found
WARNING:root:2766992 not found
WARNING:root:Nothing found
WARNING:root:2766991 not found
WARNING:root:Nothing found
WARNING:root:2766990 not found
WARNING:root:Nothing found
WARNING:root:2766989 not found
WARNING:root:Nothing found
WARNING:root:2766985 not found
WARNING:root:Nothing found
WARNING:root:2766983 not found
WARNING:root:Nothing found
WARNING:root:2766981 not found
WARNING:root:Nothing found
WARNING:root:2766980 not found
WARNING:root:Nothing found
WARNING:root:2766979 not found
WARNING:root:Nothing found
WARNING:root:2766977 not found
WARNING:root:Nothing found
WARNING:root:2766976 not found
WARNING:root:Nothing found
WARNING:root:2766975 not found
WARNING:root:Nothing found
WARNING:root:2766973 not found
WARNING:root:Nothing found
WARNING:root:2766972 not found
WARNING:root:Nothing found
WARNING:root:2766971 not found
WARNING:root:Nothing found
WARNING:root:2766970 not found
WARNING:root:Nothing found
WARNING:root:2766969 not found
WARNING:root:Nothing found
WARNING:root:2766968 not found
WARNING:root:Nothing found
WARNING:root:2766966 not found
WARNING:root:Nothing found
WARNING:root:2766965 not found
WARNING:root:Nothing found
WARNING:root:2766964 not found
WARNING:root:Nothing found
WARNING:root:2766960 not found
WARNING:root:Nothing found
WARNING:root:2766958 not found
WARNING:root:Nothing found
WARNING:root:2766957 not found
WARNING:root:Nothing found
WARNING:root:2766942 not found
WARNING:root:Nothing found
WARNING:root:2766940 not found
WARNING:root:Nothing found
WARNING:root:2766939 not found
WARNING:root:Nothing found
WARNING:root:2766938 not found
WARNING:root:Nothing found
WARNING:root:2766937 not found
WARNING:root:Nothing found
WARNING:root:2766930 not found
WARNING:root:Nothing found
WARNING:root:2766929 not found
WARNING:root:Nothing found
WARNING:root:2766928 not found
WARNING:root:Nothing found
WARNING:root:2766924 not found
WARNING:root:Nothing found
WARNING:root:2766922 not found
WARNING:root:Nothing found
WARNING:root:2766921 not found
WARNING:root:Nothing found
WARNING:root:2766919 not found
WARNING:root:Nothing found
WARNING:root:2766917 not found
WARNING:root:Nothing found
WARNING:root:2766916 not found
WARNING:root:Nothing found
WARNING:root:2766910 not found
WARNING:root:Nothing found
WARNING:root:2766906 not found
WARNING:root:Nothing found
WARNING:root:2766905 not found
WARNING:root:Nothing found
WARNING:root:2766902 not found
WARNING:root:Nothing found
WARNING:root:2766901 not found
WARNING:root:Nothing found
WARNING:root:2766900 not found
WARNING:root:Nothing found
WARNING:root:2766899 not found
WARNING:root:Nothing found
WARNING:root:2766897 not found
WARNING:root:Nothing found
WARNING:root:2766896 not found
WARNING:root:Nothing found
WARNING:root:2766895 not found
WARNING:root:Nothing found
WARNING:root:2766894 not found
WARNING:root:Nothing found
WARNING:root:2766893 not found
WARNING:root:Nothing found
WARNING:root:2766890 not found
WARNING:root:Nothing found
WARNING:root:2766889 not found
WARNING:root:Nothing found
WARNING:root:2766888 not found
WARNING:root:Nothing found
WARNING:root:2766887 not found
WARNING:root:Nothing found
WARNING:root:2766886 not found
WARNING:root:Nothing found
WARNING:root:2766884 not found
WARNING:root:Nothing found
WARNING:root:2766880 not found
WARNING:root:Nothing found
WARNING:root:2766879 not found
WARNING:root:Nothing found
WARNING:root:2766878 not found
WARNING:root:Nothing found
WARNING:root:2766877 not found
WARNING:root:Nothing found
WARNING:root:2766876 not found
WARNING:root:Nothing found
WARNING:root:2766875 not found
WARNING:root:Nothing found
WARNING:root:2766874 not found
WARNING:root:Nothing found
WARNING:root:2766873 not found
WARNING:root:Nothing found
WARNING:root:2766872 not found
WARNING:root:Nothing found
WARNING:root:2766871 not found
WARNING:root:Nothing found
WARNING:root:2766870 not found
WARNING:root:Nothing found
WARNING:root:2766868 not found
WARNING:root:Nothing found
WARNING:root:2766866 not found
WARNING:root:Nothing found
WARNING:root:2766865 not found
WARNING:root:Nothing found
WARNING:root:2766864 not found
WARNING:root:Nothing found
WARNING:root:2766863 not found
WARNING:root:Nothing found
WARNING:root:2766862 not found
WARNING:root:Nothing found
WARNING:root:2766861 not found
WARNING:root:Nothing found
WARNING:root:2766860 not found
WARNING:root:Nothing found
WARNING:root:2766859 not found
WARNING:root:Nothing found
WARNING:root:2766858 not found
WARNING:root:Nothing found
WARNING:root:2766857 not found
WARNING:root:Nothing found
WARNING:root:2766855 not found
WARNING:root:Nothing found
WARNING:root:2766853 not found
WARNING:root:Nothing found
WARNING:root:2766848 not found
WARNING:root:Nothing found
WARNING:root:2766847 not found
WARNING:root:Nothing found
WARNING:root:2766846 not found
WARNING:root:Nothing found
WARNING:root:2766845 not found
WARNING:root:Nothing found
WARNING:root:2766842 not found
WARNING:root:Nothing found
WARNING:root:2766841 not found
WARNING:root:Nothing found
WARNING:root:2766839 not found
WARNING:root:Nothing found
WARNING:root:2766838 not found
WARNING:root:Nothing found
WARNING:root:2766837 not found
WARNING:root:Nothing found
WARNING:root:2766836 not found
WARNING:root:Nothing found
WARNING:root:2766834 not found
WARNING:root:Nothing found
WARNING:root:2766835 not found
WARNING:root:Nothing found
WARNING:root:2766833 not found
WARNING:root:Nothing found
WARNING:root:2766832 not found
WARNING:root:Nothing found
WARNING:root:2766831 not found
WARNING:root:Nothing found
WARNING:root:2766829 not found
WARNING:root:Nothing found
WARNING:root:2766827 not found
WARNING:root:Nothing found
WARNING:root:2766826 not found
WARNING:root:Nothing found
WARNING:root:2766823 not found
WARNING:root:Nothing found
WARNING:root:: 2766822
WARNING:root:Nothing found
WARNING:root:2766816 not found
WARNING:root:Nothing found
WARNING:root:2766813 not found
WARNING:root:Nothing found
WARNING:root:2766812 not found
WARNING:root:Nothing found
WARNING:root:2766811 not found
WARNING:root:Nothing found
WARNING:root:2766806 not found
WARNING:root:Nothing found
WARNING:root:2766804 not found
WARNING:root:Nothing found
WARNING:root:2766803 not found
WARNING:root:Nothing found
WARNING:root:2766800 not found
WARNING:root:Nothing found
WARNING:root:2766798 not found
WARNING:root:Nothing found
WARNING:root:2766797 not found
WARNING:root:Nothing found
WARNING:root:2766795 not found
WARNING:root:Nothing found
WARNING:root:2766794 not found
WARNING:root:Nothing found
WARNING:root:2766793 not found
WARNING:root:Nothing found
WARNING:root:2766792 not found
WARNING:root:Nothing found
WARNING:root:2766790 not found
WARNING:root:Nothing found
WARNING:root:2766789 not found
WARNING:root:Nothing found
WARNING:root:2766788 not found
WARNING:root:Nothing found
WARNING:root:2766787 not found
WARNING:root:Nothing found
WARNING:root:2766784 not found
WARNING:root:Nothing found
WARNING:root:2766782 not found
WARNING:root:Nothing found
WARNING:root:2766780 not found
WARNING:root:Nothing found
WARNING:root:2766779 not found
WARNING:root:Nothing found
WARNING:root:give token
WARNING:root:2767925 not found
WARNING:root:Nothing found
WARNING:root:2767923 not found
WARNING:root:Nothing found
WARNING:root:2767922 not found
WARNING:root:Nothing found
WARNING:root:2767921 not found
WARNING:root:Nothing found
WARNING:root:2767917 not found
WARNING:root:Nothing found
WARNING:root:2767914 not found
WARNING:root:Nothing found
WARNING:root:2767908 not found
WARNING:root:Nothing found
WARNING:root:2767902 not found
WARNING:root:Nothing found
WARNING:root:2767900 not found
WARNING:root:Nothing found
WARNING:root:2767899 not found
WARNING:root:Nothing found
WARNING:root:2767897 not found
WARNING:root:Nothing found
WARNING:root:2767895 not found
WARNING:root:Nothing found
WARNING:root:2767894 not found
WARNING:root:Nothing found
WARNING:root:2767893 not found
WARNING:root:Nothing found
WARNING:root:2767890 not found
WARNING:root:Nothing found
WARNING:root:2767884 not found
WARNING:root:Nothing found
WARNING:root:2767883 not found
WARNING:root:Nothing found
WARNING:root:2767881 not found
WARNING:root:Nothing found
WARNING:root:2767880 not found
WARNING:root:Nothing found
WARNING:root:2767879 not found
WARNING:root:Nothing found
WARNING:root:2767877 not found
WARNING:root:Nothing found
WARNING:root:2767875 not found
WARNING:root:Nothing found
WARNING:root:2767873 not found
WARNING:root:Nothing found
WARNING:root:2767871 not found
WARNING:root:Nothing found
WARNING:root:2767870 not found
WARNING:root:Nothing found
WARNING:root:2767868 not found
WARNING:root:Nothing found
WARNING:root:2767867 not found
WARNING:root:Nothing found
WARNING:root:2767863 not found
WARNING:root:Nothing found
WARNING:root:2767862 not found
WARNING:root:Nothing found
WARNING:root:2767858 not found
WARNING:root:Nothing found
WARNING:root:2767853 not found
WARNING:root:Nothing found
WARNING:root:2767852 not found
WARNING:root:Nothing found
WARNING:root:2767850 not found
WARNING:root:Nothing found
WARNING:root:2767849 not found
WARNING:root:Nothing found
WARNING:root:2767848 not found
WARNING:root:Nothing found
WARNING:root:2767846 not found
WARNING:root:Nothing found
WARNING:root:2767845 not found
WARNING:root:Nothing found
WARNING:root:2767843 not found
WARNING:root:Nothing found
WARNING:root:2767842 not found
WARNING:root:Nothing found
WARNING:root:2767839 not found
WARNING:root:Nothing found
WARNING:root:2767837 not found
WARNING:root:Nothing found
WARNING:root:2767836 not found
WARNING:root:Nothing found
WARNING:root:2767831 not found
WARNING:root:Nothing found
WARNING:root:2767829 not found
WARNING:root:Nothing found
WARNING:root:2767827 not found
WARNING:root:Nothing found
WARNING:root:2767826 not found
WARNING:root:Nothing found
WARNING:root:2767823 not found
WARNING:root:Nothing found
WARNING:root:2767821 not found
WARNING:root:Nothing found
WARNING:root:2767819 not found
WARNING:root:Nothing found
WARNING:root:2767813 not found
WARNING:root:Nothing found
WARNING:root:2767811 not found
WARNING:root:Nothing found
WARNING:root:2767810 not found
WARNING:root:Nothing found
WARNING:root:2767809 not found
WARNING:root:Nothing found
WARNING:root:2767807 not found
WARNING:root:Nothing found
WARNING:root:2767805 not found
WARNING:root:Nothing found
WARNING:root:2767802 not found
WARNING:root:Nothing found
WARNING:root:2767800 not found
WARNING:root:Nothing found
WARNING:root:2767797 not found
WARNING:root:Nothing found
WARNING:root:2767796 not found
WARNING:root:Nothing found
WARNING:root:2767795 not found
WARNING:root:Nothing found
WARNING:root:2767789 not found
WARNING:root:Nothing found
WARNING:root:2767785 not found
WARNING:root:Nothing found
WARNING:root:2767784 not found
WARNING:root:Nothing found
WARNING:root:2767783 not found
WARNING:root:Nothing found
WARNING:root:2767779 not found
WARNING:root:Nothing found
WARNING:root:2767776 not found
WARNING:root:Nothing found
WARNING:root:2767775 not found
WARNING:root:Nothing found
WARNING:root:2767768 not found
WARNING:root:Nothing found
WARNING:root:2767763 not found
WARNING:root:Nothing found
WARNING:root:2767761 not found
WARNING:root:Nothing found
WARNING:root:2767759 not found
WARNING:root:Nothing found
WARNING:root:2767758 not found
WARNING:root:Nothing found
WARNING:root:2767756 not found
WARNING:root:Nothing found
WARNING:root:2767753 not found
WARNING:root:Nothing found
WARNING:root:2767752 not found
WARNING:root:Nothing found
WARNING:root:2767751 not found
WARNING:root:Nothing found
WARNING:root:2767750 not found
WARNING:root:Nothing found
WARNING:root:2767746 not found
WARNING:root:Nothing found
WARNING:root:2767743 not found
WARNING:root:Nothing found
WARNING:root:2767741 not found
WARNING:root:Nothing found
WARNING:root:2767739 not found
WARNING:root:Nothing found
WARNING:root:2767736 not found
WARNING:root:Nothing found
WARNING:root:2767732 not found
WARNING:root:Nothing found
WARNING:root:2767730 not found
WARNING:root:Nothing found
WARNING:root:2767727 not found
WARNING:root:Nothing found
WARNING:root:2767724 not found
WARNING:root:Nothing found
WARNING:root:2767720 not found
WARNING:root:Nothing found
WARNING:root:2767714 not found
WARNING:root:Nothing found
WARNING:root:2767713 not found
WARNING:root:Nothing found
WARNING:root:2767711 not found
WARNING:root:Nothing found
WARNING:root:2767710 not found
WARNING:root:Nothing found
WARNING:root:2767709 not found
WARNING:root:Nothing found
WARNING:root:2767704 not found
WARNING:root:Nothing found
WARNING:root:2767699 not found
WARNING:root:Nothing found
WARNING:root:2767698 not found
WARNING:root:Nothing found
WARNING:root:2767696 not found
WARNING:root:Nothing found
WARNING:root:2767690 not found
WARNING:root:Nothing found
WARNING:root:2767688 not found
WARNING:root:Nothing found
WARNING:root:2767682 not found
WARNING:root:Nothing found
WARNING:root:2767681 not found
WARNING:root:Nothing found
WARNING:root:2767680 not found
WARNING:root:Nothing found
WARNING:root:2767676 not found
WARNING:root:Nothing found
WARNING:root:2767673 not found
WARNING:root:Nothing found
WARNING:root:2767672 not found
WARNING:root:Nothing found
WARNING:root:2767671 not found
WARNING:root:Nothing found
WARNING:root:2767670 not found
WARNING:root:Nothing found
WARNING:root:2767667 not found
WARNING:root:Nothing found
WARNING:root:2767665 not found
WARNING:root:Nothing found
WARNING:root:2767664 not found
WARNING:root:Nothing found
WARNING:root:2767663 not found
WARNING:root:Nothing found
WARNING:root:2767661 not found
WARNING:root:Nothing found
WARNING:root:2767659 not found
WARNING:root:Nothing found
WARNING:root:2767657 not found
WARNING:root:Nothing found
WARNING:root:2767654 not found
WARNING:root:Nothing found
WARNING:root:2767651 not found
WARNING:root:Nothing found
WARNING:root:2767650 not found
WARNING:root:Nothing found
WARNING:root:2767648 not found
WARNING:root:Nothing found
WARNING:root:2767643 not found
WARNING:root:Nothing found
WARNING:root:2767630 not found
WARNING:root:Nothing found
WARNING:root:2767629 not found
WARNING:root:Nothing found
WARNING:root:2767628 not found
WARNING:root:Nothing found
WARNING:root:2767625 not found
WARNING:root:Nothing found
WARNING:root:2767623 not found
WARNING:root:Nothing found
WARNING:root:2767621 not found
WARNING:root:Nothing found
WARNING:root:2767618 not found
WARNING:root:Nothing found
WARNING:root:2767613 not found
WARNING:root:Nothing found
WARNING:root:2767611 not found
WARNING:root:Nothing found
WARNING:root:2767610 not found
WARNING:root:Nothing found
WARNING:root:2767607 not found
WARNING:root:Nothing found
WARNING:root:2767604 not found
WARNING:root:Nothing found
WARNING:root:2767603 not found
WARNING:root:Nothing found
WARNING:root:2767602 not found
WARNING:root:Nothing found
WARNING:root:2767601 not found
WARNING:root:Nothing found
WARNING:root:2767600 not found
WARNING:root:Nothing found
WARNING:root:2767599 not found
WARNING:root:Nothing found
WARNING:root:2767595 not found
WARNING:root:Nothing found
WARNING:root:2767593 not found
WARNING:root:Nothing found
WARNING:root:2767585 not found
WARNING:root:Nothing found
WARNING:root:2767584 not found
WARNING:root:Nothing found
WARNING:root:2767581 not found
WARNING:root:Nothing found
WARNING:root:2767580 not found
WARNING:root:Nothing found
WARNING:root:2767579 not found
WARNING:root:Nothing found
WARNING:root:2767578 not found
WARNING:root:Nothing found
WARNING:root:2767575 not found
WARNING:root:Nothing found
WARNING:root:2767570 not found
WARNING:root:Nothing found
WARNING:root:2767564 not found
WARNING:root:Nothing found
WARNING:root:2767560 not found
WARNING:root:Nothing found
WARNING:root:2767556 not found
WARNING:root:Nothing found
WARNING:root:2767546 not found
WARNING:root:Nothing found
WARNING:root:2767544 not found
WARNING:root:Nothing found
WARNING:root:2767542 not found
WARNING:root:Nothing found
WARNING:root:2767541 not found
WARNING:root:Nothing found
WARNING:root:2767535 not found
WARNING:root:Nothing found
WARNING:root:2767534 not found
WARNING:root:Nothing found
WARNING:root:2767529 not found
WARNING:root:Nothing found
WARNING:root:2767528 not found
WARNING:root:Nothing found
WARNING:root:2767527 not found
WARNING:root:Nothing found
WARNING:root:2767526 not found
WARNING:root:Nothing found
WARNING:root:2767525 not found
WARNING:root:Nothing found
WARNING:root:2767524 not found
WARNING:root:Nothing found
WARNING:root:2767523 not found
WARNING:root:Nothing found
WARNING:root:2767515 not found
WARNING:root:Nothing found
WARNING:root:2767511 not found
WARNING:root:Nothing found
WARNING:root:2767510 not found
WARNING:root:Nothing found
WARNING:root:2767509 not found
WARNING:root:Nothing found
WARNING:root:2767508 not found
WARNING:root:Nothing found
WARNING:root:2767506 not found
WARNING:root:Nothing found
WARNING:root:2767505 not found
WARNING:root:Nothing found
WARNING:root:2767504 not found
WARNING:root:Nothing found
WARNING:root:2767503 not found
WARNING:root:Nothing found
WARNING:root:2767502 not found
WARNING:root:Nothing found
WARNING:root:2767496 not found
WARNING:root:Nothing found
WARNING:root:2767486 not found
WARNING:root:Nothing found
WARNING:root:2767485 not found
WARNING:root:Nothing found
WARNING:root:2767483 not found
WARNING:root:Nothing found
WARNING:root:2767480 not found
WARNING:root:Nothing found
WARNING:root:2767478 not found
WARNING:root:Nothing found
WARNING:root:2767470 not found
WARNING:root:Nothing found
WARNING:root:2767462 not found
WARNING:root:Nothing found
WARNING:root:2767459 not found
WARNING:root:Nothing found
WARNING:root:2767454 not found
WARNING:root:Nothing found
WARNING:root:2767452 not found
WARNING:root:Nothing found
WARNING:root:2767449 not found
WARNING:root:Nothing found
WARNING:root:2767446 not found
WARNING:root:Nothing found
WARNING:root:2767443 not found
WARNING:root:Nothing found
WARNING:root:2767442 not found
WARNING:root:Nothing found
WARNING:root:2767439 not found
WARNING:root:Nothing found
WARNING:root:2767433 not found
WARNING:root:Nothing found
WARNING:root:2767429 not found
WARNING:root:Nothing found
WARNING:root:2767425 not found
WARNING:root:Nothing found
WARNING:root:2767424 not found
WARNING:root:Nothing found
WARNING:root:2767421 not found
WARNING:root:Nothing found
WARNING:root:2767419 not found
WARNING:root:Nothing found
WARNING:root:2767414 not found
WARNING:root:Nothing found
WARNING:root:2767408 not found
WARNING:root:Nothing found
WARNING:root:2767407 not found
WARNING:root:Nothing found
WARNING:root:2767404 not found
WARNING:root:Nothing found
WARNING:root:2767399 not found
WARNING:root:Nothing found
WARNING:root:2767396 not found
WARNING:root:Nothing found
WARNING:root:2767395 not found
WARNING:root:Nothing found
WARNING:root:2767391 not found
WARNING:root:Nothing found
WARNING:root:2767390 not found
WARNING:root:Nothing found
WARNING:root:2767389 not found
WARNING:root:Nothing found
WARNING:root:2767385 not found
WARNING:root:Nothing found
WARNING:root:2767383 not found
WARNING:root:Nothing found
WARNING:root:2767381 not found
WARNING:root:Nothing found
WARNING:root:2767377 not found
WARNING:root:Nothing found
WARNING:root:2767375 not found
WARNING:root:Nothing found
WARNING:root:2767374 not found
WARNING:root:Nothing found
WARNING:root:2767371 not found
WARNING:root:Nothing found
WARNING:root:2767364 not found
WARNING:root:Nothing found
WARNING:root:2767360 not found
WARNING:root:Nothing found
WARNING:root:2767357 not found
WARNING:root:Nothing found
WARNING:root:2767356 not found
WARNING:root:Nothing found
WARNING:root:2767355 not found
WARNING:root:Nothing found
WARNING:root:2767354 not found
WARNING:root:Nothing found
WARNING:root:2767352 not found
WARNING:root:Nothing found
WARNING:root:2767350 not found
WARNING:root:Nothing found
WARNING:root:2767348 not found
WARNING:root:Nothing found
WARNING:root:2767345 not found
WARNING:root:Nothing found
WARNING:root:2767339 not found
WARNING:root:Nothing found
WARNING:root:2767335 not found
WARNING:root:Nothing found
WARNING:root:2767334 not found
WARNING:root:Nothing found
WARNING:root:2767330 not found
WARNING:root:Nothing found
WARNING:root:2767329 not found
WARNING:root:Nothing found
WARNING:root:2767327 not found
WARNING:root:Nothing found
WARNING:root:2767326 not found
WARNING:root:Nothing found
WARNING:root:2767325 not found
WARNING:root:Nothing found
WARNING:root:2767324 not found
WARNING:root:Nothing found
WARNING:root:2767323 not found
WARNING:root:Nothing found
WARNING:root:2767321 not found
WARNING:root:Nothing found
WARNING:root:2767320 not found
WARNING:root:Nothing found
WARNING:root:2767319 not found
WARNING:root:Nothing found
WARNING:root:2767318 not found
WARNING:root:Nothing found
WARNING:root:2767317 not found
WARNING:root:Nothing found
WARNING:root:2767315 not found
WARNING:root:Nothing found
WARNING:root:2767313 not found
WARNING:root:Nothing found
WARNING:root:2767310 not found
WARNING:root:Nothing found
WARNING:root:2767307 not found
WARNING:root:Nothing found
WARNING:root:2767306 not found
WARNING:root:Nothing found
WARNING:root:2767304 not found
WARNING:root:Nothing found
WARNING:root:2767302 not found
WARNING:root:Nothing found
WARNING:root:2767295 not found
WARNING:root:Nothing found
WARNING:root:2767293 not found
WARNING:root:Nothing found
WARNING:root:2767291 not found
WARNING:root:Nothing found
WARNING:root:2767285 not found
WARNING:root:Nothing found
WARNING:root:2767281 not found
WARNING:root:Nothing found
WARNING:root:: 2767044
WARNING:root:DHLSS / 683343060862
WARNING:root:: 2767020
WARNING:root:DHLSS / 683343059938
WARNING:root:2767010 not found
WARNING:root:Nothing found
WARNING:root:2767005 not found
WARNING:root:Nothing found
WARNING:root:: 2766998
WARNING:root:DHLSS / 683343062173
WARNING:root:2766993 not found
WARNING:root:Nothing found
WARNING:root:: 2766981
WARNING:root:DHLSS / 683343062195
WARNING:root:: 2766977
WARNING:root:DHLSS / 683343062202
WARNING:root:2766968 not found
WARNING:root:Nothing found
WARNING:root:: 2766965
WARNING:root:DHLSS / 683343062101
WARNING:root:2766919 not found
WARNING:root:Nothing found
WARNING:root:2766908 not found
WARNING:root:Nothing found
WARNING:root:2766897 not found
WARNING:root:Nothing found
WARNING:root:2766884 not found
WARNING:root:Nothing found
WARNING:root:2766880 not found
WARNING:root:Nothing found
WARNING:root:2766878 not found
WARNING:root:Nothing found
WARNING:root:2766876 not found
WARNING:root:Nothing found
WARNING:root:2766870 not found
WARNING:root:Nothing found
WARNING:root:: 2766868
WARNING:root:DHLSS / 683343060935
WARNING:root:2766865 not found
WARNING:root:Nothing found
WARNING:root:2766846 not found
WARNING:root:Nothing found
WARNING:root:2766845 not found
WARNING:root:Nothing found
WARNING:root:: 2766837
WARNING:root:DHLSS / 683343061622
WARNING:root:2766823 not found
WARNING:root:Nothing found
WARNING:root:2766713 not found
WARNING:root:Nothing found
WARNING:root:: 2766640
WARNING:root:POST / 573689249143
WARNING:root:2766594 not found
WARNING:root:Nothing found
WARNING:root:2766591 not found
WARNING:root:Nothing found
WARNING:root:: 2766582
WARNING:root:DHLSS / 683343060890
WARNING:root:: 2766566
WARNING:root:DHLSS / 683343061521
WARNING:root:: 2766495
WARNING:root:DHLSS / 683343060929
WARNING:root:: 2766475
WARNING:root:DHLSS / 683343060812
WARNING:root:2766447 not found
WARNING:root:Nothing found
WARNING:root:2766436 not found
WARNING:root:Nothing found
WARNING:root:: 2766391
WARNING:root:DHLSS / 683343061688
WARNING:root:2766347 not found
WARNING:root:Nothing found
WARNING:root:2766258 not found
WARNING:root:Nothing found
WARNING:root:: 2766221
WARNING:root:DHLSS / 683343059988
WARNING:root:2765813 not found
WARNING:root:Nothing found
WARNING:root:2765773 not found
WARNING:root:Nothing found
WARNING:root:2765644 not found
WARNING:root:Nothing found
WARNING:root:2765641 not found
WARNING:root:Nothing found
WARNING:root:: 2765639
WARNING:root:DHLSS / 683343060288
WARNING:root:2765574 not found
WARNING:root:Nothing found
WARNING:root:: 2765572
WARNING:root:DHLSS / 683343060238
WARNING:root:: 2765561
WARNING:root:DHLSS / 683343059146
WARNING:root:: 2765537
WARNING:root:DHLSS / 683343059124
WARNING:root:2765195 not found
WARNING:root:Nothing found
WARNING:root:2764910 not found
WARNING:root:Nothing found
WARNING:root:2764877 not found
WARNING:root:Nothing found
WARNING:root:: 2764105
WARNING:root:DHLSS / 683343053005
WARNING:root:2764067 not found
WARNING:root:Nothing found
WARNING:root:give token
WARNING:root:: 2762612
WARNING:root:UPS 1 / 1Z9353566812403530
WARNING:root:: 2762456
WARNING:root:POST / 906495776840
WARNING:root:: 2765060
WARNING:root:TOFND / 449800001615860014974249
WARNING:root:: 2765848
WARNING:root:POST / 906495785198
WARNING:root:: 2762653
WARNING:root:POST / 906495778139
WARNING:root:: 2765637
WARNING:root:POST / 906495785283
WARNING:root:: 2763716
WARNING:root:TOFND / 449800001620190014961169
WARNING:root:: 2765313
WARNING:root:TOFND / 449800001615920014933034
WARNING:root:: 2762018
WARNING:root:TOFND / 449800001594090014997230
WARNING:root:: 2763308
WARNING:root:POST / 906495778921
WARNING:root:: 2765733
WARNING:root:POST / 906495785306
WARNING:root:: 2762045
WARNING:root:TOFND / 449800001590040014937671
WARNING:root:: 2764226
WARNING:root:POST / 906495781021
WARNING:root:2739400 not found
WARNING:root:Nothing found
WARNING:root:: 2764319
WARNING:root:TOFND / 449800001606860014983435
WARNING:root:: 2765190
WARNING:root:GLS / 413286920211
WARNING:root:: 2763243
WARNING:root:TOFND / 449800001612640014984405
WARNING:root:: 2762401
WARNING:root:TOFND / 449800001592980014948527
WARNING:root:give token
WARNING:root:: 2767044
WARNING:root:DHLSS / 683343060862
WARNING:root:: 2767020
WARNING:root:DHLSS / 683343059938
WARNING:root:: 2766998
WARNING:root:DHLSS / 683343062173
WARNING:root:: 2766993
WARNING:root:DHLSS / 683343063337
WARNING:root:: 2766981
WARNING:root:DHLSS / 683343062195
WARNING:root:: 2766977
WARNING:root:DHLSS / 683343062202
WARNING:root:: 2766968
WARNING:root:DHLSS / 683343063321
WARNING:root:: 2766965
WARNING:root:DHLSS / 683343062101
WARNING:root:: 2766868
WARNING:root:DHLSS / 683343060935
WARNING:root:: 2766837
WARNING:root:DHLSS / 683343061622
WARNING:root:: 2766640
WARNING:root:POST / 573689249143
WARNING:root:2766591 not found
WARNING:root:Nothing found
WARNING:root:: 2766582
WARNING:root:DHLSS / 683343060890
WARNING:root:: 2766566
WARNING:root:DHLSS / 683343061521
WARNING:root:: 2766495
WARNING:root:DHLSS / 683343060929
WARNING:root:: 2766475
WARNING:root:DHLSS / 683343060812
WARNING:root:: 2766447
WARNING:root:POST / 573689250538
WARNING:root:: 2766436
WARNING:root:POST / 573689250409
WARNING:root:: 2766391
WARNING:root:DHLSS / 683343061688
WARNING:root:: 2766221
WARNING:root:DHLSS / 683343059988
WARNING:root:2765641 not found
WARNING:root:Nothing found
WARNING:root:: 2765639
WARNING:root:DHLSS / 683343060288
WARNING:root:2765574 not found
WARNING:root:Nothing found
WARNING:root:: 2765572
WARNING:root:DHLSS / 683343060238
WARNING:root:: 2765561
WARNING:root:DHLSS / 683343059146
WARNING:root:: 2765537
WARNING:root:DHLSS / 683343059124
WARNING:root:: 2764105
WARNING:root:DHLSS / 683343053005
WARNING:root:give token
WARNING:root:2768820 not found
WARNING:root:Nothing found
WARNING:root:2768809 not found
WARNING:root:Nothing found
WARNING:root:2768788 not found
WARNING:root:Nothing found
WARNING:root:2768669 not found
WARNING:root:Nothing found
WARNING:root:2768667 not found
WARNING:root:Nothing found
WARNING:root:: 2768656
WARNING:root:DHLSS / 683343069210
WARNING:root:: 2768042
WARNING:root:DHLSS / 683343066688
WARNING:root:2767931 not found
WARNING:root:Nothing found
WARNING:root:: 2767681
WARNING:root:Nothing found
WARNING:root:: 2767510
WARNING:root:DHLSS / 683343065761
WARNING:root:: 2767503
WARNING:root:DHLSS / 683343064787
WARNING:root:: 2767404
WARNING:root:POST / 573689250550
WARNING:root:: 2767352
WARNING:root:DHLSS / 683343063365
WARNING:root:2767329 not found
WARNING:root:Nothing found
WARNING:root:: 2767285
WARNING:root:DHLSS / 683343063309
WARNING:root:: 2766993
WARNING:root:DHLSS / 683343063337
WARNING:root:: 2766968
WARNING:root:DHLSS / 683343063321
WARNING:root:2766591 not found
WARNING:root:Nothing found
WARNING:root:: 2766447
WARNING:root:POST / 573689250538
WARNING:root:: 2766436
WARNING:root:POST / 573689250409
WARNING:root:: 2764105
WARNING:root:DHLSS / 683343053005
WARNING:root:: 2761120
WARNING:root:POST / 574040009863
WARNING:root:2750360 not found
WARNING:root:Nothing found
WARNING:root:2750361 not found
WARNING:root:Nothing found
WARNING:root:2750364 not found
WARNING:root:Nothing found
WARNING:root:2750368 not found
WARNING:root:Nothing found
WARNING:root:2750374 not found
WARNING:root:Nothing found
WARNING:root:2750382 not found
WARNING:root:Nothing found
WARNING:root:2750386 not found
WARNING:root:Nothing found
WARNING:root:2750391 not found
WARNING:root:Nothing found
WARNING:root:2750403 not found
WARNING:root:Nothing found
WARNING:root:2750406 not found
WARNING:root:Nothing found
WARNING:root:2750408 not found
WARNING:root:Nothing found
WARNING:root:2750409 not found
WARNING:root:Nothing found
WARNING:root:2750410 not found
WARNING:root:Nothing found
WARNING:root:2750415 not found
WARNING:root:Nothing found
WARNING:root:2750421 not found
WARNING:root:Nothing found
WARNING:root:2750422 not found
WARNING:root:Nothing found
WARNING:root:2750425 not found
WARNING:root:Nothing found
WARNING:root:2750427 not found
WARNING:root:Nothing found
WARNING:root:2750430 not found
WARNING:root:Nothing found
WARNING:root:2750434 not found
WARNING:root:Nothing found
WARNING:root:2750438 not found
WARNING:root:Nothing found
WARNING:root:2750442 not found
WARNING:root:Nothing found
WARNING:root:2750453 not found
WARNING:root:Nothing found
WARNING:root:2750469 not found
WARNING:root:Nothing found
WARNING:root:2750470 not found
WARNING:root:Nothing found
WARNING:root:2750471 not found
WARNING:root:Nothing found
WARNING:root:2750472 not found
WARNING:root:Nothing found
WARNING:root:2750476 not found
WARNING:root:Nothing found
WARNING:root:2750479 not found
WARNING:root:Nothing found
WARNING:root:2750481 not found
WARNING:root:Nothing found
WARNING:root:2750487 not found
WARNING:root:Nothing found
WARNING:root:2750495 not found
WARNING:root:Nothing found
WARNING:root:2750497 not found
WARNING:root:Nothing found
WARNING:root:2750500 not found
WARNING:root:Nothing found
WARNING:root:2750502 not found
WARNING:root:Nothing found
WARNING:root:2750503 not found
WARNING:root:Nothing found
WARNING:root:2750509 not found
WARNING:root:Nothing found
WARNING:root:2750513 not found
WARNING:root:Nothing found
WARNING:root:2750517 not found
WARNING:root:Nothing found
WARNING:root:give token
WARNING:root:2770308 not found
WARNING:root:Nothing found
WARNING:root:: 2770300
WARNING:root:Nothing found
WARNING:root:2770275 not found
WARNING:root:Nothing found
WARNING:root:2770272 not found
WARNING:root:Nothing found
WARNING:root:2770155 not found
WARNING:root:Nothing found
WARNING:root:2770077 not found
WARNING:root:Nothing found
WARNING:root:2770042 not found
WARNING:root:Nothing found
WARNING:root:2770004 not found
WARNING:root:Nothing found
WARNING:root:2769978 not found
WARNING:root:Nothing found
WARNING:root:2769973 not found
WARNING:root:Nothing found
WARNING:root:2769965 not found
WARNING:root:Nothing found
WARNING:root:2769952 not found
WARNING:root:Nothing found
WARNING:root:2769951 not found
WARNING:root:Nothing found
WARNING:root:2769911 not found
WARNING:root:Nothing found
WARNING:root:2769880 not found
WARNING:root:Nothing found
WARNING:root:2769853 not found
WARNING:root:Nothing found
WARNING:root:2769855 not found
WARNING:root:Nothing found
WARNING:root:2769854 not found
WARNING:root:Nothing found
WARNING:root:2769828 not found
WARNING:root:Nothing found
WARNING:root:2769798 not found
WARNING:root:Nothing found
WARNING:root:: 2769638
WARNING:root:DHLSS / 683343075009
WARNING:root:: 2769367
WARNING:root:DHLSS / 683343074974
WARNING:root:: 2769300
WARNING:root:DHLSS / 683343074946
WARNING:root:2769236 not found
WARNING:root:Nothing found
WARNING:root:: 2769016
WARNING:root:DHLSS / 683343073114
WARNING:root:2769009 not found
WARNING:root:Nothing found
WARNING:root:2768669 not found
WARNING:root:Nothing found
WARNING:root:2768667 not found
WARNING:root:Nothing found
WARNING:root:2767931 not found
WARNING:root:Nothing found
WARNING:root:: 2767503
WARNING:root:DHLSS / 683343064787
WARNING:root:: 2767352
WARNING:root:DHLSS / 683343063365
WARNING:root:: 2766965
WARNING:root:DHLSS / 683343062101
WARNING:root:2766591 not found
WARNING:root:Nothing found
WARNING:root:: 2766221
WARNING:root:DHLSS / 683343059988
WARNING:root:2765574 not found
WARNING:root:Nothing found
WARNING:root:: 2765572
WARNING:root:DHLSS / 683343060238
WARNING:root:: 2765537
WARNING:root:DHLSS / 683343059124
WARNING:root:: 2761120
WARNING:root:POST / 574040009863
WARNING:root:: 2750637
WARNING:root:POST / 573689232308
WARNING:root:: 2749687
WARNING:root:POST / 573689230429
WARNING:root:: 2749686
WARNING:root:POST / 573689230413
WARNING:root:: 2749685
WARNING:root:POST / 573689230441
WARNING:root:2749554 not found
WARNING:root:Nothing found
WARNING:root:: 2726771
WARNING:root:POST / 573689190047
WARNING:root:: 2718877
WARNING:root:POST / 573689173734
WARNING:root:give token
WARNING:root:2734540 not found
WARNING:root:Nothing found
WARNING:root:: 2734949
WARNING:root:Nothing found
WARNING:root:: 2734966
WARNING:root:DHLSS / 572121934010
WARNING:root:: 2735516
WARNING:root:Nothing found
WARNING:root:: 2736576
WARNING:root:Nothing found
WARNING:root:: 2736766
WARNING:root:Nothing found
WARNING:root:: 2737596
WARNING:root:Nothing found
WARNING:root:: 2738363
WARNING:root:Nothing found
WARNING:root:: 2740683
WARNING:root:Nothing found
WARNING:root:: 2742571
WARNING:root:POST / 573689215944
WARNING:root:2742970 not found
WARNING:root:Nothing found
WARNING:root:2742974 not found
WARNING:root:Nothing found
WARNING:root:2742977 not found
WARNING:root:Nothing found
WARNING:root:2742980 not found
WARNING:root:Nothing found
WARNING:root:2742983 not found
WARNING:root:Nothing found
WARNING:root:2742990 not found
WARNING:root:Nothing found
WARNING:root:2742991 not found
WARNING:root:Nothing found
WARNING:root:2742994 not found
WARNING:root:Nothing found
WARNING:root:2742997 not found
WARNING:root:Nothing found
WARNING:root:2743000 not found
WARNING:root:Nothing found
WARNING:root:2743120 not found
WARNING:root:Nothing found
WARNING:root:2743121 not found
WARNING:root:Nothing found
WARNING:root:2743125 not found
WARNING:root:Nothing found
WARNING:root:2743127 not found
WARNING:root:Nothing found
WARNING:root:2743128 not found
WARNING:root:Nothing found
WARNING:root:2743134 not found
WARNING:root:Nothing found
WARNING:root:2743138 not found
WARNING:root:Nothing found
WARNING:root:2743139 not found
WARNING:root:Nothing found
WARNING:root:2743144 not found
WARNING:root:Nothing found
WARNING:root:2743145 not found
WARNING:root:Nothing found
WARNING:root:2743147 not found
WARNING:root:Nothing found
WARNING:root:2743148 not found
WARNING:root:Nothing found
WARNING:root:2743150 not found
WARNING:root:Nothing found
WARNING:root:2743151 not found
WARNING:root:Nothing found
WARNING:root:2743152 not found
WARNING:root:Nothing found
WARNING:root:2743154 not found
WARNING:root:Nothing found
WARNING:root:2743155 not found
WARNING:root:Nothing found
WARNING:root:2743157 not found
WARNING:root:Nothing found
WARNING:root:2743158 not found
WARNING:root:Nothing found
WARNING:root:2743159 not found
WARNING:root:Nothing found
WARNING:root:2743161 not found
WARNING:root:Nothing found
WARNING:root:2743164 not found
WARNING:root:Nothing found
WARNING:root:2743165 not found
WARNING:root:Nothing found
WARNING:root:2743166 not found
WARNING:root:Nothing found
WARNING:root:2743168 not found
WARNING:root:Nothing found
WARNING:root:2743169 not found
WARNING:root:Nothing found
WARNING:root:2743171 not found
WARNING:root:Nothing found
WARNING:root:: 2743173
WARNING:root:UPSES / FREMD-0426968
WARNING:root:2743174 not found
WARNING:root:Nothing found
WARNING:root:2743175 not found
WARNING:root:Nothing found
WARNING:root:2743180 not found
WARNING:root:Nothing found
WARNING:root:2743181 not found
WARNING:root:Nothing found
WARNING:root:2743182 not found
WARNING:root:Nothing found
WARNING:root:2743183 not found
WARNING:root:Nothing found
WARNING:root:2743184 not found
WARNING:root:Nothing found
WARNING:root:2743449 not found
WARNING:root:Nothing found
WARNING:root:2743456 not found
WARNING:root:Nothing found
WARNING:root:2743457 not found
WARNING:root:Nothing found
WARNING:root:2743458 not found
WARNING:root:Nothing found
WARNING:root:2743460 not found
WARNING:root:Nothing found
WARNING:root:2743462 not found
WARNING:root:Nothing found
WARNING:root:2743465 not found
WARNING:root:Nothing found
WARNING:root:: 2744245
WARNING:root:Nothing found
WARNING:root:: 2744295
WARNING:root:DHLSS / 572121955664
WARNING:root:: 2744653
WARNING:root:Nothing found
WARNING:root:: 2744793
WARNING:root:DHLSS / 572121957931
WARNING:root:: 2745324
WARNING:root:Nothing found
WARNING:root:: 2745398
WARNING:root:Nothing found
WARNING:root:: 2747869
WARNING:root:Nothing found
WARNING:root:: 2748097
WARNING:root:Nothing found
WARNING:root:: 2748419
WARNING:root:Nothing found
WARNING:root:: 2751301
WARNING:root:DHLSS / 57212100301
WARNING:root:: 2751576
WARNING:root:Nothing found
WARNING:root:: 2751614
WARNING:root:DHLSS / 57212100592
WARNING:root:: 2752361
WARNING:root:DHLSS / 57212100227
WARNING:root:: 2752543
WARNING:root:Nothing found
WARNING:root:: 2752568
WARNING:root:DHLSS / 572121995725
WARNING:root:: 2753052
WARNING:root:DHLSS / 57212100536
WARNING:root:: 2753109
WARNING:root:DHLSS / 57212100609
WARNING:root:: 2756262
WARNING:root:DHLSS / 683343007414
WARNING:root:: 2756727
WARNING:root:Nothing found
WARNING:root:: 2756773
WARNING:root:DHLSS / 683343006777
WARNING:root:: 2759328
WARNING:root:Nothing found
WARNING:root:2759450 not found
WARNING:root:Nothing found
WARNING:root:: 2759863
WARNING:root:Nothing found
WARNING:root:: 2759906
WARNING:root:Nothing found
WARNING:root:: 2759924
WARNING:root:Nothing found
WARNING:root:: 2759955
WARNING:root:Nothing found
WARNING:root:: 2759967
WARNING:root:Nothing found
WARNING:root:: 2759969
WARNING:root:Nothing found
WARNING:root:: 2759978
WARNING:root:Nothing found
WARNING:root:: 2760072
WARNING:root:Nothing found
WARNING:root:: 2761250
WARNING:root:Nothing found
WARNING:root:2761654 not found
WARNING:root:Nothing found
WARNING:root:: 2763649
WARNING:root:Nothing found
WARNING:root:: 2763927
WARNING:root:Nothing found
WARNING:root:2764607 not found
WARNING:root:Nothing found
WARNING:root:: 2764719
WARNING:root:Nothing found
WARNING:root:: 2765346
WARNING:root:Nothing found
WARNING:root:2765574 not found
WARNING:root:Nothing found
WARNING:root:: 2765612
WARNING:root:Nothing found
WARNING:root:: 2765972
WARNING:root:Nothing found
WARNING:root:: 2766235
WARNING:root:Nothing found
WARNING:root:: 2766277
WARNING:root:Nothing found
WARNING:root:2766340 not found
WARNING:root:Nothing found
WARNING:root:: 2766575
WARNING:root:Nothing found
WARNING:root:: 2766576
WARNING:root:Nothing found
WARNING:root:2766591 not found
WARNING:root:Nothing found
WARNING:root:: 2766621
WARNING:root:Nothing found
WARNING:root:: 2766760
WARNING:root:Nothing found
WARNING:root:: 2766833
WARNING:root:Nothing found
WARNING:root:: 2767013
WARNING:root:Nothing found
WARNING:root:: 2767025
WARNING:root:Nothing found
WARNING:root:2767329 not found
WARNING:root:Nothing found
WARNING:root:: 2767546
WARNING:root:Nothing found
WARNING:root:: 2767599
WARNING:root:Nothing found
WARNING:root:: 2767681
WARNING:root:Nothing found
WARNING:root:: 2767688
WARNING:root:Nothing found
WARNING:root:: 2767862
WARNING:root:Nothing found
WARNING:root:: 2767923
WARNING:root:Nothing found
WARNING:root:2767930 not found
WARNING:root:Nothing found
WARNING:root:2767931 not found
WARNING:root:Nothing found
WARNING:root:2768079 not found
WARNING:root:Nothing found
WARNING:root:2768082 not found
WARNING:root:Nothing found
WARNING:root:2768088 not found
WARNING:root:Nothing found
WARNING:root:: 2768110
WARNING:root:Nothing found
WARNING:root:: 2768201
WARNING:root:Nothing found
WARNING:root:: 2768260
WARNING:root:Nothing found
WARNING:root:: 2768650
WARNING:root:Nothing found
WARNING:root:2768667 not found
WARNING:root:Nothing found
WARNING:root:: 2768669
WARNING:root:Nothing found
WARNING:root:: 2768816
WARNING:root:Nothing found
WARNING:root:: 2768956
WARNING:root:Nothing found
WARNING:root:: 2769009
WARNING:root:Nothing found
WARNING:root:: 2769037
WARNING:root:Nothing found
WARNING:root:: 2769100
WARNING:root:Nothing found
WARNING:root:: 2769173
WARNING:root:Nothing found
WARNING:root:: 2769182
WARNING:root:Nothing found
WARNING:root:2769236 not found
WARNING:root:Nothing found
WARNING:root:give token
WARNING:root:2771166 not found
WARNING:root:Nothing found
WARNING:root:2771145 not found
WARNING:root:Nothing found
WARNING:root:2771025 not found
WARNING:root:Nothing found
WARNING:root:2771001 not found
WARNING:root:Nothing found
WARNING:root:2771001 not found
WARNING:root:Nothing found
WARNING:root:2771001 not found
WARNING:root:Nothing found
WARNING:root:: 2770994
WARNING:root:DHLSS / 683343081191
WARNING:root:2770555 not found
WARNING:root:Nothing found
WARNING:root:2770275 not found
WARNING:root:Nothing found
WARNING:root:2769965 not found
WARNING:root:Nothing found
WARNING:root:2769965 not found
WARNING:root:Nothing found
WARNING:root:: 2768656
WARNING:root:DHLSS / 683343069210
WARNING:root:: 2767681
WARNING:root:Nothing found
WARNING:root:: 2767503
WARNING:root:DHLSS / 683343064787
WARNING:root:: 2767404
WARNING:root:POST / 573689250550
WARNING:root:: 2767352
WARNING:root:DHLSS / 683343063365
WARNING:root:: 2767044
WARNING:root:DHLSS / 683343060862
WARNING:root:: 2766998
WARNING:root:DHLSS / 683343062173
WARNING:root:: 2766993
WARNING:root:DHLSS / 683343063337
WARNING:root:: 2766981
WARNING:root:DHLSS / 683343062195
WARNING:root:: 2766965
WARNING:root:DHLSS / 683343062101
WARNING:root:: 2766868
WARNING:root:DHLSS / 683343060935
WARNING:root:: 2766837
WARNING:root:DHLSS / 683343061622
WARNING:root:2766591 not found
WARNING:root:Nothing found
WARNING:root:: 2766582
WARNING:root:DHLSS / 683343060890
WARNING:root:: 2766447
WARNING:root:POST / 573689250538
WARNING:root:: 2766436
WARNING:root:POST / 573689250409
WARNING:root:: 2766221
WARNING:root:DHLSS / 683343059988
WARNING:root:: 2764590
WARNING:root:DHLSS / 683343053471
WARNING:root:give token
WARNING:root:: 2778271
WARNING:root:DHLSS / 683343104872
WARNING:root:2778230 not found
WARNING:root:Nothing found
WARNING:root:2778226 not found
WARNING:root:Nothing found
WARNING:root:2778215 not found
WARNING:root:Nothing found
WARNING:root:2778215 not found
WARNING:root:Nothing found
WARNING:root:2778214 not found
WARNING:root:Nothing found
WARNING:root:2778214 not found
WARNING:root:Nothing found
WARNING:root:2778214 not found
WARNING:root:Nothing found
WARNING:root:2778214 not found
WARNING:root:Nothing found
WARNING:root:2778214 not found
WARNING:root:Nothing found
WARNING:root:2778204 not found
WARNING:root:Nothing found
WARNING:root:2778204 not found
WARNING:root:Nothing found
WARNING:root:2778198 not found
WARNING:root:Nothing found
WARNING:root:2778052 not found
WARNING:root:Nothing found
WARNING:root:2778052 not found
WARNING:root:Nothing found
WARNING:root:2777908 not found
WARNING:root:Nothing found
WARNING:root:2777792 not found
WARNING:root:Nothing found
WARNING:root:2777768 not found
WARNING:root:Nothing found
WARNING:root:2777439 not found
WARNING:root:Nothing found
WARNING:root:2776028 not found
WARNING:root:Nothing found
WARNING:root:2776028 not found
WARNING:root:Nothing found
WARNING:root:2774827 not found
WARNING:root:Nothing found
WARNING:root:2774037 not found
WARNING:root:Nothing found
WARNING:root:: 2773999
WARNING:root:DHLSS / 683343094897
WARNING:root:2773960 not found
WARNING:root:Nothing found
WARNING:root:: 2773936
WARNING:root:DHLSS / 683343089026
WARNING:root:2773521 not found
WARNING:root:Nothing found
WARNING:root:2772622 not found
WARNING:root:Nothing found
WARNING:root:2772540 not found
WARNING:root:Nothing found
WARNING:root:give token
WARNING:root:: 2765190
WARNING:root:GLS / 413286920211
WARNING:root:: 2777162
WARNING:root:TOFND / 449800001662470014923966
WARNING:root:: 2740132
WARNING:root:TOFND / 449800001479260014997353
WARNING:root:: 2745329
WARNING:root:TOFND / 449800001526910014997353
WARNING:root:: 2748318
WARNING:root:UPS 1 / 1Z9353566812398494
WARNING:root:: 2766856
WARNING:root:TOFND / 449800001626880014932839
WARNING:root:: 2771568
WARNING:root:TOFND / 449800001645820014918334
WARNING:root:: 2773341
WARNING:root:TOFND / 449800001654330014984405
WARNING:root:: 2775237
WARNING:root:TOFND / 449800001659440014997355
WARNING:root:: 2775597
WARNING:root:TOFND / 449800001660160014959368
WARNING:root:: 2777498
WARNING:root:TOFND / 449800001666110014937688
WARNING:root:: 2778169
WARNING:root:POST / 906495824158
WARNING:root:: 2731869
WARNING:root:POST / 573689200101
WARNING:root:: 2733036
WARNING:root:POST / 573689201769
WARNING:root:: 2740994
WARNING:root:GLS / 413286912773
WARNING:root:: 2744245
WARNING:root:Nothing found
WARNING:root:: 2745398
WARNING:root:Nothing found
WARNING:root:: 2745432
WARNING:root:POST / 573689220620
WARNING:root:: 2746727
WARNING:root:POST / 574040009532
WARNING:root:: 2748097
WARNING:root:Nothing found
WARNING:root:: 2752755
WARNING:root:POST / 573689229882
WARNING:root:: 2752804
WARNING:root:POST / 573689232500
WARNING:root:: 2752823
WARNING:root:POST / 573689229797
WARNING:root:: 2752844
WARNING:root:POST / 573689229141
WARNING:root:: 2753840
WARNING:root:POST / 573689230019
WARNING:root:: 2753942
WARNING:root:POST / 573689229999
WARNING:root:: 2754014
WARNING:root:POST / 573689232279
WARNING:root:: 2754035
WARNING:root:POST / 573689229494
WARNING:root:: 2754142
WARNING:root:POST / 573689230277
WARNING:root:: 2754764
WARNING:root:POST / 573689232027
WARNING:root:: 2756578
WARNING:root:POST / 573689230564
WARNING:root:: 2757654
WARNING:root:POST / 573689231380
WARNING:root:: 2759107
WARNING:root:POST / 573689237437
WARNING:root:: 2759270
WARNING:root:POST / 573689236560
WARNING:root:: 2759328
WARNING:root:Nothing found
WARNING:root:: 2759410
WARNING:root:POST / 573689236087
WARNING:root:: 2759863
WARNING:root:Nothing found
WARNING:root:: 2759906
WARNING:root:Nothing found
WARNING:root:: 2759924
WARNING:root:Nothing found
WARNING:root:: 2759955
WARNING:root:Nothing found
WARNING:root:2759967 not found
WARNING:root:Nothing found
WARNING:root:: 2759969
WARNING:root:Nothing found
WARNING:root:: 2759978
WARNING:root:Nothing found
WARNING:root:: 2760072
WARNING:root:Nothing found
WARNING:root:: 2760889
WARNING:root:POST / 573689239366
WARNING:root:: 2760900
WARNING:root:POST / 573689239265
WARNING:root:: 2761247
WARNING:root:POST / 573689238196
WARNING:root:: 2761263
WARNING:root:POST / 573689238253
WARNING:root:: 2761612
WARNING:root:POST / 573689242898
WARNING:root:2761654 not found
WARNING:root:Nothing found
WARNING:root:: 2763335
WARNING:root:POST / 573689242832
WARNING:root:: 2763553
WARNING:root:POST / 573689243248
WARNING:root:: 2763609
WARNING:root:POST / 573689243103
WARNING:root:: 2763649
WARNING:root:Nothing found
WARNING:root:: 2764192
WARNING:root:POST / 573689245789
WARNING:root:: 2764565
WARNING:root:POST / 573689244733
WARNING:root:: 2764576
WARNING:root:POST / 574040010062
WARNING:root:: 2764607
WARNING:root:POST / 573689250960
WARNING:root:: 2764912
WARNING:root:POST / 573689246640
WARNING:root:: 2764928
WARNING:root:POST / 573689245391
WARNING:root:: 2765211
WARNING:root:POST / 573689246476
WARNING:root:: 2766553
WARNING:root:POST / 573689248541
WARNING:root:: 2766575
WARNING:root:Nothing found
WARNING:root:: 2766626
WARNING:root:POST / 573689249137
WARNING:root:: 2767074
WARNING:root:POST / 574040010292
WARNING:root:: 2767334
WARNING:root:POST / 573689250544
WARNING:root:: 2767396
WARNING:root:POST / 573689250415
WARNING:root:: 2767520
WARNING:root:POST / 573689248434
WARNING:root:: 2767548
WARNING:root:POST / 573689248507
WARNING:root:: 2767604
WARNING:root:POST / 573689250055
WARNING:root:: 2767652
WARNING:root:POST / 573689249648
WARNING:root:: 2769071
WARNING:root:POST / 574040010545
WARNING:root:: 2769242
WARNING:root:POST / 574040010517
WARNING:root:: 2774528
WARNING:root:POST / 573689250904
WARNING:root:: 2774541
WARNING:root:POST / 573689250910
WARNING:root:: 2776205
WARNING:root:POST / 574040011103
WARNING:root:: 2777080
WARNING:root:POST / 573689250926
WARNING:root:: 2777511
WARNING:root:POST / 574040011169
WARNING:root:: 2777572
WARNING:root:POST / 574040011175
WARNING:root:: 2777650
WARNING:root:POST / 574040011147
WARNING:root:: 2777682
WARNING:root:POST / 574040011119
WARNING:root:: 2777690
WARNING:root:POST / 574040011181
WARNING:root:: 2777803
WARNING:root:POST / 574040011197
WARNING:root:: 2777806
WARNING:root:POST / 574040011131
WARNING:root:: 2777880
WARNING:root:POST / 574040011125
WARNING:root:: 2778066
WARNING:root:POST / 574040011210
WARNING:root:: 2778072
WARNING:root:POST / 573689250954
WARNING:root:: 2778141
WARNING:root:POST / 573689250948
WARNING:root:: 2778154
WARNING:root:POST / 574040011153
WARNING:root:: 2778220
WARNING:root:POST / 574040011204
WARNING:root:: 2778230
WARNING:root:POST / 574040011276
WARNING:root:give token
WARNING:root:: 2740132
WARNING:root:TOFND / 449800001479260014997353
WARNING:root:: 2740994
WARNING:root:GLS / 413286912773
WARNING:root:: 2744245
WARNING:root:Nothing found
WARNING:root:: 2745329
WARNING:root:TOFND / 449800001526910014997353
WARNING:root:: 2748097
WARNING:root:POST / 573689251297
WARNING:root:: 2748318
WARNING:root:UPS 1 / 1Z9353566812398494
WARNING:root:: 2757654
WARNING:root:POST / 573689231380
WARNING:root:: 2759328
WARNING:root:POST / 573689251281
WARNING:root:: 2759863
WARNING:root:POST / 573689251275
WARNING:root:: 2759924
WARNING:root:POST / 573689251269
WARNING:root:: 2759969
WARNING:root:POST / 573689251253
WARNING:root:: 2760072
WARNING:root:POST / 573689251247
WARNING:root:2761654 not found
WARNING:root:Nothing found
WARNING:root:: 2764192
WARNING:root:POST / 573689245789
WARNING:root:: 2764565
WARNING:root:POST / 573689244733
WARNING:root:: 2764576
WARNING:root:POST / 574040010062
WARNING:root:2766575 not found
WARNING:root:Nothing found
WARNING:root:: 2766856
WARNING:root:TOFND / 449800001626880014932839
WARNING:root:: 2777498
WARNING:root:TOFND / 449800001666110014937688
WARNING:root:: 2778884
WARNING:root:POST / 574040011327
WARNING:root:: 2781728
WARNING:root:UPS 1 / 1Z9353566812409794
WARNING:root:: 2781819
WARNING:root:TOFND / 449800001703970014937671
WARNING:root:: 2782055
WARNING:root:POST / 573689251118
WARNING:root:: 2783179
WARNING:root:POST / 574040011535
WARNING:root:: 2784151
WARNING:root:TOFND / 449800001728650014937671
WARNING:root:: 2784182
WARNING:root:POST / 574040011642
WARNING:root:: 2784992
WARNING:root:POST / 573689251310
WARNING:root:: 2785049
WARNING:root:POST / 574040011771
WARNING:root:: 2785098
WARNING:root:POST / 574040011816
WARNING:root:: 2785117
WARNING:root:POST / 574040011793
WARNING:root:give token
WARNING:root:give token
WARNING:root:: 2777498
WARNING:root:TOFND / 449800001666110014937688
WARNING:root:: 2781819
WARNING:root:TOFND / 449800001703970014937671
WARNING:root:: 2784151
WARNING:root:TOFND / 449800001728650014937671
WARNING:root:: 2785419
WARNING:root:POST / 574040011844
WARNING:root:: 2785466
WARNING:root:POST / 574040011866
WARNING:root:: 2785497
WARNING:root:POST / 574040011850
WARNING:root:: 2785531
WARNING:root:POST / 574040011872
WARNING:root:: 2785539
WARNING:root:POST / 574040011888
WARNING:root:: 2785550
WARNING:root:POST / 573689251354
WARNING:root:: 2785558
WARNING:root:POST / 574040011894
WARNING:root:: 2785604
WARNING:root:POST / 574040011901
WARNING:root:give token
WARNING:root:: 2779150
WARNING:root:POST / 574040011260
WARNING:root:: 2780759
WARNING:root:DHLSS / 683343112045
WARNING:root:: 2780759
WARNING:root:DHLSS / 683343112045
WARNING:root:: 2780759
WARNING:root:DHLSS / 683343112045
WARNING:root:: 2782106
WARNING:root:DHLSS / 683343118473
WARNING:root:: 2782542
WARNING:root:DHLSS / 683343117770
WARNING:root:: 2782981
WARNING:root:POST / 574040011541
WARNING:root:: 2784765
WARNING:root:POST / 574040011765
WARNING:root:2785907 not found
WARNING:root:Nothing found
WARNING:root:2785909 not found
WARNING:root:Nothing found
WARNING:root:2785913 not found
WARNING:root:Nothing found
WARNING:root:2785914 not found
WARNING:root:Nothing found
WARNING:root:2785914 not found
WARNING:root:Nothing found
WARNING:root:2785914 not found
WARNING:root:Nothing found
WARNING:root:2785916 not found
WARNING:root:Nothing found
WARNING:root:2785920 not found
WARNING:root:Nothing found
WARNING:root:2785921 not found
WARNING:root:Nothing found
WARNING:root:2785922 not found
WARNING:root:Nothing found
WARNING:root:give token
WARNING:root:: 2777498
WARNING:root:TOFND / 449800001666110014937688
WARNING:root:: 2781819
WARNING:root:TOFND / 449800001703970014937671
WARNING:root:: 2784151
WARNING:root:TOFND / 449800001728650014937671
WARNING:root:: 2785586
WARNING:root:TOFND / 449800001750750014984405
WARNING:root:: 2785789
WARNING:root:POST / 573689251360
WARNING:root:: 2785807
WARNING:root:POST / 573689251376
WARNING:root:: 2785860
WARNING:root:POST / 573689251382
WARNING:root:: 2785866
WARNING:root:UPS 1 / 1Z9353566812412486
WARNING:root:: 2785869
WARNING:root:POST / 574040011917
WARNING:root:: 2785877
WARNING:root:POST / 573689251405
WARNING:root:: 2785896
WARNING:root:POST / 574040011923
WARNING:root:: 2785903
WARNING:root:UPS 1 / 1Z9353566812412477
WARNING:root:: 2785961
WARNING:root:POST / 574040011939
WARNING:root:: 2786011
WARNING:root:POST / 573689251411
WARNING:root:: 2786036
WARNING:root:POST / 574040011945
WARNING:root:: 2786202
WARNING:root:POST / 574040011967
WARNING:root:: 2786288
WARNING:root:POST / 906495865754
WARNING:root:give token
WARNING:root:: 2777498
WARNING:root:TOFND / 449800001666110014937688
WARNING:root:give token
WARNING:root:: 2777498
WARNING:root:: 2781819
WARNING:root:: 2784151
WARNING:root:: 2785586
WARNING:root:: 2785789
WARNING:root:: 2785807
WARNING:root:: 2785860
WARNING:root:: 2785866
WARNING:root:: 2785869
WARNING:root:: 2785877
WARNING:root:: 2785896
WARNING:root:: 2785903
WARNING:root:: 2785961
WARNING:root:: 2786011
WARNING:root:give token
WARNING:root:: 2785888
WARNING:root:: 2786479
WARNING:root:: 2786496
WARNING:root:: 2786500
WARNING:root:: 2786510
WARNING:root:: 2786511
WARNING:root:: 2786519
WARNING:root:: 2786590
WARNING:root:: 2786616
WARNING:root:give token
WARNING:root:: 2786532
WARNING:root:: 2787012
WARNING:root:: 2787012
WARNING:root:: 2786486
WARNING:root:2786483 not found
WARNING:root:: 2786288
WARNING:root:: 2786531
WARNING:root:: 2785903
WARNING:root:: 2785866
WARNING:root:: 2785586
WARNING:root:: 2787049
WARNING:root:give token
WARNING:root:2787054 not found
WARNING:root:2787085 not found
WARNING:root:2787090 not found
WARNING:root:2787084 not found
WARNING:root:2786486 not found
WARNING:root:2787526 not found
WARNING:root:give token
WARNING:root:2790223 not found
WARNING:root:2790226 not found
WARNING:root:2790227 not found
WARNING:root:2790231 not found
WARNING:root:2790230 not found
WARNING:root:2790351 not found
WARNING:root:2790352 not found
WARNING:root:2790356 not found
WARNING:root:2790357 not found
WARNING:root:2790361 not found
WARNING:root:2790362 not found
WARNING:root:2790363 not found
WARNING:root:2790366 not found
WARNING:root:2790384 not found
WARNING:root:2790383 not found
WARNING:root:2790385 not found
WARNING:root:2790386 not found
WARNING:root:2790387 not found
WARNING:root:2790393 not found
WARNING:root:2790398 not found
WARNING:root:2790400 not found
WARNING:root:give token
WARNING:root:: 2789032
WARNING:root:: 2789724
WARNING:root:: 2781426
WARNING:root:: 2789112
WARNING:root:: 2789415
WARNING:root:: 2789394
WARNING:root:: 2787899
WARNING:root:: 2789056
WARNING:root:give token
WARNING:root:2790351 not found
WARNING:root:2790352 not found
WARNING:root:2790356 not found
WARNING:root:2790357 not found
WARNING:root:2790361 not found
WARNING:root:2790362 not found
WARNING:root:2790363 not found
WARNING:root:2790366 not found
WARNING:root:2790384 not found
WARNING:root:2790383 not found
WARNING:root:2790385 not found
WARNING:root:2790386 not found
WARNING:root:2790387 not found
WARNING:root:2790393 not found
WARNING:root:2790398 not found
WARNING:root:2790400 not found
WARNING:root:2790647 not found
WARNING:root:give token
WARNING:root:2790647 not found
WARNING:root:2790956 not found
WARNING:root:2791149 not found
WARNING:root:2791211 not found
WARNING:root:2791221 not found
WARNING:root:2791222 not found
WARNING:root:: 2791226
WARNING:root:2791238 not found
WARNING:root:2791246 not found
WARNING:root:2791247 not found
WARNING:root:: 2791251
WARNING:root:2791260 not found
WARNING:root:: 2791262
WARNING:root:2791269 not found
WARNING:root:: 2791273
WARNING:root:: 2791276
WARNING:root:: 2791277
WARNING:root:: 2791279
WARNING:root:: 2791280
WARNING:root:: 2791283
WARNING:root:: 2791281
WARNING:root:: 2791284
WARNING:root:: 2791285
WARNING:root:: 2791286
WARNING:root:: 2791292
WARNING:root:: 2791293
WARNING:root:: 2791295
WARNING:root:: 2791296
WARNING:root:: 2791303
WARNING:root:: 2791311
WARNING:root:: 2791313
WARNING:root:: 2791314
WARNING:root:: 2791332
WARNING:root:2791333 not found
WARNING:root:: 2791336
WARNING:root:: 2791315
WARNING:root:2791340 not found
WARNING:root:: 2791342
WARNING:root:: 2791341
WARNING:root:: 2791344
WARNING:root:: 2791345
WARNING:root:2791346 not found
WARNING:root:2791347 not found
WARNING:root:: 2791349
WARNING:root:2791351 not found
WARNING:root:2791352 not found
WARNING:root:2791354 not found
WARNING:root:2791356 not found
WARNING:root:: 2791357
WARNING:root:: 2791358
WARNING:root:: 2791359
WARNING:root:: 2791362
WARNING:root:: 2791363
WARNING:root:: 2791364
WARNING:root:2791365 not found
WARNING:root:2791367 not found
WARNING:root:2791368 not found
WARNING:root:: 2791369
WARNING:root:: 2791370
WARNING:root:2791371 not found
WARNING:root:2791372 not found
WARNING:root:: 2791375
WARNING:root:2791376 not found
WARNING:root:2791377 not found
WARNING:root:: 2791379
WARNING:root:2791380 not found
WARNING:root:: 2791378
WARNING:root:2791381 not found
WARNING:root:2791382 not found
WARNING:root:: 2791383
WARNING:root:2791384 not found
WARNING:root:2791387 not found
WARNING:root:: 2791389
WARNING:root:: 2791391
WARNING:root:: 2791390
WARNING:root:: 2791393
WARNING:root:: 2791395
WARNING:root:: 2791396
WARNING:root:: 2791397
WARNING:root:: 2791399
WARNING:root:: 2791401
WARNING:root:: 2791402
WARNING:root:: 2791403
WARNING:root:2791404 not found
WARNING:root:: 2791405
WARNING:root:: 2791406
WARNING:root:: 2791408
WARNING:root:: 2791407
WARNING:root:: 2791409
WARNING:root:2791414 not found
WARNING:root:: 2791413
WARNING:root:: 2791418
WARNING:root:2791419 not found
WARNING:root:: 2791421
WARNING:root:: 2791420
WARNING:root:2791422 not found
WARNING:root:2791423 not found
WARNING:root:: 2791425
WARNING:root:2791426 not found
WARNING:root:: 2791431
WARNING:root:: 2791434
WARNING:root:: 2791436
WARNING:root:: 2791438
WARNING:root:2791439 not found
WARNING:root:: 2791440
WARNING:root:: 2791442
WARNING:root:: 2791443
WARNING:root:2791444 not found
WARNING:root:: 2791445
WARNING:root:: 2791446
WARNING:root:: 2791447
WARNING:root:: 2791448
WARNING:root:: 2791450
WARNING:root:: 2791455
WARNING:root:: 2791456
WARNING:root:: 2791457
WARNING:root:: 2791458
WARNING:root:: 2791459
WARNING:root:: 2791460
WARNING:root:: 2791461
WARNING:root:: 2791463
WARNING:root:: 2791467
WARNING:root:: 2791468
WARNING:root:: 2791469
WARNING:root:: 2791470
WARNING:root:: 2791472
WARNING:root:2791473 not found
WARNING:root:: 2791547
WARNING:root:2791608 not found
WARNING:root:2791610 not found
WARNING:root:: 2791613
WARNING:root:2791625 not found
WARNING:root:2791633 not found
WARNING:root:2791636 not found
WARNING:root:give token
WARNING:root:: 2789698
WARNING:root:: 2790055
WARNING:root:: 2790086
WARNING:root:: 2790128
WARNING:root:: 2790356
WARNING:root:: 2790880
WARNING:root:: 2791647
WARNING:root:: 2791999
WARNING:root:: 2792003
WARNING:root:: 2792006
WARNING:root:: 2792028
WARNING:root:: 2792030
WARNING:root:: 2792032
WARNING:root:: 2792039
WARNING:root:: 2792052
WARNING:root:: 2792054
WARNING:root:: 2792072
WARNING:root:: 2792073
WARNING:root:: 2792085
WARNING:root:: 2792089
WARNING:root:: 2792108
WARNING:root:give token
WARNING:root:: 2789698
WARNING:root:: 2790055
WARNING:root:: 2790086
WARNING:root:: 2790128
WARNING:root:: 2790356
WARNING:root:: 2790880
WARNING:root:: 2791647
WARNING:root:: 2791999
WARNING:root:: 2792003
WARNING:root:: 2792006
WARNING:root:: 2792028
WARNING:root:: 2792030
WARNING:root:: 2792032
WARNING:root:: 2792039
WARNING:root:: 2792052
WARNING:root:: 2792054
WARNING:root:: 2792072
WARNING:root:: 2792073
WARNING:root:: 2792085
WARNING:root:: 2792089
WARNING:root:: 2792108
WARNING:root:give token
WARNING:root:: 2789698
WARNING:root:: 2790055
WARNING:root:: 2790086
WARNING:root:: 2790128
WARNING:root:: 2790356
WARNING:root:: 2790880
WARNING:root:: 2791647
WARNING:root:: 2791999
WARNING:root:: 2792003
WARNING:root:: 2792006
WARNING:root:: 2792028
WARNING:root:: 2792030
WARNING:root:: 2792032
WARNING:root:: 2792039
WARNING:root:: 2792052
WARNING:root:: 2792054
WARNING:root:: 2792072
WARNING:root:: 2792073
WARNING:root:: 2792085
WARNING:root:: 2792089
WARNING:root:: 2792108
WARNING:root:give token
WARNING:root:: 2761120
WARNING:root:: 2772926
WARNING:root:: 2773521
WARNING:root:: 2779150
WARNING:root:: 2780759
WARNING:root:: 2782981
WARNING:root:: 2784765
WARNING:root:: 2790932
WARNING:root:: 2793025
WARNING:root:: 2793127
WARNING:root:: 2793139
WARNING:root:: 2793141
WARNING:root:: 2793146
WARNING:root:: 2793149
WARNING:root:: 2793150
WARNING:root:: 2793151
WARNING:root:: 2793152
WARNING:root:: 2793154
WARNING:root:: 2793157
WARNING:root:: 2793156
WARNING:root:: 2793158
WARNING:root:: 2793159
WARNING:root:: 2793162
WARNING:root:: 2793167
WARNING:root:: 2793168
WARNING:root:: 2793170
WARNING:root:: 2793171
WARNING:root:: 2793172
WARNING:root:: 2793173
WARNING:root:: 2793175
WARNING:root:: 2793174
WARNING:root:: 2793178
WARNING:root:: 2793179
WARNING:root:: 2793180
WARNING:root:: 2793184
WARNING:root:: 2793182
WARNING:root:: 2793185
WARNING:root:: 2793186
WARNING:root:: 2793187
WARNING:root:: 2793194
WARNING:root:: 2793198
WARNING:root:: 2793207
WARNING:root:: 2793208
WARNING:root:: 2793209
WARNING:root:: 2793215
WARNING:root:: 2793216
WARNING:root:: 2793217
WARNING:root:: 2793219
WARNING:root:: 2793220
WARNING:root:: 2793222
WARNING:root:: 2793223
WARNING:root:: 2793225
WARNING:root:: 2793227
WARNING:root:: 2793226
WARNING:root:: 2793228
WARNING:root:: 2793230
WARNING:root:: 2793231
WARNING:root:: 2793232
WARNING:root:: 2793235
WARNING:root:: 2793236
WARNING:root:: 2793237
WARNING:root:: 2793239
WARNING:root:: 2793238
WARNING:root:: 2793240
WARNING:root:: 2793241
WARNING:root:: 2793243
WARNING:root:: 2793244
WARNING:root:: 2793246
WARNING:root:: 2793247
WARNING:root:: 2793248
WARNING:root:: 2793250
WARNING:root:: 2793251
WARNING:root:: 2793252
WARNING:root:: 2793253
WARNING:root:: 2793256
WARNING:root:: 2793258
WARNING:root:: 2793259
WARNING:root:: 2793262
WARNING:root:: 2793263
WARNING:root:2793264 not found
WARNING:root:: 2793261
WARNING:root:: 2793266
WARNING:root:: 2793265
WARNING:root:: 2793269
WARNING:root:: 2793271
WARNING:root:: 2793272
WARNING:root:: 2793273
WARNING:root:: 2793274
WARNING:root:: 2793275
WARNING:root:: 2793276
WARNING:root:: 2793277
WARNING:root:: 2793278
WARNING:root:: 2793281
WARNING:root:: 2793284
WARNING:root:: 2793286
WARNING:root:: 2793289
WARNING:root:: 2793290
WARNING:root:: 2793293
WARNING:root:: 2793294
WARNING:root:: 2793295
WARNING:root:: 2793296
WARNING:root:: 2793297
WARNING:root:: 2793298
WARNING:root:: 2793300
WARNING:root:: 2793299
WARNING:root:: 2793302
WARNING:root:: 2793303
WARNING:root:: 2793304
WARNING:root:: 2793305
WARNING:root:: 2793307
WARNING:root:: 2793306
WARNING:root:: 2793310
WARNING:root:: 2793309
WARNING:root:: 2793312
WARNING:root:: 2793317
WARNING:root:: 2793315
WARNING:root:: 2793318
WARNING:root:: 2793320
WARNING:root:: 2793324
WARNING:root:: 2793325
WARNING:root:: 2793326
WARNING:root:: 2793323
WARNING:root:: 2793327
WARNING:root:: 2793329
WARNING:root:: 2793331
WARNING:root:: 2793328
WARNING:root:: 2793332
WARNING:root:: 2793333
WARNING:root:: 2793335
WARNING:root:: 2793334
WARNING:root:: 2793336
WARNING:root:: 2793340
WARNING:root:: 2793338
WARNING:root:: 2793346
WARNING:root:: 2793351
WARNING:root:: 2793349
WARNING:root:: 2793354
WARNING:root:: 2793353
WARNING:root:: 2793358
WARNING:root:: 2793360
WARNING:root:: 2793361
WARNING:root:: 2793469
WARNING:root:: 2793477
WARNING:root:: 2793486
WARNING:root:: 2793492
WARNING:root:: 2793504
WARNING:root:: 2793505
WARNING:root:: 2793507
WARNING:root:: 2793511
WARNING:root:: 2793513
WARNING:root:: 2793514
WARNING:root:: 2793515
WARNING:root:: 2793521
WARNING:root:: 2793522
WARNING:root:: 2793524
WARNING:root:: 2793526
WARNING:root:: 2793525
WARNING:root:: 2793528
WARNING:root:: 2793530
WARNING:root:: 2793532
WARNING:root:: 2793535
WARNING:root:: 2793542
WARNING:root:: 2793539
WARNING:root:: 2793543
WARNING:root:: 2793550
WARNING:root:: 2793551
WARNING:root:: 2793552
WARNING:root:: 2793554
WARNING:root:: 2793556
WARNING:root:: 2793558
WARNING:root:: 2793559
WARNING:root:: 2793562
WARNING:root:: 2793563
WARNING:root:: 2793566
WARNING:root:: 2793564
WARNING:root:: 2793567
WARNING:root:: 2793569
WARNING:root:: 2793568
WARNING:root:: 2793576
WARNING:root:: 2793578
WARNING:root:: 2793582
WARNING:root:: 2793584
WARNING:root:: 2793587
WARNING:root:: 2793589
WARNING:root:: 2793591
WARNING:root:: 2793594
WARNING:root:: 2793596
WARNING:root:: 2793597
WARNING:root:: 2793601
WARNING:root:: 2793600
WARNING:root:: 2793604
WARNING:root:: 2793606
WARNING:root:: 2793611
WARNING:root:: 2793607
WARNING:root:: 2793614
WARNING:root:: 2793618
WARNING:root:: 2793619
WARNING:root:: 2793622
WARNING:root:: 2793627
WARNING:root:: 2793625
WARNING:root:: 2793631
WARNING:root:: 2793632
WARNING:root:: 2793634
WARNING:root:: 2793635
WARNING:root:: 2793640
WARNING:root:: 2793642
WARNING:root:: 2793641
WARNING:root:: 2793644
WARNING:root:: 2793643
WARNING:root:: 2793645
WARNING:root:: 2793647
WARNING:root:: 2793649
WARNING:root:: 2793651
WARNING:root:: 2793650
WARNING:root:: 2793653
WARNING:root:: 2793655
WARNING:root:: 2793661
WARNING:root:: 2793662
WARNING:root:: 2793664
WARNING:root:: 2793665
WARNING:root:: 2793667
WARNING:root:: 2793666
WARNING:root:: 2793668
WARNING:root:: 2793669
WARNING:root:: 2793670
WARNING:root:: 2793672
WARNING:root:: 2793674
WARNING:root:: 2793677
WARNING:root:: 2793675
WARNING:root:: 2793679
WARNING:root:: 2793686
WARNING:root:: 2793687
WARNING:root:: 2793688
WARNING:root:: 2793689
WARNING:root:: 2793690
WARNING:root:: 2793691
WARNING:root:: 2793694
WARNING:root:: 2793696
WARNING:root:: 2793699
WARNING:root:: 2793700
WARNING:root:: 2793702
WARNING:root:: 2793701
WARNING:root:: 2793704
WARNING:root:: 2793710
WARNING:root:: 2793709
WARNING:root:: 2793711
WARNING:root:: 2793708
WARNING:root:: 2793712
WARNING:root:: 2793713
WARNING:root:: 2793716
WARNING:root:: 2793843
